Component: Arm Compiler for Embedded 6.18 Tool: armlink [5e4cc100]

==============================================================================

Section Cross References

    startup_stm32g030xx.o(STACK) refers (Special) to heapauxi.o(.text) for __use_two_region_memory
    startup_stm32g030xx.o(HEAP) refers (Special) to heapauxi.o(.text) for __use_two_region_memory
    startup_stm32g030xx.o(RESET) refers (Special) to heapauxi.o(.text) for __use_two_region_memory
    startup_stm32g030xx.o(RESET) refers to startup_stm32g030xx.o(STACK) for __initial_sp
    startup_stm32g030xx.o(RESET) refers to startup_stm32g030xx.o(.text) for Reset_Handler
    startup_stm32g030xx.o(RESET) refers to lto-llvm-9227b3.o(.text.NMI_Handler) for NMI_Handler
    startup_stm32g030xx.o(RESET) refers to lto-llvm-9227b3.o(.text.HardFault_Handler) for HardFault_Handler
    startup_stm32g030xx.o(RESET) refers to irq_armv6m.o(.text) for SVC_Handler
    startup_stm32g030xx.o(.text) refers (Special) to heapauxi.o(.text) for __use_two_region_memory
    startup_stm32g030xx.o(.text) refers to lto-llvm-9227b3.o(.text.SystemInit) for SystemInit
    startup_stm32g030xx.o(.text) refers to __main.o(!!!main) for __main
    startup_stm32g030xx.o(.text) refers to startup_stm32g030xx.o(HEAP) for Heap_Mem
    startup_stm32g030xx.o(.text) refers to startup_stm32g030xx.o(STACK) for Stack_Mem
    rtx_kernel.o(.ARM.exidx.text.osRtxKernelPreInit) refers to rtx_kernel.o(.text.osRtxKernelPreInit) for [Anonymous Symbol]
    rtx_kernel.o(.text.osRtxKernelErrorNotify) refers to lto-llvm-9227b3.o(.text.osRtxErrorNotify) for osRtxErrorNotify
    rtx_kernel.o(.ARM.exidx.text.osRtxKernelErrorNotify) refers to rtx_kernel.o(.text.osRtxKernelErrorNotify) for [Anonymous Symbol]
    rtx_kernel.o(.text.osKernelInitialize) refers to rtx_kernel.o(.text.osRtxKernelPreInit) for osRtxKernelPreInit
    rtx_kernel.o(.text.osKernelInitialize) refers to rtx_kernel.o(.text.svcRtxKernelInitialize) for svcRtxKernelInitialize
    rtx_kernel.o(.ARM.exidx.text.osKernelInitialize) refers to rtx_kernel.o(.text.osKernelInitialize) for [Anonymous Symbol]
    rtx_kernel.o(.text.osKernelGetInfo) refers to rtx_kernel.o(.text.svcRtxKernelGetInfo) for svcRtxKernelGetInfo
    rtx_kernel.o(.ARM.exidx.text.osKernelGetInfo) refers to rtx_kernel.o(.text.osKernelGetInfo) for [Anonymous Symbol]
    rtx_kernel.o(.text.svcRtxKernelGetInfo) refers to rt_memcpy.o(.text) for __aeabi_memcpy
    rtx_kernel.o(.text.svcRtxKernelGetInfo) refers to rtx_kernel.o(.rodata.str1.4) for [Anonymous Symbol]
    rtx_kernel.o(.ARM.exidx.text.svcRtxKernelGetInfo) refers to rtx_kernel.o(.text.svcRtxKernelGetInfo) for [Anonymous Symbol]
    rtx_kernel.o(.text.osKernelGetState) refers to rtx_kernel.o(.text.svcRtxKernelGetState) for svcRtxKernelGetState
    rtx_kernel.o(.text.osKernelGetState) refers to rtx_kernel.o(.data.os) for osRtxInfo
    rtx_kernel.o(.ARM.exidx.text.osKernelGetState) refers to rtx_kernel.o(.text.osKernelGetState) for [Anonymous Symbol]
    rtx_kernel.o(.text.svcRtxKernelGetState) refers to rtx_kernel.o(.data.os) for osRtxInfo
    rtx_kernel.o(.ARM.exidx.text.svcRtxKernelGetState) refers to rtx_kernel.o(.text.svcRtxKernelGetState) for [Anonymous Symbol]
    rtx_kernel.o(.text.osKernelStart) refers to rtx_kernel.o(.text.svcRtxKernelStart) for svcRtxKernelStart
    rtx_kernel.o(.ARM.exidx.text.osKernelStart) refers to rtx_kernel.o(.text.osKernelStart) for [Anonymous Symbol]
    rtx_kernel.o(.text.osKernelLock) refers to rtx_kernel.o(.text.svcRtxKernelLock) for svcRtxKernelLock
    rtx_kernel.o(.ARM.exidx.text.osKernelLock) refers to rtx_kernel.o(.text.osKernelLock) for [Anonymous Symbol]
    rtx_kernel.o(.text.osKernelUnlock) refers to rtx_kernel.o(.text.svcRtxKernelUnlock) for svcRtxKernelUnlock
    rtx_kernel.o(.ARM.exidx.text.osKernelUnlock) refers to rtx_kernel.o(.text.osKernelUnlock) for [Anonymous Symbol]
    rtx_kernel.o(.text.osKernelRestoreLock) refers to rtx_kernel.o(.text.svcRtxKernelRestoreLock) for svcRtxKernelRestoreLock
    rtx_kernel.o(.ARM.exidx.text.osKernelRestoreLock) refers to rtx_kernel.o(.text.osKernelRestoreLock) for [Anonymous Symbol]
    rtx_kernel.o(.text.osKernelSuspend) refers to rtx_kernel.o(.text.svcRtxKernelSuspend) for svcRtxKernelSuspend
    rtx_kernel.o(.ARM.exidx.text.osKernelSuspend) refers to rtx_kernel.o(.text.osKernelSuspend) for [Anonymous Symbol]
    rtx_kernel.o(.text.osKernelResume) refers to rtx_kernel.o(.text.svcRtxKernelResume) for svcRtxKernelResume
    rtx_kernel.o(.ARM.exidx.text.osKernelResume) refers to rtx_kernel.o(.text.osKernelResume) for [Anonymous Symbol]
    rtx_kernel.o(.text.osKernelGetTickCount) refers to rtx_kernel.o(.data.os) for osRtxInfo
    rtx_kernel.o(.text.osKernelGetTickCount) refers to rtx_kernel.o(.text.svcRtxKernelGetTickCount) for svcRtxKernelGetTickCount
    rtx_kernel.o(.ARM.exidx.text.osKernelGetTickCount) refers to rtx_kernel.o(.text.osKernelGetTickCount) for [Anonymous Symbol]
[...]
    Removing rtx_msgqueue.o(.text.osMessageQueueNew), (36 bytes).
    Removing rtx_msgqueue.o(.ARM.exidx.text.osMessageQueueNew), (8 bytes).
    Removing rtx_msgqueue.o(.text.osMessageQueueGetName), (36 bytes).
    Removing rtx_msgqueue.o(.ARM.exidx.text.osMessageQueueGetName), (8 bytes).
    Removing rtx_msgqueue.o(.ARM.exidx.text.osMessageQueuePut), (8 bytes).
    Removing rtx_msgqueue.o(.ARM.exidx.text.osMessageQueueGet), (8 bytes).
    Removing rtx_msgqueue.o(.text.osMessageQueueGetCapacity), (48 bytes).
    Removing rtx_msgqueue.o(.ARM.exidx.text.osMessageQueueGetCapacity), (8 bytes).
    Removing rtx_msgqueue.o(.text.svcRtxMessageQueueGetCapacity), (18 bytes).
    Removing rtx_msgqueue.o(.ARM.exidx.text.svcRtxMessageQueueGetCapacity), (8 bytes).
    Removing rtx_msgqueue.o(.text.osMessageQueueGetMsgSize), (48 bytes).
    Removing rtx_msgqueue.o(.ARM.exidx.text.osMessageQueueGetMsgSize), (8 bytes).
    Removing rtx_msgqueue.o(.text.svcRtxMessageQueueGetMsgSize), (18 bytes).
    Removing rtx_msgqueue.o(.ARM.exidx.text.svcRtxMessageQueueGetMsgSize), (8 bytes).
    Removing rtx_msgqueue.o(.text.osMessageQueueGetCount), (48 bytes).
    Removing rtx_msgqueue.o(.ARM.exidx.text.osMessageQueueGetCount), (8 bytes).
    Removing rtx_msgqueue.o(.text.svcRtxMessageQueueGetCount), (18 bytes).
    Removing rtx_msgqueue.o(.ARM.exidx.text.svcRtxMessageQueueGetCount), (8 bytes).
    Removing rtx_msgqueue.o(.text.osMessageQueueGetSpace), (36 bytes).
    Removing rtx_msgqueue.o(.ARM.exidx.text.osMessageQueueGetSpace), (8 bytes).
    Removing rtx_msgqueue.o(.text.svcRtxMessageQueueGetSpace), (22 bytes).
    Removing rtx_msgqueue.o(.ARM.exidx.text.svcRtxMessageQueueGetSpace), (8 bytes).
    Removing rtx_msgqueue.o(.text.osMessageQueueReset), (40 bytes).
    Removing rtx_msgqueue.o(.ARM.exidx.text.osMessageQueueReset), (8 bytes).
    Removing rtx_msgqueue.o(.text.osMessageQueueDelete), (40 bytes).
    Removing rtx_msgqueue.o(.ARM.exidx.text.osMessageQueueDelete), (8 bytes).
    Removing rtx_msgqueue.o(.ARM.exidx.text.osRtxMessageQueuePostProcess), (8 bytes).
    Removing rtx_msgqueue.o(.ARM.exidx.text.MessageQueueRemove), (8 bytes).
    Removing rtx_msgqueue.o(.ARM.exidx.text.MessageQueuePut), (8 bytes).
    Removing rtx_msgqueue.o(.text.svcRtxMessageQueueGetName), (18 bytes).
    Removing rtx_msgqueue.o(.ARM.exidx.text.svcRtxMessageQueueGetName), (8 bytes).
    Removing rtx_msgqueue.o(.ARM.exidx.text.svcRtxMessageQueuePut), (8 bytes).
    Removing rtx_msgqueue.o(.ARM.exidx.text.MessageQueueGet), (8 bytes).
    Removing rtx_msgqueue.o(.ARM.exidx.text.svcRtxMessageQueueGet), (8 bytes).
    Removing rtx_msgqueue.o(.text.svcRtxMessageQueueReset), (160 bytes).
    Removing rtx_msgqueue.o(.ARM.exidx.text.svcRtxMessageQueueReset), (8 bytes).
    Removing rtx_msgqueue.o(.text.svcRtxMessageQueueDelete), (112 bytes).
    Removing rtx_msgqueue.o(.ARM.exidx.text.svcRtxMessageQueueDelete), (8 bytes).
    Removing rtx_system.o(.text), (0 bytes).
    Removing rtx_system.o(.ARM.exidx.text.osRtxTick_Handler), (8 bytes).
    Removing rtx_system.o(.ARM.exidx.text.osRtxPendSV_Handler), (8 bytes).
    Removing rtx_system.o(.ARM.exidx.text.osRtxPostProcess), (8 bytes).
    Removing os_systick.o(.text), (0 bytes).
    Removing os_systick.o(.ARM.exidx.text.OS_Tick_Setup), (8 bytes).
    Removing os_systick.o(.ARM.exidx.text.OS_Tick_Enable), (8 bytes).
    Removing os_systick.o(.text.OS_Tick_Disable), (40 bytes).
    Removing os_systick.o(.ARM.exidx.text.OS_Tick_Disable), (8 bytes).
    Removing os_systick.o(.ARM.exidx.text.OS_Tick_AcknowledgeIRQ), (8 bytes).
    Removing os_systick.o(.ARM.exidx.text.OS_Tick_GetIRQn), (8 bytes).
    Removing os_systick.o(.text.OS_Tick_GetClock), (12 bytes).
    Removing os_systick.o(.ARM.exidx.text.OS_Tick_GetClock), (8 bytes).
    Removing os_systick.o(.text.OS_Tick_GetInterval), (12 bytes).
    Removing os_systick.o(.ARM.exidx.text.OS_Tick_GetInterval), (8 bytes).
    Removing os_systick.o(.text.OS_Tick_GetCount), (16 bytes).
    Removing os_systick.o(.ARM.exidx.text.OS_Tick_GetCount), (8 bytes).
    Removing os_systick.o(.text.OS_Tick_GetOverflow), (16 bytes).
    Removing os_systick.o(.ARM.exidx.text.OS_Tick_GetOverflow), (8 bytes).
    Removing lto-llvm-9227b3.o(.text), (0 bytes).
    Removing lto-llvm-9227b3.o(.ARM.exidx.text.app_main), (8 bytes).
    Removing lto-llvm-9227b3.o(.ARM.exidx.text.main), (8 bytes).
    Removing lto-llvm-9227b3.o(.ARM.exidx.text.NMI_Handler), (8 bytes).
    Removing lto-llvm-9227b3.o(.ARM.exidx.text.HardFault_Handler), (8 bytes).
    Removing lto-llvm-9227b3.o(.ARM.exidx.text.LL_GPIO_Init), (8 bytes).
    Removing lto-llvm-9227b3.o(.ARM.exidx.text.SystemInit), (8 bytes).
    Removing lto-llvm-9227b3.o(.ARM.exidx.text._mutex_acquire), (8 bytes).
    Removing lto-llvm-9227b3.o(.ARM.exidx.text._mutex_free), (8 bytes).
    Removing lto-llvm-9227b3.o(.ARM.exidx.text._mutex_initialize), (8 bytes).
    Removing lto-llvm-9227b3.o(.ARM.exidx.text._mutex_release), (8 bytes).
    Removing lto-llvm-9227b3.o(.ARM.exidx.text._platform_post_stackheap_init), (8 bytes).
    Removing lto-llvm-9227b3.o(.text.__user_perthread_libspace), (100 bytes).
    Removing lto-llvm-9227b3.o(.ARM.exidx.text.__user_perthread_libspace), (8 bytes).
    Removing lto-llvm-9227b3.o(.ARM.exidx.text.osRtxIdleThread), (8 bytes).
    Removing lto-llvm-9227b3.o(.ARM.exidx.text.osRtxErrorNotify), (8 bytes).
    Removing lto-llvm-9227b3.o(.ARM.use_no_argv), (4 bytes).
    Removing lto-llvm-9227b3.o(.bss.os.libspace), (496 bytes).

337 unused section(s) (total 7945 bytes) removed from the image.

==============================================================================

Image Symbol Table

    Local Symbols

    Symbol Name                              Value     Ov Type        Size  Object(Section)

    ../clib/angel/boardlib.s                 0x00000000   Number         0  boardinit1.o ABSOLUTE
    ../clib/angel/boardlib.s                 0x00000000   Number         0  boardinit3.o ABSOLUTE
    ../clib/angel/boardlib.s                 0x00000000   Number         0  boardshut.o ABSOLUTE
    ../clib/angel/handlers.s                 0x00000000   Number         0  __scatter_copy.o ABSOLUTE
    ../clib/angel/handlers.s                 0x00000000   Number         0  __scatter_zi.o ABSOLUTE
    ../clib/angel/kernel.s                   0x00000000   Number         0  __rtentry.o ABSOLUTE
    ../clib/angel/kernel.s                   0x00000000   Number         0  __rtentry2.o ABSOLUTE
    ../clib/angel/kernel.s                   0x00000000   Number         0  __rtentry4.o ABSOLUTE
    ../clib/angel/kernel.s                   0x00000000   Number         0  rtexit.o ABSOLUTE
    ../clib/angel/kernel.s                   0x00000000   Number         0  rtexit2.o ABSOLUTE
    ../clib/angel/rt.s                       0x00000000   Number         0  aeabi_idiv0.o ABSOLUTE
    ../clib/angel/rt.s                       0x00000000   Number         0  aeabi_idiv0_sigfpe.o ABSOLUTE
    ../clib/angel/rt.s                       0x00000000   Number         0  rt_div0.o ABSOLUTE
    ../clib/angel/rt.s                       0x00000000   Number         0  rt_raise.o ABSOLUTE
    ../clib/angel/scatterp.s                 0x00000000   Number         0  __scatter.o ABSOLUTE
    ../clib/angel/startup.s                  0x00000000   Number         0  __main.o ABSOLUTE
    ../clib/angel/sys.s                      0x00000000   Number         0  sys_stackheap_outer.o ABSOLUTE
    ../clib/angel/sys.s                      0x00000000   Number         0  libspace.o ABSOLUTE
    ../clib/angel/sys.s                      0x00000000   Number         0  tempstk.o ABSOLUTE
    ../clib/angel/sys.s                      0x00000000   Number         0  use_no_semi.o ABSOLUTE
    ../clib/angel/sys.s                      0x00000000   Number         0  indicate_semi.o ABSOLUTE
    ../clib/angel/sysapp.c                   0x00000000   Number         0  sys_exit.o ABSOLUTE
    ../clib/angel/sysapp.c                   0x00000000   Number         0  sys_exit_hlt.o ABSOLUTE
    ../clib/angel/sysapp.c                   0x00000000   Number         0  sys_wrch.o ABSOLUTE
    ../clib/angel/sysapp.c                   0x00000000   Number         0  sys_wrch_hlt.o ABSOLUTE
    ../clib/angel/sysapp.c                   0x00000000   Number         0  sys_command.o ABSOLUTE
    ../clib/angel/sysapp.c                   0x00000000   Number         0  sys_command_hlt.o ABSOLUTE
    ../clib/armsys.c                         0x00000000   Number         0  argv_veneer.o ABSOLUTE
    ../clib/armsys.c                         0x00000000   Number         0  _get_argv_nomalloc.o ABSOLUTE
    ../clib/armsys.c                         0x00000000   Number         0  no_argv.o ABSOLUTE
    ../clib/division.s                       0x00000000   Number         0  aeabi_sdiv.o ABSOLUTE
    ../clib/division.s                       0x00000000   Number         0  aeabi_sdiv_div0.o ABSOLUTE
    ../clib/heapalloc.c                      0x00000000   Number         0  hrguard.o ABSOLUTE
    ../clib/heapaux.c                        0x00000000   Number         0  heapauxi.o ABSOLUTE
    ../clib/libinit.s                        0x00000000   Number         0  libinit.o ABSOLUTE
    ../clib/libinit.s                        0x00000000   Number         0  libinit2.o ABSOLUTE
    ../clib/libinit.s                        0x00000000   Number         0  libshutdown.o ABSOLUTE
    ../clib/libinit.s                        0x00000000   Number         0  libshutdown2.o ABSOLUTE
    ../clib/memcpset.c                       0x00000000   Number         0  rt_memcpy.o ABSOLUTE
    ../clib/memcpset.c                       0x00000000   Number         0  rt_memcpy.o ABSOLUTE
    ../clib/memcpset.c                       0x00000000   Number         0  rt_memclr.o ABSOLUTE
    ../clib/signal.c                         0x00000000   Number         0  defsig_fpe_outer.o ABSOLUTE
    ../clib/signal.c                         0x00000000   Number         0  defsig_fpe_formal.o ABSOLUTE
    ../clib/signal.c                         0x00000000   Number         0  defsig_exit.o ABSOLUTE
    ../clib/signal.c                         0x00000000   Number         0  defsig_fpe_inner.o ABSOLUTE
    ../clib/signal.c                         0x00000000   Number         0  __raise.o ABSOLUTE
    ../clib/signal.c                         0x00000000   Number         0  defsig_general.o ABSOLUTE
    ../clib/signal.c                         0x00000000   Number         0  defsig_abrt_inner.o ABSOLUTE
    ../clib/signal.c                         0x00000000   Number         0  defsig_rtred_inner.o ABSOLUTE
    ../clib/signal.c                         0x00000000   Number         0  defsig_rtmem_inner.o ABSOLUTE
    ../clib/signal.c                         0x00000000   Number         0  defsig_rtmem_outer.o ABSOLUTE
    ../clib/signal.c                         0x00000000   Number         0  defsig_rtmem_formal.o ABSOLUTE
    ../clib/signal.c                         0x00000000   Number         0  defsig_stak_inner.o ABSOLUTE
    ../clib/signal.c                         0x00000000   Number         0  defsig_pvfn_inner.o ABSOLUTE
    ../clib/signal.c                         0x00000000   Number         0  defsig_cppl_inner.o ABSOLUTE
    ../clib/signal.c                         0x00000000   Number         0  defsig_segv_inner.o ABSOLUTE
    ../clib/signal.c                         0x00000000   Number         0  defsig_other.o ABSOLUTE
    ../clib/signal.s                         0x00000000   Number         0  defsig.o ABSOLUTE
    ../clib/stdlib.c                         0x00000000   Number         0  exit.o ABSOLUTE
    ../fplib/cfplib/fpinit.c                 0x00000000   Number         0  fpinit.o ABSOLUTE
    dc.s                                     0x00000000   Number         0  dc.o ABSOLUTE
    ld-temp.o                                0x00000000   Number         0  lto-llvm-9227b3.o ABSOLUTE
    os_systick.c                             0x00000000   Number         0  os_systick.o ABSOLUTE
    rtx_delay.c                              0x00000000   Number         0  rtx_delay.o ABSOLUTE
    rtx_kernel.c                             0x00000000   Number         0  rtx_kernel.o ABSOLUTE
    rtx_memory.c                             0x00000000   Number         0  rtx_memory.o ABSOLUTE
    rtx_mempool.c                            0x00000000   Number         0  rtx_mempool.o ABSOLUTE
    rtx_msgqueue.c                           0x00000000   Number         0  rtx_msgqueue.o ABSOLUTE
    rtx_mutex.c                              0x00000000   Number         0  rtx_mutex.o ABSOLUTE
    rtx_system.c                             0x00000000   Number         0  rtx_system.o ABSOLUTE
    rtx_thread.c                             0x00000000   Number         0  rtx_thread.o ABSOLUTE
    rtx_timer.c                              0x00000000   Number         0  rtx_timer.o ABSOLUTE
    startup_stm32g030xx.s                    0x00000000   Number         0  startup_stm32g030xx.o ABSOLUTE
    osRtxErrorStackOverflow                  0x00000001   Number         0  irq_armv6m.o ABSOLUTE
    I_T_RUN_OFS                              0x00000014   Number         0  irq_armv6m.o ABSOLUTE
    TCB_SP_OFS                               0x00000038   Number         0  irq_armv6m.o ABSOLUTE
    RESET                                    0x08000000   Section      192  startup_stm32g030xx.o(RESET)
    !!!main                                  0x080000c0   Section        8  __main.o(!!!main)
    !!!scatter                               0x080000c8   Section       60  __scatter.o(!!!scatter)
    !!handler_copy                           0x08000104   Section       26  __scatter_copy.o(!!handler_copy)
    !!handler_zi                             0x08000120   Section       28  __scatter_zi.o(!!handler_zi)
    .ARM.Collect$$libinit$$00000000          0x0800013c   Section        2  libinit.o(.ARM.Collect$$libinit$$00000000)
    .ARM.Collect$$libinit$$00000002          0x0800013e   Section        0  libinit2.o(.ARM.Collect$$libinit$$00000002)
    .ARM.Collect$$libinit$$00000004          0x0800013e   Section        0  libinit2.o(.ARM.Collect$$libinit$$00000004)
    .ARM.Collect$$libinit$$00000006          0x0800013e   Section        0  libinit2.o(.ARM.Collect$$libinit$$00000006)
    .ARM.Collect$$libinit$$0000000C          0x0800013e   Section        0  libinit2.o(.ARM.Collect$$libinit$$0000000C)
    .ARM.Collect$$libinit$$0000000E          0x0800013e   Section        0  libinit2.o(.ARM.Collect$$libinit$$0000000E)
    .ARM.Collect$$libinit$$00000010          0x0800013e   Section        0  libinit2.o(.ARM.Collect$$libinit$$00000010)
    .ARM.Collect$$libinit$$00000013          0x0800013e   Section        0  libinit2.o(.ARM.Collect$$libinit$$00000013)
    .ARM.Collect$$libinit$$00000015          0x0800013e   Section        0  libinit2.o(.ARM.Collect$$libinit$$00000015)
    .ARM.Collect$$libinit$$00000017          0x0800013e   Section        0  libinit2.o(.ARM.Collect$$libinit$$00000017)
    .ARM.Collect$$libinit$$00000019          0x0800013e   Section        0  libinit2.o(.ARM.Collect$$libinit$$00000019)
    .ARM.Collect$$libinit$$0000001B          0x0800013e   Section        0  libinit2.o(.ARM.Collect$$libinit$$0000001B)
    .ARM.Collect$$libinit$$0000001D          0x0800013e   Section        0  libinit2.o(.ARM.Collect$$libinit$$0000001D)
    .ARM.Collect$$libinit$$0000001F          0x0800013e   Section        0  libinit2.o(.ARM.Collect$$libinit$$0000001F)
    .ARM.Collect$$libinit$$00000021          0x0800013e   Section        0  libinit2.o(.ARM.Collect$$libinit$$00000021)
    .ARM.Collect$$libinit$$00000023          0x0800013e   Section        0  libinit2.o(.ARM.Collect$$libinit$$00000023)
    .ARM.Collect$$libinit$$00000025          0x0800013e   Section        0  libinit2.o(.ARM.Collect$$libinit$$00000025)
    .ARM.Collect$$libinit$$00000027          0x0800013e   Section        0  libinit2.o(.ARM.Collect$$libinit$$00000027)
    .ARM.Collect$$libinit$$0000002E          0x0800013e   Section        0  libinit2.o(.ARM.Collect$$libinit$$0000002E)
    .ARM.Collect$$libinit$$00000030          0x0800013e   Section        0  libinit2.o(.ARM.Collect$$libinit$$00000030)
    .ARM.Collect$$libinit$$00000032          0x0800013e   Section        0  libinit2.o(.ARM.Collect$$libinit$$00000032)
    .ARM.Collect$$libinit$$00000034          0x0800013e   Section        0  libinit2.o(.ARM.Collect$$libinit$$00000034)
    .ARM.Collect$$libinit$$00000035          0x0800013e   Section        2  libinit2.o(.ARM.Collect$$libinit$$00000035)
    .ARM.Collect$$libshutdown$$00000000      0x08000140   Section        2  libshutdown.o(.ARM.Collect$$libshutdown$$00000000)
    .ARM.Collect$$libshutdown$$00000002      0x08000142   Section        0  libshutdown2.o(.ARM.Collect$$libshutdown$$00000002)
    .ARM.Collect$$libshutdown$$00000004      0x08000142   Section        0  libshutdown2.o(.ARM.Collect$$libshutdown$$00000004)
    .ARM.Collect$$libshutdown$$00000007      0x08000142   Section        0  libshutdown2.o(.ARM.Collect$$libshutdown$$00000007)
    .ARM.Collect$$libshutdown$$0000000A      0x08000142   Section        0  libshutdown2.o(.ARM.Collect$$libshutdown$$0000000A)
    .ARM.Collect$$libshutdown$$0000000C      0x08000142   Section        0  libshutdown2.o(.ARM.Collect$$libshutdown$$0000000C)
    .ARM.Collect$$libshutdown$$0000000F      0x08000142   Section        0  libshutdown2.o(.ARM.Collect$$libshutdown$$0000000F)
    .ARM.Collect$$libshutdown$$00000010      0x08000142   Section        2  libshutdown2.o(.ARM.Collect$$libshutdown$$00000010)
    .ARM.Collect$$rtentry$$00000000          0x08000144   Section        0  __rtentry.o(.ARM.Collect$$rtentry$$00000000)
    .ARM.Collect$$rtentry$$00000002          0x08000144   Section        0  __rtentry2.o(.ARM.Collect$$rtentry$$00000002)
    .ARM.Collect$$rtentry$$00000004          0x08000144   Section        6  __rtentry4.o(.ARM.Collect$$rtentry$$00000004)
    .ARM.Collect$$rtentry$$00000008          0x0800014a   Section        8  __rtentry2.o(.ARM.Collect$$rtentry$$00000008)
    .ARM.Collect$$rtentry$$0000000A          0x08000152   Section        4  __rtentry2.o(.ARM.Collect$$rtentry$$0000000A)
    .ARM.Collect$$rtentry$$0000000C          0x08000156   Section        0  __rtentry2.o(.ARM.Collect$$rtentry$$0000000C)
    .ARM.Collect$$rtentry$$0000000D          0x08000156   Section        8  __rtentry2.o(.ARM.Collect$$rtentry$$0000000D)
    .ARM.Collect$$rtexit$$00000000           0x0800015e   Section        2  rtexit.o(.ARM.Collect$$rtexit$$00000000)
    .ARM.Collect$$rtexit$$00000002           0x08000160   Section        0  rtexit2.o(.ARM.Collect$$rtexit$$00000002)
    .ARM.Collect$$rtexit$$00000003           0x08000160   Section        4  rtexit2.o(.ARM.Collect$$rtexit$$00000003)
    .ARM.Collect$$rtexit$$00000004           0x08000164   Section        6  rtexit2.o(.ARM.Collect$$rtexit$$00000004)
    .emb_text                                0x0800016c   Section       56  rt_memcpy.o(.emb_text)
    .text                                    0x080001a4   Section       56  startup_stm32g030xx.o(.text)
    [Anonymous Symbol]                       0x080001dc   Section        0  irq_armv6m.o(.text)
    SVC_Number                               0x080001e6   Number         0  irq_armv6m.o(.text)
    SVC_Context                              0x080001fc   Number         0  irq_armv6m.o(.text)
    SVC_ContextSave                          0x0800020c   Number         0  irq_armv6m.o(.text)
    SVC_ContextRestore                       0x08000220   Number         0  irq_armv6m.o(.text)
    SVC_MSP                                  0x0800023c   Number         0  irq_armv6m.o(.text)
    SVC_Exit                                 0x08000242   Number         0  irq_armv6m.o(.text)
    SVC_User                                 0x08000244   Number         0  irq_armv6m.o(.text)
    .text                                    0x08000280   Section        0  rt_memcpy.o(.text)
    .text                                    0x08000302   Section        0  rt_memclr.o(.text)
    .text                                    0x08000344   Section      364  aeabi_sdiv.o(.text)
    .text                                    0x080004b0   Section        0  heapauxi.o(.text)
    .text                                    0x080004b6   Section       62  sys_stackheap_outer.o(.text)
    .text                                    0x080004f4   Section        0  exit.o(.text)
    .text                                    0x08000504   Section        8  libspace.o(.text)
    .text                                    0x0800050c   Section        0  sys_exit.o(.text)
    .text                                    0x08000518   Section        2  use_no_semi.o(.text)
    [Anonymous Symbol]                       0x0800051a   Section        0  lto-llvm-9227b3.o(.text.HardFault_Handler)
    .text                                    0x0800051a   Section        0  indicate_semi.o(.text)
    LL_GPIO_Init                             0x0800051d   Thumb Code   186  lto-llvm-9227b3.o(.text.LL_GPIO_Init)
    [Anonymous Symbol]                       0x0800051c   Section        0  lto-llvm-9227b3.o(.text.LL_GPIO_Init)
    MessageQueueGet                          0x080005d7   Thumb Code    66  rtx_msgqueue.o(.text.MessageQueueGet)
    [Anonymous Symbol]                       0x080005d6   Section        0  rtx_msgqueue.o(.text.MessageQueueGet)
    MessageQueuePut                          0x08000619   Thumb Code    94  rtx_msgqueue.o(.text.MessageQueuePut)
    [Anonymous Symbol]                       0x08000618   Section        0  rtx_msgqueue.o(.text.MessageQueuePut)
    MessageQueueRemove                       0x08000677   Thumb Code    30  rtx_msgqueue.o(.text.MessageQueueRemove)
    [Anonymous Symbol]                       0x08000676   Section        0  rtx_msgqueue.o(.text.MessageQueueRemove)
    [Anonymous Symbol]                       0x08000694   Section        0  lto-llvm-9227b3.o(.text.NMI_Handler)
    [Anonymous Symbol]                       0x08000698   Section        0  os_systick.o(.text.OS_Tick_AcknowledgeIRQ)
    [Anonymous Symbol]                       0x080006a0   Section        0  os_systick.o(.text.OS_Tick_Enable)
    __arm_cp.1_1                             0x080006c0   Number         4  os_systick.o(.text.OS_Tick_Enable)
    [Anonymous Symbol]                       0x080006c4   Section        0  os_systick.o(.text.OS_Tick_GetIRQn)
    [Anonymous Symbol]                       0x080006cc   Section        0  os_systick.o(.text.OS_Tick_Setup)
    __arm_cp.0_0                             0x08000708   Number         4  os_systick.o(.text.OS_Tick_Setup)
    __arm_cp.0_1                             0x0800070c   Number         4  os_systick.o(.text.OS_Tick_Setup)
    __arm_cp.0_2                             0x08000710   Number         4  os_systick.o(.text.OS_Tick_Setup)
    __arm_cp.0_3                             0x08000714   Number         4  os_systick.o(.text.OS_Tick_Setup)
    [Anonymous Symbol]                       0x08000718   Section        0  lto-llvm-9227b3.o(.text.SystemInit)
    ThreadFlagsCheck                         0x0800071b   Thumb Code    74  rtx_thread.o(.text.ThreadFlagsCheck)
    [Anonymous Symbol]                       0x0800071a   Section        0  rtx_thread.o(.text.ThreadFlagsCheck)
    TimerInsert                              0x08000765   Thumb Code    72  rtx_timer.o(.text.TimerInsert)
    [Anonymous Symbol]                       0x08000764   Section        0  rtx_timer.o(.text.TimerInsert)
    __arm_cp.9_0                             0x080007ac   Number         4  rtx_timer.o(.text.TimerInsert)
    __tagsym$$used.0                         0x080007b0   Number         0  lto-llvm-9227b3.o(.text._mutex_acquire)
    [Anonymous Symbol]                       0x080007b0   Section        0  lto-llvm-9227b3.o(.text._mutex_acquire)
    __tagsym$$used.1                         0x080007dc   Number         0  lto-llvm-9227b3.o(.text._mutex_free)
    [Anonymous Symbol]                       0x080007dc   Section        0  lto-llvm-9227b3.o(.text._mutex_free)
    __tagsym$$used.2                         0x080007e6   Number         0  lto-llvm-9227b3.o(.text._mutex_initialize)
    [Anonymous Symbol]                       0x080007e6   Section        0  lto-llvm-9227b3.o(.text._mutex_initialize)
    __tagsym$$used.3                         0x08000808   Number         0  lto-llvm-9227b3.o(.text._mutex_release)
    [Anonymous Symbol]                       0x08000808   Section        0  lto-llvm-9227b3.o(.text._mutex_release)
    __arm_cp.9_0                             0x08000830   Number         4  lto-llvm-9227b3.o(.text._mutex_release)
    [Anonymous Symbol]                       0x08000834   Section        0  lto-llvm-9227b3.o(.text._platform_post_stackheap_init)
    app_main                                 0x0800083d   Thumb Code     8  lto-llvm-9227b3.o(.text.app_main)
    [Anonymous Symbol]                       0x0800083c   Section        0  lto-llvm-9227b3.o(.text.app_main)
    [Anonymous Symbol]                       0x08000844   Section        0  lto-llvm-9227b3.o(.text.main)
    __arm_cp.1_0                             0x08000c50   Number         4  lto-llvm-9227b3.o(.text.main)
    __arm_cp.1_1                             0x08000c54   Number         4  lto-llvm-9227b3.o(.text.main)
    __arm_cp.1_2                             0x08000c58   Number         4  lto-llvm-9227b3.o(.text.main)
    __arm_cp.1_3                             0x08000c5c   Number         4  lto-llvm-9227b3.o(.text.main)
    __arm_cp.1_4                             0x08000c60   Number         4  lto-llvm-9227b3.o(.text.main)
    __arm_cp.1_5                             0x08000c64   Number         4  lto-llvm-9227b3.o(.text.main)
    __arm_cp.1_6                             0x08000c68   Number         4  lto-llvm-9227b3.o(.text.main)
    __arm_cp.1_7                             0x08000c6c   Number         4  lto-llvm-9227b3.o(.text.main)
    __arm_cp.1_8                             0x08000c70   Number         4  lto-llvm-9227b3.o(.text.main)
    __arm_cp.1_9                             0x08000c74   Number         4  lto-llvm-9227b3.o(.text.main)
    __arm_cp.1_10                            0x08000c78   Number         4  lto-llvm-9227b3.o(.text.main)
    __arm_cp.1_11                            0x08000c7c   Number         4  lto-llvm-9227b3.o(.text.main)
    __arm_cp.1_12                            0x08000c80   Number         4  lto-llvm-9227b3.o(.text.main)
    __arm_cp.1_13                            0x08000c84   Number         4  lto-llvm-9227b3.o(.text.main)
    __arm_cp.1_14                            0x08000c88   Number         4  lto-llvm-9227b3.o(.text.main)
    __arm_cp.1_15                            0x08000c8c   Number         4  lto-llvm-9227b3.o(.text.main)
    __arm_cp.1_16                            0x08000c90   Number         4  lto-llvm-9227b3.o(.text.main)
    __arm_cp.1_17                            0x08000c94   Number         4  lto-llvm-9227b3.o(.text.main)
    __arm_cp.1_18                            0x08000c98   Number         4  lto-llvm-9227b3.o(.text.main)
    __arm_cp.1_19                            0x08000c9c   Number         4  lto-llvm-9227b3.o(.text.main)
    __arm_cp.1_20                            0x08000ca0   Number         4  lto-llvm-9227b3.o(.text.main)
    __arm_cp.1_21                            0x08000ca4   Number         4  lto-llvm-9227b3.o(.text.main)
    APBPrescTable                            0x08000ca8   Number         0  lto-llvm-9227b3.o(.text.main)
    AHBPrescTable                            0x08000cc8   Number         0  lto-llvm-9227b3.o(.text.main)
    __arm_cp.1_24                            0x08000d08   Number         4  lto-llvm-9227b3.o(.text.main)
    __arm_cp.1_25                            0x08000d0c   Number         4  lto-llvm-9227b3.o(.text.main)
    __arm_cp.1_26                            0x08000d10   Number         4  lto-llvm-9227b3.o(.text.main)
    [Anonymous Symbol]                       0x08000d14   Section        0  rtx_delay.o(.text.osDelay)
    __arm_cp.0_0                             0x08000d38   Number         4  rtx_delay.o(.text.osDelay)
    [Anonymous Symbol]                       0x08000d3c   Section        0  rtx_kernel.o(.text.osKernelGetState)
    __arm_cp.5_0                             0x08000d64   Number         4  rtx_kernel.o(.text.osKernelGetState)
    __arm_cp.5_1                             0x08000d68   Number         4  rtx_kernel.o(.text.osKernelGetState)
    [Anonymous Symbol]                       0x08000d6c   Section        0  rtx_kernel.o(.text.osKernelInitialize)
    __arm_cp.2_0                             0x08000d90   Number         4  rtx_kernel.o(.text.osKernelInitialize)
    [Anonymous Symbol]                       0x08000d94   Section        0  rtx_kernel.o(.text.osKernelStart)
    __arm_cp.7_0                             0x08000db4   Number         4  rtx_kernel.o(.text.osKernelStart)
    [Anonymous Symbol]                       0x08000db8   Section        0  rtx_msgqueue.o(.text.osMessageQueueGet)
    __arm_cp.5_0                             0x08000e28   Number         4  rtx_msgqueue.o(.text.osMessageQueueGet)
    [Anonymous Symbol]                       0x08000e2c   Section        0  rtx_msgqueue.o(.text.osMessageQueuePut)
    __arm_cp.4_0                             0x08000e9c   Number         4  rtx_msgqueue.o(.text.osMessageQueuePut)
    [Anonymous Symbol]                       0x08000ea0   Section        0  rtx_mutex.o(.text.osMutexAcquire)
    __arm_cp.4_0                             0x08000ec4   Number         4  rtx_mutex.o(.text.osMutexAcquire)
    [Anonymous Symbol]                       0x08000ec8   Section        0  rtx_mutex.o(.text.osMutexDelete)
    __arm_cp.7_0                             0x08000eec   Number         4  rtx_mutex.o(.text.osMutexDelete)
    [Anonymous Symbol]                       0x08000ef0   Section        0  rtx_mutex.o(.text.osMutexNew)
    __arm_cp.2_0                             0x08000f10   Number         4  rtx_mutex.o(.text.osMutexNew)
    [Anonymous Symbol]                       0x08000f14   Section        0  rtx_mutex.o(.text.osMutexRelease)
    __arm_cp.5_0                             0x08000f38   Number         4  rtx_mutex.o(.text.osMutexRelease)
    [Anonymous Symbol]                       0x08000f3c   Section        0  lto-llvm-9227b3.o(.text.osRtxErrorNotify)
    [Anonymous Symbol]                       0x08000f3e   Section        0  lto-llvm-9227b3.o(.text.osRtxIdleThread)
    [Anonymous Symbol]                       0x08000f40   Section        0  rtx_kernel.o(.text.osRtxKernelErrorNotify)
    [Anonymous Symbol]                       0x08000f48   Section        0  rtx_kernel.o(.text.osRtxKernelPreInit)
    [Anonymous Symbol]                       0x08000f4a   Section        0  rtx_memory.o(.text.osRtxMemoryAlloc)
    [Anonymous Symbol]                       0x08000fc2   Section        0  rtx_memory.o(.text.osRtxMemoryFree)
    [Anonymous Symbol]                       0x08001010   Section        0  rtx_memory.o(.text.osRtxMemoryInit)
    [Anonymous Symbol]                       0x0800103e   Section        0  rtx_mempool.o(.text.osRtxMemoryPoolAlloc)
    [Anonymous Symbol]                       0x08001068   Section        0  rtx_mempool.o(.text.osRtxMemoryPoolFree)
    [Anonymous Symbol]                       0x0800109e   Section        0  rtx_mempool.o(.text.osRtxMemoryPoolInit)
    osRtxMessageQueuePostProcess             0x080010db   Thumb Code   188  rtx_msgqueue.o(.text.osRtxMessageQueuePostProcess)
    [Anonymous Symbol]                       0x080010da   Section        0  rtx_msgqueue.o(.text.osRtxMessageQueuePostProcess)
    [Anonymous Symbol]                       0x08001198   Section        0  rtx_msgqueue.o(.text.osRtxMessageQueueTimerSetup)
    __arm_cp.0_0                             0x080011b8   Number         4  rtx_msgqueue.o(.text.osRtxMessageQueueTimerSetup)
    [Anonymous Symbol]                       0x080011bc   Section        0  rtx_mutex.o(.text.osRtxMutexOwnerRelease)
    [Anonymous Symbol]                       0x08001200   Section        0  rtx_mutex.o(.text.osRtxMutexOwnerRestore)
    [Anonymous Symbol]                       0x08001248   Section        0  rtx_system.o(.text.osRtxPendSV_Handler)
    [Anonymous Symbol]                       0x080012c8   Section        0  rtx_system.o(.text.osRtxPostProcess)
    __arm_cp.2_1                             0x08001330   Number         4  rtx_system.o(.text.osRtxPostProcess)
    osRtxThreadBlock                         0x08001335   Thumb Code    52  rtx_thread.o(.text.osRtxThreadBlock)
    [Anonymous Symbol]                       0x08001334   Section        0  rtx_thread.o(.text.osRtxThreadBlock)
    osRtxThreadDelayInsert                   0x08001369   Thumb Code   140  rtx_thread.o(.text.osRtxThreadDelayInsert)
    [Anonymous Symbol]                       0x08001368   Section        0  rtx_thread.o(.text.osRtxThreadDelayInsert)
    osRtxThreadDelayRemove                   0x080013f5   Thumb Code    68  rtx_thread.o(.text.osRtxThreadDelayRemove)
    [Anonymous Symbol]                       0x080013f4   Section        0  rtx_thread.o(.text.osRtxThreadDelayRemove)
    [Anonymous Symbol]                       0x08001438   Section        0  rtx_thread.o(.text.osRtxThreadDelayTick)
    osRtxThreadDestroy                       0x0800148d   Thumb Code    40  rtx_thread.o(.text.osRtxThreadDestroy)
    [Anonymous Symbol]                       0x0800148c   Section        0  rtx_thread.o(.text.osRtxThreadDestroy)
    [Anonymous Symbol]                       0x080014b4   Section        0  rtx_thread.o(.text.osRtxThreadDispatch)
    osRtxThreadFree                          0x08001501   Thumb Code    80  rtx_thread.o(.text.osRtxThreadFree)
    [Anonymous Symbol]                       0x08001500   Section        0  rtx_thread.o(.text.osRtxThreadFree)
    __arm_cp.51_0                            0x08001550   Number         4  rtx_thread.o(.text.osRtxThreadFree)
    osRtxThreadJoinWakeup                    0x08001555   Thumb Code    32  rtx_thread.o(.text.osRtxThreadJoinWakeup)
    [Anonymous Symbol]                       0x08001554   Section        0  rtx_thread.o(.text.osRtxThreadJoinWakeup)
    [Anonymous Symbol]                       0x08001574   Section        0  rtx_thread.o(.text.osRtxThreadListGet)
    [Anonymous Symbol]                       0x08001588   Section        0  rtx_thread.o(.text.osRtxThreadListPut)
    [Anonymous Symbol]                       0x080015b4   Section        0  rtx_thread.o(.text.osRtxThreadListRemove)
    [Anonymous Symbol]                       0x080015cc   Section        0  rtx_thread.o(.text.osRtxThreadListSort)
    osRtxThreadPostProcess                   0x080015f1   Thumb Code    38  rtx_thread.o(.text.osRtxThreadPostProcess)
    [Anonymous Symbol]                       0x080015f0   Section        0  rtx_thread.o(.text.osRtxThreadPostProcess)
    [Anonymous Symbol]                       0x08001618   Section        0  rtx_thread.o(.text.osRtxThreadReadyPut)
    [Anonymous Symbol]                       0x0800162c   Section        0  rtx_thread.o(.text.osRtxThreadRegPtr)
    [Anonymous Symbol]                       0x08001634   Section        0  rtx_thread.o(.text.osRtxThreadStartup)
    __arm_cp.14_1                            0x0800166c   Number         4  rtx_thread.o(.text.osRtxThreadStartup)
    [Anonymous Symbol]                       0x08001670   Section        0  rtx_thread.o(.text.osRtxThreadSwitch)
    __arm_cp.7_0                             0x0800167c   Number         4  rtx_thread.o(.text.osRtxThreadSwitch)
    [Anonymous Symbol]                       0x08001680   Section        0  rtx_thread.o(.text.osRtxThreadWaitEnter)
    __arm_cp.12_0                            0x080016bc   Number         4  rtx_thread.o(.text.osRtxThreadWaitEnter)
    [Anonymous Symbol]                       0x080016c0   Section        0  rtx_thread.o(.text.osRtxThreadWaitExit)
    [Anonymous Symbol]                       0x080016e4   Section        0  rtx_system.o(.text.osRtxTick_Handler)
    __arm_cp.0_0                             0x08001760   Number         4  rtx_system.o(.text.osRtxTick_Handler)
    [Anonymous Symbol]                       0x08001764   Section        0  rtx_timer.o(.text.osRtxTimerSetup)
    __arm_cp.0_0                             0x08001780   Number         4  rtx_timer.o(.text.osRtxTimerSetup)
    __arm_cp.0_1                             0x08001784   Number         4  rtx_timer.o(.text.osRtxTimerSetup)
    [Anonymous Symbol]                       0x08001788   Section        0  rtx_timer.o(.text.osRtxTimerThread)
    osRtxTimerTick                           0x080017a5   Thumb Code   112  rtx_timer.o(.text.osRtxTimerTick)
    [Anonymous Symbol]                       0x080017a4   Section        0  rtx_timer.o(.text.osRtxTimerTick)
    __arm_cp.1_0                             0x08001814   Number         4  rtx_timer.o(.text.osRtxTimerTick)
    [Anonymous Symbol]                       0x08001818   Section        0  rtx_thread.o(.text.osThreadExit)
    __arm_cp.30_0                            0x08001820   Number         4  rtx_thread.o(.text.osThreadExit)
    [Anonymous Symbol]                       0x08001824   Section        0  rtx_thread.o(.text.osThreadNew)
    __arm_cp.16_0                            0x08001844   Number         4  rtx_thread.o(.text.osThreadNew)
    svcRtxDelay                              0x08001849   Thumb Code    24  rtx_delay.o(.text.svcRtxDelay)
    [Anonymous Symbol]                       0x08001848   Section        0  rtx_delay.o(.text.svcRtxDelay)
    svcRtxKernelGetState                     0x08001861   Thumb Code     8  rtx_kernel.o(.text.svcRtxKernelGetState)
    [Anonymous Symbol]                       0x08001860   Section        0  rtx_kernel.o(.text.svcRtxKernelGetState)
    __arm_cp.6_0                             0x08001868   Number         4  rtx_kernel.o(.text.svcRtxKernelGetState)
    svcRtxKernelInitialize                   0x0800186d   Thumb Code   308  rtx_kernel.o(.text.svcRtxKernelInitialize)
    [Anonymous Symbol]                       0x0800186c   Section        0  rtx_kernel.o(.text.svcRtxKernelInitialize)
    __arm_cp.21_0                            0x080019a0   Number         4  rtx_kernel.o(.text.svcRtxKernelInitialize)
    __arm_cp.21_2                            0x080019a4   Number         4  rtx_kernel.o(.text.svcRtxKernelInitialize)
    svcRtxKernelStart                        0x080019a9   Thumb Code   116  rtx_kernel.o(.text.svcRtxKernelStart)
    [Anonymous Symbol]                       0x080019a8   Section        0  rtx_kernel.o(.text.svcRtxKernelStart)
    __arm_cp.22_0                            0x08001a1c   Number         4  rtx_kernel.o(.text.svcRtxKernelStart)
    __arm_cp.22_1                            0x08001a20   Number         4  rtx_kernel.o(.text.svcRtxKernelStart)
    __arm_cp.22_2                            0x08001a24   Number         4  rtx_kernel.o(.text.svcRtxKernelStart)
    __arm_cp.22_3                            0x08001a28   Number         4  rtx_kernel.o(.text.svcRtxKernelStart)
    svcRtxMessageQueueGet                    0x08001a2d   Thumb Code   200  rtx_msgqueue.o(.text.svcRtxMessageQueueGet)
    [Anonymous Symbol]                       0x08001a2c   Section        0  rtx_msgqueue.o(.text.svcRtxMessageQueueGet)
    __arm_cp.22_0                            0x08001af4   Number         4  rtx_msgqueue.o(.text.svcRtxMessageQueueGet)
    svcRtxMessageQueueNew                    0x08001af9   Thumb Code   428  rtx_msgqueue.o(.text.svcRtxMessageQueueNew)
    [Anonymous Symbol]                       0x08001af8   Section        0  rtx_msgqueue.o(.text.svcRtxMessageQueueNew)
    __arm_cp.1_0                             0x08001ca4   Number         4  rtx_msgqueue.o(.text.svcRtxMessageQueueNew)
    __arm_cp.1_1                             0x08001ca8   Number         4  rtx_msgqueue.o(.text.svcRtxMessageQueueNew)
    __arm_cp.1_2                             0x08001cac   Number         4  rtx_msgqueue.o(.text.svcRtxMessageQueueNew)
    __arm_cp.1_3                             0x08001cb0   Number         4  rtx_msgqueue.o(.text.svcRtxMessageQueueNew)
    __arm_cp.1_5                             0x08001cb4   Number         4  rtx_msgqueue.o(.text.svcRtxMessageQueueNew)
    svcRtxMessageQueuePut                    0x08001cb9   Thumb Code   172  rtx_msgqueue.o(.text.svcRtxMessageQueuePut)
    [Anonymous Symbol]                       0x08001cb8   Section        0  rtx_msgqueue.o(.text.svcRtxMessageQueuePut)
    __arm_cp.20_0                            0x08001d64   Number         4  rtx_msgqueue.o(.text.svcRtxMessageQueuePut)
    svcRtxMutexAcquire                       0x08001d69   Thumb Code   148  rtx_mutex.o(.text.svcRtxMutexAcquire)
    [Anonymous Symbol]                       0x08001d68   Section        0  rtx_mutex.o(.text.svcRtxMutexAcquire)
    svcRtxMutexDelete                        0x08001dfd   Thumb Code   176  rtx_mutex.o(.text.svcRtxMutexDelete)
    [Anonymous Symbol]                       0x08001dfc   Section        0  rtx_mutex.o(.text.svcRtxMutexDelete)
    __arm_cp.13_0                            0x08001eac   Number         4  rtx_mutex.o(.text.svcRtxMutexDelete)
    svcRtxMutexNew                           0x08001eb1   Thumb Code   108  rtx_mutex.o(.text.svcRtxMutexNew)
    [Anonymous Symbol]                       0x08001eb0   Section        0  rtx_mutex.o(.text.svcRtxMutexNew)
    __arm_cp.8_0                             0x08001f1c   Number         4  rtx_mutex.o(.text.svcRtxMutexNew)
    svcRtxMutexRelease                       0x08001f21   Thumb Code   184  rtx_mutex.o(.text.svcRtxMutexRelease)
    [Anonymous Symbol]                       0x08001f20   Section        0  rtx_mutex.o(.text.svcRtxMutexRelease)
    __arm_cp.11_0                            0x08001fd8   Number         4  rtx_mutex.o(.text.svcRtxMutexRelease)
    svcRtxThreadExit                         0x08001fdd   Thumb Code    72  rtx_thread.o(.text.svcRtxThreadExit)
    [Anonymous Symbol]                       0x08001fdc   Section        0  rtx_thread.o(.text.svcRtxThreadExit)
    __arm_cp.53_0                            0x08002024   Number         4  rtx_thread.o(.text.svcRtxThreadExit)
    svcRtxThreadNew                          0x08002029   Thumb Code   484  rtx_thread.o(.text.svcRtxThreadNew)
    [Anonymous Symbol]                       0x08002028   Section        0  rtx_thread.o(.text.svcRtxThreadNew)
    __arm_cp.15_0                            0x0800220c   Number         4  rtx_thread.o(.text.svcRtxThreadNew)
    __arm_cp.15_1                            0x08002210   Number         4  rtx_thread.o(.text.svcRtxThreadNew)
    __arm_cp.15_2                            0x08002214   Number         4  rtx_thread.o(.text.svcRtxThreadNew)
    __arm_cp.15_3                            0x08002218   Number         4  rtx_thread.o(.text.svcRtxThreadNew)
    __arm_cp.15_4                            0x0800221c   Number         4  rtx_thread.o(.text.svcRtxThreadNew)
    __arm_cp.15_5                            0x08002220   Number         4  rtx_thread.o(.text.svcRtxThreadNew)
    ThreadAttr_app_main                      0x08002224   Data          36  lto-llvm-9227b3.o(.rodata)
    [Anonymous Symbol]                       0x08002224   Section        0  lto-llvm-9227b3.o(.rodata)
    os_idle_thread_attr                      0x08002248   Data          36  lto-llvm-9227b3.o(.rodata)
    os_timer_thread_attr                     0x0800226c   Data          36  lto-llvm-9227b3.o(.rodata)
    os_timer_mq_attr                         0x08002290   Data          24  lto-llvm-9227b3.o(.rodata)
    __tagsym$$used.4                         0x080022ac   Number         0  lto-llvm-9227b3.o(.rodata)
    __tagsym$$used.5                         0x0800231c   Number         0  lto-llvm-9227b3.o(.rodata)
    [Anonymous Symbol]                       0x08002354   Section        0  lto-llvm-9227b3.o(.rodata.str1.1)
    [Anonymous Symbol]                       0x08002360   Section        0  rtx_kernel.o(.rodata.str1.4)
    .bss                                     0x200000a8   Section       96  libspace.o(.bss)
    app_main_ID                              0x20000108   Data           4  lto-llvm-9227b3.o(.bss)
    [Anonymous Symbol]                       0x20000108   Section        0  lto-llvm-9227b3.o(.bss)
    os_kernel_is_active.os_kernel_active     0x2000010c   Data           1  lto-llvm-9227b3.o(.bss)
    PendST                                   0x2000010d   Data           1  os_systick.o(.bss.os)
    [Anonymous Symbol]                       0x2000010d   Section        0  os_systick.o(.bss.os)
    os_isr_queue                             0x20000110   Data          16  lto-llvm-9227b3.o(.bss.os)
    [Anonymous Symbol]                       0x20000110   Section        0  lto-llvm-9227b3.o(.bss.os)
    os_mem                                   0x20000120   Data        2048  lto-llvm-9227b3.o(.bss.os)
    os_timer_mq_cb                           0x20000920   Data          52  lto-llvm-9227b3.o(.bss.os.msgqueue.cb)
    [Anonymous Symbol]                       0x20000920   Section        0  lto-llvm-9227b3.o(.bss.os.msgqueue.cb)
    os_timer_mq_data                         0x20000954   Data          80  lto-llvm-9227b3.o(.bss.os.msgqueue.mem)
    [Anonymous Symbol]                       0x20000954   Section        0  lto-llvm-9227b3.o(.bss.os.msgqueue.mem)
    os_idle_thread_cb                        0x200009a4   Data          68  lto-llvm-9227b3.o(.bss.os.thread.cb)
    [Anonymous Symbol]                       0x200009a4   Section        0  lto-llvm-9227b3.o(.bss.os.thread.cb)
    os_timer_thread_cb                       0x200009e8   Data          68  lto-llvm-9227b3.o(.bss.os.thread.cb)
    os_idle_thread_stack                     0x20000a30   Data         256  lto-llvm-9227b3.o(.bss.os.thread.idle.stack)
    [Anonymous Symbol]                       0x20000a30   Section        0  lto-llvm-9227b3.o(.bss.os.thread.idle.stack)
    os_timer_thread_stack                    0x20000b30   Data         256  lto-llvm-9227b3.o(.bss.os.thread.timer.stack)
    [Anonymous Symbol]                       0x20000b30   Section        0  lto-llvm-9227b3.o(.bss.os.thread.timer.stack)
    Heap_Mem                                 0x20000c30   Data         512  startup_stm32g030xx.o(HEAP)
    HEAP                                     0x20000c30   Section      512  startup_stm32g030xx.o(HEAP)
    Stack_Mem                                0x20000e30   Data        1024  startup_stm32g030xx.o(STACK)
    STACK                                    0x20000e30   Section     1024  startup_stm32g030xx.o(STACK)
    __initial_sp                             0x20001230   Data           0  startup_stm32g030xx.o(STACK)

    Global Symbols

    Symbol Name                              Value     Ov Type        Size  Object(Section)

    BuildAttributes$$THM_ISAv3M$S$PE$A:L22$X:L11$S22$IEEE1$IW$~IW$USESV6$~STKCKD$USESV7$~SHL$OTIME$ROPI$IEEEF$EBA8$UX$STANDARDLIB$REQ8$PRES8$EABIv2 0x00000000   Number         0  anon$$obj.o ABSOLUTE
    .bss.os.evflags.cb$$Base                  - Undefined Weak Reference
    .bss.os.evflags.cb$$Limit                 - Undefined Weak Reference
    .bss.os.mempool.cb$$Base                  - Undefined Weak Reference
    .bss.os.mempool.cb$$Limit                 - Undefined Weak Reference
    .bss.os.mutex.cb$$Base                    - Undefined Weak Reference
    .bss.os.mutex.cb$$Limit                   - Undefined Weak Reference
    .bss.os.semaphore.cb$$Base                - Undefined Weak Reference
    .bss.os.semaphore.cb$$Limit               - Undefined Weak Reference
    .bss.os.timer.cb$$Base                    - Undefined Weak Reference
    .bss.os.timer.cb$$Limit                   - Undefined Weak Reference
    __ARM_exceptions_init                     - Undefined Weak Reference
    __alloca_initialize                       - Undefined Weak Reference
    __arm_preinit_                            - Undefined Weak Reference
    __arm_relocate_pie_                       - Undefined Weak Reference
    __cpp_initialize__aeabi_                  - Undefined Weak Reference
    __cxa_finalize                            - Undefined Weak Reference
    __rt_locale                               - Undefined Weak Reference
    __sigvec_lookup                           - Undefined Weak Reference
    _atexit_init                              - Undefined Weak Reference
    _call_atexit_fns                          - Undefined Weak Reference
    _clock_init                               - Undefined Weak Reference
    _fp_trap_init                             - Undefined Weak Reference
    _fp_trap_shutdown                         - Undefined Weak Reference
    _get_lc_collate                           - Undefined Weak Reference
    _get_lc_ctype                             - Undefined Weak Reference
    _get_lc_monetary                          - Undefined Weak Reference
    _get_lc_numeric                           - Undefined Weak Reference
    _get_lc_time                              - Undefined Weak Reference
    _getenv_init                              - Undefined Weak Reference
    _handle_redirection                       - Undefined Weak Reference
    _init_alloc                               - Undefined Weak Reference
    _init_user_alloc                          - Undefined Weak Reference
    _initio                                   - Undefined Weak Reference
    _rand_init                                - Undefined Weak Reference
    _signal_finish                            - Undefined Weak Reference
    _signal_init                              - Undefined Weak Reference
    _terminate_alloc                          - Undefined Weak Reference
    _terminate_user_alloc                     - Undefined Weak Reference
    _terminateio                              - Undefined Weak Reference
    __Vectors_Size                           0x000000c0   Number         0  startup_stm32g030xx.o ABSOLUTE
    __Vectors                                0x08000000   Data           4  startup_stm32g030xx.o(RESET)
    __Vectors_End                            0x080000c0   Data           0  startup_stm32g030xx.o(RESET)
    __main                                   0x080000c1   Thumb Code     8  __main.o(!!!main)
    __scatterload                            0x080000c9   Thumb Code     0  __scatter.o(!!!scatter)
    __scatterload_rt2                        0x080000c9   Thumb Code    52  __scatter.o(!!!scatter)
    __scatterload_rt2_thumb_only             0x080000c9   Thumb Code     0  __scatter.o(!!!scatter)
    __scatterload_null                       0x080000d9   Thumb Code     0  __scatter.o(!!!scatter)
    __scatterload_copy                       0x08000105   Thumb Code    26  __scatter_copy.o(!!handler_copy)
    __scatterload_zeroinit                   0x08000121   Thumb Code    28  __scatter_zi.o(!!handler_zi)
    __rt_lib_init                            0x0800013d   Thumb Code     0  libinit.o(.ARM.Collect$$libinit$$00000000)
    __rt_lib_init_alloca_1                   0x0800013f   Thumb Code     0  libinit2.o(.ARM.Collect$$libinit$$00000030)
    __rt_lib_init_argv_1                     0x0800013f   Thumb Code     0  libinit2.o(.ARM.Collect$$libinit$$0000002E)
    __rt_lib_init_atexit_1                   0x0800013f   Thumb Code     0  libinit2.o(.ARM.Collect$$libinit$$0000001D)
    __rt_lib_init_clock_1                    0x0800013f   Thumb Code     0  libinit2.o(.ARM.Collect$$libinit$$00000023)
    __rt_lib_init_cpp_1                      0x0800013f   Thumb Code     0  libinit2.o(.ARM.Collect$$libinit$$00000034)
    __rt_lib_init_exceptions_1               0x0800013f   Thumb Code     0  libinit2.o(.ARM.Collect$$libinit$$00000032)
    __rt_lib_init_fp_1                       0x0800013f   Thumb Code     0  libinit2.o(.ARM.Collect$$libinit$$00000002)
    __rt_lib_init_fp_trap_1                  0x0800013f   Thumb Code     0  libinit2.o(.ARM.Collect$$libinit$$00000021)
    __rt_lib_init_getenv_1                   0x0800013f   Thumb Code     0  libinit2.o(.ARM.Collect$$libinit$$00000025)
    __rt_lib_init_heap_1                     0x0800013f   Thumb Code     0  libinit2.o(.ARM.Collect$$libinit$$0000000C)
    __rt_lib_init_lc_collate_1               0x0800013f   Thumb Code     0  libinit2.o(.ARM.Collect$$libinit$$00000013)
    __rt_lib_init_lc_ctype_1                 0x0800013f   Thumb Code     0  libinit2.o(.ARM.Collect$$libinit$$00000015)
    __rt_lib_init_lc_monetary_1              0x0800013f   Thumb Code     0  libinit2.o(.ARM.Collect$$libinit$$00000017)
    __rt_lib_init_lc_numeric_1               0x0800013f   Thumb Code     0  libinit2.o(.ARM.Collect$$libinit$$00000019)
    __rt_lib_init_lc_time_1                  0x0800013f   Thumb Code     0  libinit2.o(.ARM.Collect$$libinit$$0000001B)
    __rt_lib_init_preinit_1                  0x0800013f   Thumb Code     0  libinit2.o(.ARM.Collect$$libinit$$00000006)
    __rt_lib_init_rand_1                     0x0800013f   Thumb Code     0  libinit2.o(.ARM.Collect$$libinit$$00000010)
    __rt_lib_init_relocate_pie_1             0x0800013f   Thumb Code     0  libinit2.o(.ARM.Collect$$libinit$$00000004)
    __rt_lib_init_return                     0x0800013f   Thumb Code     0  libinit2.o(.ARM.Collect$$libinit$$00000035)
    __rt_lib_init_signal_1                   0x0800013f   Thumb Code     0  libinit2.o(.ARM.Collect$$libinit$$0000001F)
    __rt_lib_init_stdio_1                    0x0800013f   Thumb Code     0  libinit2.o(.ARM.Collect$$libinit$$00000027)
    __rt_lib_init_user_alloc_1               0x0800013f   Thumb Code     0  libinit2.o(.ARM.Collect$$libinit$$0000000E)
    __rt_lib_shutdown                        0x08000141   Thumb Code     0  libshutdown.o(.ARM.Collect$$libshutdown$$00000000)
    __rt_lib_shutdown_cpp_1                  0x08000143   Thumb Code     0  libshutdown2.o(.ARM.Collect$$libshutdown$$00000002)
    __rt_lib_shutdown_fp_trap_1              0x08000143   Thumb Code     0  libshutdown2.o(.ARM.Collect$$libshutdown$$00000007)
    __rt_lib_shutdown_heap_1                 0x08000143   Thumb Code     0  libshutdown2.o(.ARM.Collect$$libshutdown$$0000000F)
    __rt_lib_shutdown_return                 0x08000143   Thumb Code     0  libshutdown2.o(.ARM.Collect$$libshutdown$$00000010)
    __rt_lib_shutdown_signal_1               0x08000143   Thumb Code     0  libshutdown2.o(.ARM.Collect$$libshutdown$$0000000A)
    __rt_lib_shutdown_stdio_1                0x08000143   Thumb Code     0  libshutdown2.o(.ARM.Collect$$libshutdown$$00000004)
    __rt_lib_shutdown_user_alloc_1           0x08000143   Thumb Code     0  libshutdown2.o(.ARM.Collect$$libshutdown$$0000000C)
    __rt_entry                               0x08000145   Thumb Code     0  __rtentry.o(.ARM.Collect$$rtentry$$00000000)
    __rt_entry_presh_1                       0x08000145   Thumb Code     0  __rtentry2.o(.ARM.Collect$$rtentry$$00000002)
    __rt_entry_sh                            0x08000145   Thumb Code     0  __rtentry4.o(.ARM.Collect$$rtentry$$00000004)
    __rt_entry_postsh_1                      0x0800014b   Thumb Code     0  __rtentry2.o(.ARM.Collect$$rtentry$$00000008)
    __rt_entry_li                            0x08000153   Thumb Code     0  __rtentry2.o(.ARM.Collect$$rtentry$$0000000A)
    __rt_entry_main                          0x08000157   Thumb Code     0  __rtentry2.o(.ARM.Collect$$rtentry$$0000000D)
    __rt_entry_postli_1                      0x08000157   Thumb Code     0  __rtentry2.o(.ARM.Collect$$rtentry$$0000000C)
    __rt_exit                                0x0800015f   Thumb Code     0  rtexit.o(.ARM.Collect$$rtexit$$00000000)
    __rt_exit_ls                             0x08000161   Thumb Code     0  rtexit2.o(.ARM.Collect$$rtexit$$00000003)
    __rt_exit_prels_1                        0x08000161   Thumb Code     0  rtexit2.o(.ARM.Collect$$rtexit$$00000002)
    __rt_exit_exit                           0x08000165   Thumb Code     0  rtexit2.o(.ARM.Collect$$rtexit$$00000004)
    __aeabi_memcpy4                          0x0800016d   Thumb Code    56  rt_memcpy.o(.emb_text)
    __aeabi_memcpy8                          0x0800016d   Thumb Code     0  rt_memcpy.o(.emb_text)
    Reset_Handler                            0x080001a5   Thumb Code     8  startup_stm32g030xx.o(.text)
    ADC1_IRQHandler                          0x080001b7   Thumb Code     0  startup_stm32g030xx.o(.text)
    DMA1_Ch4_5_DMAMUX1_OVR_IRQHandler        0x080001b7   Thumb Code     0  startup_stm32g030xx.o(.text)
    DMA1_Channel1_IRQHandler                 0x080001b7   Thumb Code     0  startup_stm32g030xx.o(.text)
    DMA1_Channel2_3_IRQHandler               0x080001b7   Thumb Code     0  startup_stm32g030xx.o(.text)
    EXTI0_1_IRQHandler                       0x080001b7   Thumb Code     0  startup_stm32g030xx.o(.text)
    EXTI2_3_IRQHandler                       0x080001b7   Thumb Code     0  startup_stm32g030xx.o(.text)
    EXTI4_15_IRQHandler                      0x080001b7   Thumb Code     0  startup_stm32g030xx.o(.text)
    FLASH_IRQHandler                         0x080001b7   Thumb Code     0  startup_stm32g030xx.o(.text)
    I2C1_IRQHandler                          0x080001b7   Thumb Code     0  startup_stm32g030xx.o(.text)
    I2C2_IRQHandler                          0x080001b7   Thumb Code     0  startup_stm32g030xx.o(.text)
    RCC_IRQHandler                           0x080001b7   Thumb Code     0  startup_stm32g030xx.o(.text)
    RTC_TAMP_IRQHandler                      0x080001b7   Thumb Code     0  startup_stm32g030xx.o(.text)
    SPI1_IRQHandler                          0x080001b7   Thumb Code     0  startup_stm32g030xx.o(.text)
    SPI2_IRQHandler                          0x080001b7   Thumb Code     0  startup_stm32g030xx.o(.text)
    TIM14_IRQHandler                         0x080001b7   Thumb Code     0  startup_stm32g030xx.o(.text)
    TIM16_IRQHandler                         0x080001b7   Thumb Code     0  startup_stm32g030xx.o(.text)
    TIM17_IRQHandler                         0x080001b7   Thumb Code     0  startup_stm32g030xx.o(.text)
    TIM1_BRK_UP_TRG_COM_IRQHandler           0x080001b7   Thumb Code     0  startup_stm32g030xx.o(.text)
    TIM1_CC_IRQHandler                       0x080001b7   Thumb Code     0  startup_stm32g030xx.o(.text)
    TIM3_IRQHandler                          0x080001b7   Thumb Code     0  startup_stm32g030xx.o(.text)
    USART1_IRQHandler                        0x080001b7   Thumb Code     0  startup_stm32g030xx.o(.text)
    USART2_IRQHandler                        0x080001b7   Thumb Code     0  startup_stm32g030xx.o(.text)
    WWDG_IRQHandler                          0x080001b7   Thumb Code     0  startup_stm32g030xx.o(.text)
    __user_initial_stackheap                 0x080001b9   Thumb Code     0  startup_stm32g030xx.o(.text)
    SVC_Handler                              0x080001dd   Thumb Code   132  irq_armv6m.o(.text)
    PendSV_Handler                           0x08000261   Thumb Code    12  irq_armv6m.o(.text)
    SysTick_Handler                          0x0800026d   Thumb Code    12  irq_armv6m.o(.text)
    __aeabi_memcpy                           0x08000281   Thumb Code   130  rt_memcpy.o(.text)
    __rt_memcpy                              0x08000281   Thumb Code     0  rt_memcpy.o(.text)
    _memset_w                                0x08000303   Thumb Code    26  rt_memclr.o(.text)
    _memset                                  0x0800031d   Thumb Code    30  rt_memclr.o(.text)
    __aeabi_memclr                           0x0800033b   Thumb Code     4  rt_memclr.o(.text)
    __rt_memclr                              0x0800033b   Thumb Code     0  rt_memclr.o(.text)
    __aeabi_memclr4                          0x0800033f   Thumb Code     0  rt_memclr.o(.text)
    __aeabi_memclr8                          0x0800033f   Thumb Code     0  rt_memclr.o(.text)
    __rt_memclr_w                            0x0800033f   Thumb Code     4  rt_memclr.o(.text)
    __aeabi_uidiv                            0x08000345   Thumb Code     0  aeabi_sdiv.o(.text)
    __aeabi_uidivmod                         0x08000345   Thumb Code    20  aeabi_sdiv.o(.text)
    __aeabi_idiv                             0x08000359   Thumb Code     0  aeabi_sdiv.o(.text)
    __aeabi_idivmod                          0x08000359   Thumb Code   338  aeabi_sdiv.o(.text)
    __use_two_region_memory                  0x080004b1   Thumb Code     2  heapauxi.o(.text)
    __rt_heap_escrow$2region                 0x080004b3   Thumb Code     2  heapauxi.o(.text)
    __rt_heap_expand$2region                 0x080004b5   Thumb Code     2  heapauxi.o(.text)
    __user_setup_stackheap                   0x080004b7   Thumb Code    62  sys_stackheap_outer.o(.text)
    exit                                     0x080004f5   Thumb Code    16  exit.o(.text)
    __user_libspace                          0x08000505   Thumb Code     8  libspace.o(.text)
    __user_perproc_libspace                  0x08000505   Thumb Code     0  libspace.o(.text)
    _sys_exit                                0x0800050d   Thumb Code     8  sys_exit.o(.text)
    __I$use$semihosting                      0x08000519   Thumb Code     0  use_no_semi.o(.text)
    __use_no_semihosting_swi                 0x08000519   Thumb Code     2  use_no_semi.o(.text)
    HardFault_Handler                        0x0800051b   Thumb Code     2  lto-llvm-9227b3.o(.text.HardFault_Handler)
    __semihosting_library_function           0x0800051b   Thumb Code     0  indicate_semi.o(.text)
    NMI_Handler                              0x08000695   Thumb Code     2  lto-llvm-9227b3.o(.text.NMI_Handler)
    OS_Tick_AcknowledgeIRQ                   0x08000699   Thumb Code     8  os_systick.o(.text.OS_Tick_AcknowledgeIRQ)
    OS_Tick_Enable                           0x080006a1   Thumb Code    32  os_systick.o(.text.OS_Tick_Enable)
    OS_Tick_GetIRQn                          0x080006c5   Thumb Code     6  os_systick.o(.text.OS_Tick_GetIRQn)
    OS_Tick_Setup                            0x080006cd   Thumb Code    60  os_systick.o(.text.OS_Tick_Setup)
    SystemInit                               0x08000719   Thumb Code     2  lto-llvm-9227b3.o(.text.SystemInit)
    _mutex_acquire                           0x080007b1   Thumb Code    44  lto-llvm-9227b3.o(.text._mutex_acquire)
    _mutex_free                              0x080007dd   Thumb Code    10  lto-llvm-9227b3.o(.text._mutex_free)
    _mutex_initialize                        0x080007e7   Thumb Code    34  lto-llvm-9227b3.o(.text._mutex_initialize)
    _mutex_release                           0x08000809   Thumb Code    40  lto-llvm-9227b3.o(.text._mutex_release)
    _platform_post_stackheap_init            0x08000835   Thumb Code     8  lto-llvm-9227b3.o(.text._platform_post_stackheap_init)
    main                                     0x08000845   Thumb Code  1036  lto-llvm-9227b3.o(.text.main)
    osDelay                                  0x08000d15   Thumb Code    36  rtx_delay.o(.text.osDelay)
    osKernelGetState                         0x08000d3d   Thumb Code    40  rtx_kernel.o(.text.osKernelGetState)
    osKernelInitialize                       0x08000d6d   Thumb Code    36  rtx_kernel.o(.text.osKernelInitialize)
    osKernelStart                            0x08000d95   Thumb Code    32  rtx_kernel.o(.text.osKernelStart)
    osMessageQueueGet                        0x08000db9   Thumb Code   112  rtx_msgqueue.o(.text.osMessageQueueGet)
    osMessageQueuePut                        0x08000e2d   Thumb Code   112  rtx_msgqueue.o(.text.osMessageQueuePut)
    osMutexAcquire                           0x08000ea1   Thumb Code    36  rtx_mutex.o(.text.osMutexAcquire)
    osMutexDelete                            0x08000ec9   Thumb Code    36  rtx_mutex.o(.text.osMutexDelete)
    osMutexNew                               0x08000ef1   Thumb Code    32  rtx_mutex.o(.text.osMutexNew)
    osMutexRelease                           0x08000f15   Thumb Code    36  rtx_mutex.o(.text.osMutexRelease)
    osRtxErrorNotify                         0x08000f3d   Thumb Code     2  lto-llvm-9227b3.o(.text.osRtxErrorNotify)
    osRtxIdleThread                          0x08000f3f   Thumb Code     2  lto-llvm-9227b3.o(.text.osRtxIdleThread)
    osRtxKernelErrorNotify                   0x08000f41   Thumb Code     8  rtx_kernel.o(.text.osRtxKernelErrorNotify)
    osRtxKernelPreInit                       0x08000f49   Thumb Code     2  rtx_kernel.o(.text.osRtxKernelPreInit)
    osRtxMemoryAlloc                         0x08000f4b   Thumb Code   120  rtx_memory.o(.text.osRtxMemoryAlloc)
    osRtxMemoryFree                          0x08000fc3   Thumb Code    78  rtx_memory.o(.text.osRtxMemoryFree)
    osRtxMemoryInit                          0x08001011   Thumb Code    46  rtx_memory.o(.text.osRtxMemoryInit)
    osRtxMemoryPoolAlloc                     0x0800103f   Thumb Code    42  rtx_mempool.o(.text.osRtxMemoryPoolAlloc)
    osRtxMemoryPoolFree                      0x08001069   Thumb Code    54  rtx_mempool.o(.text.osRtxMemoryPoolFree)
    osRtxMemoryPoolInit                      0x0800109f   Thumb Code    60  rtx_mempool.o(.text.osRtxMemoryPoolInit)
    osRtxMessageQueueTimerSetup              0x08001199   Thumb Code    32  rtx_msgqueue.o(.text.osRtxMessageQueueTimerSetup)
    osRtxMutexOwnerRelease                   0x080011bd   Thumb Code    68  rtx_mutex.o(.text.osRtxMutexOwnerRelease)
    osRtxMutexOwnerRestore                   0x08001201   Thumb Code    70  rtx_mutex.o(.text.osRtxMutexOwnerRestore)
    osRtxPendSV_Handler                      0x08001249   Thumb Code   128  rtx_system.o(.text.osRtxPendSV_Handler)
    osRtxPostProcess                         0x080012c9   Thumb Code   104  rtx_system.o(.text.osRtxPostProcess)
    osRtxThreadDelayTick                     0x08001439   Thumb Code    84  rtx_thread.o(.text.osRtxThreadDelayTick)
    osRtxThreadDispatch                      0x080014b5   Thumb Code    76  rtx_thread.o(.text.osRtxThreadDispatch)
    osRtxThreadListGet                       0x08001575   Thumb Code    20  rtx_thread.o(.text.osRtxThreadListGet)
    osRtxThreadListPut                       0x08001589   Thumb Code    44  rtx_thread.o(.text.osRtxThreadListPut)
    osRtxThreadListRemove                    0x080015b5   Thumb Code    24  rtx_thread.o(.text.osRtxThreadListRemove)
    osRtxThreadListSort                      0x080015cd   Thumb Code    36  rtx_thread.o(.text.osRtxThreadListSort)
    osRtxThreadReadyPut                      0x08001619   Thumb Code    20  rtx_thread.o(.text.osRtxThreadReadyPut)
    osRtxThreadRegPtr                        0x0800162d   Thumb Code     6  rtx_thread.o(.text.osRtxThreadRegPtr)
    osRtxThreadStartup                       0x08001635   Thumb Code    56  rtx_thread.o(.text.osRtxThreadStartup)
    osRtxThreadSwitch                        0x08001671   Thumb Code    12  rtx_thread.o(.text.osRtxThreadSwitch)
    osRtxThreadWaitEnter                     0x08001681   Thumb Code    60  rtx_thread.o(.text.osRtxThreadWaitEnter)
    osRtxThreadWaitExit                      0x080016c1   Thumb Code    34  rtx_thread.o(.text.osRtxThreadWaitExit)
    osRtxTick_Handler                        0x080016e5   Thumb Code   124  rtx_system.o(.text.osRtxTick_Handler)
    osRtxTimerSetup                          0x08001765   Thumb Code    28  rtx_timer.o(.text.osRtxTimerSetup)
    osRtxTimerThread                         0x08001789   Thumb Code    28  rtx_timer.o(.text.osRtxTimerThread)
    osThreadExit                             0x08001819   Thumb Code     8  rtx_thread.o(.text.osThreadExit)
    osThreadNew                              0x08001825   Thumb Code    32  rtx_thread.o(.text.osThreadNew)
    osRtxUserSVC                             0x080022a8   Data           4  lto-llvm-9227b3.o(.rodata)
    osRtxConfig                              0x080022ac   Data         112  lto-llvm-9227b3.o(.rodata)
    os_cb_sections                           0x0800231c   Data          56  lto-llvm-9227b3.o(.rodata)
    Region$$Table$$Base                      0x0800236c   Number         0  anon$$obj.o(Region$$Table)
    Region$$Table$$Limit                     0x0800238c   Number         0  anon$$obj.o(Region$$Table)
    SystemCoreClock                          0x20000000   Data           4  lto-llvm-9227b3.o(.data)
    osRtxInfo                                0x20000004   Data         164  rtx_kernel.o(.data.os)
    __libspace_start                         0x200000a8   Data          96  libspace.o(.bss)
    __temporary_stack_top$libspace           0x20000108   Data           0  libspace.o(.bss)
    .bss.os.msgqueue.cb$$Base                0x20000920   Number         0  lto-llvm-9227b3.o(.bss.os.msgqueue.cb)
    .bss.os.msgqueue.cb$$Limit               0x20000954   Number         0  lto-llvm-9227b3.o(.bss.os.msgqueue.cb)
    .bss.os.thread.cb$$Base                  0x200009a4   Number         0  lto-llvm-9227b3.o(.bss.os.thread.cb)
    .bss.os.thread.cb$$Limit                 0x20000a2c   Number         0  lto-llvm-9227b3.o(.bss.os.thread.cb)



==============================================================================

Memory Map of the image

  Image Entry point : 0x080000c1

  Load Region LR_IROM1 (Base: 0x08000000, Size: 0x00002438, Max: 0x00008000, ABSOLUTE)

    Execution Region ER_IROM1 (Exec base: 0x08000000, Load base: 0x08000000, Size: 0x0000238c, Max: 0x00008000, ABSOLUTE)

    Exec Addr    Load Addr    Size         Type   Attr      Idx    E Section Name        Object

    0x08000000   0x08000000   0x000000c0   Data   RO            3    RESET               startup_stm32g030xx.o
    0x080000c0   0x080000c0   0x00000008   Code   RO          506  * !!!main             c_p.l(__main.o)
    0x080000c8   0x080000c8   0x0000003c   Code   RO          731    !!!scatter          c_p.l(__scatter.o)
    0x08000104   0x08000104   0x0000001a   Code   RO          733    !!handler_copy      c_p.l(__scatter_copy.o)
    0x0800011e   0x0800011e   0x00000002   PAD
    0x08000120   0x08000120   0x0000001c   Code   RO          735    !!handler_zi        c_p.l(__scatter_zi.o)
    0x0800013c   0x0800013c   0x00000002   Code   RO          542    .ARM.Collect$$libinit$$00000000  c_p.l(libinit.o)
    0x0800013e   0x0800013e   0x00000000   Code   RO          556    .ARM.Collect$$libinit$$00000002  c_p.l(libinit2.o)
    0x0800013e   0x0800013e   0x00000000   Code   RO          558    .ARM.Collect$$libinit$$00000004  c_p.l(libinit2.o)
    0x0800013e   0x0800013e   0x00000000   Code   RO          560    .ARM.Collect$$libinit$$00000006  c_p.l(libinit2.o)
    0x0800013e   0x0800013e   0x00000000   Code   RO          563    .ARM.Collect$$libinit$$0000000C  c_p.l(libinit2.o)
    0x0800013e   0x0800013e   0x00000000   Code   RO          565    .ARM.Collect$$libinit$$0000000E  c_p.l(libinit2.o)
    0x0800013e   0x0800013e   0x00000000   Code   RO          567    .ARM.Collect$$libinit$$00000010  c_p.l(libinit2.o)
    0x0800013e   0x0800013e   0x00000000   Code   RO          570    .ARM.Collect$$libinit$$00000013  c_p.l(libinit2.o)
    0x0800013e   0x0800013e   0x00000000   Code   RO          572    .ARM.Collect$$libinit$$00000015  c_p.l(libinit2.o)
    0x0800013e   0x0800013e   0x00000000   Code   RO          574    .ARM.Collect$$libinit$$00000017  c_p.l(libinit2.o)
    0x0800013e   0x0800013e   0x00000000   Code   RO          576    .ARM.Collect$$libinit$$00000019  c_p.l(libinit2.o)
    0x0800013e   0x0800013e   0x00000000   Code   RO          578    .ARM.Collect$$libinit$$0000001B  c_p.l(libinit2.o)
    0x0800013e   0x0800013e   0x00000000   Code   RO          580    .ARM.Collect$$libinit$$0000001D  c_p.l(libinit2.o)
    0x0800013e   0x0800013e   0x00000000   Code   RO          582    .ARM.Collect$$libinit$$0000001F  c_p.l(libinit2.o)
    0x0800013e   0x0800013e   0x00000000   Code   RO          584    .ARM.Collect$$libinit$$00000021  c_p.l(libinit2.o)
    0x0800013e   0x0800013e   0x00000000   Code   RO          586    .ARM.Collect$$libinit$$00000023  c_p.l(libinit2.o)
    0x0800013e   0x0800013e   0x00000000   Code   RO          588    .ARM.Collect$$libinit$$00000025  c_p.l(libinit2.o)
    0x0800013e   0x0800013e   0x00000000   Code   RO          590    .ARM.Collect$$libinit$$00000027  c_p.l(libinit2.o)
    0x0800013e   0x0800013e   0x00000000   Code   RO          594    .ARM.Collect$$libinit$$0000002E  c_p.l(libinit2.o)
    0x0800013e   0x0800013e   0x00000000   Code   RO          596    .ARM.Collect$$libinit$$00000030  c_p.l(libinit2.o)
    0x0800013e   0x0800013e   0x00000000   Code   RO          598    .ARM.Collect$$libinit$$00000032  c_p.l(libinit2.o)
    0x0800013e   0x0800013e   0x00000000   Code   RO          600    .ARM.Collect$$libinit$$00000034  c_p.l(libinit2.o)
    0x0800013e   0x0800013e   0x00000002   Code   RO          601    .ARM.Collect$$libinit$$00000035  c_p.l(libinit2.o)
    0x08000140   0x08000140   0x00000002   Code   RO          636    .ARM.Collect$$libshutdown$$00000000  c_p.l(libshutdown.o)
    0x08000142   0x08000142   0x00000000   Code   RO          664    .ARM.Collect$$libshutdown$$00000002  c_p.l(libshutdown2.o)
    0x08000142   0x08000142   0x00000000   Code   RO          666    .ARM.Collect$$libshutdown$$00000004  c_p.l(libshutdown2.o)
    0x08000142   0x08000142   0x00000000   Code   RO          669    .ARM.Collect$$libshutdown$$00000007  c_p.l(libshutdown2.o)
    0x08000142   0x08000142   0x00000000   Code   RO          672    .ARM.Collect$$libshutdown$$0000000A  c_p.l(libshutdown2.o)
    0x08000142   0x08000142   0x00000000   Code   RO          674    .ARM.Collect$$libshutdown$$0000000C  c_p.l(libshutdown2.o)
    0x08000142   0x08000142   0x00000000   Code   RO          677    .ARM.Collect$$libshutdown$$0000000F  c_p.l(libshutdown2.o)
    0x08000142   0x08000142   0x00000002   Code   RO          678    .ARM.Collect$$libshutdown$$00000010  c_p.l(libshutdown2.o)
    0x08000144   0x08000144   0x00000000   Code   RO          508    .ARM.Collect$$rtentry$$00000000  c_p.l(__rtentry.o)
    0x08000144   0x08000144   0x00000000   Code   RO          514    .ARM.Collect$$rtentry$$00000002  c_p.l(__rtentry2.o)
    0x08000144   0x08000144   0x00000006   Code   RO          526    .ARM.Collect$$rtentry$$00000004  c_p.l(__rtentry4.o)
    0x0800014a   0x0800014a   0x00000008   Code   RO          515    .ARM.Collect$$rtentry$$00000008  c_p.l(__rtentry2.o)
    0x08000152   0x08000152   0x00000004   Code   RO          517    .ARM.Collect$$rtentry$$0000000A  c_p.l(__rtentry2.o)
    0x08000156   0x08000156   0x00000000   Code   RO          519    .ARM.Collect$$rtentry$$0000000C  c_p.l(__rtentry2.o)
    0x08000156   0x08000156   0x00000008   Code   RO          520    .ARM.Collect$$rtentry$$0000000D  c_p.l(__rtentry2.o)
    0x0800015e   0x0800015e   0x00000002   Code   RO          547    .ARM.Collect$$rtexit$$00000000  c_p.l(rtexit.o)
    0x08000160   0x08000160   0x00000000   Code   RO          607    .ARM.Collect$$rtexit$$00000002  c_p.l(rtexit2.o)
    0x08000160   0x08000160   0x00000004   Code   RO          608    .ARM.Collect$$rtexit$$00000003  c_p.l(rtexit2.o)
    0x08000164   0x08000164   0x00000006   Code   RO          609    .ARM.Collect$$rtexit$$00000004  c_p.l(rtexit2.o)
    0x0800016a   0x0800016a   0x00000002   PAD
    0x0800016c   0x0800016c   0x00000038   Code   RO          494    .emb_text           c_p.l(rt_memcpy.o)
    0x080001a4   0x080001a4   0x00000038   Code   RO            4    .text               startup_stm32g030xx.o
    0x080001dc   0x080001dc   0x000000a4   Code   RO          320    .text               RTX_CM0.lib(irq_armv6m.o)
    0x08000280   0x08000280   0x00000082   Code   RO          495    .text               c_p.l(rt_memcpy.o)
    0x08000302   0x08000302   0x00000040   Code   RO          498    .text               c_p.l(rt_memclr.o)
    0x08000342   0x08000342   0x00000002   PAD
    0x08000344   0x08000344   0x0000016c   Code   RO          500    .text               c_p.l(aeabi_sdiv.o)
    0x080004b0   0x080004b0   0x00000006   Code   RO          504    .text               c_p.l(heapauxi.o)
    0x080004b6   0x080004b6   0x0000003e   Code   RO          530    .text               c_p.l(sys_stackheap_outer.o)
    0x080004f4   0x080004f4   0x00000010   Code   RO          533    .text               c_p.l(exit.o)
    0x08000504   0x08000504   0x00000008   Code   RO          543    .text               c_p.l(libspace.o)
    0x0800050c   0x0800050c   0x0000000c   Code   RO          602    .text               c_p.l(sys_exit.o)
    0x08000518   0x08000518   0x00000002   Code   RO          625    .text               c_p.l(use_no_semi.o)
    0x0800051a   0x0800051a   0x00000000   Code   RO          627    .text               c_p.l(indicate_semi.o)
    0x0800051a   0x0800051a   0x00000002   Code   RO          686    .text.HardFault_Handler  lto-llvm-9227b3.o
    0x0800051c   0x0800051c   0x000000ba   Code   RO          688    .text.LL_GPIO_Init  lto-llvm-9227b3.o
    0x080005d6   0x080005d6   0x00000042   Code   RO          436    .text.MessageQueueGet  RTX_CM0.lib(rtx_msgqueue.o)
    0x08000618   0x08000618   0x0000005e   Code   RO          430    .text.MessageQueuePut  RTX_CM0.lib(rtx_msgqueue.o)
    0x08000676   0x08000676   0x0000001e   Code   RO          428    .text.MessageQueueRemove  RTX_CM0.lib(rtx_msgqueue.o)
    0x08000694   0x08000694   0x00000002   Code   RO          684    .text.NMI_Handler   lto-llvm-9227b3.o
    0x08000696   0x08000696   0x00000002   PAD
    0x08000698   0x08000698   0x00000008   Code   RO          472    .text.OS_Tick_AcknowledgeIRQ  RTX_CM0.lib(os_systick.o)
    0x080006a0   0x080006a0   0x00000024   Code   RO          468    .text.OS_Tick_Enable  RTX_CM0.lib(os_systick.o)
    0x080006c4   0x080006c4   0x00000006   Code   RO          474    .text.OS_Tick_GetIRQn  RTX_CM0.lib(os_systick.o)
    0x080006ca   0x080006ca   0x00000002   PAD
    0x080006cc   0x080006cc   0x0000004c   Code   RO          466    .text.OS_Tick_Setup  RTX_CM0.lib(os_systick.o)
    0x08000718   0x08000718   0x00000002   Code   RO          690    .text.SystemInit    lto-llvm-9227b3.o
    0x0800071a   0x0800071a   0x0000004a   Code   RO          171    .text.ThreadFlagsCheck  RTX_CM0.lib(rtx_thread.o)
    0x08000764   0x08000764   0x0000004c   Code   RO          261    .text.TimerInsert   RTX_CM0.lib(rtx_timer.o)
    0x080007b0   0x080007b0   0x0000002c   Code   RO          692    .text._mutex_acquire  lto-llvm-9227b3.o
    0x080007dc   0x080007dc   0x0000000a   Code   RO          694    .text._mutex_free   lto-llvm-9227b3.o
    0x080007e6   0x080007e6   0x00000022   Code   RO          696    .text._mutex_initialize  lto-llvm-9227b3.o
    0x08000808   0x08000808   0x0000002c   Code   RO          698    .text._mutex_release  lto-llvm-9227b3.o
    0x08000834   0x08000834   0x00000008   Code   RO          700    .text._platform_post_stackheap_init  lto-llvm-9227b3.o
    0x0800083c   0x0800083c   0x00000008   Code   RO          680    .text.app_main      lto-llvm-9227b3.o
    0x08000844   0x08000844   0x000004d0   Code   RO          682    .text.main          lto-llvm-9227b3.o
    0x08000d14   0x08000d14   0x00000028   Code   RO          227    .text.osDelay       RTX_CM0.lib(rtx_delay.o)
    0x08000d3c   0x08000d3c   0x00000030   Code   RO           35    .text.osKernelGetState  RTX_CM0.lib(rtx_kernel.o)
    0x08000d6c   0x08000d6c   0x00000028   Code   RO           29    .text.osKernelInitialize  RTX_CM0.lib(rtx_kernel.o)
    0x08000d94   0x08000d94   0x00000024   Code   RO           39    .text.osKernelStart  RTX_CM0.lib(rtx_kernel.o)
    0x08000db8   0x08000db8   0x00000074   Code   RO          404    .text.osMessageQueueGet  RTX_CM0.lib(rtx_msgqueue.o)
    0x08000e2c   0x08000e2c   0x00000074   Code   RO          402    .text.osMessageQueuePut  RTX_CM0.lib(rtx_msgqueue.o)
    0x08000ea0   0x08000ea0   0x00000028   Code   RO          293    .text.osMutexAcquire  RTX_CM0.lib(rtx_mutex.o)
    0x08000ec8   0x08000ec8   0x00000028   Code   RO          299    .text.osMutexDelete  RTX_CM0.lib(rtx_mutex.o)
    0x08000ef0   0x08000ef0   0x00000024   Code   RO          289    .text.osMutexNew    RTX_CM0.lib(rtx_mutex.o)
    0x08000f14   0x08000f14   0x00000028   Code   RO          295    .text.osMutexRelease  RTX_CM0.lib(rtx_mutex.o)
    0x08000f3c   0x08000f3c   0x00000002   Code   RO          706    .text.osRtxErrorNotify  lto-llvm-9227b3.o
    0x08000f3e   0x08000f3e   0x00000002   Code   RO          704    .text.osRtxIdleThread  lto-llvm-9227b3.o
    0x08000f40   0x08000f40   0x00000008   Code   RO           27    .text.osRtxKernelErrorNotify  RTX_CM0.lib(rtx_kernel.o)
    0x08000f48   0x08000f48   0x00000002   Code   RO           25    .text.osRtxKernelPreInit  RTX_CM0.lib(rtx_kernel.o)
    0x08000f4a   0x08000f4a   0x00000078   Code   RO          330    .text.osRtxMemoryAlloc  RTX_CM0.lib(rtx_memory.o)
    0x08000fc2   0x08000fc2   0x0000004e   Code   RO          332    .text.osRtxMemoryFree  RTX_CM0.lib(rtx_memory.o)
    0x08001010   0x08001010   0x0000002e   Code   RO          328    .text.osRtxMemoryInit  RTX_CM0.lib(rtx_memory.o)
    0x0800103e   0x0800103e   0x0000002a   Code   RO          344    .text.osRtxMemoryPoolAlloc  RTX_CM0.lib(rtx_mempool.o)
    0x08001068   0x08001068   0x00000036   Code   RO          346    .text.osRtxMemoryPoolFree  RTX_CM0.lib(rtx_mempool.o)
    0x0800109e   0x0800109e   0x0000003c   Code   RO          342    .text.osRtxMemoryPoolInit  RTX_CM0.lib(rtx_mempool.o)
    0x080010da   0x080010da   0x000000bc   Code   RO          426    .text.osRtxMessageQueuePostProcess  RTX_CM0.lib(rtx_msgqueue.o)
    0x08001196   0x08001196   0x00000002   PAD
    0x08001198   0x08001198   0x00000024   Code   RO          394    .text.osRtxMessageQueueTimerSetup  RTX_CM0.lib(rtx_msgqueue.o)
    0x080011bc   0x080011bc   0x00000044   Code   RO          285    .text.osRtxMutexOwnerRelease  RTX_CM0.lib(rtx_mutex.o)
    0x08001200   0x08001200   0x00000046   Code   RO          287    .text.osRtxMutexOwnerRestore  RTX_CM0.lib(rtx_mutex.o)
    0x08001246   0x08001246   0x00000002   PAD
    0x08001248   0x08001248   0x00000080   Code   RO          454    .text.osRtxPendSV_Handler  RTX_CM0.lib(rtx_system.o)
    0x080012c8   0x080012c8   0x0000006c   Code   RO          456    .text.osRtxPostProcess  RTX_CM0.lib(rtx_system.o)
    0x08001334   0x08001334   0x00000034   Code   RO          111    .text.osRtxThreadBlock  RTX_CM0.lib(rtx_thread.o)
    0x08001368   0x08001368   0x0000008c   Code   RO          119    .text.osRtxThreadDelayInsert  RTX_CM0.lib(rtx_thread.o)
    0x080013f4   0x080013f4   0x00000044   Code   RO          115    .text.osRtxThreadDelayRemove  RTX_CM0.lib(rtx_thread.o)
    0x08001438   0x08001438   0x00000054   Code   RO          103    .text.osRtxThreadDelayTick  RTX_CM0.lib(rtx_thread.o)
    0x0800148c   0x0800148c   0x00000028   Code   RO          203    .text.osRtxThreadDestroy  RTX_CM0.lib(rtx_thread.o)
    0x080014b4   0x080014b4   0x0000004c   Code   RO          109    .text.osRtxThreadDispatch  RTX_CM0.lib(rtx_thread.o)
    0x08001500   0x08001500   0x00000054   Code   RO          195    .text.osRtxThreadFree  RTX_CM0.lib(rtx_thread.o)
    0x08001554   0x08001554   0x00000020   Code   RO          201    .text.osRtxThreadJoinWakeup  RTX_CM0.lib(rtx_thread.o)
    0x08001574   0x08001574   0x00000014   Code   RO           95    .text.osRtxThreadListGet  RTX_CM0.lib(rtx_thread.o)
    0x08001588   0x08001588   0x0000002c   Code   RO           93    .text.osRtxThreadListPut  RTX_CM0.lib(rtx_thread.o)
    0x080015b4   0x080015b4   0x00000018   Code   RO           99    .text.osRtxThreadListRemove  RTX_CM0.lib(rtx_thread.o)
    0x080015cc   0x080015cc   0x00000024   Code   RO           97    .text.osRtxThreadListSort  RTX_CM0.lib(rtx_thread.o)
    0x080015f0   0x080015f0   0x00000026   Code   RO          169    .text.osRtxThreadPostProcess  RTX_CM0.lib(rtx_thread.o)
    0x08001616   0x08001616   0x00000002   PAD
    0x08001618   0x08001618   0x00000014   Code   RO          101    .text.osRtxThreadReadyPut  RTX_CM0.lib(rtx_thread.o)
    0x0800162c   0x0800162c   0x00000006   Code   RO          105    .text.osRtxThreadRegPtr  RTX_CM0.lib(rtx_thread.o)
    0x08001632   0x08001632   0x00000002   PAD
    0x08001634   0x08001634   0x0000003c   Code   RO          121    .text.osRtxThreadStartup  RTX_CM0.lib(rtx_thread.o)
    0x08001670   0x08001670   0x00000010   Code   RO          107    .text.osRtxThreadSwitch  RTX_CM0.lib(rtx_thread.o)
    0x08001680   0x08001680   0x00000040   Code   RO          117    .text.osRtxThreadWaitEnter  RTX_CM0.lib(rtx_thread.o)
    0x080016c0   0x080016c0   0x00000022   Code   RO          113    .text.osRtxThreadWaitExit  RTX_CM0.lib(rtx_thread.o)
    0x080016e2   0x080016e2   0x00000002   PAD
    0x080016e4   0x080016e4   0x00000080   Code   RO          452    .text.osRtxTick_Handler  RTX_CM0.lib(rtx_system.o)
    0x08001764   0x08001764   0x00000024   Code   RO          243    .text.osRtxTimerSetup  RTX_CM0.lib(rtx_timer.o)
    0x08001788   0x08001788   0x0000001c   Code   RO          247    .text.osRtxTimerThread  RTX_CM0.lib(rtx_timer.o)
    0x080017a4   0x080017a4   0x00000074   Code   RO          245    .text.osRtxTimerTick  RTX_CM0.lib(rtx_timer.o)
    0x08001818   0x08001818   0x0000000c   Code   RO          153    .text.osThreadExit  RTX_CM0.lib(rtx_thread.o)
    0x08001824   0x08001824   0x00000024   Code   RO          125    .text.osThreadNew   RTX_CM0.lib(rtx_thread.o)
    0x08001848   0x08001848   0x00000018   Code   RO          231    .text.svcRtxDelay   RTX_CM0.lib(rtx_delay.o)
    0x08001860   0x08001860   0x0000000c   Code   RO           37    .text.svcRtxKernelGetState  RTX_CM0.lib(rtx_kernel.o)
    0x0800186c   0x0800186c   0x0000013c   Code   RO           67    .text.svcRtxKernelInitialize  RTX_CM0.lib(rtx_kernel.o)
    0x080019a8   0x080019a8   0x00000084   Code   RO           69    .text.svcRtxKernelStart  RTX_CM0.lib(rtx_kernel.o)
    0x08001a2c   0x08001a2c   0x000000cc   Code   RO          438    .text.svcRtxMessageQueueGet  RTX_CM0.lib(rtx_msgqueue.o)
    0x08001af8   0x08001af8   0x000001c0   Code   RO          396    .text.svcRtxMessageQueueNew  RTX_CM0.lib(rtx_msgqueue.o)
    0x08001cb8   0x08001cb8   0x000000b0   Code   RO          434    .text.svcRtxMessageQueuePut  RTX_CM0.lib(rtx_msgqueue.o)
    0x08001d68   0x08001d68   0x00000094   Code   RO          305    .text.svcRtxMutexAcquire  RTX_CM0.lib(rtx_mutex.o)
    0x08001dfc   0x08001dfc   0x000000b4   Code   RO          311    .text.svcRtxMutexDelete  RTX_CM0.lib(rtx_mutex.o)
    0x08001eb0   0x08001eb0   0x00000070   Code   RO          301    .text.svcRtxMutexNew  RTX_CM0.lib(rtx_mutex.o)
    0x08001f20   0x08001f20   0x000000bc   Code   RO          307    .text.svcRtxMutexRelease  RTX_CM0.lib(rtx_mutex.o)
    0x08001fdc   0x08001fdc   0x0000004c   Code   RO          199    .text.svcRtxThreadExit  RTX_CM0.lib(rtx_thread.o)
    0x08002028   0x08002028   0x000001fc   Code   RO          123    .text.svcRtxThreadNew  RTX_CM0.lib(rtx_thread.o)
    0x08002224   0x08002224   0x00000088   Data   RO          708    .rodata             lto-llvm-9227b3.o
    0x080022ac   0x080022ac   0x00000070   Data   RO          714    .rodata             lto-llvm-9227b3.o
    0x0800231c   0x0800231c   0x00000038   Data   RO          715    .rodata             lto-llvm-9227b3.o
    0x08002354   0x08002354   0x00000009   Data   RO          710    .rodata.str1.1      lto-llvm-9227b3.o
    0x0800235d   0x0800235d   0x00000003   PAD
    0x08002360   0x08002360   0x0000000b   Data   RO           83    .rodata.str1.4      RTX_CM0.lib(rtx_kernel.o)
    0x0800236b   0x0800236b   0x00000001   PAD
    0x0800236c   0x0800236c   0x00000020   Data   RO          730    Region$$Table       anon$$obj.o


    Execution Region RW_IRAM1 (Exec base: 0x20000000, Load base: 0x08002390, Size: 0x00001230, Max: 0x00002000, ABSOLUTE)

    Exec Addr    Load Addr    Size         Type   Attr      Idx    E Section Name        Object

    0x20000000   0x08002390   0x00000004   Data   RW          712    .data               lto-llvm-9227b3.o
    0x20000004   0x08002394   0x000000a4   Data   RW           84    .data.os            RTX_CM0.lib(rtx_kernel.o)
    0x200000a8        -       0x00000060   Zero   RW          544    .bss                c_p.l(libspace.o)
    0x20000108        -       0x00000005   Zero   RW          709    .bss                lto-llvm-9227b3.o
    0x2000010d        -       0x00000001   Zero   RW          484    .bss.os             RTX_CM0.lib(os_systick.o)
    0x2000010e   0x08002438   0x00000002   PAD
    0x20000110        -       0x00000810   Zero   RW          713    .bss.os             lto-llvm-9227b3.o
    0x20000920        -       0x00000034   Zero   RW          720    .bss.os.msgqueue.cb  lto-llvm-9227b3.o
    0x20000954        -       0x00000050   Zero   RW          721    .bss.os.msgqueue.mem  lto-llvm-9227b3.o
    0x200009a4        -       0x00000088   Zero   RW          717    .bss.os.thread.cb   lto-llvm-9227b3.o
    0x20000a2c   0x08002438   0x00000004   PAD
    0x20000a30        -       0x00000100   Zero   RW          718    .bss.os.thread.idle.stack  lto-llvm-9227b3.o
    0x20000b30        -       0x00000100   Zero   RW          719    .bss.os.thread.timer.stack  lto-llvm-9227b3.o
    0x20000c30        -       0x00000200   Zero   RW            2    HEAP                startup_stm32g030xx.o
    0x20000e30        -       0x00000400   Zero   RW            1    STACK               startup_stm32g030xx.o


==============================================================================

Image component sizes


      Code (inc. data)   RO Data    RW Data    ZI Data      Debug   Object Name

      1576        204        313          4       2849      32792   lto-llvm-9227b3.o
        56         26        192          0       1536        616   startup_stm32g030xx.o

    ----------------------------------------------------------------------
      1634        230        540          4       4389      33408   Object Totals
         0          0         32          0          0          0   (incl. Generated)
         2          0          3          0          4          0   (incl. Padding)

    ----------------------------------------------------------------------

      Code (inc. data)   RO Data    RW Data    ZI Data      Debug   Library Member Name

       164          8          0          0          0        658   irq_armv6m.o
       126         20          0          0          1       2812   os_systick.o
        64          4          0          0          0       2729   rtx_delay.o
       594         44         11        164          0      15793   rtx_kernel.o
       244          0          0          0          0       2665   rtx_memory.o
       156          0          0          0          0      14433   rtx_mempool.o
      1474         40          0          0          0      18183   rtx_msgqueue.o
       922         28          0          0          0       9527   rtx_mutex.o
       364         18          0          0          0       4871   rtx_system.o
      1644         52          0          0          0      31596   rtx_thread.o
       256         16          0          0          0       9965   rtx_timer.o
         8          0          0          0          0         68   __main.o
         0          0          0          0          0          0   __rtentry.o
        20          0          0          0          0          0   __rtentry2.o
         6          0          0          0          0          0   __rtentry4.o
        60          8          0          0          0          0   __scatter.o
        26          0          0          0          0          0   __scatter_copy.o
        28          0          0          0          0          0   __scatter_zi.o
       364          4          0          0          0         92   aeabi_sdiv.o
        16          0          0          0          0         68   exit.o
         6          0          0          0          0        136   heapauxi.o
         0          0          0          0          0          0   indicate_semi.o
         2          0          0          0          0          0   libinit.o
         2          0          0          0          0          0   libinit2.o
         2          0          0          0          0          0   libshutdown.o
         2          0          0          0          0          0   libshutdown2.o
         8          4          0          0         96         68   libspace.o
        64          0          0          0          0        108   rt_memclr.o
       186          0          0          0          0        144   rt_memcpy.o
         2          0          0          0          0          0   rtexit.o
        10          0          0          0          0          0   rtexit2.o
        12          4          0          0          0         60   sys_exit.o
        62          0          0          0          0         80   sys_stackheap_outer.o
         2          0          0          0          0         68   use_no_semi.o

    ----------------------------------------------------------------------
      6914        250         12        164         99     114124   Library Totals
        18          0          1          0          2          0   (incl. Padding)

    ----------------------------------------------------------------------

      Code (inc. data)   RO Data    RW Data    ZI Data      Debug   Library Name

      6008        230         11        164          1     113232   RTX_CM0.lib
       888         20          0          0         96        892   c_p.l

    ----------------------------------------------------------------------
      6914        250         12        164         99     114124   Library Totals

    ----------------------------------------------------------------------

==============================================================================


      Code (inc. data)   RO Data    RW Data    ZI Data      Debug   

      8548        480        552        168       4488     147048   Grand Totals
      8548        480        552        168       4488     147048   ELF Image Totals
      8548        480        552        168          0          0   ROM Totals

==============================================================================

    Total RO  Size (Code + RO Data)                 9100 (   8.89kB)
    Total RW  Size (RW Data + ZI Data)              4656 (   4.55kB)
    Total ROM Size (Code + RO Data + RW Data)       9268 (   9.05kB)

==============================================================================

