Component: Arm Compiler for Embedded 6.18 Tool: armlink [5e4cc100]

==============================================================================

Section Cross References

    startup_stm32g030xx.o(STACK) refers (Special) to heapauxi.o(.text) for __use_two_region_memory
    startup_stm32g030xx.o(HEAP) refers (Special) to heapauxi.o(.text) for __use_two_region_memory
    startup_stm32g030xx.o(RESET) refers (Special) to heapauxi.o(.text) for __use_two_region_memory
    startup_stm32g030xx.o(RESET) refers to startup_stm32g030xx.o(STACK) for __initial_sp
    startup_stm32g030xx.o(RESET) refers to startup_stm32g030xx.o(.text) for Reset_Handler
    startup_stm32g030xx.o(RESET) refers to lto-llvm-bc9cb4.o(.text.NMI_Handler) for NMI_Handler
    startup_stm32g030xx.o(RESET) refers to lto-llvm-bc9cb4.o(.text.HardFault_Handler) for HardFault_Handler
    startup_stm32g030xx.o(RESET) refers to irq_armv6m.o(.text) for SVC_Handler
    startup_stm32g030xx.o(RESET) refers to lto-llvm-bc9cb4.o(.text.USART2_IRQHandler) for USART2_IRQHandler
    startup_stm32g030xx.o(.text) refers (Special) to heapauxi.o(.text) for __use_two_region_memory
    startup_stm32g030xx.o(.text) refers to lto-llvm-bc9cb4.o(.text.SystemInit) for SystemInit
    startup_stm32g030xx.o(.text) refers to __main.o(!!!main) for __main
    startup_stm32g030xx.o(.text) refers to startup_stm32g030xx.o(HEAP) for Heap_Mem
    startup_stm32g030xx.o(.text) refers to startup_stm32g030xx.o(STACK) for Stack_Mem
    rtx_kernel.o(.ARM.exidx.text.osRtxKernelPreInit) refers to rtx_kernel.o(.text.osRtxKernelPreInit) for [Anonymous Symbol]
    rtx_kernel.o(.text.osRtxKernelErrorNotify) refers to lto-llvm-bc9cb4.o(.text.osRtxErrorNotify) for osRtxErrorNotify
    rtx_kernel.o(.ARM.exidx.text.osRtxKernelErrorNotify) refers to rtx_kernel.o(.text.osRtxKernelErrorNotify) for [Anonymous Symbol]
    rtx_kernel.o(.text.osKernelInitialize) refers to rtx_kernel.o(.text.osRtxKernelPreInit) for osRtxKernelPreInit
    rtx_kernel.o(.text.osKernelInitialize) refers to rtx_kernel.o(.text.svcRtxKernelInitialize) for svcRtxKernelInitialize
    rtx_kernel.o(.ARM.exidx.text.osKernelInitialize) refers to rtx_kernel.o(.text.osKernelInitialize) for [Anonymous Symbol]
    rtx_kernel.o(.text.osKernelGetInfo) refers to rtx_kernel.o(.text.svcRtxKernelGetInfo) for svcRtxKernelGetInfo
    rtx_kernel.o(.ARM.exidx.text.osKernelGetInfo) refers to rtx_kernel.o(.text.osKernelGetInfo) for [Anonymous Symbol]
    rtx_kernel.o(.text.svcRtxKernelGetInfo) refers to rt_memcpy.o(.text) for __aeabi_memcpy
    rtx_kernel.o(.text.svcRtxKernelGetInfo) refers to rtx_kernel.o(.rodata.str1.4) for [Anonymous Symbol]
    rtx_kernel.o(.ARM.exidx.text.svcRtxKernelGetInfo) refers to rtx_kernel.o(.text.svcRtxKernelGetInfo) for [Anonymous Symbol]
    rtx_kernel.o(.text.osKernelGetState) refers to rtx_kernel.o(.text.svcRtxKernelGetState) for svcRtxKernelGetState
    rtx_kernel.o(.text.osKernelGetState) refers to rtx_kernel.o(.data.os) for osRtxInfo
    rtx_kernel.o(.ARM.exidx.text.osKernelGetState) refers to rtx_kernel.o(.text.osKernelGetState) for [Anonymous Symbol]
    rtx_kernel.o(.text.svcRtxKernelGetState) refers to rtx_kernel.o(.data.os) for osRtxInfo
    rtx_kernel.o(.ARM.exidx.text.svcRtxKernelGetState) refers to rtx_kernel.o(.text.svcRtxKernelGetState) for [Anonymous Symbol]
    rtx_kernel.o(.text.osKernelStart) refers to rtx_kernel.o(.text.svcRtxKernelStart) for svcRtxKernelStart
    rtx_kernel.o(.ARM.exidx.text.osKernelStart) refers to rtx_kernel.o(.text.osKernelStart) for [Anonymous Symbol]
    rtx_kernel.o(.text.osKernelLock) refers to rtx_kernel.o(.text.svcRtxKernelLock) for svcRtxKernelLock
    rtx_kernel.o(.ARM.exidx.text.osKernelLock) refers to rtx_kernel.o(.text.osKernelLock) for [Anonymous Symbol]
    rtx_kernel.o(.text.osKernelUnlock) refers to rtx_kernel.o(.text.svcRtxKernelUnlock) for svcRtxKernelUnlock
    rtx_kernel.o(.ARM.exidx.text.osKernelUnlock) refers to rtx_kernel.o(.text.osKernelUnlock) for [Anonymous Symbol]
    rtx_kernel.o(.text.osKernelRestoreLock) refers to rtx_kernel.o(.text.svcRtxKernelRestoreLock) for svcRtxKernelRestoreLock
    rtx_kernel.o(.ARM.exidx.text.osKernelRestoreLock) refers to rtx_kernel.o(.text.osKernelRestoreLock) for [Anonymous Symbol]
    rtx_kernel.o(.text.osKernelSuspend) refers to rtx_kernel.o(.text.svcRtxKernelSuspend) for svcRtxKernelSuspend
    rtx_kernel.o(.ARM.exidx.text.osKernelSuspend) refers to rtx_kernel.o(.text.osKernelSuspend) for [Anonymous Symbol]
    rtx_kernel.o(.text.osKernelResume) refers to rtx_kernel.o(.text.svcRtxKernelResume) for svcRtxKernelResume
    rtx_kernel.o(.ARM.exidx.text.osKernelResume) refers to rtx_kernel.o(.text.osKernelResume) for [Anonymous Symbol]
    rtx_kernel.o(.text.osKernelGetTickCount) refers to rtx_kernel.o(.data.os) for osRtxInfo
    rtx_kernel.o(.text.osKernelGetTickCount) refers to rtx_kernel.o(.text.svcRtxKernelGetTickCount) for svcRtxKernelGetTickCount
[...]
    [Anonymous Symbol]                       0x08002e90   Section        0  rtx_evflags.o(.text.osEventFlagsSet)
    __arm_cp.2_0                             0x08002ed8   Number         4  rtx_evflags.o(.text.osEventFlagsSet)
    [Anonymous Symbol]                       0x08002edc   Section        0  rtx_evflags.o(.text.osEventFlagsWait)
    __arm_cp.7_0                             0x08002f1c   Number         4  rtx_evflags.o(.text.osEventFlagsWait)
    [Anonymous Symbol]                       0x08002f20   Section        0  rtx_kernel.o(.text.osKernelGetState)
    __arm_cp.5_0                             0x08002f48   Number         4  rtx_kernel.o(.text.osKernelGetState)
    __arm_cp.5_1                             0x08002f4c   Number         4  rtx_kernel.o(.text.osKernelGetState)
    [Anonymous Symbol]                       0x08002f50   Section        0  rtx_kernel.o(.text.osKernelInitialize)
    __arm_cp.2_0                             0x08002f74   Number         4  rtx_kernel.o(.text.osKernelInitialize)
    [Anonymous Symbol]                       0x08002f78   Section        0  rtx_kernel.o(.text.osKernelLock)
    __arm_cp.8_0                             0x08002f98   Number         4  rtx_kernel.o(.text.osKernelLock)
    [Anonymous Symbol]                       0x08002f9c   Section        0  rtx_kernel.o(.text.osKernelStart)
    __arm_cp.7_0                             0x08002fbc   Number         4  rtx_kernel.o(.text.osKernelStart)
    [Anonymous Symbol]                       0x08002fc0   Section        0  rtx_kernel.o(.text.osKernelUnlock)
    __arm_cp.9_0                             0x08002fe0   Number         4  rtx_kernel.o(.text.osKernelUnlock)
    [Anonymous Symbol]                       0x08002fe4   Section        0  rtx_msgqueue.o(.text.osMessageQueueGet)
    __arm_cp.5_0                             0x08003054   Number         4  rtx_msgqueue.o(.text.osMessageQueueGet)
    [Anonymous Symbol]                       0x08003058   Section        0  rtx_msgqueue.o(.text.osMessageQueuePut)
    __arm_cp.4_0                             0x080030c8   Number         4  rtx_msgqueue.o(.text.osMessageQueuePut)
    [Anonymous Symbol]                       0x080030cc   Section        0  rtx_mutex.o(.text.osMutexAcquire)
    __arm_cp.4_0                             0x080030f0   Number         4  rtx_mutex.o(.text.osMutexAcquire)
    [Anonymous Symbol]                       0x080030f4   Section        0  rtx_mutex.o(.text.osMutexDelete)
    __arm_cp.7_0                             0x08003118   Number         4  rtx_mutex.o(.text.osMutexDelete)
    [Anonymous Symbol]                       0x0800311c   Section        0  rtx_mutex.o(.text.osMutexNew)
    __arm_cp.2_0                             0x0800313c   Number         4  rtx_mutex.o(.text.osMutexNew)
    [Anonymous Symbol]                       0x08003140   Section        0  rtx_mutex.o(.text.osMutexRelease)
    __arm_cp.5_0                             0x08003164   Number         4  rtx_mutex.o(.text.osMutexRelease)
    [Anonymous Symbol]                       0x08003168   Section        0  lto-llvm-bc9cb4.o(.text.osRtxErrorNotify)
    osRtxEventFlagsPostProcess               0x08003197   Thumb Code    52  rtx_evflags.o(.text.osRtxEventFlagsPostProcess)
    [Anonymous Symbol]                       0x08003196   Section        0  rtx_evflags.o(.text.osRtxEventFlagsPostProcess)
    [Anonymous Symbol]                       0x080031ca   Section        0  lto-llvm-bc9cb4.o(.text.osRtxIdleThread)
    [Anonymous Symbol]                       0x080031d2   Section        0  rtx_kernel.o(.text.osRtxKernelErrorNotify)
    [Anonymous Symbol]                       0x080031da   Section        0  rtx_kernel.o(.text.osRtxKernelPreInit)
    [Anonymous Symbol]                       0x080031dc   Section        0  rtx_memory.o(.text.osRtxMemoryAlloc)
    [Anonymous Symbol]                       0x08003254   Section        0  rtx_memory.o(.text.osRtxMemoryFree)
    [Anonymous Symbol]                       0x080032a2   Section        0  rtx_memory.o(.text.osRtxMemoryInit)
    [Anonymous Symbol]                       0x080032d0   Section        0  rtx_mempool.o(.text.osRtxMemoryPoolAlloc)
    [Anonymous Symbol]                       0x080032fa   Section        0  rtx_mempool.o(.text.osRtxMemoryPoolFree)
    [Anonymous Symbol]                       0x08003330   Section        0  rtx_mempool.o(.text.osRtxMemoryPoolInit)
    osRtxMessageQueuePostProcess             0x0800336d   Thumb Code   188  rtx_msgqueue.o(.text.osRtxMessageQueuePostProcess)
    [Anonymous Symbol]                       0x0800336c   Section        0  rtx_msgqueue.o(.text.osRtxMessageQueuePostProcess)
    [Anonymous Symbol]                       0x08003428   Section        0  rtx_msgqueue.o(.text.osRtxMessageQueueTimerSetup)
    __arm_cp.0_0                             0x08003448   Number         4  rtx_msgqueue.o(.text.osRtxMessageQueueTimerSetup)
    [Anonymous Symbol]                       0x0800344c   Section        0  rtx_mutex.o(.text.osRtxMutexOwnerRelease)
    [Anonymous Symbol]                       0x08003490   Section        0  rtx_mutex.o(.text.osRtxMutexOwnerRestore)
    [Anonymous Symbol]                       0x080034d8   Section        0  rtx_system.o(.text.osRtxPendSV_Handler)
    [Anonymous Symbol]                       0x08003558   Section        0  rtx_system.o(.text.osRtxPostProcess)
    __arm_cp.2_1                             0x080035c0   Number         4  rtx_system.o(.text.osRtxPostProcess)
    osRtxThreadBlock                         0x080035c5   Thumb Code    52  rtx_thread.o(.text.osRtxThreadBlock)
    [Anonymous Symbol]                       0x080035c4   Section        0  rtx_thread.o(.text.osRtxThreadBlock)
    osRtxThreadDelayInsert                   0x080035f9   Thumb Code   140  rtx_thread.o(.text.osRtxThreadDelayInsert)
    [Anonymous Symbol]                       0x080035f8   Section        0  rtx_thread.o(.text.osRtxThreadDelayInsert)
    osRtxThreadDelayRemove                   0x08003685   Thumb Code    68  rtx_thread.o(.text.osRtxThreadDelayRemove)
    [Anonymous Symbol]                       0x08003684   Section        0  rtx_thread.o(.text.osRtxThreadDelayRemove)
    [Anonymous Symbol]                       0x080036c8   Section        0  rtx_thread.o(.text.osRtxThreadDelayTick)
    osRtxThreadDestroy                       0x0800371d   Thumb Code    40  rtx_thread.o(.text.osRtxThreadDestroy)
    [Anonymous Symbol]                       0x0800371c   Section        0  rtx_thread.o(.text.osRtxThreadDestroy)
    [Anonymous Symbol]                       0x08003744   Section        0  rtx_thread.o(.text.osRtxThreadDispatch)
    osRtxThreadFree                          0x08003791   Thumb Code    80  rtx_thread.o(.text.osRtxThreadFree)
    [Anonymous Symbol]                       0x08003790   Section        0  rtx_thread.o(.text.osRtxThreadFree)
    __arm_cp.51_0                            0x080037e0   Number         4  rtx_thread.o(.text.osRtxThreadFree)
    osRtxThreadJoinWakeup                    0x080037e5   Thumb Code    32  rtx_thread.o(.text.osRtxThreadJoinWakeup)
    [Anonymous Symbol]                       0x080037e4   Section        0  rtx_thread.o(.text.osRtxThreadJoinWakeup)
    [Anonymous Symbol]                       0x08003804   Section        0  rtx_thread.o(.text.osRtxThreadListGet)
    [Anonymous Symbol]                       0x08003818   Section        0  rtx_thread.o(.text.osRtxThreadListPut)
    [Anonymous Symbol]                       0x08003844   Section        0  rtx_thread.o(.text.osRtxThreadListRemove)
    [Anonymous Symbol]                       0x0800385c   Section        0  rtx_thread.o(.text.osRtxThreadListSort)
    osRtxThreadPostProcess                   0x08003881   Thumb Code    38  rtx_thread.o(.text.osRtxThreadPostProcess)
    [Anonymous Symbol]                       0x08003880   Section        0  rtx_thread.o(.text.osRtxThreadPostProcess)
    [Anonymous Symbol]                       0x080038a8   Section        0  rtx_thread.o(.text.osRtxThreadReadyPut)
    [Anonymous Symbol]                       0x080038bc   Section        0  rtx_thread.o(.text.osRtxThreadRegPtr)
    [Anonymous Symbol]                       0x080038c4   Section        0  rtx_thread.o(.text.osRtxThreadStartup)
    __arm_cp.14_0                            0x080038fc   Number         4  rtx_thread.o(.text.osRtxThreadStartup)
    __arm_cp.14_1                            0x08003900   Number         4  rtx_thread.o(.text.osRtxThreadStartup)
    [Anonymous Symbol]                       0x08003904   Section        0  rtx_thread.o(.text.osRtxThreadSwitch)
    __arm_cp.7_0                             0x08003910   Number         4  rtx_thread.o(.text.osRtxThreadSwitch)
    [Anonymous Symbol]                       0x08003914   Section        0  rtx_thread.o(.text.osRtxThreadWaitEnter)
    __arm_cp.12_0                            0x08003950   Number         4  rtx_thread.o(.text.osRtxThreadWaitEnter)
    [Anonymous Symbol]                       0x08003954   Section        0  rtx_thread.o(.text.osRtxThreadWaitExit)
    [Anonymous Symbol]                       0x08003978   Section        0  rtx_system.o(.text.osRtxTick_Handler)
    __arm_cp.0_0                             0x080039f4   Number         4  rtx_system.o(.text.osRtxTick_Handler)
    [Anonymous Symbol]                       0x080039f8   Section        0  rtx_timer.o(.text.osRtxTimerSetup)
    __arm_cp.0_0                             0x08003a14   Number         4  rtx_timer.o(.text.osRtxTimerSetup)
    __arm_cp.0_1                             0x08003a18   Number         4  rtx_timer.o(.text.osRtxTimerSetup)
    [Anonymous Symbol]                       0x08003a1c   Section        0  rtx_timer.o(.text.osRtxTimerThread)
    osRtxTimerTick                           0x08003a39   Thumb Code   112  rtx_timer.o(.text.osRtxTimerTick)
    [Anonymous Symbol]                       0x08003a38   Section        0  rtx_timer.o(.text.osRtxTimerTick)
    __arm_cp.1_0                             0x08003aa8   Number         4  rtx_timer.o(.text.osRtxTimerTick)
    [Anonymous Symbol]                       0x08003aac   Section        0  rtx_thread.o(.text.osThreadExit)
    __arm_cp.30_0                            0x08003ab4   Number         4  rtx_thread.o(.text.osThreadExit)
    [Anonymous Symbol]                       0x08003ab8   Section        0  rtx_thread.o(.text.osThreadNew)
    __arm_cp.16_0                            0x08003ad8   Number         4  rtx_thread.o(.text.osThreadNew)
    os_kernel_is_active                      0x08003add   Thumb Code    40  lto-llvm-bc9cb4.o(.text.os_kernel_is_active)
    [Anonymous Symbol]                       0x08003adc   Section        0  lto-llvm-bc9cb4.o(.text.os_kernel_is_active)
    __arm_cp.141_0                           0x08003b04   Number         4  lto-llvm-bc9cb4.o(.text.os_kernel_is_active)
    svcRtxDelay                              0x08003b09   Thumb Code    24  rtx_delay.o(.text.svcRtxDelay)
    [Anonymous Symbol]                       0x08003b08   Section        0  rtx_delay.o(.text.svcRtxDelay)
    svcRtxEventFlagsClear                    0x08003b21   Thumb Code    46  rtx_evflags.o(.text.svcRtxEventFlagsClear)
    [Anonymous Symbol]                       0x08003b20   Section        0  rtx_evflags.o(.text.svcRtxEventFlagsClear)
    svcRtxEventFlagsNew                      0x08003b51   Thumb Code   108  rtx_evflags.o(.text.svcRtxEventFlagsNew)
    [Anonymous Symbol]                       0x08003b50   Section        0  rtx_evflags.o(.text.svcRtxEventFlagsNew)
    __arm_cp.9_1                             0x08003bbc   Number         4  rtx_evflags.o(.text.svcRtxEventFlagsNew)
    svcRtxEventFlagsSet                      0x08003bc1   Thumb Code   118  rtx_evflags.o(.text.svcRtxEventFlagsSet)
    [Anonymous Symbol]                       0x08003bc0   Section        0  rtx_evflags.o(.text.svcRtxEventFlagsSet)
    svcRtxEventFlagsWait                     0x08003c39   Thumb Code    92  rtx_evflags.o(.text.svcRtxEventFlagsWait)
    [Anonymous Symbol]                       0x08003c38   Section        0  rtx_evflags.o(.text.svcRtxEventFlagsWait)
    svcRtxKernelGetState                     0x08003c95   Thumb Code     8  rtx_kernel.o(.text.svcRtxKernelGetState)
    [Anonymous Symbol]                       0x08003c94   Section        0  rtx_kernel.o(.text.svcRtxKernelGetState)
    __arm_cp.6_0                             0x08003c9c   Number         4  rtx_kernel.o(.text.svcRtxKernelGetState)
    svcRtxKernelInitialize                   0x08003ca1   Thumb Code   308  rtx_kernel.o(.text.svcRtxKernelInitialize)
    [Anonymous Symbol]                       0x08003ca0   Section        0  rtx_kernel.o(.text.svcRtxKernelInitialize)
    __arm_cp.21_0                            0x08003dd4   Number         4  rtx_kernel.o(.text.svcRtxKernelInitialize)
    __arm_cp.21_2                            0x08003dd8   Number         4  rtx_kernel.o(.text.svcRtxKernelInitialize)
    svcRtxKernelLock                         0x08003ddd   Thumb Code    32  rtx_kernel.o(.text.svcRtxKernelLock)
    [Anonymous Symbol]                       0x08003ddc   Section        0  rtx_kernel.o(.text.svcRtxKernelLock)
    __arm_cp.23_0                            0x08003dfc   Number         4  rtx_kernel.o(.text.svcRtxKernelLock)
    svcRtxKernelStart                        0x08003e01   Thumb Code   116  rtx_kernel.o(.text.svcRtxKernelStart)
    [Anonymous Symbol]                       0x08003e00   Section        0  rtx_kernel.o(.text.svcRtxKernelStart)
    __arm_cp.22_1                            0x08003e74   Number         4  rtx_kernel.o(.text.svcRtxKernelStart)
    __arm_cp.22_2                            0x08003e78   Number         4  rtx_kernel.o(.text.svcRtxKernelStart)
    __arm_cp.22_3                            0x08003e7c   Number         4  rtx_kernel.o(.text.svcRtxKernelStart)
    svcRtxKernelUnlock                       0x08003e81   Thumb Code    32  rtx_kernel.o(.text.svcRtxKernelUnlock)
    [Anonymous Symbol]                       0x08003e80   Section        0  rtx_kernel.o(.text.svcRtxKernelUnlock)
    __arm_cp.24_0                            0x08003ea0   Number         4  rtx_kernel.o(.text.svcRtxKernelUnlock)
    svcRtxMessageQueueGet                    0x08003ea5   Thumb Code   200  rtx_msgqueue.o(.text.svcRtxMessageQueueGet)
    [Anonymous Symbol]                       0x08003ea4   Section        0  rtx_msgqueue.o(.text.svcRtxMessageQueueGet)
    __arm_cp.22_0                            0x08003f6c   Number         4  rtx_msgqueue.o(.text.svcRtxMessageQueueGet)
    svcRtxMessageQueueNew                    0x08003f71   Thumb Code   428  rtx_msgqueue.o(.text.svcRtxMessageQueueNew)
    [Anonymous Symbol]                       0x08003f70   Section        0  rtx_msgqueue.o(.text.svcRtxMessageQueueNew)
    __arm_cp.1_0                             0x0800411c   Number         4  rtx_msgqueue.o(.text.svcRtxMessageQueueNew)
    __arm_cp.1_1                             0x08004120   Number         4  rtx_msgqueue.o(.text.svcRtxMessageQueueNew)
    __arm_cp.1_2                             0x08004124   Number         4  rtx_msgqueue.o(.text.svcRtxMessageQueueNew)
    __arm_cp.1_3                             0x08004128   Number         4  rtx_msgqueue.o(.text.svcRtxMessageQueueNew)
    __arm_cp.1_4                             0x0800412c   Number         4  rtx_msgqueue.o(.text.svcRtxMessageQueueNew)
    __arm_cp.1_5                             0x08004130   Number         4  rtx_msgqueue.o(.text.svcRtxMessageQueueNew)
    svcRtxMessageQueuePut                    0x08004135   Thumb Code   172  rtx_msgqueue.o(.text.svcRtxMessageQueuePut)
    [Anonymous Symbol]                       0x08004134   Section        0  rtx_msgqueue.o(.text.svcRtxMessageQueuePut)
    __arm_cp.20_0                            0x080041e0   Number         4  rtx_msgqueue.o(.text.svcRtxMessageQueuePut)
    svcRtxMutexAcquire                       0x080041e5   Thumb Code   148  rtx_mutex.o(.text.svcRtxMutexAcquire)
    [Anonymous Symbol]                       0x080041e4   Section        0  rtx_mutex.o(.text.svcRtxMutexAcquire)
    __arm_cp.10_0                            0x08004278   Number         4  rtx_mutex.o(.text.svcRtxMutexAcquire)
    svcRtxMutexDelete                        0x0800427d   Thumb Code   176  rtx_mutex.o(.text.svcRtxMutexDelete)
    [Anonymous Symbol]                       0x0800427c   Section        0  rtx_mutex.o(.text.svcRtxMutexDelete)
    __arm_cp.13_0                            0x0800432c   Number         4  rtx_mutex.o(.text.svcRtxMutexDelete)
    svcRtxMutexNew                           0x08004331   Thumb Code   108  rtx_mutex.o(.text.svcRtxMutexNew)
    [Anonymous Symbol]                       0x08004330   Section        0  rtx_mutex.o(.text.svcRtxMutexNew)
    __arm_cp.8_0                             0x0800439c   Number         4  rtx_mutex.o(.text.svcRtxMutexNew)
    svcRtxMutexRelease                       0x080043a1   Thumb Code   184  rtx_mutex.o(.text.svcRtxMutexRelease)
    [Anonymous Symbol]                       0x080043a0   Section        0  rtx_mutex.o(.text.svcRtxMutexRelease)
    __arm_cp.11_0                            0x08004458   Number         4  rtx_mutex.o(.text.svcRtxMutexRelease)
    svcRtxThreadExit                         0x0800445d   Thumb Code    72  rtx_thread.o(.text.svcRtxThreadExit)
    [Anonymous Symbol]                       0x0800445c   Section        0  rtx_thread.o(.text.svcRtxThreadExit)
    __arm_cp.53_0                            0x080044a4   Number         4  rtx_thread.o(.text.svcRtxThreadExit)
    svcRtxThreadNew                          0x080044a9   Thumb Code   484  rtx_thread.o(.text.svcRtxThreadNew)
    [Anonymous Symbol]                       0x080044a8   Section        0  rtx_thread.o(.text.svcRtxThreadNew)
    __arm_cp.15_0                            0x0800468c   Number         4  rtx_thread.o(.text.svcRtxThreadNew)
    __arm_cp.15_1                            0x08004690   Number         4  rtx_thread.o(.text.svcRtxThreadNew)
    __arm_cp.15_2                            0x08004694   Number         4  rtx_thread.o(.text.svcRtxThreadNew)
    __arm_cp.15_3                            0x08004698   Number         4  rtx_thread.o(.text.svcRtxThreadNew)
    __arm_cp.15_4                            0x0800469c   Number         4  rtx_thread.o(.text.svcRtxThreadNew)
    __arm_cp.15_5                            0x080046a0   Number         4  rtx_thread.o(.text.svcRtxThreadNew)
    uart_transmit_thread                     0x080046a5   Thumb Code    68  lto-llvm-bc9cb4.o(.text.uart_transmit_thread)
    [Anonymous Symbol]                       0x080046a4   Section        0  lto-llvm-bc9cb4.o(.text.uart_transmit_thread)
    __arm_cp.0_0                             0x080046e8   Number         4  lto-llvm-bc9cb4.o(.text.uart_transmit_thread)
    __arm_cp.0_1                             0x080046ec   Number         4  lto-llvm-bc9cb4.o(.text.uart_transmit_thread)
    __arm_cp.0_2                             0x080046f0   Number         4  lto-llvm-bc9cb4.o(.text.uart_transmit_thread)
    __arm_cp.0_3                             0x080046f4   Number         4  lto-llvm-bc9cb4.o(.text.uart_transmit_thread)
    __arm_cp.0_4                             0x080046f8   Number         4  lto-llvm-bc9cb4.o(.text.uart_transmit_thread)
    x$fpl$fmul                               0x080046fc   Section      176  fmul.o(x$fpl$fmul)
    fdiv_tab                                 0x080047ac   Data          64  fdiv.o(.constdata)
    .constdata                               0x080047ac   Section       64  fdiv.o(.constdata)
    x$fpl$usenofp                            0x080047ac   Section        0  usenofp.o(x$fpl$usenofp)
    FlagsAttr_uart_event                     0x080047ec   Data          16  lto-llvm-bc9cb4.o(.rodata)
    [Anonymous Symbol]                       0x080047ec   Section        0  lto-llvm-bc9cb4.o(.rodata)
    ThreadAttr_uart_transmit                 0x080047fc   Data          36  lto-llvm-bc9cb4.o(.rodata)
    ThreadAttr_app_main                      0x08004820   Data          36  lto-llvm-bc9cb4.o(.rodata)
    _DoInit._aInitStr                        0x08004844   Data          17  lto-llvm-bc9cb4.o(.rodata)
    USART_PRESCALER_TAB                      0x08004858   Data          48  lto-llvm-bc9cb4.o(.rodata)
    AHBPrescTable                            0x08004888   Data          64  lto-llvm-bc9cb4.o(.rodata)
    os_idle_thread_attr                      0x080048c8   Data          36  lto-llvm-bc9cb4.o(.rodata)
    os_timer_thread_attr                     0x080048ec   Data          36  lto-llvm-bc9cb4.o(.rodata)
    os_timer_mq_attr                         0x08004910   Data          24  lto-llvm-bc9cb4.o(.rodata)
    __tagsym$$used.4                         0x0800492c   Number         0  lto-llvm-bc9cb4.o(.rodata)
    __tagsym$$used.5                         0x0800499c   Number         0  lto-llvm-bc9cb4.o(.rodata)
    _PrintUnsigned._aV2C                     0x080049d4   Data          16  lto-llvm-bc9cb4.o(.rodata.cst16)
    [Anonymous Symbol]                       0x080049d4   Section        0  lto-llvm-bc9cb4.o(.rodata.cst16)
    APBPrescTable                            0x080049e4   Data          32  lto-llvm-bc9cb4.o(.rodata.cst32)
    [Anonymous Symbol]                       0x080049e4   Section        0  lto-llvm-bc9cb4.o(.rodata.cst32)
    [Anonymous Symbol]                       0x08004a04   Section        0  lto-llvm-bc9cb4.o(.rodata.str1.1)
    [Anonymous Symbol]                       0x08004acc   Section        0  rtx_kernel.o(.rodata.str1.4)
    uart_state                               0x20000000   Data           1  lto-llvm-bc9cb4.o(.data)
    [Anonymous Symbol]                       0x20000000   Section        0  lto-llvm-bc9cb4.o(.data)
    .bss                                     0x200000b0   Section       96  libspace.o(.bss)
    uart_transmit_ID                         0x20000110   Data           4  lto-llvm-bc9cb4.o(.bss)
    [Anonymous Symbol]                       0x20000110   Section        0  lto-llvm-bc9cb4.o(.bss)
    app_main_ID                              0x20000114   Data           4  lto-llvm-bc9cb4.o(.bss)
    uart_rcv_count                           0x20000118   Data           1  lto-llvm-bc9cb4.o(.bss)
    uart_rcv_len                             0x20000119   Data           1  lto-llvm-bc9cb4.o(.bss)
    uart_event_flagID                        0x2000011c   Data           4  lto-llvm-bc9cb4.o(.bss)
    _SEGGER_RTT                              0x20000120   Data         168  lto-llvm-bc9cb4.o(.bss)
    _acUpBuffer                              0x200001c8   Data         512  lto-llvm-bc9cb4.o(.bss)
    _acDownBuffer                            0x200003c8   Data          16  lto-llvm-bc9cb4.o(.bss)
    os_kernel_is_active.os_kernel_active     0x200003d8   Data           1  lto-llvm-bc9cb4.o(.bss)
    PendST                                   0x200003d9   Data           1  os_systick.o(.bss.os)
    [Anonymous Symbol]                       0x200003d9   Section        0  os_systick.o(.bss.os)
    os_isr_queue                             0x200003e0   Data          16  lto-llvm-bc9cb4.o(.bss.os)
    [Anonymous Symbol]                       0x200003e0   Section        0  lto-llvm-bc9cb4.o(.bss.os)
    os_mem                                   0x200003f0   Data        2048  lto-llvm-bc9cb4.o(.bss.os)
    os_timer_mq_cb                           0x20000bf0   Data          52  lto-llvm-bc9cb4.o(.bss.os.msgqueue.cb)
    [Anonymous Symbol]                       0x20000bf0   Section        0  lto-llvm-bc9cb4.o(.bss.os.msgqueue.cb)
    os_timer_mq_data                         0x20000c24   Data          20  lto-llvm-bc9cb4.o(.bss.os.msgqueue.mem)
    [Anonymous Symbol]                       0x20000c24   Section        0  lto-llvm-bc9cb4.o(.bss.os.msgqueue.mem)
    os_idle_thread_cb                        0x20000c38   Data          68  lto-llvm-bc9cb4.o(.bss.os.thread.cb)
    [Anonymous Symbol]                       0x20000c38   Section        0  lto-llvm-bc9cb4.o(.bss.os.thread.cb)
    os_timer_thread_cb                       0x20000c7c   Data          68  lto-llvm-bc9cb4.o(.bss.os.thread.cb)
    os_idle_thread_stack                     0x20000cc0   Data         256  lto-llvm-bc9cb4.o(.bss.os.thread.idle.stack)
    [Anonymous Symbol]                       0x20000cc0   Section        0  lto-llvm-bc9cb4.o(.bss.os.thread.idle.stack)
    os_timer_thread_stack                    0x20000dc0   Data         256  lto-llvm-bc9cb4.o(.bss.os.thread.timer.stack)
    [Anonymous Symbol]                       0x20000dc0   Section        0  lto-llvm-bc9cb4.o(.bss.os.thread.timer.stack)
    Heap_Mem                                 0x20000ec0   Data         512  startup_stm32g030xx.o(HEAP)
    HEAP                                     0x20000ec0   Section      512  startup_stm32g030xx.o(HEAP)
    Stack_Mem                                0x200010c0   Data        1024  startup_stm32g030xx.o(STACK)
    STACK                                    0x200010c0   Section     1024  startup_stm32g030xx.o(STACK)
    __initial_sp                             0x200014c0   Data           0  startup_stm32g030xx.o(STACK)

    Global Symbols

    Symbol Name                              Value     Ov Type        Size  Object(Section)

    BuildAttributes$$THM_ISAv3M$S$PE$A:L22$X:L11$S22$IEEE1$IW$~IW$USESV6$~STKCKD$USESV7$~SHL$OSPACE$ROPI$IEEEF$EBA8$UX$STANDARDLIB$REQ8$PRES8$EABIv2 0x00000000   Number         0  anon$$obj.o ABSOLUTE
    .bss.os.evflags.cb$$Base                  - Undefined Weak Reference
    .bss.os.evflags.cb$$Limit                 - Undefined Weak Reference
    .bss.os.mempool.cb$$Base                  - Undefined Weak Reference
    .bss.os.mempool.cb$$Limit                 - Undefined Weak Reference
    .bss.os.mutex.cb$$Base                    - Undefined Weak Reference
    .bss.os.mutex.cb$$Limit                   - Undefined Weak Reference
    .bss.os.semaphore.cb$$Base                - Undefined Weak Reference
    .bss.os.semaphore.cb$$Limit               - Undefined Weak Reference
    .bss.os.timer.cb$$Base                    - Undefined Weak Reference
    .bss.os.timer.cb$$Limit                   - Undefined Weak Reference
    __ARM_exceptions_init                     - Undefined Weak Reference
    __alloca_initialize                       - Undefined Weak Reference
    __arm_preinit_                            - Undefined Weak Reference
    __arm_relocate_pie_                       - Undefined Weak Reference
    __cpp_initialize__aeabi_                  - Undefined Weak Reference
    __cxa_finalize                            - Undefined Weak Reference
    __rt_locale                               - Undefined Weak Reference
    __sigvec_lookup                           - Undefined Weak Reference
    _atexit_init                              - Undefined Weak Reference
    _call_atexit_fns                          - Undefined Weak Reference
    _clock_init                               - Undefined Weak Reference
    _fp_trap_init                             - Undefined Weak Reference
    _fp_trap_shutdown                         - Undefined Weak Reference
    _get_lc_collate                           - Undefined Weak Reference
    _get_lc_ctype                             - Undefined Weak Reference
    _get_lc_monetary                          - Undefined Weak Reference
    _get_lc_numeric                           - Undefined Weak Reference
    _get_lc_time                              - Undefined Weak Reference
    _getenv_init                              - Undefined Weak Reference
    _handle_redirection                       - Undefined Weak Reference
    _init_alloc                               - Undefined Weak Reference
    _init_user_alloc                          - Undefined Weak Reference
    _initio                                   - Undefined Weak Reference
    _rand_init                                - Undefined Weak Reference
    _signal_finish                            - Undefined Weak Reference
    _signal_init                              - Undefined Weak Reference
    _terminate_alloc                          - Undefined Weak Reference
    _terminate_user_alloc                     - Undefined Weak Reference
    _terminateio                              - Undefined Weak Reference
    __Vectors_Size                           0x000000c0   Number         0  startup_stm32g030xx.o ABSOLUTE
    __Vectors                                0x08000000   Data           4  startup_stm32g030xx.o(RESET)
    __Vectors_End                            0x080000c0   Data           0  startup_stm32g030xx.o(RESET)
    __main                                   0x080000c1   Thumb Code     8  __main.o(!!!main)
    __scatterload                            0x080000c9   Thumb Code     0  __scatter.o(!!!scatter)
    __scatterload_rt2                        0x080000c9   Thumb Code    52  __scatter.o(!!!scatter)
    __scatterload_rt2_thumb_only             0x080000c9   Thumb Code     0  __scatter.o(!!!scatter)
    __scatterload_null                       0x080000d9   Thumb Code     0  __scatter.o(!!!scatter)
    __scatterload_copy                       0x08000105   Thumb Code    26  __scatter_copy.o(!!handler_copy)
    __scatterload_zeroinit                   0x08000121   Thumb Code    28  __scatter_zi.o(!!handler_zi)
    __rt_lib_init                            0x0800013d   Thumb Code     0  libinit.o(.ARM.Collect$$libinit$$00000000)
    __rt_lib_init_alloca_1                   0x0800013f   Thumb Code     0  libinit2.o(.ARM.Collect$$libinit$$00000030)
    __rt_lib_init_argv_1                     0x0800013f   Thumb Code     0  libinit2.o(.ARM.Collect$$libinit$$0000002E)
    __rt_lib_init_atexit_1                   0x0800013f   Thumb Code     0  libinit2.o(.ARM.Collect$$libinit$$0000001D)
    __rt_lib_init_clock_1                    0x0800013f   Thumb Code     0  libinit2.o(.ARM.Collect$$libinit$$00000023)
    __rt_lib_init_cpp_1                      0x0800013f   Thumb Code     0  libinit2.o(.ARM.Collect$$libinit$$00000034)
    __rt_lib_init_exceptions_1               0x0800013f   Thumb Code     0  libinit2.o(.ARM.Collect$$libinit$$00000032)
    __rt_lib_init_fp_1                       0x0800013f   Thumb Code     0  libinit2.o(.ARM.Collect$$libinit$$00000002)
    __rt_lib_init_fp_trap_1                  0x0800013f   Thumb Code     0  libinit2.o(.ARM.Collect$$libinit$$00000021)
    __rt_lib_init_getenv_1                   0x0800013f   Thumb Code     0  libinit2.o(.ARM.Collect$$libinit$$00000025)
    __rt_lib_init_heap_1                     0x0800013f   Thumb Code     0  libinit2.o(.ARM.Collect$$libinit$$0000000C)
    __rt_lib_init_lc_collate_1               0x0800013f   Thumb Code     0  libinit2.o(.ARM.Collect$$libinit$$00000013)
    __rt_lib_init_lc_ctype_1                 0x0800013f   Thumb Code     0  libinit2.o(.ARM.Collect$$libinit$$00000015)
    __rt_lib_init_lc_monetary_1              0x0800013f   Thumb Code     0  libinit2.o(.ARM.Collect$$libinit$$00000017)
    __rt_lib_init_lc_numeric_1               0x0800013f   Thumb Code     0  libinit2.o(.ARM.Collect$$libinit$$00000019)
    __rt_lib_init_lc_time_1                  0x0800013f   Thumb Code     0  libinit2.o(.ARM.Collect$$libinit$$0000001B)
    __rt_lib_init_preinit_1                  0x0800013f   Thumb Code     0  libinit2.o(.ARM.Collect$$libinit$$00000006)
    __rt_lib_init_rand_1                     0x0800013f   Thumb Code     0  libinit2.o(.ARM.Collect$$libinit$$00000010)
    __rt_lib_init_relocate_pie_1             0x0800013f   Thumb Code     0  libinit2.o(.ARM.Collect$$libinit$$00000004)
    __rt_lib_init_return                     0x0800013f   Thumb Code     0  libinit2.o(.ARM.Collect$$libinit$$00000035)
    __rt_lib_init_signal_1                   0x0800013f   Thumb Code     0  libinit2.o(.ARM.Collect$$libinit$$0000001F)
    __rt_lib_init_stdio_1                    0x0800013f   Thumb Code     0  libinit2.o(.ARM.Collect$$libinit$$00000027)
    __rt_lib_init_user_alloc_1               0x0800013f   Thumb Code     0  libinit2.o(.ARM.Collect$$libinit$$0000000E)
    __rt_lib_shutdown                        0x08000141   Thumb Code     0  libshutdown.o(.ARM.Collect$$libshutdown$$00000000)
    __rt_lib_shutdown_cpp_1                  0x08000143   Thumb Code     0  libshutdown2.o(.ARM.Collect$$libshutdown$$00000002)
    __rt_lib_shutdown_fp_trap_1              0x08000143   Thumb Code     0  libshutdown2.o(.ARM.Collect$$libshutdown$$00000007)
    __rt_lib_shutdown_heap_1                 0x08000143   Thumb Code     0  libshutdown2.o(.ARM.Collect$$libshutdown$$0000000F)
    __rt_lib_shutdown_return                 0x08000143   Thumb Code     0  libshutdown2.o(.ARM.Collect$$libshutdown$$00000010)
    __rt_lib_shutdown_signal_1               0x08000143   Thumb Code     0  libshutdown2.o(.ARM.Collect$$libshutdown$$0000000A)
    __rt_lib_shutdown_stdio_1                0x08000143   Thumb Code     0  libshutdown2.o(.ARM.Collect$$libshutdown$$00000004)
    __rt_lib_shutdown_user_alloc_1           0x08000143   Thumb Code     0  libshutdown2.o(.ARM.Collect$$libshutdown$$0000000C)
    __rt_entry                               0x08000145   Thumb Code     0  __rtentry.o(.ARM.Collect$$rtentry$$00000000)
    __rt_entry_presh_1                       0x08000145   Thumb Code     0  __rtentry2.o(.ARM.Collect$$rtentry$$00000002)
    __rt_entry_sh                            0x08000145   Thumb Code     0  __rtentry4.o(.ARM.Collect$$rtentry$$00000004)
    __rt_entry_postsh_1                      0x0800014b   Thumb Code     0  __rtentry2.o(.ARM.Collect$$rtentry$$00000008)
    __rt_entry_li                            0x08000153   Thumb Code     0  __rtentry2.o(.ARM.Collect$$rtentry$$0000000A)
    __rt_entry_main                          0x08000157   Thumb Code     0  __rtentry2.o(.ARM.Collect$$rtentry$$0000000D)
    __rt_entry_postli_1                      0x08000157   Thumb Code     0  __rtentry2.o(.ARM.Collect$$rtentry$$0000000C)
    __rt_exit                                0x0800015f   Thumb Code     0  rtexit.o(.ARM.Collect$$rtexit$$00000000)
    __rt_exit_ls                             0x08000161   Thumb Code     0  rtexit2.o(.ARM.Collect$$rtexit$$00000003)
    __rt_exit_prels_1                        0x08000161   Thumb Code     0  rtexit2.o(.ARM.Collect$$rtexit$$00000002)
    __rt_exit_exit                           0x08000165   Thumb Code     0  rtexit2.o(.ARM.Collect$$rtexit$$00000004)
    __aeabi_memcpy4                          0x0800016d   Thumb Code    56  rt_memcpy.o(.emb_text)
    __aeabi_memcpy8                          0x0800016d   Thumb Code     0  rt_memcpy.o(.emb_text)
    Reset_Handler                            0x080001a5   Thumb Code     8  startup_stm32g030xx.o(.text)
    ADC1_IRQHandler                          0x080001b7   Thumb Code     0  startup_stm32g030xx.o(.text)
    DMA1_Ch4_5_DMAMUX1_OVR_IRQHandler        0x080001b7   Thumb Code     0  startup_stm32g030xx.o(.text)
    DMA1_Channel1_IRQHandler                 0x080001b7   Thumb Code     0  startup_stm32g030xx.o(.text)
    DMA1_Channel2_3_IRQHandler               0x080001b7   Thumb Code     0  startup_stm32g030xx.o(.text)
    EXTI0_1_IRQHandler                       0x080001b7   Thumb Code     0  startup_stm32g030xx.o(.text)
    EXTI2_3_IRQHandler                       0x080001b7   Thumb Code     0  startup_stm32g030xx.o(.text)
    EXTI4_15_IRQHandler                      0x080001b7   Thumb Code     0  startup_stm32g030xx.o(.text)
    FLASH_IRQHandler                         0x080001b7   Thumb Code     0  startup_stm32g030xx.o(.text)
    I2C1_IRQHandler                          0x080001b7   Thumb Code     0  startup_stm32g030xx.o(.text)
    I2C2_IRQHandler                          0x080001b7   Thumb Code     0  startup_stm32g030xx.o(.text)
    RCC_IRQHandler                           0x080001b7   Thumb Code     0  startup_stm32g030xx.o(.text)
    RTC_TAMP_IRQHandler                      0x080001b7   Thumb Code     0  startup_stm32g030xx.o(.text)
    SPI1_IRQHandler                          0x080001b7   Thumb Code     0  startup_stm32g030xx.o(.text)
    SPI2_IRQHandler                          0x080001b7   Thumb Code     0  startup_stm32g030xx.o(.text)
    TIM14_IRQHandler                         0x080001b7   Thumb Code     0  startup_stm32g030xx.o(.text)
    TIM16_IRQHandler                         0x080001b7   Thumb Code     0  startup_stm32g030xx.o(.text)
    TIM17_IRQHandler                         0x080001b7   Thumb Code     0  startup_stm32g030xx.o(.text)
    TIM1_BRK_UP_TRG_COM_IRQHandler           0x080001b7   Thumb Code     0  startup_stm32g030xx.o(.text)
    TIM1_CC_IRQHandler                       0x080001b7   Thumb Code     0  startup_stm32g030xx.o(.text)
    TIM3_IRQHandler                          0x080001b7   Thumb Code     0  startup_stm32g030xx.o(.text)
    USART1_IRQHandler                        0x080001b7   Thumb Code     0  startup_stm32g030xx.o(.text)
    WWDG_IRQHandler                          0x080001b7   Thumb Code     0  startup_stm32g030xx.o(.text)
    __user_initial_stackheap                 0x080001b9   Thumb Code     0  startup_stm32g030xx.o(.text)
    SVC_Handler                              0x080001dd   Thumb Code   132  irq_armv6m.o(.text)
    PendSV_Handler                           0x08000261   Thumb Code    12  irq_armv6m.o(.text)
    SysTick_Handler                          0x0800026d   Thumb Code    12  irq_armv6m.o(.text)
    abs                                      0x08000281   Thumb Code     8  abs.o(.text)
    __aeabi_memcpy                           0x08000289   Thumb Code   130  rt_memcpy.o(.text)
    __rt_memcpy                              0x08000289   Thumb Code     0  rt_memcpy.o(.text)
    _memset_w                                0x0800030b   Thumb Code    26  rt_memclr.o(.text)
    _memset                                  0x08000325   Thumb Code    30  rt_memclr.o(.text)
    __aeabi_memclr                           0x08000343   Thumb Code     4  rt_memclr.o(.text)
    __rt_memclr                              0x08000343   Thumb Code     0  rt_memclr.o(.text)
    __aeabi_memclr4                          0x08000347   Thumb Code     0  rt_memclr.o(.text)
    __aeabi_memclr8                          0x08000347   Thumb Code     0  rt_memclr.o(.text)
    __rt_memclr_w                            0x08000347   Thumb Code     4  rt_memclr.o(.text)
    __aeabi_uidiv                            0x0800034d   Thumb Code     0  aeabi_sdiv.o(.text)
    __aeabi_uidivmod                         0x0800034d   Thumb Code    20  aeabi_sdiv.o(.text)
    __aeabi_idiv                             0x08000361   Thumb Code     0  aeabi_sdiv.o(.text)
    __aeabi_idivmod                          0x08000361   Thumb Code   338  aeabi_sdiv.o(.text)
    __use_two_region_memory                  0x080004b9   Thumb Code     2  heapauxi.o(.text)
    __rt_heap_escrow$2region                 0x080004bb   Thumb Code     2  heapauxi.o(.text)
    __rt_heap_expand$2region                 0x080004bd   Thumb Code     2  heapauxi.o(.text)
    __user_setup_stackheap                   0x080004bf   Thumb Code    62  sys_stackheap_outer.o(.text)
    exit                                     0x080004fd   Thumb Code    16  exit.o(.text)
    __user_libspace                          0x0800050d   Thumb Code     8  libspace.o(.text)
    __user_perproc_libspace                  0x0800050d   Thumb Code     0  libspace.o(.text)
    _sys_exit                                0x08000515   Thumb Code     8  sys_exit.o(.text)
    __I$use$semihosting                      0x08000521   Thumb Code     0  use_no_semi.o(.text)
    __use_no_semihosting_swi                 0x08000521   Thumb Code     2  use_no_semi.o(.text)
    __semihosting_library_function           0x08000523   Thumb Code     0  indicate_semi.o(.text)
    __aeabi_d2f                              0x08000525   Thumb Code     0  d2f.o(.text)
    _d2f                                     0x08000525   Thumb Code   120  d2f.o(.text)
    __aeabi_f2d                              0x080005a1   Thumb Code     0  f2d.o(.text)
    _f2d                                     0x080005a1   Thumb Code    80  f2d.o(.text)
    __aeabi_fdiv                             0x080005f5   Thumb Code     0  fdiv.o(.text)
    _fdiv                                    0x080005f5   Thumb Code   334  fdiv.o(.text)
    _frdiv                                   0x08000743   Thumb Code     8  fdiv.o(.text)
    __aeabi_f2iz                             0x08000755   Thumb Code     0  ffixi.o(.text)
    _ffix                                    0x08000755   Thumb Code    76  ffixi.o(.text)
    __aeabi_i2f_normalise                    0x080007a1   Thumb Code    72  fflti.o(.text)
    __aeabi_i2f                              0x080007e9   Thumb Code    16  fflti.o(.text)
    _fflt                                    0x080007e9   Thumb Code     0  fflti.o(.text)
    __aeabi_ui2f                             0x080007f9   Thumb Code     6  fflti.o(.text)
    _ffltu                                   0x080007f9   Thumb Code     0  fflti.o(.text)
    HardFault_Handler                        0x08000849   Thumb Code     4  lto-llvm-bc9cb4.o(.text.HardFault_Handler)
    NMI_Handler                              0x08001b57   Thumb Code     4  lto-llvm-bc9cb4.o(.text.NMI_Handler)
    OS_Tick_AcknowledgeIRQ                   0x08001b5d   Thumb Code     8  os_systick.o(.text.OS_Tick_AcknowledgeIRQ)
    OS_Tick_Enable                           0x08001b65   Thumb Code    32  os_systick.o(.text.OS_Tick_Enable)
    OS_Tick_GetIRQn                          0x08001b89   Thumb Code     6  os_systick.o(.text.OS_Tick_GetIRQn)
    OS_Tick_Setup                            0x08001b91   Thumb Code    60  os_systick.o(.text.OS_Tick_Setup)
    SystemInit                               0x080022d7   Thumb Code     2  lto-llvm-bc9cb4.o(.text.SystemInit)
    USART2_IRQHandler                        0x080024b5   Thumb Code   324  lto-llvm-bc9cb4.o(.text.USART2_IRQHandler)
    _mutex_acquire                           0x08002cd1   Thumb Code    34  lto-llvm-bc9cb4.o(.text._mutex_acquire)
    _mutex_free                              0x08002cf3   Thumb Code    18  lto-llvm-bc9cb4.o(.text._mutex_free)
    _mutex_initialize                        0x08002d05   Thumb Code    52  lto-llvm-bc9cb4.o(.text._mutex_initialize)
    _mutex_release                           0x08002d39   Thumb Code    30  lto-llvm-bc9cb4.o(.text._mutex_release)
    _platform_post_stackheap_init            0x08002d57   Thumb Code     8  lto-llvm-bc9cb4.o(.text._platform_post_stackheap_init)
    main                                     0x08002dc1   Thumb Code    84  lto-llvm-bc9cb4.o(.text.main)
    osDelay                                  0x08002e21   Thumb Code    36  rtx_delay.o(.text.osDelay)
    osEventFlagsClear                        0x08002e49   Thumb Code    32  rtx_evflags.o(.text.osEventFlagsClear)
    osEventFlagsNew                          0x08002e6d   Thumb Code    32  rtx_evflags.o(.text.osEventFlagsNew)
    osEventFlagsSet                          0x08002e91   Thumb Code    72  rtx_evflags.o(.text.osEventFlagsSet)
    osEventFlagsWait                         0x08002edd   Thumb Code    64  rtx_evflags.o(.text.osEventFlagsWait)
    osKernelGetState                         0x08002f21   Thumb Code    40  rtx_kernel.o(.text.osKernelGetState)
    osKernelInitialize                       0x08002f51   Thumb Code    36  rtx_kernel.o(.text.osKernelInitialize)
    osKernelLock                             0x08002f79   Thumb Code    32  rtx_kernel.o(.text.osKernelLock)
    osKernelStart                            0x08002f9d   Thumb Code    32  rtx_kernel.o(.text.osKernelStart)
    osKernelUnlock                           0x08002fc1   Thumb Code    32  rtx_kernel.o(.text.osKernelUnlock)
    osMessageQueueGet                        0x08002fe5   Thumb Code   112  rtx_msgqueue.o(.text.osMessageQueueGet)
    osMessageQueuePut                        0x08003059   Thumb Code   112  rtx_msgqueue.o(.text.osMessageQueuePut)
    osMutexAcquire                           0x080030cd   Thumb Code    36  rtx_mutex.o(.text.osMutexAcquire)
    osMutexDelete                            0x080030f5   Thumb Code    36  rtx_mutex.o(.text.osMutexDelete)
    osMutexNew                               0x0800311d   Thumb Code    32  rtx_mutex.o(.text.osMutexNew)
    osMutexRelease                           0x08003141   Thumb Code    36  rtx_mutex.o(.text.osMutexRelease)
    osRtxErrorNotify                         0x08003169   Thumb Code    46  lto-llvm-bc9cb4.o(.text.osRtxErrorNotify)
    osRtxIdleThread                          0x080031cb   Thumb Code     8  lto-llvm-bc9cb4.o(.text.osRtxIdleThread)
    osRtxKernelErrorNotify                   0x080031d3   Thumb Code     8  rtx_kernel.o(.text.osRtxKernelErrorNotify)
    osRtxKernelPreInit                       0x080031db   Thumb Code     2  rtx_kernel.o(.text.osRtxKernelPreInit)
    osRtxMemoryAlloc                         0x080031dd   Thumb Code   120  rtx_memory.o(.text.osRtxMemoryAlloc)
    osRtxMemoryFree                          0x08003255   Thumb Code    78  rtx_memory.o(.text.osRtxMemoryFree)
    osRtxMemoryInit                          0x080032a3   Thumb Code    46  rtx_memory.o(.text.osRtxMemoryInit)
    osRtxMemoryPoolAlloc                     0x080032d1   Thumb Code    42  rtx_mempool.o(.text.osRtxMemoryPoolAlloc)
    osRtxMemoryPoolFree                      0x080032fb   Thumb Code    54  rtx_mempool.o(.text.osRtxMemoryPoolFree)
    osRtxMemoryPoolInit                      0x08003331   Thumb Code    60  rtx_mempool.o(.text.osRtxMemoryPoolInit)
    osRtxMessageQueueTimerSetup              0x08003429   Thumb Code    32  rtx_msgqueue.o(.text.osRtxMessageQueueTimerSetup)
    osRtxMutexOwnerRelease                   0x0800344d   Thumb Code    68  rtx_mutex.o(.text.osRtxMutexOwnerRelease)
    osRtxMutexOwnerRestore                   0x08003491   Thumb Code    70  rtx_mutex.o(.text.osRtxMutexOwnerRestore)
    osRtxPendSV_Handler                      0x080034d9   Thumb Code   128  rtx_system.o(.text.osRtxPendSV_Handler)
    osRtxPostProcess                         0x08003559   Thumb Code   104  rtx_system.o(.text.osRtxPostProcess)
    osRtxThreadDelayTick                     0x080036c9   Thumb Code    84  rtx_thread.o(.text.osRtxThreadDelayTick)
    osRtxThreadDispatch                      0x08003745   Thumb Code    76  rtx_thread.o(.text.osRtxThreadDispatch)
    osRtxThreadListGet                       0x08003805   Thumb Code    20  rtx_thread.o(.text.osRtxThreadListGet)
    osRtxThreadListPut                       0x08003819   Thumb Code    44  rtx_thread.o(.text.osRtxThreadListPut)
    osRtxThreadListRemove                    0x08003845   Thumb Code    24  rtx_thread.o(.text.osRtxThreadListRemove)
    osRtxThreadListSort                      0x0800385d   Thumb Code    36  rtx_thread.o(.text.osRtxThreadListSort)
    osRtxThreadReadyPut                      0x080038a9   Thumb Code    20  rtx_thread.o(.text.osRtxThreadReadyPut)
    osRtxThreadRegPtr                        0x080038bd   Thumb Code     6  rtx_thread.o(.text.osRtxThreadRegPtr)
    osRtxThreadStartup                       0x080038c5   Thumb Code    56  rtx_thread.o(.text.osRtxThreadStartup)
    osRtxThreadSwitch                        0x08003905   Thumb Code    12  rtx_thread.o(.text.osRtxThreadSwitch)
    osRtxThreadWaitEnter                     0x08003915   Thumb Code    60  rtx_thread.o(.text.osRtxThreadWaitEnter)
    osRtxThreadWaitExit                      0x08003955   Thumb Code    34  rtx_thread.o(.text.osRtxThreadWaitExit)
    osRtxTick_Handler                        0x08003979   Thumb Code   124  rtx_system.o(.text.osRtxTick_Handler)
    osRtxTimerSetup                          0x080039f9   Thumb Code    28  rtx_timer.o(.text.osRtxTimerSetup)
    osRtxTimerThread                         0x08003a1d   Thumb Code    28  rtx_timer.o(.text.osRtxTimerThread)
    osThreadExit                             0x08003aad   Thumb Code     8  rtx_thread.o(.text.osThreadExit)
    osThreadNew                              0x08003ab9   Thumb Code    32  rtx_thread.o(.text.osThreadNew)
    __aeabi_fmul                             0x080046fd   Thumb Code     0  fmul.o(x$fpl$fmul)
    _fmul                                    0x080046fd   Thumb Code   172  fmul.o(x$fpl$fmul)
    __I$use$fp                               0x080047ac   Number         0  usenofp.o(x$fpl$usenofp)
    osRtxUserSVC                             0x08004928   Data           4  lto-llvm-bc9cb4.o(.rodata)
    osRtxConfig                              0x0800492c   Data         112  lto-llvm-bc9cb4.o(.rodata)
    os_cb_sections                           0x0800499c   Data          56  lto-llvm-bc9cb4.o(.rodata)
    Region$$Table$$Base                      0x08004ad8   Number         0  anon$$obj.o(Region$$Table)
    Region$$Table$$Limit                     0x08004af8   Number         0  anon$$obj.o(Region$$Table)
    SystemCoreClock                          0x20000004   Data           4  lto-llvm-bc9cb4.o(.data)
    osRtxInfo                                0x20000008   Data         164  rtx_kernel.o(.data.os)
    __libspace_start                         0x200000b0   Data          96  libspace.o(.bss)
    __temporary_stack_top$libspace           0x20000110   Data           0  libspace.o(.bss)
    .bss.os.msgqueue.cb$$Base                0x20000bf0   Number         0  lto-llvm-bc9cb4.o(.bss.os.msgqueue.cb)
    .bss.os.msgqueue.cb$$Limit               0x20000c24   Number         0  lto-llvm-bc9cb4.o(.bss.os.msgqueue.cb)
    .bss.os.thread.cb$$Base                  0x20000c38   Number         0  lto-llvm-bc9cb4.o(.bss.os.thread.cb)
    .bss.os.thread.cb$$Limit                 0x20000cc0   Number         0  lto-llvm-bc9cb4.o(.bss.os.thread.cb)



==============================================================================

Memory Map of the image

  Image Entry point : 0x080000c1

  Load Region LR_IROM1 (Base: 0x08000000, Size: 0x00004ba8, Max: 0x00008000, ABSOLUTE)

    Execution Region ER_IROM1 (Exec base: 0x08000000, Load base: 0x08000000, Size: 0x00004af8, Max: 0x00008000, ABSOLUTE)

    Exec Addr    Load Addr    Size         Type   Attr      Idx    E Section Name        Object

    0x08000000   0x08000000   0x000000c0   Data   RO            3    RESET               startup_stm32g030xx.o
    0x080000c0   0x080000c0   0x00000008   Code   RO          554  * !!!main             c_p.l(__main.o)
    0x080000c8   0x080000c8   0x0000003c   Code   RO         1058    !!!scatter          c_p.l(__scatter.o)
    0x08000104   0x08000104   0x0000001a   Code   RO         1060    !!handler_copy      c_p.l(__scatter_copy.o)
    0x0800011e   0x0800011e   0x00000002   PAD
    0x08000120   0x08000120   0x0000001c   Code   RO         1062    !!handler_zi        c_p.l(__scatter_zi.o)
    0x0800013c   0x0800013c   0x00000002   Code   RO          590    .ARM.Collect$$libinit$$00000000  c_p.l(libinit.o)
    0x0800013e   0x0800013e   0x00000000   Code   RO          604    .ARM.Collect$$libinit$$00000002  c_p.l(libinit2.o)
    0x0800013e   0x0800013e   0x00000000   Code   RO          606    .ARM.Collect$$libinit$$00000004  c_p.l(libinit2.o)
    0x0800013e   0x0800013e   0x00000000   Code   RO          608    .ARM.Collect$$libinit$$00000006  c_p.l(libinit2.o)
    0x0800013e   0x0800013e   0x00000000   Code   RO          611    .ARM.Collect$$libinit$$0000000C  c_p.l(libinit2.o)
    0x0800013e   0x0800013e   0x00000000   Code   RO          613    .ARM.Collect$$libinit$$0000000E  c_p.l(libinit2.o)
    0x0800013e   0x0800013e   0x00000000   Code   RO          615    .ARM.Collect$$libinit$$00000010  c_p.l(libinit2.o)
    0x0800013e   0x0800013e   0x00000000   Code   RO          618    .ARM.Collect$$libinit$$00000013  c_p.l(libinit2.o)
    0x0800013e   0x0800013e   0x00000000   Code   RO          620    .ARM.Collect$$libinit$$00000015  c_p.l(libinit2.o)
    0x0800013e   0x0800013e   0x00000000   Code   RO          622    .ARM.Collect$$libinit$$00000017  c_p.l(libinit2.o)
    0x0800013e   0x0800013e   0x00000000   Code   RO          624    .ARM.Collect$$libinit$$00000019  c_p.l(libinit2.o)
    0x0800013e   0x0800013e   0x00000000   Code   RO          626    .ARM.Collect$$libinit$$0000001B  c_p.l(libinit2.o)
    0x0800013e   0x0800013e   0x00000000   Code   RO          628    .ARM.Collect$$libinit$$0000001D  c_p.l(libinit2.o)
    0x0800013e   0x0800013e   0x00000000   Code   RO          630    .ARM.Collect$$libinit$$0000001F  c_p.l(libinit2.o)
    0x0800013e   0x0800013e   0x00000000   Code   RO          632    .ARM.Collect$$libinit$$00000021  c_p.l(libinit2.o)
    0x0800013e   0x0800013e   0x00000000   Code   RO          634    .ARM.Collect$$libinit$$00000023  c_p.l(libinit2.o)
    0x0800013e   0x0800013e   0x00000000   Code   RO          636    .ARM.Collect$$libinit$$00000025  c_p.l(libinit2.o)
    0x0800013e   0x0800013e   0x00000000   Code   RO          638    .ARM.Collect$$libinit$$00000027  c_p.l(libinit2.o)
    0x0800013e   0x0800013e   0x00000000   Code   RO          642    .ARM.Collect$$libinit$$0000002E  c_p.l(libinit2.o)
    0x0800013e   0x0800013e   0x00000000   Code   RO          644    .ARM.Collect$$libinit$$00000030  c_p.l(libinit2.o)
    0x0800013e   0x0800013e   0x00000000   Code   RO          646    .ARM.Collect$$libinit$$00000032  c_p.l(libinit2.o)
    0x0800013e   0x0800013e   0x00000000   Code   RO          648    .ARM.Collect$$libinit$$00000034  c_p.l(libinit2.o)
    0x0800013e   0x0800013e   0x00000002   Code   RO          649    .ARM.Collect$$libinit$$00000035  c_p.l(libinit2.o)
    0x08000140   0x08000140   0x00000002   Code   RO          684    .ARM.Collect$$libshutdown$$00000000  c_p.l(libshutdown.o)
    0x08000142   0x08000142   0x00000000   Code   RO          712    .ARM.Collect$$libshutdown$$00000002  c_p.l(libshutdown2.o)
    0x08000142   0x08000142   0x00000000   Code   RO          714    .ARM.Collect$$libshutdown$$00000004  c_p.l(libshutdown2.o)
    0x08000142   0x08000142   0x00000000   Code   RO          717    .ARM.Collect$$libshutdown$$00000007  c_p.l(libshutdown2.o)
    0x08000142   0x08000142   0x00000000   Code   RO          720    .ARM.Collect$$libshutdown$$0000000A  c_p.l(libshutdown2.o)
    0x08000142   0x08000142   0x00000000   Code   RO          722    .ARM.Collect$$libshutdown$$0000000C  c_p.l(libshutdown2.o)
    0x08000142   0x08000142   0x00000000   Code   RO          725    .ARM.Collect$$libshutdown$$0000000F  c_p.l(libshutdown2.o)
    0x08000142   0x08000142   0x00000002   Code   RO          726    .ARM.Collect$$libshutdown$$00000010  c_p.l(libshutdown2.o)
    0x08000144   0x08000144   0x00000000   Code   RO          556    .ARM.Collect$$rtentry$$00000000  c_p.l(__rtentry.o)
    0x08000144   0x08000144   0x00000000   Code   RO          562    .ARM.Collect$$rtentry$$00000002  c_p.l(__rtentry2.o)
    0x08000144   0x08000144   0x00000006   Code   RO          574    .ARM.Collect$$rtentry$$00000004  c_p.l(__rtentry4.o)
    0x0800014a   0x0800014a   0x00000008   Code   RO          563    .ARM.Collect$$rtentry$$00000008  c_p.l(__rtentry2.o)
    0x08000152   0x08000152   0x00000004   Code   RO          565    .ARM.Collect$$rtentry$$0000000A  c_p.l(__rtentry2.o)
    0x08000156   0x08000156   0x00000000   Code   RO          567    .ARM.Collect$$rtentry$$0000000C  c_p.l(__rtentry2.o)
    0x08000156   0x08000156   0x00000008   Code   RO          568    .ARM.Collect$$rtentry$$0000000D  c_p.l(__rtentry2.o)
    0x0800015e   0x0800015e   0x00000002   Code   RO          595    .ARM.Collect$$rtexit$$00000000  c_p.l(rtexit.o)
    0x08000160   0x08000160   0x00000000   Code   RO          655    .ARM.Collect$$rtexit$$00000002  c_p.l(rtexit2.o)
    0x08000160   0x08000160   0x00000004   Code   RO          656    .ARM.Collect$$rtexit$$00000003  c_p.l(rtexit2.o)
    0x08000164   0x08000164   0x00000006   Code   RO          657    .ARM.Collect$$rtexit$$00000004  c_p.l(rtexit2.o)
    0x0800016a   0x0800016a   0x00000002   PAD
    0x0800016c   0x0800016c   0x00000038   Code   RO          542    .emb_text           c_p.l(rt_memcpy.o)
    0x080001a4   0x080001a4   0x00000038   Code   RO            4    .text               startup_stm32g030xx.o
    0x080001dc   0x080001dc   0x000000a4   Code   RO          364    .text               RTX_CM0.lib(irq_armv6m.o)
    0x08000280   0x08000280   0x00000008   Code   RO          538    .text               c_p.l(abs.o)
    0x08000288   0x08000288   0x00000082   Code   RO          543    .text               c_p.l(rt_memcpy.o)
    0x0800030a   0x0800030a   0x00000040   Code   RO          546    .text               c_p.l(rt_memclr.o)
    0x0800034a   0x0800034a   0x00000002   PAD
    0x0800034c   0x0800034c   0x0000016c   Code   RO          548    .text               c_p.l(aeabi_sdiv.o)
    0x080004b8   0x080004b8   0x00000006   Code   RO          552    .text               c_p.l(heapauxi.o)
    0x080004be   0x080004be   0x0000003e   Code   RO          578    .text               c_p.l(sys_stackheap_outer.o)
    0x080004fc   0x080004fc   0x00000010   Code   RO          581    .text               c_p.l(exit.o)
    0x0800050c   0x0800050c   0x00000008   Code   RO          591    .text               c_p.l(libspace.o)
    0x08000514   0x08000514   0x0000000c   Code   RO          650    .text               c_p.l(sys_exit.o)
    0x08000520   0x08000520   0x00000002   Code   RO          673    .text               c_p.l(use_no_semi.o)
    0x08000522   0x08000522   0x00000000   Code   RO          675    .text               c_p.l(indicate_semi.o)
    0x08000522   0x08000522   0x00000002   PAD
    0x08000524   0x08000524   0x0000007c   Code   RO         1042    .text               fz_ps.l(d2f.o)
    0x080005a0   0x080005a0   0x00000054   Code   RO         1044    .text               fz_ps.l(f2d.o)
    0x080005f4   0x080005f4   0x00000160   Code   RO         1046    .text               fz_ps.l(fdiv.o)
    0x08000754   0x08000754   0x0000004c   Code   RO         1049    .text               fz_ps.l(ffixi.o)
    0x080007a0   0x080007a0   0x0000005e   Code   RO         1051    .text               fz_ps.l(fflti.o)
    0x080007fe   0x080007fe   0x0000004a   Code   RO          311    .text.EventFlagsCheck  RTX_CM0.lib(rtx_evflags.o)
    0x08000848   0x08000848   0x00000004   Code   RO          822    .text.HardFault_Handler  lto-llvm-bc9cb4.o
    0x0800084c   0x0800084c   0x00000024   Code   RO          832    .text.I2C_Delay     lto-llvm-bc9cb4.o
    0x08000870   0x08000870   0x0000002c   Code   RO          842    .text.I2C_RecvACK   lto-llvm-bc9cb4.o
    0x0800089c   0x0800089c   0x00000060   Code   RO          844    .text.I2C_RecvData  lto-llvm-bc9cb4.o
    0x080008fc   0x080008fc   0x00000034   Code   RO          846    .text.I2C_SendACK   lto-llvm-bc9cb4.o
    0x08000930   0x08000930   0x00000072   Code   RO          840    .text.I2C_SendData  lto-llvm-bc9cb4.o
    0x080009a2   0x080009a2   0x0000002c   Code   RO          848    .text.I2C_SendNAK   lto-llvm-bc9cb4.o
    0x080009ce   0x080009ce   0x0000002a   Code   RO          838    .text.I2C_Start     lto-llvm-bc9cb4.o
    0x080009f8   0x080009f8   0x00000022   Code   RO          850    .text.I2C_Stop      lto-llvm-bc9cb4.o
    0x08000a1a   0x08000a1a   0x00000002   PAD
    0x08000a1c   0x08000a1c   0x0000006c   Code   RO          860    .text.INA226_Init   lto-llvm-bc9cb4.o
    0x08000a88   0x08000a88   0x0000005c   Code   RO          862    .text.INA226_Read_2Byte  lto-llvm-bc9cb4.o
    0x08000ae4   0x08000ae4   0x00000048   Code   RO          870    .text.INA226_Read_Current  lto-llvm-bc9cb4.o
    0x08000b2c   0x08000b2c   0x00000038   Code   RO          868    .text.INA226_Read_Voltage  lto-llvm-bc9cb4.o
    0x08000b64   0x08000b64   0x0000001a   Code   RO          866    .text.INA226_Update  lto-llvm-bc9cb4.o
    0x08000b7e   0x08000b7e   0x00000040   Code   RO          864    .text.INA226_Write_2Byte  lto-llvm-bc9cb4.o
    0x08000bbe   0x08000bbe   0x00000002   PAD
    0x08000bc0   0x08000bc0   0x00000014   Code   RO          780    .text.LL_ADC_ClearFlag_CCRDY  lto-llvm-bc9cb4.o
    0x08000bd4   0x08000bd4   0x00000014   Code   RO          790    .text.LL_ADC_DisableIT_EOC  lto-llvm-bc9cb4.o
    0x08000be8   0x08000be8   0x00000014   Code   RO          792    .text.LL_ADC_DisableIT_EOS  lto-llvm-bc9cb4.o
    0x08000bfc   0x08000bfc   0x00000020   Code   RO          794    .text.LL_ADC_EnableInternalRegulator  lto-llvm-bc9cb4.o
    0x08000c1c   0x08000c1c   0x0000005c   Code   RO          926    .text.LL_ADC_Init   lto-llvm-bc9cb4.o
    0x08000c78   0x08000c78   0x00000018   Code   RO          778    .text.LL_ADC_IsActiveFlag_CCRDY  lto-llvm-bc9cb4.o
    0x08000c90   0x08000c90   0x00000010   Code   RO          924    .text.LL_ADC_IsEnabled  lto-llvm-bc9cb4.o
    0x08000ca0   0x08000ca0   0x00000012   Code   RO          930    .text.LL_ADC_REG_GetSequencerConfigurable  lto-llvm-bc9cb4.o
    0x08000cb2   0x08000cb2   0x00000002   PAD
    0x08000cb4   0x08000cb4   0x000000c8   Code   RO          928    .text.LL_ADC_REG_Init  lto-llvm-bc9cb4.o
    0x08000d7c   0x08000d7c   0x00000020   Code   RO          776    .text.LL_ADC_REG_SetSequencerConfigurable  lto-llvm-bc9cb4.o
    0x08000d9c   0x08000d9c   0x00000014   Code   RO          932    .text.LL_ADC_REG_SetSequencerLength  lto-llvm-bc9cb4.o
    0x08000db0   0x08000db0   0x00000034   Code   RO          796    .text.LL_ADC_REG_SetSequencerRanks  lto-llvm-bc9cb4.o
    0x08000de4   0x08000de4   0x00000034   Code   RO          798    .text.LL_ADC_SetChannelSamplingTime  lto-llvm-bc9cb4.o
    0x08000e18   0x08000e18   0x00000028   Code   RO          786    .text.LL_ADC_SetCommonPathInternalCh  lto-llvm-bc9cb4.o
    0x08000e40   0x08000e40   0x00000020   Code   RO          782    .text.LL_ADC_SetOverSamplingScope  lto-llvm-bc9cb4.o
    0x08000e60   0x08000e60   0x0000002c   Code   RO          788    .text.LL_ADC_SetSamplingTimeCommonChannels  lto-llvm-bc9cb4.o
    0x08000e8c   0x08000e8c   0x00000024   Code   RO          784    .text.LL_ADC_SetTriggerFrequencyMode  lto-llvm-bc9cb4.o
    0x08000eb0   0x08000eb0   0x00000020   Code   RO          736    .text.LL_APB1_GRP1_EnableClock  lto-llvm-bc9cb4.o
    0x08000ed0   0x08000ed0   0x00000020   Code   RO          734    .text.LL_APB2_GRP1_EnableClock  lto-llvm-bc9cb4.o
    0x08000ef0   0x08000ef0   0x000000ba   Code   RO          910    .text.LL_GPIO_Init  lto-llvm-bc9cb4.o
    0x08000faa   0x08000faa   0x00000020   Code   RO          856    .text.LL_GPIO_IsInputPinSet  lto-llvm-bc9cb4.o
    0x08000fca   0x08000fca   0x00000014   Code   RO          800    .text.LL_GPIO_ResetOutputPin  lto-llvm-bc9cb4.o
    0x08000fde   0x08000fde   0x00000014   Code   RO          852    .text.LL_GPIO_ResetOutputPin.5  lto-llvm-bc9cb4.o
    0x08000ff2   0x08000ff2   0x0000002c   Code   RO          918    .text.LL_GPIO_SetAFPin_0_7  lto-llvm-bc9cb4.o
    0x0800101e   0x0800101e   0x0000002e   Code   RO          920    .text.LL_GPIO_SetAFPin_8_15  lto-llvm-bc9cb4.o
    0x0800104c   0x0800104c   0x00000014   Code   RO          854    .text.LL_GPIO_SetOutputPin  lto-llvm-bc9cb4.o
    0x08001060   0x08001060   0x00000024   Code   RO          922    .text.LL_GPIO_SetPinMode  lto-llvm-bc9cb4.o
    0x08001084   0x08001084   0x0000001e   Code   RO          914    .text.LL_GPIO_SetPinOutputType  lto-llvm-bc9cb4.o
    0x080010a2   0x080010a2   0x00000024   Code   RO          916    .text.LL_GPIO_SetPinPull  lto-llvm-bc9cb4.o
    0x080010c6   0x080010c6   0x00000024   Code   RO          912    .text.LL_GPIO_SetPinSpeed  lto-llvm-bc9cb4.o
    0x080010ea   0x080010ea   0x00000002   PAD
    0x080010ec   0x080010ec   0x00000024   Code   RO          748    .text.LL_IOP_GRP1_EnableClock  lto-llvm-bc9cb4.o
    0x08001110   0x08001110   0x00000014   Code   RO          904    .text.LL_Init1msTick  lto-llvm-bc9cb4.o
    0x08001124   0x08001124   0x00000038   Code   RO          906    .text.LL_InitTick   lto-llvm-bc9cb4.o
    0x0800115c   0x0800115c   0x00000014   Code   RO          810    .text.LL_PWR_EnableBkUpAccess  lto-llvm-bc9cb4.o
    0x08001170   0x08001170   0x00000010   Code   RO          774    .text.LL_RCC_EnableRTC  lto-llvm-bc9cb4.o
    0x08001180   0x08001180   0x00000010   Code   RO          768    .text.LL_RCC_ForceBackupDomainReset  lto-llvm-bc9cb4.o
    0x08001190   0x08001190   0x0000000c   Code   RO          946    .text.LL_RCC_GetAHBPrescaler  lto-llvm-bc9cb4.o
    0x0800119c   0x0800119c   0x0000000c   Code   RO          944    .text.LL_RCC_GetAPB1Prescaler  lto-llvm-bc9cb4.o
    0x080011a8   0x080011a8   0x0000000c   Code   RO          766    .text.LL_RCC_GetRTCClockSource  lto-llvm-bc9cb4.o
    0x080011b4   0x080011b4   0x0000000c   Code   RO          816    .text.LL_RCC_GetSysClkSource  lto-llvm-bc9cb4.o
    0x080011c0   0x080011c0   0x0000000c   Code   RO          948    .text.LL_RCC_GetSysClkSource.45  lto-llvm-bc9cb4.o
    0x080011cc   0x080011cc   0x0000002a   Code   RO          936    .text.LL_RCC_GetSystemClocksFreq  lto-llvm-bc9cb4.o
    0x080011f6   0x080011f6   0x00000002   PAD
    0x080011f8   0x080011f8   0x00000084   Code   RO          960    .text.LL_RCC_GetUSARTClockFreq  lto-llvm-bc9cb4.o
    0x0800127c   0x0800127c   0x00000018   Code   RO          962    .text.LL_RCC_GetUSARTClockSource  lto-llvm-bc9cb4.o
    0x08001294   0x08001294   0x00000010   Code   RO          802    .text.LL_RCC_HSI_Enable  lto-llvm-bc9cb4.o
    0x080012a4   0x080012a4   0x00000010   Code   RO          804    .text.LL_RCC_HSI_IsReady  lto-llvm-bc9cb4.o
    0x080012b4   0x080012b4   0x00000014   Code   RO          934    .text.LL_RCC_HSI_IsReady.42  lto-llvm-bc9cb4.o
    0x080012c8   0x080012c8   0x0000000c   Code   RO          964    .text.LL_RCC_LSE_IsReady  lto-llvm-bc9cb4.o
    0x080012d4   0x080012d4   0x0000000c   Code   RO          806    .text.LL_RCC_LSI_Enable  lto-llvm-bc9cb4.o
    0x080012e0   0x080012e0   0x00000010   Code   RO          808    .text.LL_RCC_LSI_IsReady  lto-llvm-bc9cb4.o
    0x080012f0   0x080012f0   0x0000000c   Code   RO          956    .text.LL_RCC_PLL_GetDivider  lto-llvm-bc9cb4.o
    0x080012fc   0x080012fc   0x0000000c   Code   RO          952    .text.LL_RCC_PLL_GetMainSource  lto-llvm-bc9cb4.o
    0x08001308   0x08001308   0x00000010   Code   RO          954    .text.LL_RCC_PLL_GetN  lto-llvm-bc9cb4.o
    0x08001318   0x08001318   0x00000010   Code   RO          958    .text.LL_RCC_PLL_GetR  lto-llvm-bc9cb4.o
    0x08001328   0x08001328   0x00000010   Code   RO          770    .text.LL_RCC_ReleaseBackupDomainReset  lto-llvm-bc9cb4.o
    0x08001338   0x08001338   0x0000001c   Code   RO          812    .text.LL_RCC_SetAHBPrescaler  lto-llvm-bc9cb4.o
    0x08001354   0x08001354   0x0000001c   Code   RO          818    .text.LL_RCC_SetAPB1Prescaler  lto-llvm-bc9cb4.o
    0x08001370   0x08001370   0x00000020   Code   RO          772    .text.LL_RCC_SetRTCClockSource  lto-llvm-bc9cb4.o
    0x08001390   0x08001390   0x0000001c   Code   RO          814    .text.LL_RCC_SetSysClkSource  lto-llvm-bc9cb4.o
    0x080013ac   0x080013ac   0x00000010   Code   RO          970    .text.LL_RTC_DisableInitMode  lto-llvm-bc9cb4.o
    0x080013bc   0x080013bc   0x00000014   Code   RO          966    .text.LL_RTC_DisableWriteProtection  lto-llvm-bc9cb4.o
    0x080013d0   0x080013d0   0x00000010   Code   RO          978    .text.LL_RTC_EnableInitMode  lto-llvm-bc9cb4.o
    0x080013e0   0x080013e0   0x0000000e   Code   RO          972    .text.LL_RTC_EnableWriteProtection  lto-llvm-bc9cb4.o
    0x080013ee   0x080013ee   0x00000080   Code   RO          968    .text.LL_RTC_EnterInitMode  lto-llvm-bc9cb4.o
    0x0800146e   0x0800146e   0x00000002   PAD
    0x08001470   0x08001470   0x0000005c   Code   RO          980    .text.LL_RTC_Init   lto-llvm-bc9cb4.o
    0x080014cc   0x080014cc   0x00000012   Code   RO          976    .text.LL_RTC_IsActiveFlag_INIT  lto-llvm-bc9cb4.o
    0x080014de   0x080014de   0x0000001e   Code   RO          986    .text.LL_RTC_SetAsynchPrescaler  lto-llvm-bc9cb4.o
    0x080014fc   0x080014fc   0x0000001a   Code   RO          982    .text.LL_RTC_SetHourFormat  lto-llvm-bc9cb4.o
    0x08001516   0x08001516   0x00000002   PAD
    0x08001518   0x08001518   0x00000020   Code   RO          984    .text.LL_RTC_SetSynchPrescaler  lto-llvm-bc9cb4.o
    0x08001538   0x08001538   0x00000014   Code   RO          974    .text.LL_SYSTICK_IsActiveCounterFlag  lto-llvm-bc9cb4.o
    0x0800154c   0x0800154c   0x00000018   Code   RO          908    .text.LL_SetSystemCoreClock  lto-llvm-bc9cb4.o
    0x08001564   0x08001564   0x00000010   Code   RO          830    .text.LL_USART_ClearFlag_ORE  lto-llvm-bc9cb4.o
    0x08001574   0x08001574   0x00000020   Code   RO          756    .text.LL_USART_ConfigAsyncMode  lto-llvm-bc9cb4.o
    0x08001594   0x08001594   0x00000014   Code   RO          760    .text.LL_USART_Enable  lto-llvm-bc9cb4.o
    0x080015a8   0x080015a8   0x00000038   Code   RO          758    .text.LL_USART_EnableIT_RXNE_RXFNE  lto-llvm-bc9cb4.o
    0x080015e0   0x080015e0   0x000000c4   Code   RO          988    .text.LL_USART_Init  lto-llvm-bc9cb4.o
    0x080016a4   0x080016a4   0x00000018   Code   RO          764    .text.LL_USART_IsActiveFlag_REACK  lto-llvm-bc9cb4.o
    0x080016bc   0x080016bc   0x00000014   Code   RO          826    .text.LL_USART_IsActiveFlag_RXNE_RXFNE  lto-llvm-bc9cb4.o
    0x080016d0   0x080016d0   0x00000014   Code   RO          902    .text.LL_USART_IsActiveFlag_TC  lto-llvm-bc9cb4.o
    0x080016e4   0x080016e4   0x00000018   Code   RO          762    .text.LL_USART_IsActiveFlag_TEACK  lto-llvm-bc9cb4.o
    0x080016fc   0x080016fc   0x00000014   Code   RO          898    .text.LL_USART_IsActiveFlag_TXE_TXFNF  lto-llvm-bc9cb4.o
    0x08001710   0x08001710   0x00000010   Code   RO          990    .text.LL_USART_IsEnabled  lto-llvm-bc9cb4.o
    0x08001720   0x08001720   0x00000010   Code   RO          828    .text.LL_USART_ReceiveData8  lto-llvm-bc9cb4.o
    0x08001730   0x08001730   0x000000a0   Code   RO          996    .text.LL_USART_SetBaudRate  lto-llvm-bc9cb4.o
    0x080017d0   0x080017d0   0x0000001c   Code   RO          994    .text.LL_USART_SetHWFlowCtrl  lto-llvm-bc9cb4.o
    0x080017ec   0x080017ec   0x0000001c   Code   RO          998    .text.LL_USART_SetPrescaler  lto-llvm-bc9cb4.o
    0x08001808   0x08001808   0x0000001c   Code   RO          992    .text.LL_USART_SetStopBitsLength  lto-llvm-bc9cb4.o
    0x08001824   0x08001824   0x00000020   Code   RO          754    .text.LL_USART_SetTXRXSwap  lto-llvm-bc9cb4.o
    0x08001844   0x08001844   0x00000018   Code   RO          900    .text.LL_USART_TransmitData8  lto-llvm-bc9cb4.o
    0x0800185c   0x0800185c   0x000000d4   Code   RO          742    .text.MX_ADC1_Init  lto-llvm-bc9cb4.o
    0x08001930   0x08001930   0x00000068   Code   RO          740    .text.MX_GPIO_Init  lto-llvm-bc9cb4.o
    0x08001998   0x08001998   0x0000004a   Code   RO          744    .text.MX_RTC_Init   lto-llvm-bc9cb4.o
    0x080019e2   0x080019e2   0x000000b6   Code   RO          746    .text.MX_USART2_UART_Init  lto-llvm-bc9cb4.o
    0x08001a98   0x08001a98   0x00000042   Code   RO          480    .text.MessageQueueGet  RTX_CM0.lib(rtx_msgqueue.o)
    0x08001ada   0x08001ada   0x0000005e   Code   RO          474    .text.MessageQueuePut  RTX_CM0.lib(rtx_msgqueue.o)
    0x08001b38   0x08001b38   0x0000001e   Code   RO          472    .text.MessageQueueRemove  RTX_CM0.lib(rtx_msgqueue.o)
    0x08001b56   0x08001b56   0x00000004   Code   RO          820    .text.NMI_Handler   lto-llvm-bc9cb4.o
    0x08001b5a   0x08001b5a   0x00000002   PAD
    0x08001b5c   0x08001b5c   0x00000008   Code   RO          516    .text.OS_Tick_AcknowledgeIRQ  RTX_CM0.lib(os_systick.o)
    0x08001b64   0x08001b64   0x00000024   Code   RO          512    .text.OS_Tick_Enable  RTX_CM0.lib(os_systick.o)
    0x08001b88   0x08001b88   0x00000006   Code   RO          518    .text.OS_Tick_GetIRQn  RTX_CM0.lib(os_systick.o)
    0x08001b8e   0x08001b8e   0x00000002   PAD
    0x08001b90   0x08001b90   0x0000004c   Code   RO          510    .text.OS_Tick_Setup  RTX_CM0.lib(os_systick.o)
    0x08001bdc   0x08001bdc   0x00000028   Code   RO          940    .text.RCC_GetHCLKClockFreq  lto-llvm-bc9cb4.o
    0x08001c04   0x08001c04   0x00000024   Code   RO          942    .text.RCC_GetPCLK1ClockFreq  lto-llvm-bc9cb4.o
    0x08001c28   0x08001c28   0x00000054   Code   RO          938    .text.RCC_GetSystemClockFreq  lto-llvm-bc9cb4.o
    0x08001c7c   0x08001c7c   0x00000060   Code   RO          950    .text.RCC_PLL_GetFreqDomain_SYS  lto-llvm-bc9cb4.o
    0x08001cdc   0x08001cdc   0x000000ac   Code   RO          884    .text.SEGGER_RTT_SetTerminal  lto-llvm-bc9cb4.o
    0x08001d88   0x08001d88   0x00000048   Code   RO          882    .text.SEGGER_RTT_Write  lto-llvm-bc9cb4.o
    0x08001dd0   0x08001dd0   0x000000a4   Code   RO          880    .text.SEGGER_RTT_WriteNoLock  lto-llvm-bc9cb4.o
    0x08001e74   0x08001e74   0x0000002c   Code   RO          894    .text.SEGGER_RTT_printf  lto-llvm-bc9cb4.o
    0x08001ea0   0x08001ea0   0x000003e8   Code   RO          886    .text.SEGGER_RTT_vprintf  lto-llvm-bc9cb4.o
    0x08002288   0x08002288   0x0000004e   Code   RO          738    .text.SystemClock_Config  lto-llvm-bc9cb4.o
    0x080022d6   0x080022d6   0x00000002   Code   RO         1000    .text.SystemInit    lto-llvm-bc9cb4.o
    0x080022d8   0x080022d8   0x0000003c   Code   RO          858    .text.TMP1075_Init  lto-llvm-bc9cb4.o
    0x08002314   0x08002314   0x00000058   Code   RO          834    .text.TMP1075_ReadTemp  lto-llvm-bc9cb4.o
    0x0800236c   0x0800236c   0x0000005c   Code   RO          836    .text.TMP1075_Read_2Byte  lto-llvm-bc9cb4.o
    0x080023c8   0x080023c8   0x0000004a   Code   RO          175    .text.ThreadFlagsCheck  RTX_CM0.lib(rtx_thread.o)
    0x08002412   0x08002412   0x00000002   PAD
    0x08002414   0x08002414   0x0000004c   Code   RO          265    .text.TimerInsert   RTX_CM0.lib(rtx_timer.o)
    0x08002460   0x08002460   0x00000054   Code   RO          896    .text.UART2_SendString  lto-llvm-bc9cb4.o
    0x080024b4   0x080024b4   0x00000154   Code   RO          824    .text.USART2_IRQHandler  lto-llvm-bc9cb4.o
    0x08002608   0x08002608   0x00000094   Code   RO          872    .text._DoInit       lto-llvm-bc9cb4.o
    0x0800269c   0x0800269c   0x0000003e   Code   RO          874    .text._GetAvailWriteSpace  lto-llvm-bc9cb4.o
    0x080026da   0x080026da   0x000001c6   Code   RO          890    .text._PrintInt     lto-llvm-bc9cb4.o
    0x080028a0   0x080028a0   0x000001b0   Code   RO          892    .text._PrintUnsigned  lto-llvm-bc9cb4.o
    0x08002a50   0x08002a50   0x00000074   Code   RO          888    .text._StoreChar    lto-llvm-bc9cb4.o
    0x08002ac4   0x08002ac4   0x000000d4   Code   RO          878    .text._WriteBlocking  lto-llvm-bc9cb4.o
    0x08002b98   0x08002b98   0x00000084   Code   RO          876    .text._WriteNoCheck  lto-llvm-bc9cb4.o
    0x08002c1c   0x08002c1c   0x0000002c   Code   RO          752    .text.__NVIC_EnableIRQ  lto-llvm-bc9cb4.o
    0x08002c48   0x08002c48   0x00000088   Code   RO          750    .text.__NVIC_SetPriority  lto-llvm-bc9cb4.o
    0x08002cd0   0x08002cd0   0x00000022   Code   RO         1004    .text._mutex_acquire  lto-llvm-bc9cb4.o
    0x08002cf2   0x08002cf2   0x00000012   Code   RO         1008    .text._mutex_free   lto-llvm-bc9cb4.o
    0x08002d04   0x08002d04   0x00000034   Code   RO         1002    .text._mutex_initialize  lto-llvm-bc9cb4.o
    0x08002d38   0x08002d38   0x0000001e   Code   RO         1006    .text._mutex_release  lto-llvm-bc9cb4.o
    0x08002d56   0x08002d56   0x00000008   Code   RO         1012    .text._platform_post_stackheap_init  lto-llvm-bc9cb4.o
    0x08002d5e   0x08002d5e   0x00000002   PAD
    0x08002d60   0x08002d60   0x00000060   Code   RO          730    .text.app_main      lto-llvm-bc9cb4.o
    0x08002dc0   0x08002dc0   0x00000060   Code   RO          732    .text.main          lto-llvm-bc9cb4.o
    0x08002e20   0x08002e20   0x00000028   Code   RO          231    .text.osDelay       RTX_CM0.lib(rtx_delay.o)
    0x08002e48   0x08002e48   0x00000024   Code   RO          295    .text.osEventFlagsClear  RTX_CM0.lib(rtx_evflags.o)
    0x08002e6c   0x08002e6c   0x00000024   Code   RO          289    .text.osEventFlagsNew  RTX_CM0.lib(rtx_evflags.o)
    0x08002e90   0x08002e90   0x0000004c   Code   RO          293    .text.osEventFlagsSet  RTX_CM0.lib(rtx_evflags.o)
    0x08002edc   0x08002edc   0x00000044   Code   RO          303    .text.osEventFlagsWait  RTX_CM0.lib(rtx_evflags.o)
    0x08002f20   0x08002f20   0x00000030   Code   RO           39    .text.osKernelGetState  RTX_CM0.lib(rtx_kernel.o)
    0x08002f50   0x08002f50   0x00000028   Code   RO           33    .text.osKernelInitialize  RTX_CM0.lib(rtx_kernel.o)
    0x08002f78   0x08002f78   0x00000024   Code   RO           45    .text.osKernelLock  RTX_CM0.lib(rtx_kernel.o)
    0x08002f9c   0x08002f9c   0x00000024   Code   RO           43    .text.osKernelStart  RTX_CM0.lib(rtx_kernel.o)
    0x08002fc0   0x08002fc0   0x00000024   Code   RO           47    .text.osKernelUnlock  RTX_CM0.lib(rtx_kernel.o)
    0x08002fe4   0x08002fe4   0x00000074   Code   RO          448    .text.osMessageQueueGet  RTX_CM0.lib(rtx_msgqueue.o)
    0x08003058   0x08003058   0x00000074   Code   RO          446    .text.osMessageQueuePut  RTX_CM0.lib(rtx_msgqueue.o)
    0x080030cc   0x080030cc   0x00000028   Code   RO          337    .text.osMutexAcquire  RTX_CM0.lib(rtx_mutex.o)
    0x080030f4   0x080030f4   0x00000028   Code   RO          343    .text.osMutexDelete  RTX_CM0.lib(rtx_mutex.o)
    0x0800311c   0x0800311c   0x00000024   Code   RO          333    .text.osMutexNew    RTX_CM0.lib(rtx_mutex.o)
    0x08003140   0x08003140   0x00000028   Code   RO          339    .text.osMutexRelease  RTX_CM0.lib(rtx_mutex.o)
    0x08003168   0x08003168   0x0000002e   Code   RO         1018    .text.osRtxErrorNotify  lto-llvm-bc9cb4.o
    0x08003196   0x08003196   0x00000034   Code   RO          309    .text.osRtxEventFlagsPostProcess  RTX_CM0.lib(rtx_evflags.o)
    0x080031ca   0x080031ca   0x00000008   Code   RO         1016    .text.osRtxIdleThread  lto-llvm-bc9cb4.o
    0x080031d2   0x080031d2   0x00000008   Code   RO           31    .text.osRtxKernelErrorNotify  RTX_CM0.lib(rtx_kernel.o)
    0x080031da   0x080031da   0x00000002   Code   RO           29    .text.osRtxKernelPreInit  RTX_CM0.lib(rtx_kernel.o)
    0x080031dc   0x080031dc   0x00000078   Code   RO          374    .text.osRtxMemoryAlloc  RTX_CM0.lib(rtx_memory.o)
    0x08003254   0x08003254   0x0000004e   Code   RO          376    .text.osRtxMemoryFree  RTX_CM0.lib(rtx_memory.o)
    0x080032a2   0x080032a2   0x0000002e   Code   RO          372    .text.osRtxMemoryInit  RTX_CM0.lib(rtx_memory.o)
    0x080032d0   0x080032d0   0x0000002a   Code   RO          388    .text.osRtxMemoryPoolAlloc  RTX_CM0.lib(rtx_mempool.o)
    0x080032fa   0x080032fa   0x00000036   Code   RO          390    .text.osRtxMemoryPoolFree  RTX_CM0.lib(rtx_mempool.o)
    0x08003330   0x08003330   0x0000003c   Code   RO          386    .text.osRtxMemoryPoolInit  RTX_CM0.lib(rtx_mempool.o)
    0x0800336c   0x0800336c   0x000000bc   Code   RO          470    .text.osRtxMessageQueuePostProcess  RTX_CM0.lib(rtx_msgqueue.o)
    0x08003428   0x08003428   0x00000024   Code   RO          438    .text.osRtxMessageQueueTimerSetup  RTX_CM0.lib(rtx_msgqueue.o)
    0x0800344c   0x0800344c   0x00000044   Code   RO          329    .text.osRtxMutexOwnerRelease  RTX_CM0.lib(rtx_mutex.o)
    0x08003490   0x08003490   0x00000046   Code   RO          331    .text.osRtxMutexOwnerRestore  RTX_CM0.lib(rtx_mutex.o)
    0x080034d6   0x080034d6   0x00000002   PAD
    0x080034d8   0x080034d8   0x00000080   Code   RO          498    .text.osRtxPendSV_Handler  RTX_CM0.lib(rtx_system.o)
    0x08003558   0x08003558   0x0000006c   Code   RO          500    .text.osRtxPostProcess  RTX_CM0.lib(rtx_system.o)
    0x080035c4   0x080035c4   0x00000034   Code   RO          115    .text.osRtxThreadBlock  RTX_CM0.lib(rtx_thread.o)
    0x080035f8   0x080035f8   0x0000008c   Code   RO          123    .text.osRtxThreadDelayInsert  RTX_CM0.lib(rtx_thread.o)
    0x08003684   0x08003684   0x00000044   Code   RO          119    .text.osRtxThreadDelayRemove  RTX_CM0.lib(rtx_thread.o)
    0x080036c8   0x080036c8   0x00000054   Code   RO          107    .text.osRtxThreadDelayTick  RTX_CM0.lib(rtx_thread.o)
    0x0800371c   0x0800371c   0x00000028   Code   RO          207    .text.osRtxThreadDestroy  RTX_CM0.lib(rtx_thread.o)
    0x08003744   0x08003744   0x0000004c   Code   RO          113    .text.osRtxThreadDispatch  RTX_CM0.lib(rtx_thread.o)
    0x08003790   0x08003790   0x00000054   Code   RO          199    .text.osRtxThreadFree  RTX_CM0.lib(rtx_thread.o)
    0x080037e4   0x080037e4   0x00000020   Code   RO          205    .text.osRtxThreadJoinWakeup  RTX_CM0.lib(rtx_thread.o)
    0x08003804   0x08003804   0x00000014   Code   RO           99    .text.osRtxThreadListGet  RTX_CM0.lib(rtx_thread.o)
    0x08003818   0x08003818   0x0000002c   Code   RO           97    .text.osRtxThreadListPut  RTX_CM0.lib(rtx_thread.o)
    0x08003844   0x08003844   0x00000018   Code   RO          103    .text.osRtxThreadListRemove  RTX_CM0.lib(rtx_thread.o)
    0x0800385c   0x0800385c   0x00000024   Code   RO          101    .text.osRtxThreadListSort  RTX_CM0.lib(rtx_thread.o)
    0x08003880   0x08003880   0x00000026   Code   RO          173    .text.osRtxThreadPostProcess  RTX_CM0.lib(rtx_thread.o)
    0x080038a6   0x080038a6   0x00000002   PAD
    0x080038a8   0x080038a8   0x00000014   Code   RO          105    .text.osRtxThreadReadyPut  RTX_CM0.lib(rtx_thread.o)
    0x080038bc   0x080038bc   0x00000006   Code   RO          109    .text.osRtxThreadRegPtr  RTX_CM0.lib(rtx_thread.o)
    0x080038c2   0x080038c2   0x00000002   PAD
    0x080038c4   0x080038c4   0x00000040   Code   RO          125    .text.osRtxThreadStartup  RTX_CM0.lib(rtx_thread.o)
    0x08003904   0x08003904   0x00000010   Code   RO          111    .text.osRtxThreadSwitch  RTX_CM0.lib(rtx_thread.o)
    0x08003914   0x08003914   0x00000040   Code   RO          121    .text.osRtxThreadWaitEnter  RTX_CM0.lib(rtx_thread.o)
    0x08003954   0x08003954   0x00000022   Code   RO          117    .text.osRtxThreadWaitExit  RTX_CM0.lib(rtx_thread.o)
    0x08003976   0x08003976   0x00000002   PAD
    0x08003978   0x08003978   0x00000080   Code   RO          496    .text.osRtxTick_Handler  RTX_CM0.lib(rtx_system.o)
    0x080039f8   0x080039f8   0x00000024   Code   RO          247    .text.osRtxTimerSetup  RTX_CM0.lib(rtx_timer.o)
    0x08003a1c   0x08003a1c   0x0000001c   Code   RO          251    .text.osRtxTimerThread  RTX_CM0.lib(rtx_timer.o)
    0x08003a38   0x08003a38   0x00000074   Code   RO          249    .text.osRtxTimerTick  RTX_CM0.lib(rtx_timer.o)
    0x08003aac   0x08003aac   0x0000000c   Code   RO          157    .text.osThreadExit  RTX_CM0.lib(rtx_thread.o)
    0x08003ab8   0x08003ab8   0x00000024   Code   RO          129    .text.osThreadNew   RTX_CM0.lib(rtx_thread.o)
    0x08003adc   0x08003adc   0x0000002c   Code   RO         1010    .text.os_kernel_is_active  lto-llvm-bc9cb4.o
    0x08003b08   0x08003b08   0x00000018   Code   RO          235    .text.svcRtxDelay   RTX_CM0.lib(rtx_delay.o)
    0x08003b20   0x08003b20   0x0000002e   Code   RO          297    .text.svcRtxEventFlagsClear  RTX_CM0.lib(rtx_evflags.o)
    0x08003b4e   0x08003b4e   0x00000002   PAD
    0x08003b50   0x08003b50   0x00000070   Code   RO          307    .text.svcRtxEventFlagsNew  RTX_CM0.lib(rtx_evflags.o)
    0x08003bc0   0x08003bc0   0x00000076   Code   RO          315    .text.svcRtxEventFlagsSet  RTX_CM0.lib(rtx_evflags.o)
    0x08003c36   0x08003c36   0x00000002   PAD
    0x08003c38   0x08003c38   0x0000005c   Code   RO          317    .text.svcRtxEventFlagsWait  RTX_CM0.lib(rtx_evflags.o)
    0x08003c94   0x08003c94   0x0000000c   Code   RO           41    .text.svcRtxKernelGetState  RTX_CM0.lib(rtx_kernel.o)
    0x08003ca0   0x08003ca0   0x0000013c   Code   RO           71    .text.svcRtxKernelInitialize  RTX_CM0.lib(rtx_kernel.o)
    0x08003ddc   0x08003ddc   0x00000024   Code   RO           75    .text.svcRtxKernelLock  RTX_CM0.lib(rtx_kernel.o)
    0x08003e00   0x08003e00   0x00000080   Code   RO           73    .text.svcRtxKernelStart  RTX_CM0.lib(rtx_kernel.o)
    0x08003e80   0x08003e80   0x00000024   Code   RO           77    .text.svcRtxKernelUnlock  RTX_CM0.lib(rtx_kernel.o)
    0x08003ea4   0x08003ea4   0x000000cc   Code   RO          482    .text.svcRtxMessageQueueGet  RTX_CM0.lib(rtx_msgqueue.o)
    0x08003f70   0x08003f70   0x000001c4   Code   RO          440    .text.svcRtxMessageQueueNew  RTX_CM0.lib(rtx_msgqueue.o)
    0x08004134   0x08004134   0x000000b0   Code   RO          478    .text.svcRtxMessageQueuePut  RTX_CM0.lib(rtx_msgqueue.o)
    0x080041e4   0x080041e4   0x00000098   Code   RO          349    .text.svcRtxMutexAcquire  RTX_CM0.lib(rtx_mutex.o)
    0x0800427c   0x0800427c   0x000000b4   Code   RO          355    .text.svcRtxMutexDelete  RTX_CM0.lib(rtx_mutex.o)
    0x08004330   0x08004330   0x00000070   Code   RO          345    .text.svcRtxMutexNew  RTX_CM0.lib(rtx_mutex.o)
    0x080043a0   0x080043a0   0x000000bc   Code   RO          351    .text.svcRtxMutexRelease  RTX_CM0.lib(rtx_mutex.o)
    0x0800445c   0x0800445c   0x0000004c   Code   RO          203    .text.svcRtxThreadExit  RTX_CM0.lib(rtx_thread.o)
    0x080044a8   0x080044a8   0x000001fc   Code   RO          127    .text.svcRtxThreadNew  RTX_CM0.lib(rtx_thread.o)
    0x080046a4   0x080046a4   0x00000058   Code   RO          728    .text.uart_transmit_thread  lto-llvm-bc9cb4.o
    0x080046fc   0x080046fc   0x000000b0   Code   RO         1053    x$fpl$fmul          fz_ps.l(fmul.o)
    0x080047ac   0x080047ac   0x00000000   Code   RO         1055    x$fpl$usenofp       fz_ps.l(usenofp.o)
    0x080047ac   0x080047ac   0x00000040   Data   RO         1047    .constdata          fz_ps.l(fdiv.o)
    0x080047ec   0x080047ec   0x00000140   Data   RO         1021    .rodata             lto-llvm-bc9cb4.o
    0x0800492c   0x0800492c   0x00000070   Data   RO         1028    .rodata             lto-llvm-bc9cb4.o
    0x0800499c   0x0800499c   0x00000038   Data   RO         1029    .rodata             lto-llvm-bc9cb4.o
    0x080049d4   0x080049d4   0x00000010   Data   RO         1025    .rodata.cst16       lto-llvm-bc9cb4.o
    0x080049e4   0x080049e4   0x00000020   Data   RO         1026    .rodata.cst32       lto-llvm-bc9cb4.o
    0x08004a04   0x08004a04   0x000000c7   Data   RO         1020    .rodata.str1.1      lto-llvm-bc9cb4.o
    0x08004acb   0x08004acb   0x00000001   PAD
    0x08004acc   0x08004acc   0x0000000b   Data   RO           87    .rodata.str1.4      RTX_CM0.lib(rtx_kernel.o)
    0x08004ad7   0x08004ad7   0x00000001   PAD
    0x08004ad8   0x08004ad8   0x00000020   Data   RO         1057    Region$$Table       anon$$obj.o


    Execution Region RW_IRAM1 (Exec base: 0x20000000, Load base: 0x08004af8, Size: 0x000014c0, Max: 0x00002000, ABSOLUTE)

    Exec Addr    Load Addr    Size         Type   Attr      Idx    E Section Name        Object

    0x20000000   0x08004af8   0x00000008   Data   RW         1024    .data               lto-llvm-bc9cb4.o
    0x20000008   0x08004b00   0x000000a4   Data   RW           88    .data.os            RTX_CM0.lib(rtx_kernel.o)
    0x200000ac   0x08004ba4   0x00000004   PAD
    0x200000b0        -       0x00000060   Zero   RW          592    .bss                c_p.l(libspace.o)
    0x20000110        -       0x000002c9   Zero   RW         1022    .bss                lto-llvm-bc9cb4.o
    0x200003d9        -       0x00000001   Zero   RW          528    .bss.os             RTX_CM0.lib(os_systick.o)
    0x200003da   0x08004ba4   0x00000006   PAD
    0x200003e0        -       0x00000810   Zero   RW         1027    .bss.os             lto-llvm-bc9cb4.o
    0x20000bf0        -       0x00000034   Zero   RW         1034    .bss.os.msgqueue.cb  lto-llvm-bc9cb4.o
    0x20000c24        -       0x00000014   Zero   RW         1035    .bss.os.msgqueue.mem  lto-llvm-bc9cb4.o
    0x20000c38        -       0x00000088   Zero   RW         1031    .bss.os.thread.cb   lto-llvm-bc9cb4.o
    0x20000cc0        -       0x00000100   Zero   RW         1032    .bss.os.thread.idle.stack  lto-llvm-bc9cb4.o
    0x20000dc0        -       0x00000100   Zero   RW         1033    .bss.os.thread.timer.stack  lto-llvm-bc9cb4.o
    0x20000ec0        -       0x00000200   Zero   RW            2    HEAP                startup_stm32g030xx.o
    0x200010c0        -       0x00000400   Zero   RW            1    STACK               startup_stm32g030xx.o


==============================================================================

Image component sizes


      Code (inc. data)   RO Data    RW Data    ZI Data      Debug   Object Name

      9386        512        735          8       3497      49241   lto-llvm-bc9cb4.o
        56         26        192          0       1536        616   startup_stm32g030xx.o

    ----------------------------------------------------------------------
      9460        538        960          8       5033      49857   Object Totals
         0          0         32          0          0          0   (incl. Generated)
        18          0          1          0          0          0   (incl. Padding)

    ----------------------------------------------------------------------

      Code (inc. data)   RO Data    RW Data    ZI Data      Debug   Library Member Name

       164          8          0          0          0        658   irq_armv6m.o
       126         20          0          0          1       2812   os_systick.o
        64          4          0          0          0       2729   rtx_delay.o
       710         20          0          0          0      12579   rtx_evflags.o
       734         56         11        164          0      15793   rtx_kernel.o
       244          0          0          0          0       2665   rtx_memory.o
       156          0          0          0          0      14433   rtx_mempool.o
      1478         44          0          0          0      18183   rtx_msgqueue.o
       926         32          0          0          0       9527   rtx_mutex.o
       364         18          0          0          0       4871   rtx_system.o
      1648         56          0          0          0      31596   rtx_thread.o
       256         16          0          0          0       9965   rtx_timer.o
         8          0          0          0          0         68   __main.o
         0          0          0          0          0          0   __rtentry.o
        20          0          0          0          0          0   __rtentry2.o
         6          0          0          0          0          0   __rtentry4.o
        60          8          0          0          0          0   __scatter.o
        26          0          0          0          0          0   __scatter_copy.o
        28          0          0          0          0          0   __scatter_zi.o
         8          0          0          0          0         60   abs.o
       364          4          0          0          0         92   aeabi_sdiv.o
        16          0          0          0          0         68   exit.o
         6          0          0          0          0        136   heapauxi.o
         0          0          0          0          0          0   indicate_semi.o
         2          0          0          0          0          0   libinit.o
         2          0          0          0          0          0   libinit2.o
         2          0          0          0          0          0   libshutdown.o
         2          0          0          0          0          0   libshutdown2.o
         8          4          0          0         96         68   libspace.o
        64          0          0          0          0        108   rt_memclr.o
       186          0          0          0          0        144   rt_memcpy.o
         2          0          0          0          0          0   rtexit.o
        10          0          0          0          0          0   rtexit2.o
        12          4          0          0          0         60   sys_exit.o
        62          0          0          0          0         80   sys_stackheap_outer.o
         2          0          0          0          0         68   use_no_semi.o
       124          4          0          0          0         72   d2f.o
        84          4          0          0          0         60   f2d.o
       352         10         64          0          0         92   fdiv.o
        76          0          0          0          0         68   ffixi.o
        94          0          0          0          0         92   fflti.o
       176          4          0          0          0         80   fmul.o
         0          0          0          0          0          0   usenofp.o

    ----------------------------------------------------------------------
      8696        316         76        164        107     127227   Library Totals
        24          0          1          0         10          0   (incl. Padding)

    ----------------------------------------------------------------------

      Code (inc. data)   RO Data    RW Data    ZI Data      Debug   Library Name

      6870        274         11        164          1     125811   RTX_CM0.lib
       896         20          0          0         96        952   c_p.l
       906         22         64          0          0        464   fz_ps.l

    ----------------------------------------------------------------------
      8696        316         76        164        107     127227   Library Totals

    ----------------------------------------------------------------------

==============================================================================


      Code (inc. data)   RO Data    RW Data    ZI Data      Debug   

     18156        854       1036        172       5140     176264   Grand Totals
     18156        854       1036        172       5140     176264   ELF Image Totals
     18156        854       1036        172          0          0   ROM Totals

==============================================================================

    Total RO  Size (Code + RO Data)                19192 (  18.74kB)
    Total RW  Size (RW Data + ZI Data)              5312 (   5.19kB)
    Total ROM Size (Code + RO Data + RW Data)      19364 (  18.91kB)

==============================================================================

