Component: Arm Compiler for Embedded 6.18 Tool: armlink [5e4cc100]

==============================================================================

Section Cross References

    startup_stm32g030xx.o(STACK) refers (Special) to heapauxi.o(.text) for __use_two_region_memory
    startup_stm32g030xx.o(HEAP) refers (Special) to heapauxi.o(.text) for __use_two_region_memory
    startup_stm32g030xx.o(RESET) refers (Special) to heapauxi.o(.text) for __use_two_region_memory
    startup_stm32g030xx.o(RESET) refers to startup_stm32g030xx.o(STACK) for __initial_sp
    startup_stm32g030xx.o(RESET) refers to startup_stm32g030xx.o(.text) for Reset_Handler
    startup_stm32g030xx.o(RESET) refers to lto-llvm-e994a8.o(.text.NMI_Handler) for NMI_Handler
    startup_stm32g030xx.o(RESET) refers to lto-llvm-e994a8.o(.text.HardFault_Handler) for HardFault_Handler
    startup_stm32g030xx.o(RESET) refers to irq_armv6m.o(.text) for SVC_Handler
    startup_stm32g030xx.o(RESET) refers to lto-llvm-e994a8.o(.text.USART2_IRQHandler) for USART2_IRQHandler
    startup_stm32g030xx.o(.text) refers (Special) to heapauxi.o(.text) for __use_two_region_memory
    startup_stm32g030xx.o(.text) refers to lto-llvm-e994a8.o(.text.SystemInit) for SystemInit
    startup_stm32g030xx.o(.text) refers to __main.o(!!!main) for __main
    startup_stm32g030xx.o(.text) refers to startup_stm32g030xx.o(HEAP) for Heap_Mem
    startup_stm32g030xx.o(.text) refers to startup_stm32g030xx.o(STACK) for Stack_Mem
    rtx_kernel.o(.ARM.exidx.text.osRtxKernelPreInit) refers to rtx_kernel.o(.text.osRtxKernelPreInit) for [Anonymous Symbol]
    rtx_kernel.o(.text.osRtxKernelErrorNotify) refers to lto-llvm-e994a8.o(.text.osRtxErrorNotify) for osRtxErrorNotify
    rtx_kernel.o(.ARM.exidx.text.osRtxKernelErrorNotify) refers to rtx_kernel.o(.text.osRtxKernelErrorNotify) for [Anonymous Symbol]
    rtx_kernel.o(.text.osKernelInitialize) refers to rtx_kernel.o(.text.osRtxKernelPreInit) for osRtxKernelPreInit
    rtx_kernel.o(.text.osKernelInitialize) refers to rtx_kernel.o(.text.svcRtxKernelInitialize) for svcRtxKernelInitialize
    rtx_kernel.o(.ARM.exidx.text.osKernelInitialize) refers to rtx_kernel.o(.text.osKernelInitialize) for [Anonymous Symbol]
    rtx_kernel.o(.text.osKernelGetInfo) refers to rtx_kernel.o(.text.svcRtxKernelGetInfo) for svcRtxKernelGetInfo
    rtx_kernel.o(.ARM.exidx.text.osKernelGetInfo) refers to rtx_kernel.o(.text.osKernelGetInfo) for [Anonymous Symbol]
    rtx_kernel.o(.text.svcRtxKernelGetInfo) refers to rt_memcpy.o(.text) for __aeabi_memcpy
    rtx_kernel.o(.text.svcRtxKernelGetInfo) refers to rtx_kernel.o(.rodata.str1.4) for [Anonymous Symbol]
    rtx_kernel.o(.ARM.exidx.text.svcRtxKernelGetInfo) refers to rtx_kernel.o(.text.svcRtxKernelGetInfo) for [Anonymous Symbol]
    rtx_kernel.o(.text.osKernelGetState) refers to rtx_kernel.o(.text.svcRtxKernelGetState) for svcRtxKernelGetState
    rtx_kernel.o(.text.osKernelGetState) refers to rtx_kernel.o(.data.os) for osRtxInfo
    rtx_kernel.o(.ARM.exidx.text.osKernelGetState) refers to rtx_kernel.o(.text.osKernelGetState) for [Anonymous Symbol]
    rtx_kernel.o(.text.svcRtxKernelGetState) refers to rtx_kernel.o(.data.os) for osRtxInfo
    rtx_kernel.o(.ARM.exidx.text.svcRtxKernelGetState) refers to rtx_kernel.o(.text.svcRtxKernelGetState) for [Anonymous Symbol]
    rtx_kernel.o(.text.osKernelStart) refers to rtx_kernel.o(.text.svcRtxKernelStart) for svcRtxKernelStart
    rtx_kernel.o(.ARM.exidx.text.osKernelStart) refers to rtx_kernel.o(.text.osKernelStart) for [Anonymous Symbol]
    rtx_kernel.o(.text.osKernelLock) refers to rtx_kernel.o(.text.svcRtxKernelLock) for svcRtxKernelLock
    rtx_kernel.o(.ARM.exidx.text.osKernelLock) refers to rtx_kernel.o(.text.osKernelLock) for [Anonymous Symbol]
    rtx_kernel.o(.text.osKernelUnlock) refers to rtx_kernel.o(.text.svcRtxKernelUnlock) for svcRtxKernelUnlock
    rtx_kernel.o(.ARM.exidx.text.osKernelUnlock) refers to rtx_kernel.o(.text.osKernelUnlock) for [Anonymous Symbol]
    rtx_kernel.o(.text.osKernelRestoreLock) refers to rtx_kernel.o(.text.svcRtxKernelRestoreLock) for svcRtxKernelRestoreLock
    rtx_kernel.o(.ARM.exidx.text.osKernelRestoreLock) refers to rtx_kernel.o(.text.osKernelRestoreLock) for [Anonymous Symbol]
    rtx_kernel.o(.text.osKernelSuspend) refers to rtx_kernel.o(.text.svcRtxKernelSuspend) for svcRtxKernelSuspend
    rtx_kernel.o(.ARM.exidx.text.osKernelSuspend) refers to rtx_kernel.o(.text.osKernelSuspend) for [Anonymous Symbol]
    rtx_kernel.o(.text.osKernelResume) refers to rtx_kernel.o(.text.svcRtxKernelResume) for svcRtxKernelResume
    rtx_kernel.o(.ARM.exidx.text.osKernelResume) refers to rtx_kernel.o(.text.osKernelResume) for [Anonymous Symbol]
    rtx_kernel.o(.text.osKernelGetTickCount) refers to rtx_kernel.o(.data.os) for osRtxInfo
    rtx_kernel.o(.text.osKernelGetTickCount) refers to rtx_kernel.o(.text.svcRtxKernelGetTickCount) for svcRtxKernelGetTickCount
[...]
    __arm_cp.1_11                            0x08002d24   Number         4  lto-llvm-e994a8.o(.text.app_main)
    __arm_cp.1_12                            0x08002d28   Number         4  lto-llvm-e994a8.o(.text.app_main)
    __arm_cp.1_13                            0x08002d2c   Number         4  lto-llvm-e994a8.o(.text.app_main)
    __arm_cp.1_14                            0x08002d30   Number         4  lto-llvm-e994a8.o(.text.app_main)
    __arm_cp.1_15                            0x08002d34   Number         4  lto-llvm-e994a8.o(.text.app_main)
    __arm_cp.1_16                            0x08002d38   Number         4  lto-llvm-e994a8.o(.text.app_main)
    __arm_cp.1_17                            0x08002d3c   Number         4  lto-llvm-e994a8.o(.text.app_main)
    __arm_cp.1_18                            0x08002d40   Number         4  lto-llvm-e994a8.o(.text.app_main)
    __arm_cp.1_20                            0x08002d5c   Number         4  lto-llvm-e994a8.o(.text.app_main)
    __arm_cp.1_22                            0x08002d7c   Number         4  lto-llvm-e994a8.o(.text.app_main)
    __arm_cp.1_23                            0x08002d80   Number         4  lto-llvm-e994a8.o(.text.app_main)
    __arm_cp.1_24                            0x08002d84   Number         4  lto-llvm-e994a8.o(.text.app_main)
    __arm_cp.1_25                            0x08002d88   Number         4  lto-llvm-e994a8.o(.text.app_main)
    __arm_cp.1_26                            0x08002d8c   Number         4  lto-llvm-e994a8.o(.text.app_main)
    __arm_cp.1_27                            0x08002d90   Number         4  lto-llvm-e994a8.o(.text.app_main)
    __arm_cp.1_28                            0x08002d94   Number         4  lto-llvm-e994a8.o(.text.app_main)
    __arm_cp.1_29                            0x08002d98   Number         4  lto-llvm-e994a8.o(.text.app_main)
    __arm_cp.1_30                            0x08002d9c   Number         4  lto-llvm-e994a8.o(.text.app_main)
    enqueue                                  0x08002da1   Thumb Code   256  lto-llvm-e994a8.o(.text.enqueue)
    [Anonymous Symbol]                       0x08002da0   Section        0  lto-llvm-e994a8.o(.text.enqueue)
    __arm_cp.14_1                            0x08002eac   Number         4  lto-llvm-e994a8.o(.text.enqueue)
    __arm_cp.14_2                            0x08002eb0   Number         4  lto-llvm-e994a8.o(.text.enqueue)
    __arm_cp.14_3                            0x08002eb4   Number         4  lto-llvm-e994a8.o(.text.enqueue)
    [Anonymous Symbol]                       0x08002eb8   Section        0  lto-llvm-e994a8.o(.text.main)
    __arm_cp.2_0                             0x080032d4   Number         4  lto-llvm-e994a8.o(.text.main)
    __arm_cp.2_1                             0x080032d8   Number         4  lto-llvm-e994a8.o(.text.main)
    __arm_cp.2_2                             0x080032dc   Number         4  lto-llvm-e994a8.o(.text.main)
    __arm_cp.2_3                             0x080032e0   Number         4  lto-llvm-e994a8.o(.text.main)
    __arm_cp.2_4                             0x080032e4   Number         4  lto-llvm-e994a8.o(.text.main)
    __arm_cp.2_5                             0x080032e8   Number         4  lto-llvm-e994a8.o(.text.main)
    __arm_cp.2_6                             0x080032ec   Number         4  lto-llvm-e994a8.o(.text.main)
    __arm_cp.2_7                             0x080032f0   Number         4  lto-llvm-e994a8.o(.text.main)
    __arm_cp.2_8                             0x080032f4   Number         4  lto-llvm-e994a8.o(.text.main)
    __arm_cp.2_9                             0x080032f8   Number         4  lto-llvm-e994a8.o(.text.main)
    __arm_cp.2_10                            0x080032fc   Number         4  lto-llvm-e994a8.o(.text.main)
    __arm_cp.2_11                            0x08003300   Number         4  lto-llvm-e994a8.o(.text.main)
    __arm_cp.2_12                            0x08003304   Number         4  lto-llvm-e994a8.o(.text.main)
    __arm_cp.2_13                            0x08003308   Number         4  lto-llvm-e994a8.o(.text.main)
    __arm_cp.2_14                            0x0800330c   Number         4  lto-llvm-e994a8.o(.text.main)
    __arm_cp.2_15                            0x08003310   Number         4  lto-llvm-e994a8.o(.text.main)
    __arm_cp.2_16                            0x08003314   Number         4  lto-llvm-e994a8.o(.text.main)
    __arm_cp.2_17                            0x08003318   Number         4  lto-llvm-e994a8.o(.text.main)
    __arm_cp.2_18                            0x0800331c   Number         4  lto-llvm-e994a8.o(.text.main)
    __arm_cp.2_19                            0x08003320   Number         4  lto-llvm-e994a8.o(.text.main)
    __arm_cp.2_20                            0x08003324   Number         4  lto-llvm-e994a8.o(.text.main)
    __arm_cp.2_21                            0x08003328   Number         4  lto-llvm-e994a8.o(.text.main)
    __arm_cp.2_22                            0x0800332c   Number         4  lto-llvm-e994a8.o(.text.main)
    APBPrescTable                            0x08003330   Number         0  lto-llvm-e994a8.o(.text.main)
    AHBPrescTable                            0x08003350   Number         0  lto-llvm-e994a8.o(.text.main)
    __arm_cp.2_25                            0x08003390   Number         4  lto-llvm-e994a8.o(.text.main)
    __arm_cp.2_26                            0x08003394   Number         4  lto-llvm-e994a8.o(.text.main)
    __arm_cp.2_27                            0x08003398   Number         4  lto-llvm-e994a8.o(.text.main)
    [Anonymous Symbol]                       0x0800339c   Section        0  rtx_delay.o(.text.osDelay)
    __arm_cp.0_0                             0x080033c0   Number         4  rtx_delay.o(.text.osDelay)
    [Anonymous Symbol]                       0x080033c4   Section        0  rtx_evflags.o(.text.osEventFlagsClear)
    __arm_cp.3_0                             0x080033e4   Number         4  rtx_evflags.o(.text.osEventFlagsClear)
    [Anonymous Symbol]                       0x080033e8   Section        0  rtx_evflags.o(.text.osEventFlagsNew)
    __arm_cp.0_0                             0x08003408   Number         4  rtx_evflags.o(.text.osEventFlagsNew)
    [Anonymous Symbol]                       0x0800340c   Section        0  rtx_evflags.o(.text.osEventFlagsSet)
    __arm_cp.2_0                             0x08003454   Number         4  rtx_evflags.o(.text.osEventFlagsSet)
    [Anonymous Symbol]                       0x08003458   Section        0  rtx_evflags.o(.text.osEventFlagsWait)
    __arm_cp.7_0                             0x08003498   Number         4  rtx_evflags.o(.text.osEventFlagsWait)
    [Anonymous Symbol]                       0x0800349c   Section        0  rtx_kernel.o(.text.osKernelGetState)
    __arm_cp.5_0                             0x080034c4   Number         4  rtx_kernel.o(.text.osKernelGetState)
    [Anonymous Symbol]                       0x080034c8   Section        0  rtx_kernel.o(.text.osKernelGetTickCount)
    __arm_cp.13_0                            0x080034e8   Number         4  rtx_kernel.o(.text.osKernelGetTickCount)
    __arm_cp.13_1                            0x080034ec   Number         4  rtx_kernel.o(.text.osKernelGetTickCount)
    [Anonymous Symbol]                       0x080034f0   Section        0  rtx_kernel.o(.text.osKernelInitialize)
    __arm_cp.2_0                             0x08003514   Number         4  rtx_kernel.o(.text.osKernelInitialize)
    [Anonymous Symbol]                       0x08003518   Section        0  rtx_kernel.o(.text.osKernelLock)
    __arm_cp.8_0                             0x08003538   Number         4  rtx_kernel.o(.text.osKernelLock)
    [Anonymous Symbol]                       0x0800353c   Section        0  rtx_kernel.o(.text.osKernelStart)
    __arm_cp.7_0                             0x0800355c   Number         4  rtx_kernel.o(.text.osKernelStart)
    [Anonymous Symbol]                       0x08003560   Section        0  rtx_kernel.o(.text.osKernelUnlock)
    __arm_cp.9_0                             0x08003580   Number         4  rtx_kernel.o(.text.osKernelUnlock)
    [Anonymous Symbol]                       0x08003584   Section        0  rtx_msgqueue.o(.text.osMessageQueueGet)
    __arm_cp.5_0                             0x080035f4   Number         4  rtx_msgqueue.o(.text.osMessageQueueGet)
    [Anonymous Symbol]                       0x080035f8   Section        0  rtx_msgqueue.o(.text.osMessageQueuePut)
    __arm_cp.4_0                             0x08003668   Number         4  rtx_msgqueue.o(.text.osMessageQueuePut)
    [Anonymous Symbol]                       0x0800366c   Section        0  rtx_mutex.o(.text.osMutexAcquire)
    __arm_cp.4_0                             0x08003690   Number         4  rtx_mutex.o(.text.osMutexAcquire)
    [Anonymous Symbol]                       0x08003694   Section        0  rtx_mutex.o(.text.osMutexDelete)
    __arm_cp.7_0                             0x080036b8   Number         4  rtx_mutex.o(.text.osMutexDelete)
    [Anonymous Symbol]                       0x080036bc   Section        0  rtx_mutex.o(.text.osMutexNew)
    __arm_cp.2_0                             0x080036dc   Number         4  rtx_mutex.o(.text.osMutexNew)
    [Anonymous Symbol]                       0x080036e0   Section        0  rtx_mutex.o(.text.osMutexRelease)
    __arm_cp.5_0                             0x08003704   Number         4  rtx_mutex.o(.text.osMutexRelease)
    [Anonymous Symbol]                       0x08003708   Section        0  lto-llvm-e994a8.o(.text.osRtxErrorNotify)
    osRtxEventFlagsPostProcess               0x0800370b   Thumb Code    52  rtx_evflags.o(.text.osRtxEventFlagsPostProcess)
    [Anonymous Symbol]                       0x0800370a   Section        0  rtx_evflags.o(.text.osRtxEventFlagsPostProcess)
    [Anonymous Symbol]                       0x0800373e   Section        0  lto-llvm-e994a8.o(.text.osRtxIdleThread)
    [Anonymous Symbol]                       0x08003740   Section        0  rtx_kernel.o(.text.osRtxKernelErrorNotify)
    [Anonymous Symbol]                       0x08003748   Section        0  rtx_kernel.o(.text.osRtxKernelPreInit)
    [Anonymous Symbol]                       0x0800374a   Section        0  rtx_memory.o(.text.osRtxMemoryAlloc)
    [Anonymous Symbol]                       0x080037c2   Section        0  rtx_memory.o(.text.osRtxMemoryFree)
    [Anonymous Symbol]                       0x08003810   Section        0  rtx_memory.o(.text.osRtxMemoryInit)
    [Anonymous Symbol]                       0x0800383e   Section        0  rtx_mempool.o(.text.osRtxMemoryPoolAlloc)
    [Anonymous Symbol]                       0x08003868   Section        0  rtx_mempool.o(.text.osRtxMemoryPoolFree)
    [Anonymous Symbol]                       0x0800389e   Section        0  rtx_mempool.o(.text.osRtxMemoryPoolInit)
    osRtxMessageQueuePostProcess             0x080038db   Thumb Code   188  rtx_msgqueue.o(.text.osRtxMessageQueuePostProcess)
    [Anonymous Symbol]                       0x080038da   Section        0  rtx_msgqueue.o(.text.osRtxMessageQueuePostProcess)
    [Anonymous Symbol]                       0x08003998   Section        0  rtx_msgqueue.o(.text.osRtxMessageQueueTimerSetup)
    __arm_cp.0_0                             0x080039b8   Number         4  rtx_msgqueue.o(.text.osRtxMessageQueueTimerSetup)
    [Anonymous Symbol]                       0x080039bc   Section        0  rtx_mutex.o(.text.osRtxMutexOwnerRelease)
    [Anonymous Symbol]                       0x08003a00   Section        0  rtx_mutex.o(.text.osRtxMutexOwnerRestore)
    [Anonymous Symbol]                       0x08003a48   Section        0  rtx_system.o(.text.osRtxPendSV_Handler)
    [Anonymous Symbol]                       0x08003ac8   Section        0  rtx_system.o(.text.osRtxPostProcess)
    __arm_cp.2_1                             0x08003b30   Number         4  rtx_system.o(.text.osRtxPostProcess)
    osRtxThreadBlock                         0x08003b35   Thumb Code    52  rtx_thread.o(.text.osRtxThreadBlock)
    [Anonymous Symbol]                       0x08003b34   Section        0  rtx_thread.o(.text.osRtxThreadBlock)
    osRtxThreadDelayInsert                   0x08003b69   Thumb Code   140  rtx_thread.o(.text.osRtxThreadDelayInsert)
    [Anonymous Symbol]                       0x08003b68   Section        0  rtx_thread.o(.text.osRtxThreadDelayInsert)
    osRtxThreadDelayRemove                   0x08003bf5   Thumb Code    68  rtx_thread.o(.text.osRtxThreadDelayRemove)
    [Anonymous Symbol]                       0x08003bf4   Section        0  rtx_thread.o(.text.osRtxThreadDelayRemove)
    [Anonymous Symbol]                       0x08003c38   Section        0  rtx_thread.o(.text.osRtxThreadDelayTick)
    osRtxThreadDestroy                       0x08003c8d   Thumb Code    40  rtx_thread.o(.text.osRtxThreadDestroy)
    [Anonymous Symbol]                       0x08003c8c   Section        0  rtx_thread.o(.text.osRtxThreadDestroy)
    [Anonymous Symbol]                       0x08003cb4   Section        0  rtx_thread.o(.text.osRtxThreadDispatch)
    osRtxThreadFree                          0x08003d01   Thumb Code    80  rtx_thread.o(.text.osRtxThreadFree)
    [Anonymous Symbol]                       0x08003d00   Section        0  rtx_thread.o(.text.osRtxThreadFree)
    __arm_cp.51_0                            0x08003d50   Number         4  rtx_thread.o(.text.osRtxThreadFree)
    osRtxThreadJoinWakeup                    0x08003d55   Thumb Code    32  rtx_thread.o(.text.osRtxThreadJoinWakeup)
    [Anonymous Symbol]                       0x08003d54   Section        0  rtx_thread.o(.text.osRtxThreadJoinWakeup)
    [Anonymous Symbol]                       0x08003d74   Section        0  rtx_thread.o(.text.osRtxThreadListGet)
    [Anonymous Symbol]                       0x08003d88   Section        0  rtx_thread.o(.text.osRtxThreadListPut)
    [Anonymous Symbol]                       0x08003db4   Section        0  rtx_thread.o(.text.osRtxThreadListRemove)
    [Anonymous Symbol]                       0x08003dcc   Section        0  rtx_thread.o(.text.osRtxThreadListSort)
    osRtxThreadPostProcess                   0x08003df1   Thumb Code    38  rtx_thread.o(.text.osRtxThreadPostProcess)
    [Anonymous Symbol]                       0x08003df0   Section        0  rtx_thread.o(.text.osRtxThreadPostProcess)
    [Anonymous Symbol]                       0x08003e18   Section        0  rtx_thread.o(.text.osRtxThreadReadyPut)
    [Anonymous Symbol]                       0x08003e2c   Section        0  rtx_thread.o(.text.osRtxThreadRegPtr)
    [Anonymous Symbol]                       0x08003e34   Section        0  rtx_thread.o(.text.osRtxThreadStartup)
    __arm_cp.14_0                            0x08003e6c   Number         4  rtx_thread.o(.text.osRtxThreadStartup)
    __arm_cp.14_1                            0x08003e70   Number         4  rtx_thread.o(.text.osRtxThreadStartup)
    [Anonymous Symbol]                       0x08003e74   Section        0  rtx_thread.o(.text.osRtxThreadSwitch)
    __arm_cp.7_0                             0x08003e80   Number         4  rtx_thread.o(.text.osRtxThreadSwitch)
    [Anonymous Symbol]                       0x08003e84   Section        0  rtx_thread.o(.text.osRtxThreadWaitEnter)
    __arm_cp.12_0                            0x08003ec0   Number         4  rtx_thread.o(.text.osRtxThreadWaitEnter)
    [Anonymous Symbol]                       0x08003ec4   Section        0  rtx_thread.o(.text.osRtxThreadWaitExit)
    [Anonymous Symbol]                       0x08003ee8   Section        0  rtx_system.o(.text.osRtxTick_Handler)
    __arm_cp.0_0                             0x08003f64   Number         4  rtx_system.o(.text.osRtxTick_Handler)
    [Anonymous Symbol]                       0x08003f68   Section        0  rtx_timer.o(.text.osRtxTimerSetup)
    __arm_cp.0_0                             0x08003f84   Number         4  rtx_timer.o(.text.osRtxTimerSetup)
    __arm_cp.0_1                             0x08003f88   Number         4  rtx_timer.o(.text.osRtxTimerSetup)
    [Anonymous Symbol]                       0x08003f8c   Section        0  rtx_timer.o(.text.osRtxTimerThread)
    osRtxTimerTick                           0x08003fa9   Thumb Code   112  rtx_timer.o(.text.osRtxTimerTick)
    [Anonymous Symbol]                       0x08003fa8   Section        0  rtx_timer.o(.text.osRtxTimerTick)
    __arm_cp.1_0                             0x08004018   Number         4  rtx_timer.o(.text.osRtxTimerTick)
    [Anonymous Symbol]                       0x0800401c   Section        0  rtx_thread.o(.text.osThreadExit)
    __arm_cp.30_0                            0x08004024   Number         4  rtx_thread.o(.text.osThreadExit)
    [Anonymous Symbol]                       0x08004028   Section        0  rtx_thread.o(.text.osThreadNew)
    __arm_cp.16_0                            0x08004048   Number         4  rtx_thread.o(.text.osThreadNew)
    svcRtxDelay                              0x0800404d   Thumb Code    24  rtx_delay.o(.text.svcRtxDelay)
    [Anonymous Symbol]                       0x0800404c   Section        0  rtx_delay.o(.text.svcRtxDelay)
    svcRtxEventFlagsClear                    0x08004065   Thumb Code    46  rtx_evflags.o(.text.svcRtxEventFlagsClear)
    [Anonymous Symbol]                       0x08004064   Section        0  rtx_evflags.o(.text.svcRtxEventFlagsClear)
    svcRtxEventFlagsNew                      0x08004095   Thumb Code   108  rtx_evflags.o(.text.svcRtxEventFlagsNew)
    [Anonymous Symbol]                       0x08004094   Section        0  rtx_evflags.o(.text.svcRtxEventFlagsNew)
    __arm_cp.9_0                             0x08004100   Number         4  rtx_evflags.o(.text.svcRtxEventFlagsNew)
    __arm_cp.9_1                             0x08004104   Number         4  rtx_evflags.o(.text.svcRtxEventFlagsNew)
    svcRtxEventFlagsSet                      0x08004109   Thumb Code   118  rtx_evflags.o(.text.svcRtxEventFlagsSet)
    [Anonymous Symbol]                       0x08004108   Section        0  rtx_evflags.o(.text.svcRtxEventFlagsSet)
    svcRtxEventFlagsWait                     0x08004181   Thumb Code    92  rtx_evflags.o(.text.svcRtxEventFlagsWait)
    [Anonymous Symbol]                       0x08004180   Section        0  rtx_evflags.o(.text.svcRtxEventFlagsWait)
    svcRtxKernelGetState                     0x080041dd   Thumb Code     8  rtx_kernel.o(.text.svcRtxKernelGetState)
    [Anonymous Symbol]                       0x080041dc   Section        0  rtx_kernel.o(.text.svcRtxKernelGetState)
    svcRtxKernelGetTickCount                 0x080041e5   Thumb Code     8  rtx_kernel.o(.text.svcRtxKernelGetTickCount)
    [Anonymous Symbol]                       0x080041e4   Section        0  rtx_kernel.o(.text.svcRtxKernelGetTickCount)
    __arm_cp.14_0                            0x080041ec   Number         4  rtx_kernel.o(.text.svcRtxKernelGetTickCount)
    svcRtxKernelInitialize                   0x080041f1   Thumb Code   308  rtx_kernel.o(.text.svcRtxKernelInitialize)
    [Anonymous Symbol]                       0x080041f0   Section        0  rtx_kernel.o(.text.svcRtxKernelInitialize)
    __arm_cp.21_2                            0x08004324   Number         4  rtx_kernel.o(.text.svcRtxKernelInitialize)
    svcRtxKernelLock                         0x08004329   Thumb Code    32  rtx_kernel.o(.text.svcRtxKernelLock)
    [Anonymous Symbol]                       0x08004328   Section        0  rtx_kernel.o(.text.svcRtxKernelLock)
    __arm_cp.23_0                            0x08004348   Number         4  rtx_kernel.o(.text.svcRtxKernelLock)
    svcRtxKernelStart                        0x0800434d   Thumb Code   116  rtx_kernel.o(.text.svcRtxKernelStart)
    [Anonymous Symbol]                       0x0800434c   Section        0  rtx_kernel.o(.text.svcRtxKernelStart)
    __arm_cp.22_1                            0x080043c0   Number         4  rtx_kernel.o(.text.svcRtxKernelStart)
    __arm_cp.22_2                            0x080043c4   Number         4  rtx_kernel.o(.text.svcRtxKernelStart)
    __arm_cp.22_3                            0x080043c8   Number         4  rtx_kernel.o(.text.svcRtxKernelStart)
    svcRtxKernelUnlock                       0x080043cd   Thumb Code    32  rtx_kernel.o(.text.svcRtxKernelUnlock)
    [Anonymous Symbol]                       0x080043cc   Section        0  rtx_kernel.o(.text.svcRtxKernelUnlock)
    __arm_cp.24_0                            0x080043ec   Number         4  rtx_kernel.o(.text.svcRtxKernelUnlock)
    svcRtxMessageQueueGet                    0x080043f1   Thumb Code   200  rtx_msgqueue.o(.text.svcRtxMessageQueueGet)
    [Anonymous Symbol]                       0x080043f0   Section        0  rtx_msgqueue.o(.text.svcRtxMessageQueueGet)
    __arm_cp.22_0                            0x080044b8   Number         4  rtx_msgqueue.o(.text.svcRtxMessageQueueGet)
    svcRtxMessageQueueNew                    0x080044bd   Thumb Code   428  rtx_msgqueue.o(.text.svcRtxMessageQueueNew)
    [Anonymous Symbol]                       0x080044bc   Section        0  rtx_msgqueue.o(.text.svcRtxMessageQueueNew)
    __arm_cp.1_0                             0x08004668   Number         4  rtx_msgqueue.o(.text.svcRtxMessageQueueNew)
    __arm_cp.1_1                             0x0800466c   Number         4  rtx_msgqueue.o(.text.svcRtxMessageQueueNew)
    __arm_cp.1_2                             0x08004670   Number         4  rtx_msgqueue.o(.text.svcRtxMessageQueueNew)
    __arm_cp.1_3                             0x08004674   Number         4  rtx_msgqueue.o(.text.svcRtxMessageQueueNew)
    __arm_cp.1_4                             0x08004678   Number         4  rtx_msgqueue.o(.text.svcRtxMessageQueueNew)
    __arm_cp.1_5                             0x0800467c   Number         4  rtx_msgqueue.o(.text.svcRtxMessageQueueNew)
    svcRtxMessageQueuePut                    0x08004681   Thumb Code   172  rtx_msgqueue.o(.text.svcRtxMessageQueuePut)
    [Anonymous Symbol]                       0x08004680   Section        0  rtx_msgqueue.o(.text.svcRtxMessageQueuePut)
    __arm_cp.20_0                            0x0800472c   Number         4  rtx_msgqueue.o(.text.svcRtxMessageQueuePut)
    svcRtxMutexAcquire                       0x08004731   Thumb Code   148  rtx_mutex.o(.text.svcRtxMutexAcquire)
    [Anonymous Symbol]                       0x08004730   Section        0  rtx_mutex.o(.text.svcRtxMutexAcquire)
    __arm_cp.10_0                            0x080047c4   Number         4  rtx_mutex.o(.text.svcRtxMutexAcquire)
    svcRtxMutexDelete                        0x080047c9   Thumb Code   176  rtx_mutex.o(.text.svcRtxMutexDelete)
    [Anonymous Symbol]                       0x080047c8   Section        0  rtx_mutex.o(.text.svcRtxMutexDelete)
    __arm_cp.13_0                            0x08004878   Number         4  rtx_mutex.o(.text.svcRtxMutexDelete)
    svcRtxMutexNew                           0x0800487d   Thumb Code   108  rtx_mutex.o(.text.svcRtxMutexNew)
    [Anonymous Symbol]                       0x0800487c   Section        0  rtx_mutex.o(.text.svcRtxMutexNew)
    __arm_cp.8_0                             0x080048e8   Number         4  rtx_mutex.o(.text.svcRtxMutexNew)
    svcRtxMutexRelease                       0x080048ed   Thumb Code   184  rtx_mutex.o(.text.svcRtxMutexRelease)
    [Anonymous Symbol]                       0x080048ec   Section        0  rtx_mutex.o(.text.svcRtxMutexRelease)
    __arm_cp.11_0                            0x080049a4   Number         4  rtx_mutex.o(.text.svcRtxMutexRelease)
    svcRtxThreadExit                         0x080049a9   Thumb Code    72  rtx_thread.o(.text.svcRtxThreadExit)
    [Anonymous Symbol]                       0x080049a8   Section        0  rtx_thread.o(.text.svcRtxThreadExit)
    __arm_cp.53_0                            0x080049f0   Number         4  rtx_thread.o(.text.svcRtxThreadExit)
    svcRtxThreadNew                          0x080049f5   Thumb Code   484  rtx_thread.o(.text.svcRtxThreadNew)
    [Anonymous Symbol]                       0x080049f4   Section        0  rtx_thread.o(.text.svcRtxThreadNew)
    __arm_cp.15_0                            0x08004bd8   Number         4  rtx_thread.o(.text.svcRtxThreadNew)
    __arm_cp.15_1                            0x08004bdc   Number         4  rtx_thread.o(.text.svcRtxThreadNew)
    __arm_cp.15_2                            0x08004be0   Number         4  rtx_thread.o(.text.svcRtxThreadNew)
    __arm_cp.15_3                            0x08004be4   Number         4  rtx_thread.o(.text.svcRtxThreadNew)
    __arm_cp.15_4                            0x08004be8   Number         4  rtx_thread.o(.text.svcRtxThreadNew)
    __arm_cp.15_5                            0x08004bec   Number         4  rtx_thread.o(.text.svcRtxThreadNew)
    uart_transmit_thread                     0x08004bf1   Thumb Code   108  lto-llvm-e994a8.o(.text.uart_transmit_thread)
    [Anonymous Symbol]                       0x08004bf0   Section        0  lto-llvm-e994a8.o(.text.uart_transmit_thread)
    __arm_cp.0_0                             0x08004c5c   Number         4  lto-llvm-e994a8.o(.text.uart_transmit_thread)
    __arm_cp.0_1                             0x08004c60   Number         4  lto-llvm-e994a8.o(.text.uart_transmit_thread)
    __arm_cp.0_2                             0x08004c64   Number         4  lto-llvm-e994a8.o(.text.uart_transmit_thread)
    __arm_cp.0_3                             0x08004c68   Number         4  lto-llvm-e994a8.o(.text.uart_transmit_thread)
    __arm_cp.0_4                             0x08004c6c   Number         4  lto-llvm-e994a8.o(.text.uart_transmit_thread)
    __arm_cp.0_6                             0x08004c84   Number         4  lto-llvm-e994a8.o(.text.uart_transmit_thread)
    __arm_cp.0_7                             0x08004c88   Number         4  lto-llvm-e994a8.o(.text.uart_transmit_thread)
    i._feq                                   0x08004c8c   Section        0  fcmp.o(i._feq)
    i._fgr                                   0x08004ca2   Section        0  fcmp.o(i._fgr)
    i._fls                                   0x08004cb8   Section        0  fcmp.o(i._fls)
    x$fpl$fadd                               0x08004cd0   Section      140  faddsub.o(x$fpl$fadd)
    _fadd1                                   0x08004cdd   Thumb Code     0  faddsub.o(x$fpl$fadd)
    x$fpl$feqf                               0x08004d5c   Section       84  feqf.o(x$fpl$feqf)
    x$fpl$fgeqf                              0x08004db0   Section       84  fgef.o(x$fpl$fgeqf)
    x$fpl$fleqf                              0x08004e04   Section       84  flef.o(x$fpl$fleqf)
    x$fpl$fmul                               0x08004e58   Section      176  fmul.o(x$fpl$fmul)
    x$fpl$fsub                               0x08004f08   Section      208  faddsub.o(x$fpl$fsub)
    _fsub1                                   0x08004f15   Thumb Code     0  faddsub.o(x$fpl$fsub)
    ddiv_reciptbl                            0x08004fd8   Data         128  ddiv.o(.constdata)
    .constdata                               0x08004fd8   Section      128  ddiv.o(.constdata)
    x$fpl$usenofp                            0x08004fd8   Section        0  usenofp.o(x$fpl$usenofp)
    fdiv_tab                                 0x08005058   Data          64  fdiv.o(.constdata)
    .constdata                               0x08005058   Section       64  fdiv.o(.constdata)
    FlagsAttr_uart_event                     0x08005098   Data          16  lto-llvm-e994a8.o(.rodata)
    [Anonymous Symbol]                       0x08005098   Section        0  lto-llvm-e994a8.o(.rodata)
    ThreadAttr_uart_transmit                 0x080050a8   Data          36  lto-llvm-e994a8.o(.rodata)
    ThreadAttr_app_main                      0x080050cc   Data          36  lto-llvm-e994a8.o(.rodata)
    _DoInit._aInitStr                        0x080050f0   Data          17  lto-llvm-e994a8.o(.rodata)
    os_idle_thread_attr                      0x08005104   Data          36  lto-llvm-e994a8.o(.rodata)
    os_timer_thread_attr                     0x08005128   Data          36  lto-llvm-e994a8.o(.rodata)
    os_timer_mq_attr                         0x0800514c   Data          24  lto-llvm-e994a8.o(.rodata)
    __tagsym$$used.4                         0x08005168   Number         0  lto-llvm-e994a8.o(.rodata)
    __tagsym$$used.5                         0x080051d8   Number         0  lto-llvm-e994a8.o(.rodata)
    _PrintUnsigned._aV2C                     0x08005210   Data          16  lto-llvm-e994a8.o(.rodata.cst16)
    [Anonymous Symbol]                       0x08005210   Section        0  lto-llvm-e994a8.o(.rodata.cst16)
    [Anonymous Symbol]                       0x08005220   Section        0  lto-llvm-e994a8.o(.rodata.str1.1)
    [Anonymous Symbol]                       0x08005264   Section        0  rtx_kernel.o(.rodata.str1.4)
    uart_state                               0x20000000   Data           1  lto-llvm-e994a8.o(.data)
    [Anonymous Symbol]                       0x20000000   Section        0  lto-llvm-e994a8.o(.data)
    .bss                                     0x200000b0   Section       96  libspace.o(.bss)
    Voltage_queue                            0x20000110   Data         260  lto-llvm-e994a8.o(.bss)
    [Anonymous Symbol]                       0x20000110   Section        0  lto-llvm-e994a8.o(.bss)
    Current_queue                            0x20000214   Data         260  lto-llvm-e994a8.o(.bss)
    Power_queue                              0x20000318   Data         260  lto-llvm-e994a8.o(.bss)
    Temperature_queue                        0x2000041c   Data         260  lto-llvm-e994a8.o(.bss)
    uart_cmd                                 0x20000520   Data           4  lto-llvm-e994a8.o(.bss)
    mAh                                      0x20000524   Data           4  lto-llvm-e994a8.o(.bss)
    mWh                                      0x20000528   Data           4  lto-llvm-e994a8.o(.bss)
    time_past                                0x2000052c   Data           4  lto-llvm-e994a8.o(.bss)
    uart_transmit_ID                         0x20000530   Data           4  lto-llvm-e994a8.o(.bss)
    i2c_last_tick                            0x20000534   Data           4  lto-llvm-e994a8.o(.bss)
    app_main_ID                              0x20000538   Data           4  lto-llvm-e994a8.o(.bss)
    uart_rcv_count                           0x2000053c   Data           1  lto-llvm-e994a8.o(.bss)
    uart_rcv_buf                             0x20000540   Data          48  lto-llvm-e994a8.o(.bss)
    uart_rcv_len                             0x20000570   Data           1  lto-llvm-e994a8.o(.bss)
    uart_cmd_type                            0x20000571   Data           1  lto-llvm-e994a8.o(.bss)
    uart_event_flagID                        0x20000574   Data           4  lto-llvm-e994a8.o(.bss)
    ina226_info.0                            0x20000578   Data           4  lto-llvm-e994a8.o(.bss)
    ina226_info.1                            0x2000057c   Data           4  lto-llvm-e994a8.o(.bss)
    ina226_info.2                            0x20000580   Data           4  lto-llvm-e994a8.o(.bss)
    _SEGGER_RTT                              0x20000584   Data         168  lto-llvm-e994a8.o(.bss)
    _acUpBuffer                              0x2000062c   Data         512  lto-llvm-e994a8.o(.bss)
    _acDownBuffer                            0x2000082c   Data          16  lto-llvm-e994a8.o(.bss)
    os_kernel_is_active.os_kernel_active     0x2000083c   Data           1  lto-llvm-e994a8.o(.bss)
    PendST                                   0x2000083d   Data           1  os_systick.o(.bss.os)
    [Anonymous Symbol]                       0x2000083d   Section        0  os_systick.o(.bss.os)
    os_isr_queue                             0x20000840   Data          16  lto-llvm-e994a8.o(.bss.os)
    [Anonymous Symbol]                       0x20000840   Section        0  lto-llvm-e994a8.o(.bss.os)
    os_mem                                   0x20000850   Data        2048  lto-llvm-e994a8.o(.bss.os)
    os_timer_mq_cb                           0x20001050   Data          52  lto-llvm-e994a8.o(.bss.os.msgqueue.cb)
    [Anonymous Symbol]                       0x20001050   Section        0  lto-llvm-e994a8.o(.bss.os.msgqueue.cb)
    os_timer_mq_data                         0x20001084   Data          20  lto-llvm-e994a8.o(.bss.os.msgqueue.mem)
    [Anonymous Symbol]                       0x20001084   Section        0  lto-llvm-e994a8.o(.bss.os.msgqueue.mem)
    os_idle_thread_cb                        0x20001098   Data          68  lto-llvm-e994a8.o(.bss.os.thread.cb)
    [Anonymous Symbol]                       0x20001098   Section        0  lto-llvm-e994a8.o(.bss.os.thread.cb)
    os_timer_thread_cb                       0x200010dc   Data          68  lto-llvm-e994a8.o(.bss.os.thread.cb)
    os_idle_thread_stack                     0x20001120   Data         256  lto-llvm-e994a8.o(.bss.os.thread.idle.stack)
    [Anonymous Symbol]                       0x20001120   Section        0  lto-llvm-e994a8.o(.bss.os.thread.idle.stack)
    os_timer_thread_stack                    0x20001220   Data         256  lto-llvm-e994a8.o(.bss.os.thread.timer.stack)
    [Anonymous Symbol]                       0x20001220   Section        0  lto-llvm-e994a8.o(.bss.os.thread.timer.stack)
    Heap_Mem                                 0x20001320   Data         512  startup_stm32g030xx.o(HEAP)
    HEAP                                     0x20001320   Section      512  startup_stm32g030xx.o(HEAP)
    Stack_Mem                                0x20001520   Data        1024  startup_stm32g030xx.o(STACK)
    STACK                                    0x20001520   Section     1024  startup_stm32g030xx.o(STACK)
    __initial_sp                             0x20001920   Data           0  startup_stm32g030xx.o(STACK)

    Global Symbols

    Symbol Name                              Value     Ov Type        Size  Object(Section)

    BuildAttributes$$THM_ISAv3M$S$PE$A:L22$X:L11$S22$IEEE1$IW$~IW$USESV6$~STKCKD$USESV7$~SHL$OTIME$ROPI$IEEEF$EBA8$UX$STANDARDLIB$REQ8$PRES8$EABIv2 0x00000000   Number         0  anon$$obj.o ABSOLUTE
    .bss.os.evflags.cb$$Base                  - Undefined Weak Reference
    .bss.os.evflags.cb$$Limit                 - Undefined Weak Reference
    .bss.os.mempool.cb$$Base                  - Undefined Weak Reference
    .bss.os.mempool.cb$$Limit                 - Undefined Weak Reference
    .bss.os.mutex.cb$$Base                    - Undefined Weak Reference
    .bss.os.mutex.cb$$Limit                   - Undefined Weak Reference
    .bss.os.semaphore.cb$$Base                - Undefined Weak Reference
    .bss.os.semaphore.cb$$Limit               - Undefined Weak Reference
    .bss.os.timer.cb$$Base                    - Undefined Weak Reference
    .bss.os.timer.cb$$Limit                   - Undefined Weak Reference
    __ARM_exceptions_init                     - Undefined Weak Reference
    __alloca_initialize                       - Undefined Weak Reference
    __arm_preinit_                            - Undefined Weak Reference
    __arm_relocate_pie_                       - Undefined Weak Reference
    __cpp_initialize__aeabi_                  - Undefined Weak Reference
    __cxa_finalize                            - Undefined Weak Reference
    __rt_locale                               - Undefined Weak Reference
    __sigvec_lookup                           - Undefined Weak Reference
    _atexit_init                              - Undefined Weak Reference
    _call_atexit_fns                          - Undefined Weak Reference
    _clock_init                               - Undefined Weak Reference
    _fp_trap_init                             - Undefined Weak Reference
    _fp_trap_shutdown                         - Undefined Weak Reference
    _get_lc_collate                           - Undefined Weak Reference
    _get_lc_ctype                             - Undefined Weak Reference
    _get_lc_monetary                          - Undefined Weak Reference
    _get_lc_numeric                           - Undefined Weak Reference
    _get_lc_time                              - Undefined Weak Reference
    _getenv_init                              - Undefined Weak Reference
    _handle_redirection                       - Undefined Weak Reference
    _init_alloc                               - Undefined Weak Reference
    _init_user_alloc                          - Undefined Weak Reference
    _initio                                   - Undefined Weak Reference
    _rand_init                                - Undefined Weak Reference
    _signal_finish                            - Undefined Weak Reference
    _signal_init                              - Undefined Weak Reference
    _terminate_alloc                          - Undefined Weak Reference
    _terminate_user_alloc                     - Undefined Weak Reference
    _terminateio                              - Undefined Weak Reference
    __Vectors_Size                           0x000000c0   Number         0  startup_stm32g030xx.o ABSOLUTE
    __Vectors                                0x08000000   Data           4  startup_stm32g030xx.o(RESET)
    __Vectors_End                            0x080000c0   Data           0  startup_stm32g030xx.o(RESET)
    __main                                   0x080000c1   Thumb Code     8  __main.o(!!!main)
    __scatterload                            0x080000c9   Thumb Code     0  __scatter.o(!!!scatter)
    __scatterload_rt2                        0x080000c9   Thumb Code    52  __scatter.o(!!!scatter)
    __scatterload_rt2_thumb_only             0x080000c9   Thumb Code     0  __scatter.o(!!!scatter)
    __scatterload_null                       0x080000d9   Thumb Code     0  __scatter.o(!!!scatter)
    __scatterload_copy                       0x08000105   Thumb Code    26  __scatter_copy.o(!!handler_copy)
    __scatterload_zeroinit                   0x08000121   Thumb Code    28  __scatter_zi.o(!!handler_zi)
    __rt_lib_init                            0x0800013d   Thumb Code     0  libinit.o(.ARM.Collect$$libinit$$00000000)
    __rt_lib_init_alloca_1                   0x0800013f   Thumb Code     0  libinit2.o(.ARM.Collect$$libinit$$00000030)
    __rt_lib_init_argv_1                     0x0800013f   Thumb Code     0  libinit2.o(.ARM.Collect$$libinit$$0000002E)
    __rt_lib_init_atexit_1                   0x0800013f   Thumb Code     0  libinit2.o(.ARM.Collect$$libinit$$0000001D)
    __rt_lib_init_clock_1                    0x0800013f   Thumb Code     0  libinit2.o(.ARM.Collect$$libinit$$00000023)
    __rt_lib_init_cpp_1                      0x0800013f   Thumb Code     0  libinit2.o(.ARM.Collect$$libinit$$00000034)
    __rt_lib_init_exceptions_1               0x0800013f   Thumb Code     0  libinit2.o(.ARM.Collect$$libinit$$00000032)
    __rt_lib_init_fp_1                       0x0800013f   Thumb Code     0  libinit2.o(.ARM.Collect$$libinit$$00000002)
    __rt_lib_init_fp_trap_1                  0x0800013f   Thumb Code     0  libinit2.o(.ARM.Collect$$libinit$$00000021)
    __rt_lib_init_getenv_1                   0x0800013f   Thumb Code     0  libinit2.o(.ARM.Collect$$libinit$$00000025)
    __rt_lib_init_heap_1                     0x0800013f   Thumb Code     0  libinit2.o(.ARM.Collect$$libinit$$0000000C)
    __rt_lib_init_lc_collate_1               0x0800013f   Thumb Code     0  libinit2.o(.ARM.Collect$$libinit$$00000013)
    __rt_lib_init_lc_ctype_1                 0x0800013f   Thumb Code     0  libinit2.o(.ARM.Collect$$libinit$$00000015)
    __rt_lib_init_lc_monetary_1              0x0800013f   Thumb Code     0  libinit2.o(.ARM.Collect$$libinit$$00000017)
    __rt_lib_init_lc_numeric_1               0x0800013f   Thumb Code     0  libinit2.o(.ARM.Collect$$libinit$$00000019)
    __rt_lib_init_lc_time_1                  0x0800013f   Thumb Code     0  libinit2.o(.ARM.Collect$$libinit$$0000001B)
    __rt_lib_init_preinit_1                  0x0800013f   Thumb Code     0  libinit2.o(.ARM.Collect$$libinit$$00000006)
    __rt_lib_init_rand_1                     0x0800013f   Thumb Code     0  libinit2.o(.ARM.Collect$$libinit$$00000010)
    __rt_lib_init_relocate_pie_1             0x0800013f   Thumb Code     0  libinit2.o(.ARM.Collect$$libinit$$00000004)
    __rt_lib_init_return                     0x0800013f   Thumb Code     0  libinit2.o(.ARM.Collect$$libinit$$00000035)
    __rt_lib_init_signal_1                   0x0800013f   Thumb Code     0  libinit2.o(.ARM.Collect$$libinit$$0000001F)
    __rt_lib_init_stdio_1                    0x0800013f   Thumb Code     0  libinit2.o(.ARM.Collect$$libinit$$00000027)
    __rt_lib_init_user_alloc_1               0x0800013f   Thumb Code     0  libinit2.o(.ARM.Collect$$libinit$$0000000E)
    __rt_lib_shutdown                        0x08000141   Thumb Code     0  libshutdown.o(.ARM.Collect$$libshutdown$$00000000)
    __rt_lib_shutdown_cpp_1                  0x08000143   Thumb Code     0  libshutdown2.o(.ARM.Collect$$libshutdown$$00000002)
    __rt_lib_shutdown_fp_trap_1              0x08000143   Thumb Code     0  libshutdown2.o(.ARM.Collect$$libshutdown$$00000007)
    __rt_lib_shutdown_heap_1                 0x08000143   Thumb Code     0  libshutdown2.o(.ARM.Collect$$libshutdown$$0000000F)
    __rt_lib_shutdown_return                 0x08000143   Thumb Code     0  libshutdown2.o(.ARM.Collect$$libshutdown$$00000010)
    __rt_lib_shutdown_signal_1               0x08000143   Thumb Code     0  libshutdown2.o(.ARM.Collect$$libshutdown$$0000000A)
    __rt_lib_shutdown_stdio_1                0x08000143   Thumb Code     0  libshutdown2.o(.ARM.Collect$$libshutdown$$00000004)
    __rt_lib_shutdown_user_alloc_1           0x08000143   Thumb Code     0  libshutdown2.o(.ARM.Collect$$libshutdown$$0000000C)
    __rt_entry                               0x08000145   Thumb Code     0  __rtentry.o(.ARM.Collect$$rtentry$$00000000)
    __rt_entry_presh_1                       0x08000145   Thumb Code     0  __rtentry2.o(.ARM.Collect$$rtentry$$00000002)
    __rt_entry_sh                            0x08000145   Thumb Code     0  __rtentry4.o(.ARM.Collect$$rtentry$$00000004)
    __rt_entry_postsh_1                      0x0800014b   Thumb Code     0  __rtentry2.o(.ARM.Collect$$rtentry$$00000008)
    __rt_entry_li                            0x08000153   Thumb Code     0  __rtentry2.o(.ARM.Collect$$rtentry$$0000000A)
    __rt_entry_main                          0x08000157   Thumb Code     0  __rtentry2.o(.ARM.Collect$$rtentry$$0000000D)
    __rt_entry_postli_1                      0x08000157   Thumb Code     0  __rtentry2.o(.ARM.Collect$$rtentry$$0000000C)
    __rt_exit                                0x0800015f   Thumb Code     0  rtexit.o(.ARM.Collect$$rtexit$$00000000)
    __rt_exit_ls                             0x08000161   Thumb Code     0  rtexit2.o(.ARM.Collect$$rtexit$$00000003)
    __rt_exit_prels_1                        0x08000161   Thumb Code     0  rtexit2.o(.ARM.Collect$$rtexit$$00000002)
    __rt_exit_exit                           0x08000165   Thumb Code     0  rtexit2.o(.ARM.Collect$$rtexit$$00000004)
    __aeabi_memcpy4                          0x0800016d   Thumb Code    56  rt_memcpy.o(.emb_text)
    __aeabi_memcpy8                          0x0800016d   Thumb Code     0  rt_memcpy.o(.emb_text)
    Reset_Handler                            0x080001a5   Thumb Code     8  startup_stm32g030xx.o(.text)
    ADC1_IRQHandler                          0x080001b7   Thumb Code     0  startup_stm32g030xx.o(.text)
    DMA1_Ch4_5_DMAMUX1_OVR_IRQHandler        0x080001b7   Thumb Code     0  startup_stm32g030xx.o(.text)
    DMA1_Channel1_IRQHandler                 0x080001b7   Thumb Code     0  startup_stm32g030xx.o(.text)
    DMA1_Channel2_3_IRQHandler               0x080001b7   Thumb Code     0  startup_stm32g030xx.o(.text)
    EXTI0_1_IRQHandler                       0x080001b7   Thumb Code     0  startup_stm32g030xx.o(.text)
    EXTI2_3_IRQHandler                       0x080001b7   Thumb Code     0  startup_stm32g030xx.o(.text)
    EXTI4_15_IRQHandler                      0x080001b7   Thumb Code     0  startup_stm32g030xx.o(.text)
    FLASH_IRQHandler                         0x080001b7   Thumb Code     0  startup_stm32g030xx.o(.text)
    I2C1_IRQHandler                          0x080001b7   Thumb Code     0  startup_stm32g030xx.o(.text)
    I2C2_IRQHandler                          0x080001b7   Thumb Code     0  startup_stm32g030xx.o(.text)
    RCC_IRQHandler                           0x080001b7   Thumb Code     0  startup_stm32g030xx.o(.text)
    RTC_TAMP_IRQHandler                      0x080001b7   Thumb Code     0  startup_stm32g030xx.o(.text)
    SPI1_IRQHandler                          0x080001b7   Thumb Code     0  startup_stm32g030xx.o(.text)
    SPI2_IRQHandler                          0x080001b7   Thumb Code     0  startup_stm32g030xx.o(.text)
    TIM14_IRQHandler                         0x080001b7   Thumb Code     0  startup_stm32g030xx.o(.text)
    TIM16_IRQHandler                         0x080001b7   Thumb Code     0  startup_stm32g030xx.o(.text)
    TIM17_IRQHandler                         0x080001b7   Thumb Code     0  startup_stm32g030xx.o(.text)
    TIM1_BRK_UP_TRG_COM_IRQHandler           0x080001b7   Thumb Code     0  startup_stm32g030xx.o(.text)
    TIM1_CC_IRQHandler                       0x080001b7   Thumb Code     0  startup_stm32g030xx.o(.text)
    TIM3_IRQHandler                          0x080001b7   Thumb Code     0  startup_stm32g030xx.o(.text)
    USART1_IRQHandler                        0x080001b7   Thumb Code     0  startup_stm32g030xx.o(.text)
    WWDG_IRQHandler                          0x080001b7   Thumb Code     0  startup_stm32g030xx.o(.text)
    __user_initial_stackheap                 0x080001b9   Thumb Code     0  startup_stm32g030xx.o(.text)
    SVC_Handler                              0x080001dd   Thumb Code   132  irq_armv6m.o(.text)
    PendSV_Handler                           0x08000261   Thumb Code    12  irq_armv6m.o(.text)
    SysTick_Handler                          0x0800026d   Thumb Code    12  irq_armv6m.o(.text)
    __aeabi_memcpy                           0x08000281   Thumb Code   130  rt_memcpy.o(.text)
    __rt_memcpy                              0x08000281   Thumb Code     0  rt_memcpy.o(.text)
    _memset_w                                0x08000303   Thumb Code    26  rt_memclr.o(.text)
    _memset                                  0x0800031d   Thumb Code    30  rt_memclr.o(.text)
    __aeabi_memclr                           0x0800033b   Thumb Code     4  rt_memclr.o(.text)
    __rt_memclr                              0x0800033b   Thumb Code     0  rt_memclr.o(.text)
    __aeabi_memclr4                          0x0800033f   Thumb Code     0  rt_memclr.o(.text)
    __aeabi_memclr8                          0x0800033f   Thumb Code     0  rt_memclr.o(.text)
    __rt_memclr_w                            0x0800033f   Thumb Code     4  rt_memclr.o(.text)
    __aeabi_uidiv                            0x08000345   Thumb Code     0  aeabi_sdiv.o(.text)
    __aeabi_uidivmod                         0x08000345   Thumb Code    20  aeabi_sdiv.o(.text)
    __aeabi_idiv                             0x08000359   Thumb Code     0  aeabi_sdiv.o(.text)
    __aeabi_idivmod                          0x08000359   Thumb Code   338  aeabi_sdiv.o(.text)
    __use_two_region_memory                  0x080004b1   Thumb Code     2  heapauxi.o(.text)
    __rt_heap_escrow$2region                 0x080004b3   Thumb Code     2  heapauxi.o(.text)
    __rt_heap_expand$2region                 0x080004b5   Thumb Code     2  heapauxi.o(.text)
    __user_setup_stackheap                   0x080004b7   Thumb Code    62  sys_stackheap_outer.o(.text)
    exit                                     0x080004f5   Thumb Code    16  exit.o(.text)
    __user_libspace                          0x08000505   Thumb Code     8  libspace.o(.text)
    __user_perproc_libspace                  0x08000505   Thumb Code     0  libspace.o(.text)
    _sys_exit                                0x0800050d   Thumb Code     8  sys_exit.o(.text)
    __I$use$semihosting                      0x08000519   Thumb Code     0  use_no_semi.o(.text)
    __use_no_semihosting_swi                 0x08000519   Thumb Code     2  use_no_semi.o(.text)
    __semihosting_library_function           0x0800051b   Thumb Code     0  indicate_semi.o(.text)
    __aeabi_d2f                              0x0800051d   Thumb Code     0  d2f.o(.text)
    _d2f                                     0x0800051d   Thumb Code   120  d2f.o(.text)
    __aeabi_ddiv                             0x08000599   Thumb Code     0  ddiv.o(.text)
    _ddiv                                    0x08000599   Thumb Code  1072  ddiv.o(.text)
    _drdiv                                   0x080009c9   Thumb Code    20  ddiv.o(.text)
    __aeabi_i2d_normalise                    0x080009e1   Thumb Code    66  dflti.o(.text)
    __aeabi_i2d                              0x08000a23   Thumb Code    16  dflti.o(.text)
    _dflt                                    0x08000a23   Thumb Code     0  dflti.o(.text)
    __aeabi_ui2d                             0x08000a33   Thumb Code     6  dflti.o(.text)
    _dfltu                                   0x08000a33   Thumb Code     0  dflti.o(.text)
    __aeabi_dmul                             0x08000a39   Thumb Code     0  dmul.o(.text)
    _dmul                                    0x08000a39   Thumb Code   558  dmul.o(.text)
    __aeabi_f2d                              0x08000c81   Thumb Code     0  f2d.o(.text)
    _f2d                                     0x08000c81   Thumb Code    80  f2d.o(.text)
    __aeabi_fdiv                             0x08000cd5   Thumb Code     0  fdiv.o(.text)
    _fdiv                                    0x08000cd5   Thumb Code   334  fdiv.o(.text)
    _frdiv                                   0x08000e23   Thumb Code     8  fdiv.o(.text)
    __aeabi_f2iz                             0x08000e35   Thumb Code     0  ffixi.o(.text)
    _ffix                                    0x08000e35   Thumb Code    76  ffixi.o(.text)
    __aeabi_i2f_normalise                    0x08000e81   Thumb Code    72  fflti.o(.text)
    __aeabi_i2f                              0x08000ec9   Thumb Code    16  fflti.o(.text)
    _fflt                                    0x08000ec9   Thumb Code     0  fflti.o(.text)
    __aeabi_ui2f                             0x08000ed9   Thumb Code     6  fflti.o(.text)
    _ffltu                                   0x08000ed9   Thumb Code     0  fflti.o(.text)
    __fpl_fcmp_InfNaN                        0x08000ee1   Thumb Code    96  fcmpin.o(.text)
    __fpl_cmpreturn                          0x08000f45   Thumb Code    46  cmpret.o(.text)
    __fpl_fcheck_NaN2                        0x08000f75   Thumb Code    10  fnan2.o(.text)
    __fpl_return_NaN                         0x08000f85   Thumb Code    94  retnan.o(.text)
    HardFault_Handler                        0x0800102d   Thumb Code     2  lto-llvm-e994a8.o(.text.HardFault_Handler)
    NMI_Handler                              0x08001995   Thumb Code     2  lto-llvm-e994a8.o(.text.NMI_Handler)
    OS_Tick_AcknowledgeIRQ                   0x08001999   Thumb Code     8  os_systick.o(.text.OS_Tick_AcknowledgeIRQ)
    OS_Tick_Enable                           0x080019a1   Thumb Code    32  os_systick.o(.text.OS_Tick_Enable)
    OS_Tick_GetIRQn                          0x080019c5   Thumb Code     6  os_systick.o(.text.OS_Tick_GetIRQn)
    OS_Tick_Setup                            0x080019cd   Thumb Code    60  os_systick.o(.text.OS_Tick_Setup)
    SystemInit                               0x080020b5   Thumb Code     2  lto-llvm-e994a8.o(.text.SystemInit)
    USART2_IRQHandler                        0x080025d1   Thumb Code   220  lto-llvm-e994a8.o(.text.USART2_IRQHandler)
    _mutex_acquire                           0x08002a59   Thumb Code    44  lto-llvm-e994a8.o(.text._mutex_acquire)
    _mutex_free                              0x08002a85   Thumb Code    10  lto-llvm-e994a8.o(.text._mutex_free)
    _mutex_initialize                        0x08002a8f   Thumb Code    34  lto-llvm-e994a8.o(.text._mutex_initialize)
    _mutex_release                           0x08002ab1   Thumb Code    40  lto-llvm-e994a8.o(.text._mutex_release)
    _platform_post_stackheap_init            0x08002add   Thumb Code     8  lto-llvm-e994a8.o(.text._platform_post_stackheap_init)
    main                                     0x08002eb9   Thumb Code  1052  lto-llvm-e994a8.o(.text.main)
    osDelay                                  0x0800339d   Thumb Code    36  rtx_delay.o(.text.osDelay)
    osEventFlagsClear                        0x080033c5   Thumb Code    32  rtx_evflags.o(.text.osEventFlagsClear)
    osEventFlagsNew                          0x080033e9   Thumb Code    32  rtx_evflags.o(.text.osEventFlagsNew)
    osEventFlagsSet                          0x0800340d   Thumb Code    72  rtx_evflags.o(.text.osEventFlagsSet)
    osEventFlagsWait                         0x08003459   Thumb Code    64  rtx_evflags.o(.text.osEventFlagsWait)
    osKernelGetState                         0x0800349d   Thumb Code    40  rtx_kernel.o(.text.osKernelGetState)
    osKernelGetTickCount                     0x080034c9   Thumb Code    32  rtx_kernel.o(.text.osKernelGetTickCount)
    osKernelInitialize                       0x080034f1   Thumb Code    36  rtx_kernel.o(.text.osKernelInitialize)
    osKernelLock                             0x08003519   Thumb Code    32  rtx_kernel.o(.text.osKernelLock)
    osKernelStart                            0x0800353d   Thumb Code    32  rtx_kernel.o(.text.osKernelStart)
    osKernelUnlock                           0x08003561   Thumb Code    32  rtx_kernel.o(.text.osKernelUnlock)
    osMessageQueueGet                        0x08003585   Thumb Code   112  rtx_msgqueue.o(.text.osMessageQueueGet)
    osMessageQueuePut                        0x080035f9   Thumb Code   112  rtx_msgqueue.o(.text.osMessageQueuePut)
    osMutexAcquire                           0x0800366d   Thumb Code    36  rtx_mutex.o(.text.osMutexAcquire)
    osMutexDelete                            0x08003695   Thumb Code    36  rtx_mutex.o(.text.osMutexDelete)
    osMutexNew                               0x080036bd   Thumb Code    32  rtx_mutex.o(.text.osMutexNew)
    osMutexRelease                           0x080036e1   Thumb Code    36  rtx_mutex.o(.text.osMutexRelease)
    osRtxErrorNotify                         0x08003709   Thumb Code     2  lto-llvm-e994a8.o(.text.osRtxErrorNotify)
    osRtxIdleThread                          0x0800373f   Thumb Code     2  lto-llvm-e994a8.o(.text.osRtxIdleThread)
    osRtxKernelErrorNotify                   0x08003741   Thumb Code     8  rtx_kernel.o(.text.osRtxKernelErrorNotify)
    osRtxKernelPreInit                       0x08003749   Thumb Code     2  rtx_kernel.o(.text.osRtxKernelPreInit)
    osRtxMemoryAlloc                         0x0800374b   Thumb Code   120  rtx_memory.o(.text.osRtxMemoryAlloc)
    osRtxMemoryFree                          0x080037c3   Thumb Code    78  rtx_memory.o(.text.osRtxMemoryFree)
    osRtxMemoryInit                          0x08003811   Thumb Code    46  rtx_memory.o(.text.osRtxMemoryInit)
    osRtxMemoryPoolAlloc                     0x0800383f   Thumb Code    42  rtx_mempool.o(.text.osRtxMemoryPoolAlloc)
    osRtxMemoryPoolFree                      0x08003869   Thumb Code    54  rtx_mempool.o(.text.osRtxMemoryPoolFree)
    osRtxMemoryPoolInit                      0x0800389f   Thumb Code    60  rtx_mempool.o(.text.osRtxMemoryPoolInit)
    osRtxMessageQueueTimerSetup              0x08003999   Thumb Code    32  rtx_msgqueue.o(.text.osRtxMessageQueueTimerSetup)
    osRtxMutexOwnerRelease                   0x080039bd   Thumb Code    68  rtx_mutex.o(.text.osRtxMutexOwnerRelease)
    osRtxMutexOwnerRestore                   0x08003a01   Thumb Code    70  rtx_mutex.o(.text.osRtxMutexOwnerRestore)
    osRtxPendSV_Handler                      0x08003a49   Thumb Code   128  rtx_system.o(.text.osRtxPendSV_Handler)
    osRtxPostProcess                         0x08003ac9   Thumb Code   104  rtx_system.o(.text.osRtxPostProcess)
    osRtxThreadDelayTick                     0x08003c39   Thumb Code    84  rtx_thread.o(.text.osRtxThreadDelayTick)
    osRtxThreadDispatch                      0x08003cb5   Thumb Code    76  rtx_thread.o(.text.osRtxThreadDispatch)
    osRtxThreadListGet                       0x08003d75   Thumb Code    20  rtx_thread.o(.text.osRtxThreadListGet)
    osRtxThreadListPut                       0x08003d89   Thumb Code    44  rtx_thread.o(.text.osRtxThreadListPut)
    osRtxThreadListRemove                    0x08003db5   Thumb Code    24  rtx_thread.o(.text.osRtxThreadListRemove)
    osRtxThreadListSort                      0x08003dcd   Thumb Code    36  rtx_thread.o(.text.osRtxThreadListSort)
    osRtxThreadReadyPut                      0x08003e19   Thumb Code    20  rtx_thread.o(.text.osRtxThreadReadyPut)
    osRtxThreadRegPtr                        0x08003e2d   Thumb Code     6  rtx_thread.o(.text.osRtxThreadRegPtr)
    osRtxThreadStartup                       0x08003e35   Thumb Code    56  rtx_thread.o(.text.osRtxThreadStartup)
    osRtxThreadSwitch                        0x08003e75   Thumb Code    12  rtx_thread.o(.text.osRtxThreadSwitch)
    osRtxThreadWaitEnter                     0x08003e85   Thumb Code    60  rtx_thread.o(.text.osRtxThreadWaitEnter)
    osRtxThreadWaitExit                      0x08003ec5   Thumb Code    34  rtx_thread.o(.text.osRtxThreadWaitExit)
    osRtxTick_Handler                        0x08003ee9   Thumb Code   124  rtx_system.o(.text.osRtxTick_Handler)
    osRtxTimerSetup                          0x08003f69   Thumb Code    28  rtx_timer.o(.text.osRtxTimerSetup)
    osRtxTimerThread                         0x08003f8d   Thumb Code    28  rtx_timer.o(.text.osRtxTimerThread)
    osThreadExit                             0x0800401d   Thumb Code     8  rtx_thread.o(.text.osThreadExit)
    osThreadNew                              0x08004029   Thumb Code    32  rtx_thread.o(.text.osThreadNew)
    __aeabi_fcmpeq                           0x08004c8d   Thumb Code     0  fcmp.o(i._feq)
    _feq                                     0x08004c8d   Thumb Code    22  fcmp.o(i._feq)
    __aeabi_fcmpgt                           0x08004ca3   Thumb Code     0  fcmp.o(i._fgr)
    _fgr                                     0x08004ca3   Thumb Code    22  fcmp.o(i._fgr)
    __aeabi_fcmplt                           0x08004cb9   Thumb Code     0  fcmp.o(i._fls)
    _fls                                     0x08004cb9   Thumb Code    22  fcmp.o(i._fls)
    __aeabi_fadd                             0x08004cd1   Thumb Code     0  faddsub.o(x$fpl$fadd)
    _fadd                                    0x08004cd1   Thumb Code   134  faddsub.o(x$fpl$fadd)
    __aeabi_cfcmpeq                          0x08004d5d   Thumb Code     0  feqf.o(x$fpl$feqf)
    _fcmpeq                                  0x08004d5d   Thumb Code    78  feqf.o(x$fpl$feqf)
    _fcmpge                                  0x08004db1   Thumb Code    78  fgef.o(x$fpl$fgeqf)
    __aeabi_cfcmple                          0x08004e05   Thumb Code     0  flef.o(x$fpl$fleqf)
    _fcmple                                  0x08004e05   Thumb Code    78  flef.o(x$fpl$fleqf)
    __aeabi_fmul                             0x08004e59   Thumb Code     0  fmul.o(x$fpl$fmul)
    _fmul                                    0x08004e59   Thumb Code   172  fmul.o(x$fpl$fmul)
    __aeabi_fsub                             0x08004f09   Thumb Code     0  faddsub.o(x$fpl$fsub)
    _fsub                                    0x08004f09   Thumb Code   204  faddsub.o(x$fpl$fsub)
    __I$use$fp                               0x08004fd8   Number         0  usenofp.o(x$fpl$usenofp)
    osRtxUserSVC                             0x08005164   Data           4  lto-llvm-e994a8.o(.rodata)
    osRtxConfig                              0x08005168   Data         112  lto-llvm-e994a8.o(.rodata)
    os_cb_sections                           0x080051d8   Data          56  lto-llvm-e994a8.o(.rodata)
    Region$$Table$$Base                      0x08005270   Number         0  anon$$obj.o(Region$$Table)
    Region$$Table$$Limit                     0x08005290   Number         0  anon$$obj.o(Region$$Table)
    SystemCoreClock                          0x20000004   Data           4  lto-llvm-e994a8.o(.data)
    osRtxInfo                                0x20000008   Data         164  rtx_kernel.o(.data.os)
    __libspace_start                         0x200000b0   Data          96  libspace.o(.bss)
    __temporary_stack_top$libspace           0x20000110   Data           0  libspace.o(.bss)
    .bss.os.msgqueue.cb$$Base                0x20001050   Number         0  lto-llvm-e994a8.o(.bss.os.msgqueue.cb)
    .bss.os.msgqueue.cb$$Limit               0x20001084   Number         0  lto-llvm-e994a8.o(.bss.os.msgqueue.cb)
    .bss.os.thread.cb$$Base                  0x20001098   Number         0  lto-llvm-e994a8.o(.bss.os.thread.cb)
    .bss.os.thread.cb$$Limit                 0x20001120   Number         0  lto-llvm-e994a8.o(.bss.os.thread.cb)



==============================================================================

Memory Map of the image

  Image Entry point : 0x080000c1

  Load Region LR_IROM1 (Base: 0x08000000, Size: 0x00005340, Max: 0x00008000, ABSOLUTE)

    Execution Region ER_IROM1 (Exec base: 0x08000000, Load base: 0x08000000, Size: 0x00005290, Max: 0x00008000, ABSOLUTE)

    Exec Addr    Load Addr    Size         Type   Attr      Idx    E Section Name        Object

    0x08000000   0x08000000   0x000000c0   Data   RO            3    RESET               startup_stm32g030xx.o
    0x080000c0   0x080000c0   0x00000008   Code   RO          553  * !!!main             c_p.l(__main.o)
    0x080000c8   0x080000c8   0x0000003c   Code   RO          854    !!!scatter          c_p.l(__scatter.o)
    0x08000104   0x08000104   0x0000001a   Code   RO          856    !!handler_copy      c_p.l(__scatter_copy.o)
    0x0800011e   0x0800011e   0x00000002   PAD
    0x08000120   0x08000120   0x0000001c   Code   RO          858    !!handler_zi        c_p.l(__scatter_zi.o)
    0x0800013c   0x0800013c   0x00000002   Code   RO          589    .ARM.Collect$$libinit$$00000000  c_p.l(libinit.o)
    0x0800013e   0x0800013e   0x00000000   Code   RO          603    .ARM.Collect$$libinit$$00000002  c_p.l(libinit2.o)
    0x0800013e   0x0800013e   0x00000000   Code   RO          605    .ARM.Collect$$libinit$$00000004  c_p.l(libinit2.o)
    0x0800013e   0x0800013e   0x00000000   Code   RO          607    .ARM.Collect$$libinit$$00000006  c_p.l(libinit2.o)
    0x0800013e   0x0800013e   0x00000000   Code   RO          610    .ARM.Collect$$libinit$$0000000C  c_p.l(libinit2.o)
    0x0800013e   0x0800013e   0x00000000   Code   RO          612    .ARM.Collect$$libinit$$0000000E  c_p.l(libinit2.o)
    0x0800013e   0x0800013e   0x00000000   Code   RO          614    .ARM.Collect$$libinit$$00000010  c_p.l(libinit2.o)
    0x0800013e   0x0800013e   0x00000000   Code   RO          617    .ARM.Collect$$libinit$$00000013  c_p.l(libinit2.o)
    0x0800013e   0x0800013e   0x00000000   Code   RO          619    .ARM.Collect$$libinit$$00000015  c_p.l(libinit2.o)
    0x0800013e   0x0800013e   0x00000000   Code   RO          621    .ARM.Collect$$libinit$$00000017  c_p.l(libinit2.o)
    0x0800013e   0x0800013e   0x00000000   Code   RO          623    .ARM.Collect$$libinit$$00000019  c_p.l(libinit2.o)
    0x0800013e   0x0800013e   0x00000000   Code   RO          625    .ARM.Collect$$libinit$$0000001B  c_p.l(libinit2.o)
    0x0800013e   0x0800013e   0x00000000   Code   RO          627    .ARM.Collect$$libinit$$0000001D  c_p.l(libinit2.o)
    0x0800013e   0x0800013e   0x00000000   Code   RO          629    .ARM.Collect$$libinit$$0000001F  c_p.l(libinit2.o)
    0x0800013e   0x0800013e   0x00000000   Code   RO          631    .ARM.Collect$$libinit$$00000021  c_p.l(libinit2.o)
    0x0800013e   0x0800013e   0x00000000   Code   RO          633    .ARM.Collect$$libinit$$00000023  c_p.l(libinit2.o)
    0x0800013e   0x0800013e   0x00000000   Code   RO          635    .ARM.Collect$$libinit$$00000025  c_p.l(libinit2.o)
    0x0800013e   0x0800013e   0x00000000   Code   RO          637    .ARM.Collect$$libinit$$00000027  c_p.l(libinit2.o)
    0x0800013e   0x0800013e   0x00000000   Code   RO          641    .ARM.Collect$$libinit$$0000002E  c_p.l(libinit2.o)
    0x0800013e   0x0800013e   0x00000000   Code   RO          643    .ARM.Collect$$libinit$$00000030  c_p.l(libinit2.o)
    0x0800013e   0x0800013e   0x00000000   Code   RO          645    .ARM.Collect$$libinit$$00000032  c_p.l(libinit2.o)
    0x0800013e   0x0800013e   0x00000000   Code   RO          647    .ARM.Collect$$libinit$$00000034  c_p.l(libinit2.o)
    0x0800013e   0x0800013e   0x00000002   Code   RO          648    .ARM.Collect$$libinit$$00000035  c_p.l(libinit2.o)
    0x08000140   0x08000140   0x00000002   Code   RO          683    .ARM.Collect$$libshutdown$$00000000  c_p.l(libshutdown.o)
    0x08000142   0x08000142   0x00000000   Code   RO          711    .ARM.Collect$$libshutdown$$00000002  c_p.l(libshutdown2.o)
    0x08000142   0x08000142   0x00000000   Code   RO          713    .ARM.Collect$$libshutdown$$00000004  c_p.l(libshutdown2.o)
    0x08000142   0x08000142   0x00000000   Code   RO          716    .ARM.Collect$$libshutdown$$00000007  c_p.l(libshutdown2.o)
    0x08000142   0x08000142   0x00000000   Code   RO          719    .ARM.Collect$$libshutdown$$0000000A  c_p.l(libshutdown2.o)
    0x08000142   0x08000142   0x00000000   Code   RO          721    .ARM.Collect$$libshutdown$$0000000C  c_p.l(libshutdown2.o)
    0x08000142   0x08000142   0x00000000   Code   RO          724    .ARM.Collect$$libshutdown$$0000000F  c_p.l(libshutdown2.o)
    0x08000142   0x08000142   0x00000002   Code   RO          725    .ARM.Collect$$libshutdown$$00000010  c_p.l(libshutdown2.o)
    0x08000144   0x08000144   0x00000000   Code   RO          555    .ARM.Collect$$rtentry$$00000000  c_p.l(__rtentry.o)
    0x08000144   0x08000144   0x00000000   Code   RO          561    .ARM.Collect$$rtentry$$00000002  c_p.l(__rtentry2.o)
    0x08000144   0x08000144   0x00000006   Code   RO          573    .ARM.Collect$$rtentry$$00000004  c_p.l(__rtentry4.o)
    0x0800014a   0x0800014a   0x00000008   Code   RO          562    .ARM.Collect$$rtentry$$00000008  c_p.l(__rtentry2.o)
    0x08000152   0x08000152   0x00000004   Code   RO          564    .ARM.Collect$$rtentry$$0000000A  c_p.l(__rtentry2.o)
    0x08000156   0x08000156   0x00000000   Code   RO          566    .ARM.Collect$$rtentry$$0000000C  c_p.l(__rtentry2.o)
    0x08000156   0x08000156   0x00000008   Code   RO          567    .ARM.Collect$$rtentry$$0000000D  c_p.l(__rtentry2.o)
    0x0800015e   0x0800015e   0x00000002   Code   RO          594    .ARM.Collect$$rtexit$$00000000  c_p.l(rtexit.o)
    0x08000160   0x08000160   0x00000000   Code   RO          654    .ARM.Collect$$rtexit$$00000002  c_p.l(rtexit2.o)
    0x08000160   0x08000160   0x00000004   Code   RO          655    .ARM.Collect$$rtexit$$00000003  c_p.l(rtexit2.o)
    0x08000164   0x08000164   0x00000006   Code   RO          656    .ARM.Collect$$rtexit$$00000004  c_p.l(rtexit2.o)
    0x0800016a   0x0800016a   0x00000002   PAD
    0x0800016c   0x0800016c   0x00000038   Code   RO          541    .emb_text           c_p.l(rt_memcpy.o)
    0x080001a4   0x080001a4   0x00000038   Code   RO            4    .text               startup_stm32g030xx.o
    0x080001dc   0x080001dc   0x000000a4   Code   RO          365    .text               RTX_CM0.lib(irq_armv6m.o)
    0x08000280   0x08000280   0x00000082   Code   RO          542    .text               c_p.l(rt_memcpy.o)
    0x08000302   0x08000302   0x00000040   Code   RO          545    .text               c_p.l(rt_memclr.o)
    0x08000342   0x08000342   0x00000002   PAD
    0x08000344   0x08000344   0x0000016c   Code   RO          547    .text               c_p.l(aeabi_sdiv.o)
    0x080004b0   0x080004b0   0x00000006   Code   RO          551    .text               c_p.l(heapauxi.o)
    0x080004b6   0x080004b6   0x0000003e   Code   RO          577    .text               c_p.l(sys_stackheap_outer.o)
    0x080004f4   0x080004f4   0x00000010   Code   RO          580    .text               c_p.l(exit.o)
    0x08000504   0x08000504   0x00000008   Code   RO          590    .text               c_p.l(libspace.o)
    0x0800050c   0x0800050c   0x0000000c   Code   RO          649    .text               c_p.l(sys_exit.o)
    0x08000518   0x08000518   0x00000002   Code   RO          672    .text               c_p.l(use_no_semi.o)
    0x0800051a   0x0800051a   0x00000000   Code   RO          674    .text               c_p.l(indicate_semi.o)
    0x0800051a   0x0800051a   0x00000002   PAD
    0x0800051c   0x0800051c   0x0000007c   Code   RO          799    .text               fz_ps.l(d2f.o)
    0x08000598   0x08000598   0x00000448   Code   RO          801    .text               fz_ps.l(ddiv.o)
    0x080009e0   0x080009e0   0x00000058   Code   RO          804    .text               fz_ps.l(dflti.o)
    0x08000a38   0x08000a38   0x00000248   Code   RO          806    .text               fz_ps.l(dmul.o)
    0x08000c80   0x08000c80   0x00000054   Code   RO          808    .text               fz_ps.l(f2d.o)
    0x08000cd4   0x08000cd4   0x00000160   Code   RO          828    .text               fz_ps.l(fdiv.o)
    0x08000e34   0x08000e34   0x0000004c   Code   RO          831    .text               fz_ps.l(ffixi.o)
    0x08000e80   0x08000e80   0x0000005e   Code   RO          833    .text               fz_ps.l(fflti.o)
    0x08000ede   0x08000ede   0x00000002   PAD
    0x08000ee0   0x08000ee0   0x00000064   Code   RO          844    .text               fz_ps.l(fcmpin.o)
    0x08000f44   0x08000f44   0x0000002e   Code   RO          846    .text               fz_ps.l(cmpret.o)
    0x08000f72   0x08000f72   0x00000002   PAD
    0x08000f74   0x08000f74   0x00000010   Code   RO          848    .text               fz_ps.l(fnan2.o)
    0x08000f84   0x08000f84   0x0000005e   Code   RO          850    .text               fz_ps.l(retnan.o)
    0x08000fe2   0x08000fe2   0x0000004a   Code   RO          312    .text.EventFlagsCheck  RTX_CM0.lib(rtx_evflags.o)
    0x0800102c   0x0800102c   0x00000002   Code   RO          735    .text.HardFault_Handler  lto-llvm-e994a8.o
    0x0800102e   0x0800102e   0x00000002   PAD
    0x08001030   0x08001030   0x00000470   Code   RO          741    .text.INA226_Read_2Byte  lto-llvm-e994a8.o
    0x080014a0   0x080014a0   0x0000037c   Code   RO          743    .text.INA226_Write_2Byte  lto-llvm-e994a8.o
    0x0800181c   0x0800181c   0x000000ba   Code   RO          757    .text.LL_GPIO_Init  lto-llvm-e994a8.o
    0x080018d6   0x080018d6   0x00000042   Code   RO          481    .text.MessageQueueGet  RTX_CM0.lib(rtx_msgqueue.o)
    0x08001918   0x08001918   0x0000005e   Code   RO          475    .text.MessageQueuePut  RTX_CM0.lib(rtx_msgqueue.o)
    0x08001976   0x08001976   0x0000001e   Code   RO          473    .text.MessageQueueRemove  RTX_CM0.lib(rtx_msgqueue.o)
    0x08001994   0x08001994   0x00000002   Code   RO          733    .text.NMI_Handler   lto-llvm-e994a8.o
    0x08001996   0x08001996   0x00000002   PAD
    0x08001998   0x08001998   0x00000008   Code   RO          517    .text.OS_Tick_AcknowledgeIRQ  RTX_CM0.lib(os_systick.o)
    0x080019a0   0x080019a0   0x00000024   Code   RO          513    .text.OS_Tick_Enable  RTX_CM0.lib(os_systick.o)
    0x080019c4   0x080019c4   0x00000006   Code   RO          519    .text.OS_Tick_GetIRQn  RTX_CM0.lib(os_systick.o)
    0x080019ca   0x080019ca   0x00000002   PAD
    0x080019cc   0x080019cc   0x0000004c   Code   RO          511    .text.OS_Tick_Setup  RTX_CM0.lib(os_systick.o)
    0x08001a18   0x08001a18   0x0000011c   Code   RO          747    .text.SEGGER_RTT_SetTerminal  lto-llvm-e994a8.o
    0x08001b34   0x08001b34   0x000001d4   Code   RO          745    .text.SEGGER_RTT_Write  lto-llvm-e994a8.o
    0x08001d08   0x08001d08   0x000003ac   Code   RO          753    .text.SEGGER_RTT_printf  lto-llvm-e994a8.o
    0x080020b4   0x080020b4   0x00000002   Code   RO          759    .text.SystemInit    lto-llvm-e994a8.o
    0x080020b6   0x080020b6   0x00000002   PAD
    0x080020b8   0x080020b8   0x00000480   Code   RO          739    .text.TMP1075_Read_2Byte  lto-llvm-e994a8.o
    0x08002538   0x08002538   0x0000004a   Code   RO          176    .text.ThreadFlagsCheck  RTX_CM0.lib(rtx_thread.o)
    0x08002582   0x08002582   0x00000002   PAD
    0x08002584   0x08002584   0x0000004c   Code   RO          266    .text.TimerInsert   RTX_CM0.lib(rtx_timer.o)
    0x080025d0   0x080025d0   0x000000f8   Code   RO          737    .text.USART2_IRQHandler  lto-llvm-e994a8.o
    0x080026c8   0x080026c8   0x000001be   Code   RO          749    .text._PrintInt     lto-llvm-e994a8.o
    0x08002886   0x08002886   0x00000002   PAD
    0x08002888   0x08002888   0x000001d0   Code   RO          751    .text._PrintUnsigned  lto-llvm-e994a8.o
    0x08002a58   0x08002a58   0x0000002c   Code   RO          761    .text._mutex_acquire  lto-llvm-e994a8.o
    0x08002a84   0x08002a84   0x0000000a   Code   RO          763    .text._mutex_free   lto-llvm-e994a8.o
    0x08002a8e   0x08002a8e   0x00000022   Code   RO          765    .text._mutex_initialize  lto-llvm-e994a8.o
    0x08002ab0   0x08002ab0   0x0000002c   Code   RO          767    .text._mutex_release  lto-llvm-e994a8.o
    0x08002adc   0x08002adc   0x00000008   Code   RO          769    .text._platform_post_stackheap_init  lto-llvm-e994a8.o
    0x08002ae4   0x08002ae4   0x000002bc   Code   RO          729    .text.app_main      lto-llvm-e994a8.o
    0x08002da0   0x08002da0   0x00000118   Code   RO          755    .text.enqueue       lto-llvm-e994a8.o
    0x08002eb8   0x08002eb8   0x000004e4   Code   RO          731    .text.main          lto-llvm-e994a8.o
    0x0800339c   0x0800339c   0x00000028   Code   RO          232    .text.osDelay       RTX_CM0.lib(rtx_delay.o)
    0x080033c4   0x080033c4   0x00000024   Code   RO          296    .text.osEventFlagsClear  RTX_CM0.lib(rtx_evflags.o)
    0x080033e8   0x080033e8   0x00000024   Code   RO          290    .text.osEventFlagsNew  RTX_CM0.lib(rtx_evflags.o)
    0x0800340c   0x0800340c   0x0000004c   Code   RO          294    .text.osEventFlagsSet  RTX_CM0.lib(rtx_evflags.o)
    0x08003458   0x08003458   0x00000044   Code   RO          304    .text.osEventFlagsWait  RTX_CM0.lib(rtx_evflags.o)
    0x0800349c   0x0800349c   0x0000002c   Code   RO           40    .text.osKernelGetState  RTX_CM0.lib(rtx_kernel.o)
    0x080034c8   0x080034c8   0x00000028   Code   RO           56    .text.osKernelGetTickCount  RTX_CM0.lib(rtx_kernel.o)
    0x080034f0   0x080034f0   0x00000028   Code   RO           34    .text.osKernelInitialize  RTX_CM0.lib(rtx_kernel.o)
    0x08003518   0x08003518   0x00000024   Code   RO           46    .text.osKernelLock  RTX_CM0.lib(rtx_kernel.o)
    0x0800353c   0x0800353c   0x00000024   Code   RO           44    .text.osKernelStart  RTX_CM0.lib(rtx_kernel.o)
    0x08003560   0x08003560   0x00000024   Code   RO           48    .text.osKernelUnlock  RTX_CM0.lib(rtx_kernel.o)
    0x08003584   0x08003584   0x00000074   Code   RO          449    .text.osMessageQueueGet  RTX_CM0.lib(rtx_msgqueue.o)
    0x080035f8   0x080035f8   0x00000074   Code   RO          447    .text.osMessageQueuePut  RTX_CM0.lib(rtx_msgqueue.o)
    0x0800366c   0x0800366c   0x00000028   Code   RO          338    .text.osMutexAcquire  RTX_CM0.lib(rtx_mutex.o)
    0x08003694   0x08003694   0x00000028   Code   RO          344    .text.osMutexDelete  RTX_CM0.lib(rtx_mutex.o)
    0x080036bc   0x080036bc   0x00000024   Code   RO          334    .text.osMutexNew    RTX_CM0.lib(rtx_mutex.o)
    0x080036e0   0x080036e0   0x00000028   Code   RO          340    .text.osMutexRelease  RTX_CM0.lib(rtx_mutex.o)
    0x08003708   0x08003708   0x00000002   Code   RO          775    .text.osRtxErrorNotify  lto-llvm-e994a8.o
    0x0800370a   0x0800370a   0x00000034   Code   RO          310    .text.osRtxEventFlagsPostProcess  RTX_CM0.lib(rtx_evflags.o)
    0x0800373e   0x0800373e   0x00000002   Code   RO          773    .text.osRtxIdleThread  lto-llvm-e994a8.o
    0x08003740   0x08003740   0x00000008   Code   RO           32    .text.osRtxKernelErrorNotify  RTX_CM0.lib(rtx_kernel.o)
    0x08003748   0x08003748   0x00000002   Code   RO           30    .text.osRtxKernelPreInit  RTX_CM0.lib(rtx_kernel.o)
    0x0800374a   0x0800374a   0x00000078   Code   RO          375    .text.osRtxMemoryAlloc  RTX_CM0.lib(rtx_memory.o)
    0x080037c2   0x080037c2   0x0000004e   Code   RO          377    .text.osRtxMemoryFree  RTX_CM0.lib(rtx_memory.o)
    0x08003810   0x08003810   0x0000002e   Code   RO          373    .text.osRtxMemoryInit  RTX_CM0.lib(rtx_memory.o)
    0x0800383e   0x0800383e   0x0000002a   Code   RO          389    .text.osRtxMemoryPoolAlloc  RTX_CM0.lib(rtx_mempool.o)
    0x08003868   0x08003868   0x00000036   Code   RO          391    .text.osRtxMemoryPoolFree  RTX_CM0.lib(rtx_mempool.o)
    0x0800389e   0x0800389e   0x0000003c   Code   RO          387    .text.osRtxMemoryPoolInit  RTX_CM0.lib(rtx_mempool.o)
    0x080038da   0x080038da   0x000000bc   Code   RO          471    .text.osRtxMessageQueuePostProcess  RTX_CM0.lib(rtx_msgqueue.o)
    0x08003996   0x08003996   0x00000002   PAD
    0x08003998   0x08003998   0x00000024   Code   RO          439    .text.osRtxMessageQueueTimerSetup  RTX_CM0.lib(rtx_msgqueue.o)
    0x080039bc   0x080039bc   0x00000044   Code   RO          330    .text.osRtxMutexOwnerRelease  RTX_CM0.lib(rtx_mutex.o)
    0x08003a00   0x08003a00   0x00000046   Code   RO          332    .text.osRtxMutexOwnerRestore  RTX_CM0.lib(rtx_mutex.o)
    0x08003a46   0x08003a46   0x00000002   PAD
    0x08003a48   0x08003a48   0x00000080   Code   RO          499    .text.osRtxPendSV_Handler  RTX_CM0.lib(rtx_system.o)
    0x08003ac8   0x08003ac8   0x0000006c   Code   RO          501    .text.osRtxPostProcess  RTX_CM0.lib(rtx_system.o)
    0x08003b34   0x08003b34   0x00000034   Code   RO          116    .text.osRtxThreadBlock  RTX_CM0.lib(rtx_thread.o)
    0x08003b68   0x08003b68   0x0000008c   Code   RO          124    .text.osRtxThreadDelayInsert  RTX_CM0.lib(rtx_thread.o)
    0x08003bf4   0x08003bf4   0x00000044   Code   RO          120    .text.osRtxThreadDelayRemove  RTX_CM0.lib(rtx_thread.o)
    0x08003c38   0x08003c38   0x00000054   Code   RO          108    .text.osRtxThreadDelayTick  RTX_CM0.lib(rtx_thread.o)
    0x08003c8c   0x08003c8c   0x00000028   Code   RO          208    .text.osRtxThreadDestroy  RTX_CM0.lib(rtx_thread.o)
    0x08003cb4   0x08003cb4   0x0000004c   Code   RO          114    .text.osRtxThreadDispatch  RTX_CM0.lib(rtx_thread.o)
    0x08003d00   0x08003d00   0x00000054   Code   RO          200    .text.osRtxThreadFree  RTX_CM0.lib(rtx_thread.o)
    0x08003d54   0x08003d54   0x00000020   Code   RO          206    .text.osRtxThreadJoinWakeup  RTX_CM0.lib(rtx_thread.o)
    0x08003d74   0x08003d74   0x00000014   Code   RO          100    .text.osRtxThreadListGet  RTX_CM0.lib(rtx_thread.o)
    0x08003d88   0x08003d88   0x0000002c   Code   RO           98    .text.osRtxThreadListPut  RTX_CM0.lib(rtx_thread.o)
    0x08003db4   0x08003db4   0x00000018   Code   RO          104    .text.osRtxThreadListRemove  RTX_CM0.lib(rtx_thread.o)
    0x08003dcc   0x08003dcc   0x00000024   Code   RO          102    .text.osRtxThreadListSort  RTX_CM0.lib(rtx_thread.o)
    0x08003df0   0x08003df0   0x00000026   Code   RO          174    .text.osRtxThreadPostProcess  RTX_CM0.lib(rtx_thread.o)
    0x08003e16   0x08003e16   0x00000002   PAD
    0x08003e18   0x08003e18   0x00000014   Code   RO          106    .text.osRtxThreadReadyPut  RTX_CM0.lib(rtx_thread.o)
    0x08003e2c   0x08003e2c   0x00000006   Code   RO          110    .text.osRtxThreadRegPtr  RTX_CM0.lib(rtx_thread.o)
    0x08003e32   0x08003e32   0x00000002   PAD
    0x08003e34   0x08003e34   0x00000040   Code   RO          126    .text.osRtxThreadStartup  RTX_CM0.lib(rtx_thread.o)
    0x08003e74   0x08003e74   0x00000010   Code   RO          112    .text.osRtxThreadSwitch  RTX_CM0.lib(rtx_thread.o)
    0x08003e84   0x08003e84   0x00000040   Code   RO          122    .text.osRtxThreadWaitEnter  RTX_CM0.lib(rtx_thread.o)
    0x08003ec4   0x08003ec4   0x00000022   Code   RO          118    .text.osRtxThreadWaitExit  RTX_CM0.lib(rtx_thread.o)
    0x08003ee6   0x08003ee6   0x00000002   PAD
    0x08003ee8   0x08003ee8   0x00000080   Code   RO          497    .text.osRtxTick_Handler  RTX_CM0.lib(rtx_system.o)
    0x08003f68   0x08003f68   0x00000024   Code   RO          248    .text.osRtxTimerSetup  RTX_CM0.lib(rtx_timer.o)
    0x08003f8c   0x08003f8c   0x0000001c   Code   RO          252    .text.osRtxTimerThread  RTX_CM0.lib(rtx_timer.o)
    0x08003fa8   0x08003fa8   0x00000074   Code   RO          250    .text.osRtxTimerTick  RTX_CM0.lib(rtx_timer.o)
    0x0800401c   0x0800401c   0x0000000c   Code   RO          158    .text.osThreadExit  RTX_CM0.lib(rtx_thread.o)
    0x08004028   0x08004028   0x00000024   Code   RO          130    .text.osThreadNew   RTX_CM0.lib(rtx_thread.o)
    0x0800404c   0x0800404c   0x00000018   Code   RO          236    .text.svcRtxDelay   RTX_CM0.lib(rtx_delay.o)
    0x08004064   0x08004064   0x0000002e   Code   RO          298    .text.svcRtxEventFlagsClear  RTX_CM0.lib(rtx_evflags.o)
    0x08004092   0x08004092   0x00000002   PAD
    0x08004094   0x08004094   0x00000074   Code   RO          308    .text.svcRtxEventFlagsNew  RTX_CM0.lib(rtx_evflags.o)
    0x08004108   0x08004108   0x00000076   Code   RO          316    .text.svcRtxEventFlagsSet  RTX_CM0.lib(rtx_evflags.o)
    0x0800417e   0x0800417e   0x00000002   PAD
    0x08004180   0x08004180   0x0000005c   Code   RO          318    .text.svcRtxEventFlagsWait  RTX_CM0.lib(rtx_evflags.o)
    0x080041dc   0x080041dc   0x00000008   Code   RO           42    .text.svcRtxKernelGetState  RTX_CM0.lib(rtx_kernel.o)
    0x080041e4   0x080041e4   0x0000000c   Code   RO           58    .text.svcRtxKernelGetTickCount  RTX_CM0.lib(rtx_kernel.o)
    0x080041f0   0x080041f0   0x00000138   Code   RO           72    .text.svcRtxKernelInitialize  RTX_CM0.lib(rtx_kernel.o)
    0x08004328   0x08004328   0x00000024   Code   RO           76    .text.svcRtxKernelLock  RTX_CM0.lib(rtx_kernel.o)
    0x0800434c   0x0800434c   0x00000080   Code   RO           74    .text.svcRtxKernelStart  RTX_CM0.lib(rtx_kernel.o)
    0x080043cc   0x080043cc   0x00000024   Code   RO           78    .text.svcRtxKernelUnlock  RTX_CM0.lib(rtx_kernel.o)
    0x080043f0   0x080043f0   0x000000cc   Code   RO          483    .text.svcRtxMessageQueueGet  RTX_CM0.lib(rtx_msgqueue.o)
    0x080044bc   0x080044bc   0x000001c4   Code   RO          441    .text.svcRtxMessageQueueNew  RTX_CM0.lib(rtx_msgqueue.o)
    0x08004680   0x08004680   0x000000b0   Code   RO          479    .text.svcRtxMessageQueuePut  RTX_CM0.lib(rtx_msgqueue.o)
    0x08004730   0x08004730   0x00000098   Code   RO          350    .text.svcRtxMutexAcquire  RTX_CM0.lib(rtx_mutex.o)
    0x080047c8   0x080047c8   0x000000b4   Code   RO          356    .text.svcRtxMutexDelete  RTX_CM0.lib(rtx_mutex.o)
    0x0800487c   0x0800487c   0x00000070   Code   RO          346    .text.svcRtxMutexNew  RTX_CM0.lib(rtx_mutex.o)
    0x080048ec   0x080048ec   0x000000bc   Code   RO          352    .text.svcRtxMutexRelease  RTX_CM0.lib(rtx_mutex.o)
    0x080049a8   0x080049a8   0x0000004c   Code   RO          204    .text.svcRtxThreadExit  RTX_CM0.lib(rtx_thread.o)
    0x080049f4   0x080049f4   0x000001fc   Code   RO          128    .text.svcRtxThreadNew  RTX_CM0.lib(rtx_thread.o)
    0x08004bf0   0x08004bf0   0x0000009c   Code   RO          727    .text.uart_transmit_thread  lto-llvm-e994a8.o
    0x08004c8c   0x08004c8c   0x00000016   Code   RO          816    i._feq              fz_ps.l(fcmp.o)
    0x08004ca2   0x08004ca2   0x00000016   Code   RO          818    i._fgr              fz_ps.l(fcmp.o)
    0x08004cb8   0x08004cb8   0x00000016   Code   RO          820    i._fls              fz_ps.l(fcmp.o)
    0x08004cce   0x08004cce   0x00000002   PAD
    0x08004cd0   0x08004cd0   0x0000008c   Code   RO          810    x$fpl$fadd          fz_ps.l(faddsub.o)
    0x08004d5c   0x08004d5c   0x00000054   Code   RO          837    x$fpl$feqf          fz_ps.l(feqf.o)
    0x08004db0   0x08004db0   0x00000054   Code   RO          839    x$fpl$fgeqf         fz_ps.l(fgef.o)
    0x08004e04   0x08004e04   0x00000054   Code   RO          841    x$fpl$fleqf         fz_ps.l(flef.o)
    0x08004e58   0x08004e58   0x000000b0   Code   RO          835    x$fpl$fmul          fz_ps.l(fmul.o)
    0x08004f08   0x08004f08   0x000000d0   Code   RO          812    x$fpl$fsub          fz_ps.l(faddsub.o)
    0x08004fd8   0x08004fd8   0x00000000   Code   RO          843    x$fpl$usenofp       fz_ps.l(usenofp.o)
    0x08004fd8   0x08004fd8   0x00000080   Data   RO          802    .constdata          fz_ps.l(ddiv.o)
    0x08005058   0x08005058   0x00000040   Data   RO          829    .constdata          fz_ps.l(fdiv.o)
    0x08005098   0x08005098   0x000000d0   Data   RO          778    .rodata             lto-llvm-e994a8.o
    0x08005168   0x08005168   0x00000070   Data   RO          784    .rodata             lto-llvm-e994a8.o
    0x080051d8   0x080051d8   0x00000038   Data   RO          785    .rodata             lto-llvm-e994a8.o
    0x08005210   0x08005210   0x00000010   Data   RO          782    .rodata.cst16       lto-llvm-e994a8.o
    0x08005220   0x08005220   0x00000043   Data   RO          779    .rodata.str1.1      lto-llvm-e994a8.o
    0x08005263   0x08005263   0x00000001   PAD
    0x08005264   0x08005264   0x0000000b   Data   RO           88    .rodata.str1.4      RTX_CM0.lib(rtx_kernel.o)
    0x0800526f   0x0800526f   0x00000001   PAD
    0x08005270   0x08005270   0x00000020   Data   RO          853    Region$$Table       anon$$obj.o


    Execution Region RW_IRAM1 (Exec base: 0x20000000, Load base: 0x08005290, Size: 0x00001920, Max: 0x00002000, ABSOLUTE)

    Exec Addr    Load Addr    Size         Type   Attr      Idx    E Section Name        Object

    0x20000000   0x08005290   0x00000008   Data   RW          781    .data               lto-llvm-e994a8.o
    0x20000008   0x08005298   0x000000a4   Data   RW           89    .data.os            RTX_CM0.lib(rtx_kernel.o)
    0x200000ac   0x0800533c   0x00000004   PAD
    0x200000b0        -       0x00000060   Zero   RW          591    .bss                c_p.l(libspace.o)
    0x20000110        -       0x0000072d   Zero   RW          777    .bss                lto-llvm-e994a8.o
    0x2000083d        -       0x00000001   Zero   RW          529    .bss.os             RTX_CM0.lib(os_systick.o)
    0x2000083e   0x0800533c   0x00000002   PAD
    0x20000840        -       0x00000810   Zero   RW          783    .bss.os             lto-llvm-e994a8.o
    0x20001050        -       0x00000034   Zero   RW          790    .bss.os.msgqueue.cb  lto-llvm-e994a8.o
    0x20001084        -       0x00000014   Zero   RW          791    .bss.os.msgqueue.mem  lto-llvm-e994a8.o
    0x20001098        -       0x00000088   Zero   RW          787    .bss.os.thread.cb   lto-llvm-e994a8.o
    0x20001120        -       0x00000100   Zero   RW          788    .bss.os.thread.idle.stack  lto-llvm-e994a8.o
    0x20001220        -       0x00000100   Zero   RW          789    .bss.os.thread.timer.stack  lto-llvm-e994a8.o
    0x20001320        -       0x00000200   Zero   RW            2    HEAP                startup_stm32g030xx.o
    0x20001520        -       0x00000400   Zero   RW            1    STACK               startup_stm32g030xx.o


==============================================================================

Image component sizes


      Code (inc. data)   RO Data    RW Data    ZI Data      Debug   Object Name

      8754        774        459          8       4621      65009   lto-llvm-e994a8.o
        56         26        192          0       1536        616   startup_stm32g030xx.o

    ----------------------------------------------------------------------
      8818        800        684          8       6157      65625   Object Totals
         0          0         32          0          0          0   (incl. Generated)
         8          0          1          0          0          0   (incl. Padding)

    ----------------------------------------------------------------------

      Code (inc. data)   RO Data    RW Data    ZI Data      Debug   Library Member Name

       164          8          0          0          0        658   irq_armv6m.o
       126         20          0          0          1       2812   os_systick.o
        64          4          0          0          0       2729   rtx_delay.o
       714         24          0          0          0      12579   rtx_evflags.o
       774         56         11        164          0      15793   rtx_kernel.o
       244          0          0          0          0       2665   rtx_memory.o
       156          0          0          0          0      14433   rtx_mempool.o
      1478         44          0          0          0      18183   rtx_msgqueue.o
       926         32          0          0          0       9527   rtx_mutex.o
       364         18          0          0          0       4871   rtx_system.o
      1648         56          0          0          0      31596   rtx_thread.o
       256         16          0          0          0       9965   rtx_timer.o
         8          0          0          0          0         68   __main.o
         0          0          0          0          0          0   __rtentry.o
        20          0          0          0          0          0   __rtentry2.o
         6          0          0          0          0          0   __rtentry4.o
        60          8          0          0          0          0   __scatter.o
        26          0          0          0          0          0   __scatter_copy.o
        28          0          0          0          0          0   __scatter_zi.o
       364          4          0          0          0         92   aeabi_sdiv.o
        16          0          0          0          0         68   exit.o
         6          0          0          0          0        136   heapauxi.o
         0          0          0          0          0          0   indicate_semi.o
         2          0          0          0          0          0   libinit.o
         2          0          0          0          0          0   libinit2.o
         2          0          0          0          0          0   libshutdown.o
         2          0          0          0          0          0   libshutdown2.o
         8          4          0          0         96         68   libspace.o
        64          0          0          0          0        108   rt_memclr.o
       186          0          0          0          0        144   rt_memcpy.o
         2          0          0          0          0          0   rtexit.o
        10          0          0          0          0          0   rtexit2.o
        12          4          0          0          0         60   sys_exit.o
        62          0          0          0          0         80   sys_stackheap_outer.o
         2          0          0          0          0         68   use_no_semi.o
        46          0          0          0          0         60   cmpret.o
       124          4          0          0          0         72   d2f.o
      1096         26        128          0          0        112   ddiv.o
        88          0          0          0          0         92   dflti.o
       584         26          0          0          0         84   dmul.o
        84          4          0          0          0         60   f2d.o
       348          8          0          0          0        160   faddsub.o
        66          0          0          0          0        204   fcmp.o
       100          4          0          0          0         68   fcmpin.o
       352         10         64          0          0         92   fdiv.o
        84          4          0          0          0         76   feqf.o
        76          0          0          0          0         68   ffixi.o
        94          0          0          0          0         92   fflti.o
        84          4          0          0          0         76   fgef.o
        84          4          0          0          0         76   flef.o
       176          4          0          0          0         80   fmul.o
        16          6          0          0          0         68   fnan2.o
        94          0          0          0          0         68   retnan.o
         0          0          0          0          0          0   usenofp.o

    ----------------------------------------------------------------------
     11430        402        204        164        103     128311   Library Totals
        32          0          1          0          6          0   (incl. Padding)

    ----------------------------------------------------------------------

      Code (inc. data)   RO Data    RW Data    ZI Data      Debug   Library Name

      6914        278         11        164          1     125811   RTX_CM0.lib
       888         20          0          0         96        892   c_p.l
      3596        104        192          0          0       1608   fz_ps.l

    ----------------------------------------------------------------------
     11430        402        204        164        103     128311   Library Totals

    ----------------------------------------------------------------------

==============================================================================


      Code (inc. data)   RO Data    RW Data    ZI Data      Debug   

     20248       1202        888        172       6260     192460   Grand Totals
     20248       1202        888        172       6260     192460   ELF Image Totals
     20248       1202        888        172          0          0   ROM Totals

==============================================================================

    Total RO  Size (Code + RO Data)                21136 (  20.64kB)
    Total RW  Size (RW Data + ZI Data)              6432 (   6.28kB)
    Total ROM Size (Code + RO Data + RW Data)      21308 (  20.81kB)

==============================================================================

