Component: Arm Compiler for Embedded 6.18 Tool: armlink [5e4cc100]

==============================================================================

Section Cross References

    startup_stm32g030xx.o(STACK) refers (Special) to heapauxi.o(.text) for __use_two_region_memory
    startup_stm32g030xx.o(HEAP) refers (Special) to heapauxi.o(.text) for __use_two_region_memory
    startup_stm32g030xx.o(RESET) refers (Special) to heapauxi.o(.text) for __use_two_region_memory
    startup_stm32g030xx.o(RESET) refers to startup_stm32g030xx.o(STACK) for __initial_sp
    startup_stm32g030xx.o(RESET) refers to startup_stm32g030xx.o(.text) for Reset_Handler
    startup_stm32g030xx.o(RESET) refers to lto-llvm-b284cc.o(.text.NMI_Handler) for NMI_Handler
    startup_stm32g030xx.o(RESET) refers to lto-llvm-b284cc.o(.text.HardFault_Handler) for HardFault_Handler
    startup_stm32g030xx.o(RESET) refers to irq_armv6m.o(.text) for SVC_Handler
    startup_stm32g030xx.o(RESET) refers to lto-llvm-b284cc.o(.text.USART2_IRQHandler) for USART2_IRQHandler
    startup_stm32g030xx.o(.text) refers (Special) to heapauxi.o(.text) for __use_two_region_memory
    startup_stm32g030xx.o(.text) refers to lto-llvm-b284cc.o(.text.SystemInit) for SystemInit
    startup_stm32g030xx.o(.text) refers to __main.o(!!!main) for __main
    startup_stm32g030xx.o(.text) refers to startup_stm32g030xx.o(HEAP) for Heap_Mem
    startup_stm32g030xx.o(.text) refers to startup_stm32g030xx.o(STACK) for Stack_Mem
    rtx_kernel.o(.ARM.exidx.text.osRtxKernelPreInit) refers to rtx_kernel.o(.text.osRtxKernelPreInit) for [Anonymous Symbol]
    rtx_kernel.o(.text.osRtxKernelErrorNotify) refers to lto-llvm-b284cc.o(.text.osRtxErrorNotify) for osRtxErrorNotify
    rtx_kernel.o(.ARM.exidx.text.osRtxKernelErrorNotify) refers to rtx_kernel.o(.text.osRtxKernelErrorNotify) for [Anonymous Symbol]
    rtx_kernel.o(.text.osKernelInitialize) refers to rtx_kernel.o(.text.osRtxKernelPreInit) for osRtxKernelPreInit
    rtx_kernel.o(.text.osKernelInitialize) refers to rtx_kernel.o(.text.svcRtxKernelInitialize) for svcRtxKernelInitialize
    rtx_kernel.o(.ARM.exidx.text.osKernelInitialize) refers to rtx_kernel.o(.text.osKernelInitialize) for [Anonymous Symbol]
    rtx_kernel.o(.text.osKernelGetInfo) refers to rtx_kernel.o(.text.svcRtxKernelGetInfo) for svcRtxKernelGetInfo
    rtx_kernel.o(.ARM.exidx.text.osKernelGetInfo) refers to rtx_kernel.o(.text.osKernelGetInfo) for [Anonymous Symbol]
    rtx_kernel.o(.text.svcRtxKernelGetInfo) refers to rt_memcpy.o(.text) for __aeabi_memcpy
    rtx_kernel.o(.text.svcRtxKernelGetInfo) refers to rtx_kernel.o(.rodata.str1.4) for [Anonymous Symbol]
    rtx_kernel.o(.ARM.exidx.text.svcRtxKernelGetInfo) refers to rtx_kernel.o(.text.svcRtxKernelGetInfo) for [Anonymous Symbol]
    rtx_kernel.o(.text.osKernelGetState) refers to rtx_kernel.o(.text.svcRtxKernelGetState) for svcRtxKernelGetState
    rtx_kernel.o(.text.osKernelGetState) refers to rtx_kernel.o(.data.os) for osRtxInfo
    rtx_kernel.o(.ARM.exidx.text.osKernelGetState) refers to rtx_kernel.o(.text.osKernelGetState) for [Anonymous Symbol]
    rtx_kernel.o(.text.svcRtxKernelGetState) refers to rtx_kernel.o(.data.os) for osRtxInfo
    rtx_kernel.o(.ARM.exidx.text.svcRtxKernelGetState) refers to rtx_kernel.o(.text.svcRtxKernelGetState) for [Anonymous Symbol]
    rtx_kernel.o(.text.osKernelStart) refers to rtx_kernel.o(.text.svcRtxKernelStart) for svcRtxKernelStart
    rtx_kernel.o(.ARM.exidx.text.osKernelStart) refers to rtx_kernel.o(.text.osKernelStart) for [Anonymous Symbol]
    rtx_kernel.o(.text.osKernelLock) refers to rtx_kernel.o(.text.svcRtxKernelLock) for svcRtxKernelLock
    rtx_kernel.o(.ARM.exidx.text.osKernelLock) refers to rtx_kernel.o(.text.osKernelLock) for [Anonymous Symbol]
    rtx_kernel.o(.text.osKernelUnlock) refers to rtx_kernel.o(.text.svcRtxKernelUnlock) for svcRtxKernelUnlock
    rtx_kernel.o(.ARM.exidx.text.osKernelUnlock) refers to rtx_kernel.o(.text.osKernelUnlock) for [Anonymous Symbol]
    rtx_kernel.o(.text.osKernelRestoreLock) refers to rtx_kernel.o(.text.svcRtxKernelRestoreLock) for svcRtxKernelRestoreLock
    rtx_kernel.o(.ARM.exidx.text.osKernelRestoreLock) refers to rtx_kernel.o(.text.osKernelRestoreLock) for [Anonymous Symbol]
    rtx_kernel.o(.text.osKernelSuspend) refers to rtx_kernel.o(.text.svcRtxKernelSuspend) for svcRtxKernelSuspend
    rtx_kernel.o(.ARM.exidx.text.osKernelSuspend) refers to rtx_kernel.o(.text.osKernelSuspend) for [Anonymous Symbol]
    rtx_kernel.o(.text.osKernelResume) refers to rtx_kernel.o(.text.svcRtxKernelResume) for svcRtxKernelResume
    rtx_kernel.o(.ARM.exidx.text.osKernelResume) refers to rtx_kernel.o(.text.osKernelResume) for [Anonymous Symbol]
    rtx_kernel.o(.text.osKernelGetTickCount) refers to rtx_kernel.o(.data.os) for osRtxInfo
    rtx_kernel.o(.text.osKernelGetTickCount) refers to rtx_kernel.o(.text.svcRtxKernelGetTickCount) for svcRtxKernelGetTickCount
[...]
    .ARM.Collect$$rtentry$$0000000D          0x08000156   Section        8  __rtentry2.o(.ARM.Collect$$rtentry$$0000000D)
    .ARM.Collect$$rtexit$$00000000           0x0800015e   Section        2  rtexit.o(.ARM.Collect$$rtexit$$00000000)
    .ARM.Collect$$rtexit$$00000002           0x08000160   Section        0  rtexit2.o(.ARM.Collect$$rtexit$$00000002)
    .ARM.Collect$$rtexit$$00000003           0x08000160   Section        4  rtexit2.o(.ARM.Collect$$rtexit$$00000003)
    .ARM.Collect$$rtexit$$00000004           0x08000164   Section        6  rtexit2.o(.ARM.Collect$$rtexit$$00000004)
    .emb_text                                0x0800016c   Section       56  rt_memcpy.o(.emb_text)
    .text                                    0x080001a4   Section       56  startup_stm32g030xx.o(.text)
    [Anonymous Symbol]                       0x080001dc   Section        0  irq_armv6m.o(.text)
    SVC_Number                               0x080001e6   Number         0  irq_armv6m.o(.text)
    SVC_Context                              0x080001fc   Number         0  irq_armv6m.o(.text)
    SVC_ContextSave                          0x0800020c   Number         0  irq_armv6m.o(.text)
    SVC_ContextRestore                       0x08000220   Number         0  irq_armv6m.o(.text)
    SVC_MSP                                  0x0800023c   Number         0  irq_armv6m.o(.text)
    SVC_Exit                                 0x08000242   Number         0  irq_armv6m.o(.text)
    SVC_User                                 0x08000244   Number         0  irq_armv6m.o(.text)
    .text                                    0x08000280   Section        0  rt_memcpy.o(.text)
    .text                                    0x08000302   Section        0  rt_memclr.o(.text)
    .text                                    0x08000344   Section      364  aeabi_sdiv.o(.text)
    .text                                    0x080004b0   Section        0  heapauxi.o(.text)
    .text                                    0x080004b6   Section       62  sys_stackheap_outer.o(.text)
    .text                                    0x080004f4   Section        0  exit.o(.text)
    .text                                    0x08000504   Section        8  libspace.o(.text)
    .text                                    0x0800050c   Section        0  sys_exit.o(.text)
    .text                                    0x08000518   Section        2  use_no_semi.o(.text)
    .text                                    0x0800051a   Section        0  indicate_semi.o(.text)
    .text                                    0x0800051c   Section        0  d2f.o(.text)
    .text                                    0x08000598   Section        0  f2d.o(.text)
    .text                                    0x080005ec   Section        0  ffixi.o(.text)
    .text                                    0x08000638   Section        0  fflti.o(.text)
    EventFlagsCheck                          0x08000697   Thumb Code    74  rtx_evflags.o(.text.EventFlagsCheck)
    [Anonymous Symbol]                       0x08000696   Section        0  rtx_evflags.o(.text.EventFlagsCheck)
    [Anonymous Symbol]                       0x080006e0   Section        0  lto-llvm-b284cc.o(.text.HardFault_Handler)
    INA226_Read_2Byte                        0x080006e5   Thumb Code  1132  lto-llvm-b284cc.o(.text.INA226_Read_2Byte)
    [Anonymous Symbol]                       0x080006e4   Section        0  lto-llvm-b284cc.o(.text.INA226_Read_2Byte)
    __arm_cp.7_0                             0x08000b50   Number         4  lto-llvm-b284cc.o(.text.INA226_Read_2Byte)
    INA226_Write_2Byte                       0x08000b55   Thumb Code   888  lto-llvm-b284cc.o(.text.INA226_Write_2Byte)
    [Anonymous Symbol]                       0x08000b54   Section        0  lto-llvm-b284cc.o(.text.INA226_Write_2Byte)
    __arm_cp.8_0                             0x08000ecc   Number         4  lto-llvm-b284cc.o(.text.INA226_Write_2Byte)
    LL_GPIO_Init                             0x08000ed1   Thumb Code   186  lto-llvm-b284cc.o(.text.LL_GPIO_Init)
    [Anonymous Symbol]                       0x08000ed0   Section        0  lto-llvm-b284cc.o(.text.LL_GPIO_Init)
    MessageQueueGet                          0x08000f8b   Thumb Code    66  rtx_msgqueue.o(.text.MessageQueueGet)
    [Anonymous Symbol]                       0x08000f8a   Section        0  rtx_msgqueue.o(.text.MessageQueueGet)
    MessageQueuePut                          0x08000fcd   Thumb Code    94  rtx_msgqueue.o(.text.MessageQueuePut)
    [Anonymous Symbol]                       0x08000fcc   Section        0  rtx_msgqueue.o(.text.MessageQueuePut)
    MessageQueueRemove                       0x0800102b   Thumb Code    30  rtx_msgqueue.o(.text.MessageQueueRemove)
    [Anonymous Symbol]                       0x0800102a   Section        0  rtx_msgqueue.o(.text.MessageQueueRemove)
    [Anonymous Symbol]                       0x08001048   Section        0  lto-llvm-b284cc.o(.text.NMI_Handler)
    [Anonymous Symbol]                       0x0800104c   Section        0  os_systick.o(.text.OS_Tick_AcknowledgeIRQ)
    [Anonymous Symbol]                       0x08001054   Section        0  os_systick.o(.text.OS_Tick_Enable)
    __arm_cp.1_1                             0x08001074   Number         4  os_systick.o(.text.OS_Tick_Enable)
    [Anonymous Symbol]                       0x08001078   Section        0  os_systick.o(.text.OS_Tick_GetIRQn)
    [Anonymous Symbol]                       0x08001080   Section        0  os_systick.o(.text.OS_Tick_Setup)
    __arm_cp.0_0                             0x080010bc   Number         4  os_systick.o(.text.OS_Tick_Setup)
    __arm_cp.0_1                             0x080010c0   Number         4  os_systick.o(.text.OS_Tick_Setup)
    __arm_cp.0_2                             0x080010c4   Number         4  os_systick.o(.text.OS_Tick_Setup)
    __arm_cp.0_3                             0x080010c8   Number         4  os_systick.o(.text.OS_Tick_Setup)
    SEGGER_RTT_SetTerminal                   0x080010cd   Thumb Code   280  lto-llvm-b284cc.o(.text.SEGGER_RTT_SetTerminal)
    [Anonymous Symbol]                       0x080010cc   Section        0  lto-llvm-b284cc.o(.text.SEGGER_RTT_SetTerminal)
    __arm_cp.10_5                            0x080011e4   Number         4  lto-llvm-b284cc.o(.text.SEGGER_RTT_SetTerminal)
    SEGGER_RTT_Write                         0x080011e9   Thumb Code   448  lto-llvm-b284cc.o(.text.SEGGER_RTT_Write)
    [Anonymous Symbol]                       0x080011e8   Section        0  lto-llvm-b284cc.o(.text.SEGGER_RTT_Write)
    __arm_cp.9_0                             0x080013a8   Number         4  lto-llvm-b284cc.o(.text.SEGGER_RTT_Write)
    __arm_cp.9_1                             0x080013ac   Number         4  lto-llvm-b284cc.o(.text.SEGGER_RTT_Write)
    __arm_cp.9_2                             0x080013b0   Number         4  lto-llvm-b284cc.o(.text.SEGGER_RTT_Write)
    __arm_cp.9_3                             0x080013b4   Number         4  lto-llvm-b284cc.o(.text.SEGGER_RTT_Write)
    __arm_cp.9_4                             0x080013b8   Number         4  lto-llvm-b284cc.o(.text.SEGGER_RTT_Write)
    SEGGER_RTT_printf                        0x080013bd   Thumb Code   936  lto-llvm-b284cc.o(.text.SEGGER_RTT_printf)
    [Anonymous Symbol]                       0x080013bc   Section        0  lto-llvm-b284cc.o(.text.SEGGER_RTT_printf)
    __arm_cp.13_0                            0x08001764   Number         4  lto-llvm-b284cc.o(.text.SEGGER_RTT_printf)
    [Anonymous Symbol]                       0x08001768   Section        0  lto-llvm-b284cc.o(.text.SystemInit)
    TMP1075_Read_2Byte                       0x0800176d   Thumb Code  1148  lto-llvm-b284cc.o(.text.TMP1075_Read_2Byte)
    [Anonymous Symbol]                       0x0800176c   Section        0  lto-llvm-b284cc.o(.text.TMP1075_Read_2Byte)
    __arm_cp.6_0                             0x08001be8   Number         4  lto-llvm-b284cc.o(.text.TMP1075_Read_2Byte)
    ThreadFlagsCheck                         0x08001bed   Thumb Code    74  rtx_thread.o(.text.ThreadFlagsCheck)
    [Anonymous Symbol]                       0x08001bec   Section        0  rtx_thread.o(.text.ThreadFlagsCheck)
    TimerInsert                              0x08001c39   Thumb Code    72  rtx_timer.o(.text.TimerInsert)
    [Anonymous Symbol]                       0x08001c38   Section        0  rtx_timer.o(.text.TimerInsert)
    __arm_cp.9_0                             0x08001c80   Number         4  rtx_timer.o(.text.TimerInsert)
    [Anonymous Symbol]                       0x08001c84   Section        0  lto-llvm-b284cc.o(.text.USART2_IRQHandler)
    __arm_cp.5_0                             0x08001d48   Number         4  lto-llvm-b284cc.o(.text.USART2_IRQHandler)
    __arm_cp.5_1                             0x08001d4c   Number         4  lto-llvm-b284cc.o(.text.USART2_IRQHandler)
    __arm_cp.5_2                             0x08001d50   Number         4  lto-llvm-b284cc.o(.text.USART2_IRQHandler)
    __arm_cp.5_3                             0x08001d54   Number         4  lto-llvm-b284cc.o(.text.USART2_IRQHandler)
    __arm_cp.5_4                             0x08001d58   Number         4  lto-llvm-b284cc.o(.text.USART2_IRQHandler)
    __arm_cp.5_5                             0x08001d5c   Number         4  lto-llvm-b284cc.o(.text.USART2_IRQHandler)
    _PrintInt                                0x08001d61   Thumb Code   446  lto-llvm-b284cc.o(.text._PrintInt)
    [Anonymous Symbol]                       0x08001d60   Section        0  lto-llvm-b284cc.o(.text._PrintInt)
    _PrintUnsigned                           0x08001f21   Thumb Code   460  lto-llvm-b284cc.o(.text._PrintUnsigned)
    [Anonymous Symbol]                       0x08001f20   Section        0  lto-llvm-b284cc.o(.text._PrintUnsigned)
    __arm_cp.12_0                            0x080020ec   Number         4  lto-llvm-b284cc.o(.text._PrintUnsigned)
    __tagsym$$used.0                         0x080020f0   Number         0  lto-llvm-b284cc.o(.text._mutex_acquire)
    [Anonymous Symbol]                       0x080020f0   Section        0  lto-llvm-b284cc.o(.text._mutex_acquire)
    __tagsym$$used.1                         0x0800211c   Number         0  lto-llvm-b284cc.o(.text._mutex_free)
    [Anonymous Symbol]                       0x0800211c   Section        0  lto-llvm-b284cc.o(.text._mutex_free)
    __tagsym$$used.2                         0x08002126   Number         0  lto-llvm-b284cc.o(.text._mutex_initialize)
    [Anonymous Symbol]                       0x08002126   Section        0  lto-llvm-b284cc.o(.text._mutex_initialize)
    __tagsym$$used.3                         0x08002148   Number         0  lto-llvm-b284cc.o(.text._mutex_release)
    [Anonymous Symbol]                       0x08002148   Section        0  lto-llvm-b284cc.o(.text._mutex_release)
    __arm_cp.19_0                            0x08002170   Number         4  lto-llvm-b284cc.o(.text._mutex_release)
    [Anonymous Symbol]                       0x08002174   Section        0  lto-llvm-b284cc.o(.text._platform_post_stackheap_init)
    app_main                                 0x0800217d   Thumb Code   288  lto-llvm-b284cc.o(.text.app_main)
    [Anonymous Symbol]                       0x0800217c   Section        0  lto-llvm-b284cc.o(.text.app_main)
    __arm_cp.1_0                             0x0800229c   Number         4  lto-llvm-b284cc.o(.text.app_main)
    __arm_cp.1_1                             0x080022a0   Number         4  lto-llvm-b284cc.o(.text.app_main)
    __arm_cp.1_2                             0x080022a4   Number         4  lto-llvm-b284cc.o(.text.app_main)
    __arm_cp.1_3                             0x080022a8   Number         4  lto-llvm-b284cc.o(.text.app_main)
    __arm_cp.1_4                             0x080022ac   Number         4  lto-llvm-b284cc.o(.text.app_main)
    __arm_cp.1_7                             0x080022e4   Number         4  lto-llvm-b284cc.o(.text.app_main)
    __arm_cp.1_8                             0x080022e8   Number         4  lto-llvm-b284cc.o(.text.app_main)
    __arm_cp.1_9                             0x080022ec   Number         4  lto-llvm-b284cc.o(.text.app_main)
    __arm_cp.1_11                            0x08002308   Number         4  lto-llvm-b284cc.o(.text.app_main)
    [Anonymous Symbol]                       0x08002340   Section        0  lto-llvm-b284cc.o(.text.main)
    __arm_cp.2_0                             0x0800275c   Number         4  lto-llvm-b284cc.o(.text.main)
    __arm_cp.2_1                             0x08002760   Number         4  lto-llvm-b284cc.o(.text.main)
    __arm_cp.2_2                             0x08002764   Number         4  lto-llvm-b284cc.o(.text.main)
    __arm_cp.2_3                             0x08002768   Number         4  lto-llvm-b284cc.o(.text.main)
    __arm_cp.2_4                             0x0800276c   Number         4  lto-llvm-b284cc.o(.text.main)
    __arm_cp.2_5                             0x08002770   Number         4  lto-llvm-b284cc.o(.text.main)
    __arm_cp.2_6                             0x08002774   Number         4  lto-llvm-b284cc.o(.text.main)
    __arm_cp.2_7                             0x08002778   Number         4  lto-llvm-b284cc.o(.text.main)
    __arm_cp.2_8                             0x0800277c   Number         4  lto-llvm-b284cc.o(.text.main)
    __arm_cp.2_9                             0x08002780   Number         4  lto-llvm-b284cc.o(.text.main)
    __arm_cp.2_10                            0x08002784   Number         4  lto-llvm-b284cc.o(.text.main)
    __arm_cp.2_11                            0x08002788   Number         4  lto-llvm-b284cc.o(.text.main)
    __arm_cp.2_12                            0x0800278c   Number         4  lto-llvm-b284cc.o(.text.main)
    __arm_cp.2_13                            0x08002790   Number         4  lto-llvm-b284cc.o(.text.main)
    __arm_cp.2_14                            0x08002794   Number         4  lto-llvm-b284cc.o(.text.main)
    __arm_cp.2_15                            0x08002798   Number         4  lto-llvm-b284cc.o(.text.main)
    __arm_cp.2_16                            0x0800279c   Number         4  lto-llvm-b284cc.o(.text.main)
    __arm_cp.2_17                            0x080027a0   Number         4  lto-llvm-b284cc.o(.text.main)
    __arm_cp.2_18                            0x080027a4   Number         4  lto-llvm-b284cc.o(.text.main)
    __arm_cp.2_19                            0x080027a8   Number         4  lto-llvm-b284cc.o(.text.main)
    __arm_cp.2_20                            0x080027ac   Number         4  lto-llvm-b284cc.o(.text.main)
    __arm_cp.2_21                            0x080027b0   Number         4  lto-llvm-b284cc.o(.text.main)
    __arm_cp.2_22                            0x080027b4   Number         4  lto-llvm-b284cc.o(.text.main)
    APBPrescTable                            0x080027b8   Number         0  lto-llvm-b284cc.o(.text.main)
    AHBPrescTable                            0x080027d8   Number         0  lto-llvm-b284cc.o(.text.main)
    __arm_cp.2_25                            0x08002818   Number         4  lto-llvm-b284cc.o(.text.main)
    __arm_cp.2_26                            0x0800281c   Number         4  lto-llvm-b284cc.o(.text.main)
    __arm_cp.2_27                            0x08002820   Number         4  lto-llvm-b284cc.o(.text.main)
    [Anonymous Symbol]                       0x08002824   Section        0  rtx_delay.o(.text.osDelay)
    __arm_cp.0_0                             0x08002848   Number         4  rtx_delay.o(.text.osDelay)
    [Anonymous Symbol]                       0x0800284c   Section        0  rtx_evflags.o(.text.osEventFlagsClear)
    __arm_cp.3_0                             0x0800286c   Number         4  rtx_evflags.o(.text.osEventFlagsClear)
    [Anonymous Symbol]                       0x08002870   Section        0  rtx_evflags.o(.text.osEventFlagsNew)
    __arm_cp.0_0                             0x08002890   Number         4  rtx_evflags.o(.text.osEventFlagsNew)
    [Anonymous Symbol]                       0x08002894   Section        0  rtx_evflags.o(.text.osEventFlagsSet)
    __arm_cp.2_0                             0x080028dc   Number         4  rtx_evflags.o(.text.osEventFlagsSet)
    [Anonymous Symbol]                       0x080028e0   Section        0  rtx_evflags.o(.text.osEventFlagsWait)
    __arm_cp.7_0                             0x08002920   Number         4  rtx_evflags.o(.text.osEventFlagsWait)
    [Anonymous Symbol]                       0x08002924   Section        0  rtx_kernel.o(.text.osKernelGetState)
    __arm_cp.5_0                             0x0800294c   Number         4  rtx_kernel.o(.text.osKernelGetState)
    __arm_cp.5_1                             0x08002950   Number         4  rtx_kernel.o(.text.osKernelGetState)
    [Anonymous Symbol]                       0x08002954   Section        0  rtx_kernel.o(.text.osKernelInitialize)
    __arm_cp.2_0                             0x08002978   Number         4  rtx_kernel.o(.text.osKernelInitialize)
    [Anonymous Symbol]                       0x0800297c   Section        0  rtx_kernel.o(.text.osKernelLock)
    __arm_cp.8_0                             0x0800299c   Number         4  rtx_kernel.o(.text.osKernelLock)
    [Anonymous Symbol]                       0x080029a0   Section        0  rtx_kernel.o(.text.osKernelStart)
    __arm_cp.7_0                             0x080029c0   Number         4  rtx_kernel.o(.text.osKernelStart)
    [Anonymous Symbol]                       0x080029c4   Section        0  rtx_kernel.o(.text.osKernelUnlock)
    __arm_cp.9_0                             0x080029e4   Number         4  rtx_kernel.o(.text.osKernelUnlock)
    [Anonymous Symbol]                       0x080029e8   Section        0  rtx_msgqueue.o(.text.osMessageQueueGet)
    __arm_cp.5_0                             0x08002a58   Number         4  rtx_msgqueue.o(.text.osMessageQueueGet)
    [Anonymous Symbol]                       0x08002a5c   Section        0  rtx_msgqueue.o(.text.osMessageQueuePut)
    __arm_cp.4_0                             0x08002acc   Number         4  rtx_msgqueue.o(.text.osMessageQueuePut)
    [Anonymous Symbol]                       0x08002ad0   Section        0  rtx_mutex.o(.text.osMutexAcquire)
    __arm_cp.4_0                             0x08002af4   Number         4  rtx_mutex.o(.text.osMutexAcquire)
    [Anonymous Symbol]                       0x08002af8   Section        0  rtx_mutex.o(.text.osMutexDelete)
    __arm_cp.7_0                             0x08002b1c   Number         4  rtx_mutex.o(.text.osMutexDelete)
    [Anonymous Symbol]                       0x08002b20   Section        0  rtx_mutex.o(.text.osMutexNew)
    __arm_cp.2_0                             0x08002b40   Number         4  rtx_mutex.o(.text.osMutexNew)
    [Anonymous Symbol]                       0x08002b44   Section        0  rtx_mutex.o(.text.osMutexRelease)
    __arm_cp.5_0                             0x08002b68   Number         4  rtx_mutex.o(.text.osMutexRelease)
    [Anonymous Symbol]                       0x08002b6c   Section        0  lto-llvm-b284cc.o(.text.osRtxErrorNotify)
    osRtxEventFlagsPostProcess               0x08002b6f   Thumb Code    52  rtx_evflags.o(.text.osRtxEventFlagsPostProcess)
    [Anonymous Symbol]                       0x08002b6e   Section        0  rtx_evflags.o(.text.osRtxEventFlagsPostProcess)
    [Anonymous Symbol]                       0x08002ba2   Section        0  lto-llvm-b284cc.o(.text.osRtxIdleThread)
    [Anonymous Symbol]                       0x08002ba4   Section        0  rtx_kernel.o(.text.osRtxKernelErrorNotify)
    [Anonymous Symbol]                       0x08002bac   Section        0  rtx_kernel.o(.text.osRtxKernelPreInit)
    [Anonymous Symbol]                       0x08002bae   Section        0  rtx_memory.o(.text.osRtxMemoryAlloc)
    [Anonymous Symbol]                       0x08002c26   Section        0  rtx_memory.o(.text.osRtxMemoryFree)
    [Anonymous Symbol]                       0x08002c74   Section        0  rtx_memory.o(.text.osRtxMemoryInit)
    [Anonymous Symbol]                       0x08002ca2   Section        0  rtx_mempool.o(.text.osRtxMemoryPoolAlloc)
    [Anonymous Symbol]                       0x08002ccc   Section        0  rtx_mempool.o(.text.osRtxMemoryPoolFree)
    [Anonymous Symbol]                       0x08002d02   Section        0  rtx_mempool.o(.text.osRtxMemoryPoolInit)
    osRtxMessageQueuePostProcess             0x08002d3f   Thumb Code   188  rtx_msgqueue.o(.text.osRtxMessageQueuePostProcess)
    [Anonymous Symbol]                       0x08002d3e   Section        0  rtx_msgqueue.o(.text.osRtxMessageQueuePostProcess)
    [Anonymous Symbol]                       0x08002dfc   Section        0  rtx_msgqueue.o(.text.osRtxMessageQueueTimerSetup)
    __arm_cp.0_0                             0x08002e1c   Number         4  rtx_msgqueue.o(.text.osRtxMessageQueueTimerSetup)
    [Anonymous Symbol]                       0x08002e20   Section        0  rtx_mutex.o(.text.osRtxMutexOwnerRelease)
    [Anonymous Symbol]                       0x08002e64   Section        0  rtx_mutex.o(.text.osRtxMutexOwnerRestore)
    [Anonymous Symbol]                       0x08002eac   Section        0  rtx_system.o(.text.osRtxPendSV_Handler)
    [Anonymous Symbol]                       0x08002f2c   Section        0  rtx_system.o(.text.osRtxPostProcess)
    __arm_cp.2_1                             0x08002f94   Number         4  rtx_system.o(.text.osRtxPostProcess)
    osRtxThreadBlock                         0x08002f99   Thumb Code    52  rtx_thread.o(.text.osRtxThreadBlock)
    [Anonymous Symbol]                       0x08002f98   Section        0  rtx_thread.o(.text.osRtxThreadBlock)
    osRtxThreadDelayInsert                   0x08002fcd   Thumb Code   140  rtx_thread.o(.text.osRtxThreadDelayInsert)
    [Anonymous Symbol]                       0x08002fcc   Section        0  rtx_thread.o(.text.osRtxThreadDelayInsert)
    osRtxThreadDelayRemove                   0x08003059   Thumb Code    68  rtx_thread.o(.text.osRtxThreadDelayRemove)
    [Anonymous Symbol]                       0x08003058   Section        0  rtx_thread.o(.text.osRtxThreadDelayRemove)
    [Anonymous Symbol]                       0x0800309c   Section        0  rtx_thread.o(.text.osRtxThreadDelayTick)
    osRtxThreadDestroy                       0x080030f1   Thumb Code    40  rtx_thread.o(.text.osRtxThreadDestroy)
    [Anonymous Symbol]                       0x080030f0   Section        0  rtx_thread.o(.text.osRtxThreadDestroy)
    [Anonymous Symbol]                       0x08003118   Section        0  rtx_thread.o(.text.osRtxThreadDispatch)
    osRtxThreadFree                          0x08003165   Thumb Code    80  rtx_thread.o(.text.osRtxThreadFree)
    [Anonymous Symbol]                       0x08003164   Section        0  rtx_thread.o(.text.osRtxThreadFree)
    __arm_cp.51_0                            0x080031b4   Number         4  rtx_thread.o(.text.osRtxThreadFree)
    osRtxThreadJoinWakeup                    0x080031b9   Thumb Code    32  rtx_thread.o(.text.osRtxThreadJoinWakeup)
    [Anonymous Symbol]                       0x080031b8   Section        0  rtx_thread.o(.text.osRtxThreadJoinWakeup)
    [Anonymous Symbol]                       0x080031d8   Section        0  rtx_thread.o(.text.osRtxThreadListGet)
    [Anonymous Symbol]                       0x080031ec   Section        0  rtx_thread.o(.text.osRtxThreadListPut)
    [Anonymous Symbol]                       0x08003218   Section        0  rtx_thread.o(.text.osRtxThreadListRemove)
    [Anonymous Symbol]                       0x08003230   Section        0  rtx_thread.o(.text.osRtxThreadListSort)
    osRtxThreadPostProcess                   0x08003255   Thumb Code    38  rtx_thread.o(.text.osRtxThreadPostProcess)
    [Anonymous Symbol]                       0x08003254   Section        0  rtx_thread.o(.text.osRtxThreadPostProcess)
    [Anonymous Symbol]                       0x0800327c   Section        0  rtx_thread.o(.text.osRtxThreadReadyPut)
    [Anonymous Symbol]                       0x08003290   Section        0  rtx_thread.o(.text.osRtxThreadRegPtr)
    [Anonymous Symbol]                       0x08003298   Section        0  rtx_thread.o(.text.osRtxThreadStartup)
    __arm_cp.14_0                            0x080032d0   Number         4  rtx_thread.o(.text.osRtxThreadStartup)
    __arm_cp.14_1                            0x080032d4   Number         4  rtx_thread.o(.text.osRtxThreadStartup)
    [Anonymous Symbol]                       0x080032d8   Section        0  rtx_thread.o(.text.osRtxThreadSwitch)
    __arm_cp.7_0                             0x080032e4   Number         4  rtx_thread.o(.text.osRtxThreadSwitch)
    [Anonymous Symbol]                       0x080032e8   Section        0  rtx_thread.o(.text.osRtxThreadWaitEnter)
    __arm_cp.12_0                            0x08003324   Number         4  rtx_thread.o(.text.osRtxThreadWaitEnter)
    [Anonymous Symbol]                       0x08003328   Section        0  rtx_thread.o(.text.osRtxThreadWaitExit)
    [Anonymous Symbol]                       0x0800334c   Section        0  rtx_system.o(.text.osRtxTick_Handler)
    __arm_cp.0_0                             0x080033c8   Number         4  rtx_system.o(.text.osRtxTick_Handler)
    [Anonymous Symbol]                       0x080033cc   Section        0  rtx_timer.o(.text.osRtxTimerSetup)
    __arm_cp.0_0                             0x080033e8   Number         4  rtx_timer.o(.text.osRtxTimerSetup)
    __arm_cp.0_1                             0x080033ec   Number         4  rtx_timer.o(.text.osRtxTimerSetup)
    [Anonymous Symbol]                       0x080033f0   Section        0  rtx_timer.o(.text.osRtxTimerThread)
    osRtxTimerTick                           0x0800340d   Thumb Code   112  rtx_timer.o(.text.osRtxTimerTick)
    [Anonymous Symbol]                       0x0800340c   Section        0  rtx_timer.o(.text.osRtxTimerTick)
    __arm_cp.1_0                             0x0800347c   Number         4  rtx_timer.o(.text.osRtxTimerTick)
    [Anonymous Symbol]                       0x08003480   Section        0  rtx_thread.o(.text.osThreadExit)
    __arm_cp.30_0                            0x08003488   Number         4  rtx_thread.o(.text.osThreadExit)
    [Anonymous Symbol]                       0x0800348c   Section        0  rtx_thread.o(.text.osThreadNew)
    __arm_cp.16_0                            0x080034ac   Number         4  rtx_thread.o(.text.osThreadNew)
    svcRtxDelay                              0x080034b1   Thumb Code    24  rtx_delay.o(.text.svcRtxDelay)
    [Anonymous Symbol]                       0x080034b0   Section        0  rtx_delay.o(.text.svcRtxDelay)
    svcRtxEventFlagsClear                    0x080034c9   Thumb Code    46  rtx_evflags.o(.text.svcRtxEventFlagsClear)
    [Anonymous Symbol]                       0x080034c8   Section        0  rtx_evflags.o(.text.svcRtxEventFlagsClear)
    svcRtxEventFlagsNew                      0x080034f9   Thumb Code   108  rtx_evflags.o(.text.svcRtxEventFlagsNew)
    [Anonymous Symbol]                       0x080034f8   Section        0  rtx_evflags.o(.text.svcRtxEventFlagsNew)
    __arm_cp.9_0                             0x08003564   Number         4  rtx_evflags.o(.text.svcRtxEventFlagsNew)
    __arm_cp.9_1                             0x08003568   Number         4  rtx_evflags.o(.text.svcRtxEventFlagsNew)
    svcRtxEventFlagsSet                      0x0800356d   Thumb Code   118  rtx_evflags.o(.text.svcRtxEventFlagsSet)
    [Anonymous Symbol]                       0x0800356c   Section        0  rtx_evflags.o(.text.svcRtxEventFlagsSet)
    svcRtxEventFlagsWait                     0x080035e5   Thumb Code    92  rtx_evflags.o(.text.svcRtxEventFlagsWait)
    [Anonymous Symbol]                       0x080035e4   Section        0  rtx_evflags.o(.text.svcRtxEventFlagsWait)
    svcRtxKernelGetState                     0x08003641   Thumb Code     8  rtx_kernel.o(.text.svcRtxKernelGetState)
    [Anonymous Symbol]                       0x08003640   Section        0  rtx_kernel.o(.text.svcRtxKernelGetState)
    __arm_cp.6_0                             0x08003648   Number         4  rtx_kernel.o(.text.svcRtxKernelGetState)
    svcRtxKernelInitialize                   0x0800364d   Thumb Code   308  rtx_kernel.o(.text.svcRtxKernelInitialize)
    [Anonymous Symbol]                       0x0800364c   Section        0  rtx_kernel.o(.text.svcRtxKernelInitialize)
    __arm_cp.21_2                            0x08003780   Number         4  rtx_kernel.o(.text.svcRtxKernelInitialize)
    svcRtxKernelLock                         0x08003785   Thumb Code    32  rtx_kernel.o(.text.svcRtxKernelLock)
    [Anonymous Symbol]                       0x08003784   Section        0  rtx_kernel.o(.text.svcRtxKernelLock)
    __arm_cp.23_0                            0x080037a4   Number         4  rtx_kernel.o(.text.svcRtxKernelLock)
    svcRtxKernelStart                        0x080037a9   Thumb Code   116  rtx_kernel.o(.text.svcRtxKernelStart)
    [Anonymous Symbol]                       0x080037a8   Section        0  rtx_kernel.o(.text.svcRtxKernelStart)
    __arm_cp.22_1                            0x0800381c   Number         4  rtx_kernel.o(.text.svcRtxKernelStart)
    __arm_cp.22_2                            0x08003820   Number         4  rtx_kernel.o(.text.svcRtxKernelStart)
    __arm_cp.22_3                            0x08003824   Number         4  rtx_kernel.o(.text.svcRtxKernelStart)
    svcRtxKernelUnlock                       0x08003829   Thumb Code    32  rtx_kernel.o(.text.svcRtxKernelUnlock)
    [Anonymous Symbol]                       0x08003828   Section        0  rtx_kernel.o(.text.svcRtxKernelUnlock)
    __arm_cp.24_0                            0x08003848   Number         4  rtx_kernel.o(.text.svcRtxKernelUnlock)
    svcRtxMessageQueueGet                    0x0800384d   Thumb Code   200  rtx_msgqueue.o(.text.svcRtxMessageQueueGet)
    [Anonymous Symbol]                       0x0800384c   Section        0  rtx_msgqueue.o(.text.svcRtxMessageQueueGet)
    __arm_cp.22_0                            0x08003914   Number         4  rtx_msgqueue.o(.text.svcRtxMessageQueueGet)
    svcRtxMessageQueueNew                    0x08003919   Thumb Code   428  rtx_msgqueue.o(.text.svcRtxMessageQueueNew)
    [Anonymous Symbol]                       0x08003918   Section        0  rtx_msgqueue.o(.text.svcRtxMessageQueueNew)
    __arm_cp.1_0                             0x08003ac4   Number         4  rtx_msgqueue.o(.text.svcRtxMessageQueueNew)
    __arm_cp.1_1                             0x08003ac8   Number         4  rtx_msgqueue.o(.text.svcRtxMessageQueueNew)
    __arm_cp.1_2                             0x08003acc   Number         4  rtx_msgqueue.o(.text.svcRtxMessageQueueNew)
    __arm_cp.1_3                             0x08003ad0   Number         4  rtx_msgqueue.o(.text.svcRtxMessageQueueNew)
    __arm_cp.1_4                             0x08003ad4   Number         4  rtx_msgqueue.o(.text.svcRtxMessageQueueNew)
    __arm_cp.1_5                             0x08003ad8   Number         4  rtx_msgqueue.o(.text.svcRtxMessageQueueNew)
    svcRtxMessageQueuePut                    0x08003add   Thumb Code   172  rtx_msgqueue.o(.text.svcRtxMessageQueuePut)
    [Anonymous Symbol]                       0x08003adc   Section        0  rtx_msgqueue.o(.text.svcRtxMessageQueuePut)
    __arm_cp.20_0                            0x08003b88   Number         4  rtx_msgqueue.o(.text.svcRtxMessageQueuePut)
    svcRtxMutexAcquire                       0x08003b8d   Thumb Code   148  rtx_mutex.o(.text.svcRtxMutexAcquire)
    [Anonymous Symbol]                       0x08003b8c   Section        0  rtx_mutex.o(.text.svcRtxMutexAcquire)
    __arm_cp.10_0                            0x08003c20   Number         4  rtx_mutex.o(.text.svcRtxMutexAcquire)
    svcRtxMutexDelete                        0x08003c25   Thumb Code   176  rtx_mutex.o(.text.svcRtxMutexDelete)
    [Anonymous Symbol]                       0x08003c24   Section        0  rtx_mutex.o(.text.svcRtxMutexDelete)
    __arm_cp.13_0                            0x08003cd4   Number         4  rtx_mutex.o(.text.svcRtxMutexDelete)
    svcRtxMutexNew                           0x08003cd9   Thumb Code   108  rtx_mutex.o(.text.svcRtxMutexNew)
    [Anonymous Symbol]                       0x08003cd8   Section        0  rtx_mutex.o(.text.svcRtxMutexNew)
    __arm_cp.8_0                             0x08003d44   Number         4  rtx_mutex.o(.text.svcRtxMutexNew)
    svcRtxMutexRelease                       0x08003d49   Thumb Code   184  rtx_mutex.o(.text.svcRtxMutexRelease)
    [Anonymous Symbol]                       0x08003d48   Section        0  rtx_mutex.o(.text.svcRtxMutexRelease)
    __arm_cp.11_0                            0x08003e00   Number         4  rtx_mutex.o(.text.svcRtxMutexRelease)
    svcRtxThreadExit                         0x08003e05   Thumb Code    72  rtx_thread.o(.text.svcRtxThreadExit)
    [Anonymous Symbol]                       0x08003e04   Section        0  rtx_thread.o(.text.svcRtxThreadExit)
    __arm_cp.53_0                            0x08003e4c   Number         4  rtx_thread.o(.text.svcRtxThreadExit)
    svcRtxThreadNew                          0x08003e51   Thumb Code   484  rtx_thread.o(.text.svcRtxThreadNew)
    [Anonymous Symbol]                       0x08003e50   Section        0  rtx_thread.o(.text.svcRtxThreadNew)
    __arm_cp.15_0                            0x08004034   Number         4  rtx_thread.o(.text.svcRtxThreadNew)
    __arm_cp.15_1                            0x08004038   Number         4  rtx_thread.o(.text.svcRtxThreadNew)
    __arm_cp.15_2                            0x0800403c   Number         4  rtx_thread.o(.text.svcRtxThreadNew)
    __arm_cp.15_3                            0x08004040   Number         4  rtx_thread.o(.text.svcRtxThreadNew)
    __arm_cp.15_4                            0x08004044   Number         4  rtx_thread.o(.text.svcRtxThreadNew)
    __arm_cp.15_5                            0x08004048   Number         4  rtx_thread.o(.text.svcRtxThreadNew)
    uart_transmit_thread                     0x0800404d   Thumb Code    60  lto-llvm-b284cc.o(.text.uart_transmit_thread)
    [Anonymous Symbol]                       0x0800404c   Section        0  lto-llvm-b284cc.o(.text.uart_transmit_thread)
    __arm_cp.0_0                             0x08004088   Number         4  lto-llvm-b284cc.o(.text.uart_transmit_thread)
    __arm_cp.0_1                             0x0800408c   Number         4  lto-llvm-b284cc.o(.text.uart_transmit_thread)
    __arm_cp.0_3                             0x080040a0   Number         4  lto-llvm-b284cc.o(.text.uart_transmit_thread)
    __arm_cp.0_4                             0x080040a4   Number         4  lto-llvm-b284cc.o(.text.uart_transmit_thread)
    __arm_cp.0_5                             0x080040a8   Number         4  lto-llvm-b284cc.o(.text.uart_transmit_thread)
    x$fpl$fmul                               0x080040ac   Section      176  fmul.o(x$fpl$fmul)
    FlagsAttr_uart_event                     0x0800415c   Data          16  lto-llvm-b284cc.o(.rodata)
    [Anonymous Symbol]                       0x0800415c   Section        0  lto-llvm-b284cc.o(.rodata)
    x$fpl$usenofp                            0x0800415c   Section        0  usenofp.o(x$fpl$usenofp)
    ThreadAttr_uart_transmit                 0x0800416c   Data          36  lto-llvm-b284cc.o(.rodata)
    ThreadAttr_app_main                      0x08004190   Data          36  lto-llvm-b284cc.o(.rodata)
    _DoInit._aInitStr                        0x080041b4   Data          17  lto-llvm-b284cc.o(.rodata)
    os_idle_thread_attr                      0x080041c8   Data          36  lto-llvm-b284cc.o(.rodata)
    os_timer_thread_attr                     0x080041ec   Data          36  lto-llvm-b284cc.o(.rodata)
    os_timer_mq_attr                         0x08004210   Data          24  lto-llvm-b284cc.o(.rodata)
    __tagsym$$used.4                         0x0800422c   Number         0  lto-llvm-b284cc.o(.rodata)
    __tagsym$$used.5                         0x0800429c   Number         0  lto-llvm-b284cc.o(.rodata)
    _PrintUnsigned._aV2C                     0x080042d4   Data          16  lto-llvm-b284cc.o(.rodata.cst16)
    [Anonymous Symbol]                       0x080042d4   Section        0  lto-llvm-b284cc.o(.rodata.cst16)
    [Anonymous Symbol]                       0x080042e4   Section        0  lto-llvm-b284cc.o(.rodata.str1.1)
    [Anonymous Symbol]                       0x08004328   Section        0  rtx_kernel.o(.rodata.str1.4)
    uart_state                               0x20000000   Data           1  lto-llvm-b284cc.o(.data)
    [Anonymous Symbol]                       0x20000000   Section        0  lto-llvm-b284cc.o(.data)
    .bss                                     0x200000b0   Section       96  libspace.o(.bss)
    uart_transmit_ID                         0x20000110   Data           4  lto-llvm-b284cc.o(.bss)
    [Anonymous Symbol]                       0x20000110   Section        0  lto-llvm-b284cc.o(.bss)
    app_main_ID                              0x20000114   Data           4  lto-llvm-b284cc.o(.bss)
    uart_rcv_count                           0x20000118   Data           1  lto-llvm-b284cc.o(.bss)
    uart_rcv_len                             0x20000119   Data           1  lto-llvm-b284cc.o(.bss)
    uart_cmd_type                            0x2000011a   Data           1  lto-llvm-b284cc.o(.bss)
    uart_event_flagID                        0x2000011c   Data           4  lto-llvm-b284cc.o(.bss)
    _SEGGER_RTT                              0x20000120   Data         168  lto-llvm-b284cc.o(.bss)
    _acUpBuffer                              0x200001c8   Data         512  lto-llvm-b284cc.o(.bss)
    _acDownBuffer                            0x200003c8   Data          16  lto-llvm-b284cc.o(.bss)
    os_kernel_is_active.os_kernel_active     0x200003d8   Data           1  lto-llvm-b284cc.o(.bss)
    PendST                                   0x200003d9   Data           1  os_systick.o(.bss.os)
    [Anonymous Symbol]                       0x200003d9   Section        0  os_systick.o(.bss.os)
    os_isr_queue                             0x200003e0   Data          16  lto-llvm-b284cc.o(.bss.os)
    [Anonymous Symbol]                       0x200003e0   Section        0  lto-llvm-b284cc.o(.bss.os)
    os_mem                                   0x200003f0   Data        2048  lto-llvm-b284cc.o(.bss.os)
    os_timer_mq_cb                           0x20000bf0   Data          52  lto-llvm-b284cc.o(.bss.os.msgqueue.cb)
    [Anonymous Symbol]                       0x20000bf0   Section        0  lto-llvm-b284cc.o(.bss.os.msgqueue.cb)
    os_timer_mq_data                         0x20000c24   Data          20  lto-llvm-b284cc.o(.bss.os.msgqueue.mem)
    [Anonymous Symbol]                       0x20000c24   Section        0  lto-llvm-b284cc.o(.bss.os.msgqueue.mem)
    os_idle_thread_cb                        0x20000c38   Data          68  lto-llvm-b284cc.o(.bss.os.thread.cb)
    [Anonymous Symbol]                       0x20000c38   Section        0  lto-llvm-b284cc.o(.bss.os.thread.cb)
    os_timer_thread_cb                       0x20000c7c   Data          68  lto-llvm-b284cc.o(.bss.os.thread.cb)
    os_idle_thread_stack                     0x20000cc0   Data         256  lto-llvm-b284cc.o(.bss.os.thread.idle.stack)
    [Anonymous Symbol]                       0x20000cc0   Section        0  lto-llvm-b284cc.o(.bss.os.thread.idle.stack)
    os_timer_thread_stack                    0x20000dc0   Data         256  lto-llvm-b284cc.o(.bss.os.thread.timer.stack)
    [Anonymous Symbol]                       0x20000dc0   Section        0  lto-llvm-b284cc.o(.bss.os.thread.timer.stack)
    Heap_Mem                                 0x20000ec0   Data         512  startup_stm32g030xx.o(HEAP)
    HEAP                                     0x20000ec0   Section      512  startup_stm32g030xx.o(HEAP)
    Stack_Mem                                0x200010c0   Data        1024  startup_stm32g030xx.o(STACK)
    STACK                                    0x200010c0   Section     1024  startup_stm32g030xx.o(STACK)
    __initial_sp                             0x200014c0   Data           0  startup_stm32g030xx.o(STACK)

    Global Symbols

    Symbol Name                              Value     Ov Type        Size  Object(Section)

    BuildAttributes$$THM_ISAv3M$S$PE$A:L22$X:L11$S22$IEEE1$IW$~IW$USESV6$~STKCKD$USESV7$~SHL$OTIME$ROPI$IEEEF$EBA8$UX$STANDARDLIB$REQ8$PRES8$EABIv2 0x00000000   Number         0  anon$$obj.o ABSOLUTE
    .bss.os.evflags.cb$$Base                  - Undefined Weak Reference
    .bss.os.evflags.cb$$Limit                 - Undefined Weak Reference
    .bss.os.mempool.cb$$Base                  - Undefined Weak Reference
    .bss.os.mempool.cb$$Limit                 - Undefined Weak Reference
    .bss.os.mutex.cb$$Base                    - Undefined Weak Reference
    .bss.os.mutex.cb$$Limit                   - Undefined Weak Reference
    .bss.os.semaphore.cb$$Base                - Undefined Weak Reference
    .bss.os.semaphore.cb$$Limit               - Undefined Weak Reference
    .bss.os.timer.cb$$Base                    - Undefined Weak Reference
    .bss.os.timer.cb$$Limit                   - Undefined Weak Reference
    __ARM_exceptions_init                     - Undefined Weak Reference
    __alloca_initialize                       - Undefined Weak Reference
    __arm_preinit_                            - Undefined Weak Reference
    __arm_relocate_pie_                       - Undefined Weak Reference
    __cpp_initialize__aeabi_                  - Undefined Weak Reference
    __cxa_finalize                            - Undefined Weak Reference
    __rt_locale                               - Undefined Weak Reference
    __sigvec_lookup                           - Undefined Weak Reference
    _atexit_init                              - Undefined Weak Reference
    _call_atexit_fns                          - Undefined Weak Reference
    _clock_init                               - Undefined Weak Reference
    _fp_trap_init                             - Undefined Weak Reference
    _fp_trap_shutdown                         - Undefined Weak Reference
    _get_lc_collate                           - Undefined Weak Reference
    _get_lc_ctype                             - Undefined Weak Reference
    _get_lc_monetary                          - Undefined Weak Reference
    _get_lc_numeric                           - Undefined Weak Reference
    _get_lc_time                              - Undefined Weak Reference
    _getenv_init                              - Undefined Weak Reference
    _handle_redirection                       - Undefined Weak Reference
    _init_alloc                               - Undefined Weak Reference
    _init_user_alloc                          - Undefined Weak Reference
    _initio                                   - Undefined Weak Reference
    _rand_init                                - Undefined Weak Reference
    _signal_finish                            - Undefined Weak Reference
    _signal_init                              - Undefined Weak Reference
    _terminate_alloc                          - Undefined Weak Reference
    _terminate_user_alloc                     - Undefined Weak Reference
    _terminateio                              - Undefined Weak Reference
    __Vectors_Size                           0x000000c0   Number         0  startup_stm32g030xx.o ABSOLUTE
    __Vectors                                0x08000000   Data           4  startup_stm32g030xx.o(RESET)
    __Vectors_End                            0x080000c0   Data           0  startup_stm32g030xx.o(RESET)
    __main                                   0x080000c1   Thumb Code     8  __main.o(!!!main)
    __scatterload                            0x080000c9   Thumb Code     0  __scatter.o(!!!scatter)
    __scatterload_rt2                        0x080000c9   Thumb Code    52  __scatter.o(!!!scatter)
    __scatterload_rt2_thumb_only             0x080000c9   Thumb Code     0  __scatter.o(!!!scatter)
    __scatterload_null                       0x080000d9   Thumb Code     0  __scatter.o(!!!scatter)
    __scatterload_copy                       0x08000105   Thumb Code    26  __scatter_copy.o(!!handler_copy)
    __scatterload_zeroinit                   0x08000121   Thumb Code    28  __scatter_zi.o(!!handler_zi)
    __rt_lib_init                            0x0800013d   Thumb Code     0  libinit.o(.ARM.Collect$$libinit$$00000000)
    __rt_lib_init_alloca_1                   0x0800013f   Thumb Code     0  libinit2.o(.ARM.Collect$$libinit$$00000030)
    __rt_lib_init_argv_1                     0x0800013f   Thumb Code     0  libinit2.o(.ARM.Collect$$libinit$$0000002E)
    __rt_lib_init_atexit_1                   0x0800013f   Thumb Code     0  libinit2.o(.ARM.Collect$$libinit$$0000001D)
    __rt_lib_init_clock_1                    0x0800013f   Thumb Code     0  libinit2.o(.ARM.Collect$$libinit$$00000023)
    __rt_lib_init_cpp_1                      0x0800013f   Thumb Code     0  libinit2.o(.ARM.Collect$$libinit$$00000034)
    __rt_lib_init_exceptions_1               0x0800013f   Thumb Code     0  libinit2.o(.ARM.Collect$$libinit$$00000032)
    __rt_lib_init_fp_1                       0x0800013f   Thumb Code     0  libinit2.o(.ARM.Collect$$libinit$$00000002)
    __rt_lib_init_fp_trap_1                  0x0800013f   Thumb Code     0  libinit2.o(.ARM.Collect$$libinit$$00000021)
    __rt_lib_init_getenv_1                   0x0800013f   Thumb Code     0  libinit2.o(.ARM.Collect$$libinit$$00000025)
    __rt_lib_init_heap_1                     0x0800013f   Thumb Code     0  libinit2.o(.ARM.Collect$$libinit$$0000000C)
    __rt_lib_init_lc_collate_1               0x0800013f   Thumb Code     0  libinit2.o(.ARM.Collect$$libinit$$00000013)
    __rt_lib_init_lc_ctype_1                 0x0800013f   Thumb Code     0  libinit2.o(.ARM.Collect$$libinit$$00000015)
    __rt_lib_init_lc_monetary_1              0x0800013f   Thumb Code     0  libinit2.o(.ARM.Collect$$libinit$$00000017)
    __rt_lib_init_lc_numeric_1               0x0800013f   Thumb Code     0  libinit2.o(.ARM.Collect$$libinit$$00000019)
    __rt_lib_init_lc_time_1                  0x0800013f   Thumb Code     0  libinit2.o(.ARM.Collect$$libinit$$0000001B)
    __rt_lib_init_preinit_1                  0x0800013f   Thumb Code     0  libinit2.o(.ARM.Collect$$libinit$$00000006)
    __rt_lib_init_rand_1                     0x0800013f   Thumb Code     0  libinit2.o(.ARM.Collect$$libinit$$00000010)
    __rt_lib_init_relocate_pie_1             0x0800013f   Thumb Code     0  libinit2.o(.ARM.Collect$$libinit$$00000004)
    __rt_lib_init_return                     0x0800013f   Thumb Code     0  libinit2.o(.ARM.Collect$$libinit$$00000035)
    __rt_lib_init_signal_1                   0x0800013f   Thumb Code     0  libinit2.o(.ARM.Collect$$libinit$$0000001F)
    __rt_lib_init_stdio_1                    0x0800013f   Thumb Code     0  libinit2.o(.ARM.Collect$$libinit$$00000027)
    __rt_lib_init_user_alloc_1               0x0800013f   Thumb Code     0  libinit2.o(.ARM.Collect$$libinit$$0000000E)
    __rt_lib_shutdown                        0x08000141   Thumb Code     0  libshutdown.o(.ARM.Collect$$libshutdown$$00000000)
    __rt_lib_shutdown_cpp_1                  0x08000143   Thumb Code     0  libshutdown2.o(.ARM.Collect$$libshutdown$$00000002)
    __rt_lib_shutdown_fp_trap_1              0x08000143   Thumb Code     0  libshutdown2.o(.ARM.Collect$$libshutdown$$00000007)
    __rt_lib_shutdown_heap_1                 0x08000143   Thumb Code     0  libshutdown2.o(.ARM.Collect$$libshutdown$$0000000F)
    __rt_lib_shutdown_return                 0x08000143   Thumb Code     0  libshutdown2.o(.ARM.Collect$$libshutdown$$00000010)
    __rt_lib_shutdown_signal_1               0x08000143   Thumb Code     0  libshutdown2.o(.ARM.Collect$$libshutdown$$0000000A)
    __rt_lib_shutdown_stdio_1                0x08000143   Thumb Code     0  libshutdown2.o(.ARM.Collect$$libshutdown$$00000004)
    __rt_lib_shutdown_user_alloc_1           0x08000143   Thumb Code     0  libshutdown2.o(.ARM.Collect$$libshutdown$$0000000C)
    __rt_entry                               0x08000145   Thumb Code     0  __rtentry.o(.ARM.Collect$$rtentry$$00000000)
    __rt_entry_presh_1                       0x08000145   Thumb Code     0  __rtentry2.o(.ARM.Collect$$rtentry$$00000002)
    __rt_entry_sh                            0x08000145   Thumb Code     0  __rtentry4.o(.ARM.Collect$$rtentry$$00000004)
    __rt_entry_postsh_1                      0x0800014b   Thumb Code     0  __rtentry2.o(.ARM.Collect$$rtentry$$00000008)
    __rt_entry_li                            0x08000153   Thumb Code     0  __rtentry2.o(.ARM.Collect$$rtentry$$0000000A)
    __rt_entry_main                          0x08000157   Thumb Code     0  __rtentry2.o(.ARM.Collect$$rtentry$$0000000D)
    __rt_entry_postli_1                      0x08000157   Thumb Code     0  __rtentry2.o(.ARM.Collect$$rtentry$$0000000C)
    __rt_exit                                0x0800015f   Thumb Code     0  rtexit.o(.ARM.Collect$$rtexit$$00000000)
    __rt_exit_ls                             0x08000161   Thumb Code     0  rtexit2.o(.ARM.Collect$$rtexit$$00000003)
    __rt_exit_prels_1                        0x08000161   Thumb Code     0  rtexit2.o(.ARM.Collect$$rtexit$$00000002)
    __rt_exit_exit                           0x08000165   Thumb Code     0  rtexit2.o(.ARM.Collect$$rtexit$$00000004)
    __aeabi_memcpy4                          0x0800016d   Thumb Code    56  rt_memcpy.o(.emb_text)
    __aeabi_memcpy8                          0x0800016d   Thumb Code     0  rt_memcpy.o(.emb_text)
    Reset_Handler                            0x080001a5   Thumb Code     8  startup_stm32g030xx.o(.text)
    ADC1_IRQHandler                          0x080001b7   Thumb Code     0  startup_stm32g030xx.o(.text)
    DMA1_Ch4_5_DMAMUX1_OVR_IRQHandler        0x080001b7   Thumb Code     0  startup_stm32g030xx.o(.text)
    DMA1_Channel1_IRQHandler                 0x080001b7   Thumb Code     0  startup_stm32g030xx.o(.text)
    DMA1_Channel2_3_IRQHandler               0x080001b7   Thumb Code     0  startup_stm32g030xx.o(.text)
    EXTI0_1_IRQHandler                       0x080001b7   Thumb Code     0  startup_stm32g030xx.o(.text)
    EXTI2_3_IRQHandler                       0x080001b7   Thumb Code     0  startup_stm32g030xx.o(.text)
    EXTI4_15_IRQHandler                      0x080001b7   Thumb Code     0  startup_stm32g030xx.o(.text)
    FLASH_IRQHandler                         0x080001b7   Thumb Code     0  startup_stm32g030xx.o(.text)
    I2C1_IRQHandler                          0x080001b7   Thumb Code     0  startup_stm32g030xx.o(.text)
    I2C2_IRQHandler                          0x080001b7   Thumb Code     0  startup_stm32g030xx.o(.text)
    RCC_IRQHandler                           0x080001b7   Thumb Code     0  startup_stm32g030xx.o(.text)
    RTC_TAMP_IRQHandler                      0x080001b7   Thumb Code     0  startup_stm32g030xx.o(.text)
    SPI1_IRQHandler                          0x080001b7   Thumb Code     0  startup_stm32g030xx.o(.text)
    SPI2_IRQHandler                          0x080001b7   Thumb Code     0  startup_stm32g030xx.o(.text)
    TIM14_IRQHandler                         0x080001b7   Thumb Code     0  startup_stm32g030xx.o(.text)
    TIM16_IRQHandler                         0x080001b7   Thumb Code     0  startup_stm32g030xx.o(.text)
    TIM17_IRQHandler                         0x080001b7   Thumb Code     0  startup_stm32g030xx.o(.text)
    TIM1_BRK_UP_TRG_COM_IRQHandler           0x080001b7   Thumb Code     0  startup_stm32g030xx.o(.text)
    TIM1_CC_IRQHandler                       0x080001b7   Thumb Code     0  startup_stm32g030xx.o(.text)
    TIM3_IRQHandler                          0x080001b7   Thumb Code     0  startup_stm32g030xx.o(.text)
    USART1_IRQHandler                        0x080001b7   Thumb Code     0  startup_stm32g030xx.o(.text)
    WWDG_IRQHandler                          0x080001b7   Thumb Code     0  startup_stm32g030xx.o(.text)
    __user_initial_stackheap                 0x080001b9   Thumb Code     0  startup_stm32g030xx.o(.text)
    SVC_Handler                              0x080001dd   Thumb Code   132  irq_armv6m.o(.text)
    PendSV_Handler                           0x08000261   Thumb Code    12  irq_armv6m.o(.text)
    SysTick_Handler                          0x0800026d   Thumb Code    12  irq_armv6m.o(.text)
    __aeabi_memcpy                           0x08000281   Thumb Code   130  rt_memcpy.o(.text)
    __rt_memcpy                              0x08000281   Thumb Code     0  rt_memcpy.o(.text)
    _memset_w                                0x08000303   Thumb Code    26  rt_memclr.o(.text)
    _memset                                  0x0800031d   Thumb Code    30  rt_memclr.o(.text)
    __aeabi_memclr                           0x0800033b   Thumb Code     4  rt_memclr.o(.text)
    __rt_memclr                              0x0800033b   Thumb Code     0  rt_memclr.o(.text)
    __aeabi_memclr4                          0x0800033f   Thumb Code     0  rt_memclr.o(.text)
    __aeabi_memclr8                          0x0800033f   Thumb Code     0  rt_memclr.o(.text)
    __rt_memclr_w                            0x0800033f   Thumb Code     4  rt_memclr.o(.text)
    __aeabi_uidiv                            0x08000345   Thumb Code     0  aeabi_sdiv.o(.text)
    __aeabi_uidivmod                         0x08000345   Thumb Code    20  aeabi_sdiv.o(.text)
    __aeabi_idiv                             0x08000359   Thumb Code     0  aeabi_sdiv.o(.text)
    __aeabi_idivmod                          0x08000359   Thumb Code   338  aeabi_sdiv.o(.text)
    __use_two_region_memory                  0x080004b1   Thumb Code     2  heapauxi.o(.text)
    __rt_heap_escrow$2region                 0x080004b3   Thumb Code     2  heapauxi.o(.text)
    __rt_heap_expand$2region                 0x080004b5   Thumb Code     2  heapauxi.o(.text)
    __user_setup_stackheap                   0x080004b7   Thumb Code    62  sys_stackheap_outer.o(.text)
    exit                                     0x080004f5   Thumb Code    16  exit.o(.text)
    __user_libspace                          0x08000505   Thumb Code     8  libspace.o(.text)
    __user_perproc_libspace                  0x08000505   Thumb Code     0  libspace.o(.text)
    _sys_exit                                0x0800050d   Thumb Code     8  sys_exit.o(.text)
    __I$use$semihosting                      0x08000519   Thumb Code     0  use_no_semi.o(.text)
    __use_no_semihosting_swi                 0x08000519   Thumb Code     2  use_no_semi.o(.text)
    __semihosting_library_function           0x0800051b   Thumb Code     0  indicate_semi.o(.text)
    __aeabi_d2f                              0x0800051d   Thumb Code     0  d2f.o(.text)
    _d2f                                     0x0800051d   Thumb Code   120  d2f.o(.text)
    __aeabi_f2d                              0x08000599   Thumb Code     0  f2d.o(.text)
    _f2d                                     0x08000599   Thumb Code    80  f2d.o(.text)
    __aeabi_f2iz                             0x080005ed   Thumb Code     0  ffixi.o(.text)
    _ffix                                    0x080005ed   Thumb Code    76  ffixi.o(.text)
    __aeabi_i2f_normalise                    0x08000639   Thumb Code    72  fflti.o(.text)
    __aeabi_i2f                              0x08000681   Thumb Code    16  fflti.o(.text)
    _fflt                                    0x08000681   Thumb Code     0  fflti.o(.text)
    __aeabi_ui2f                             0x08000691   Thumb Code     6  fflti.o(.text)
    _ffltu                                   0x08000691   Thumb Code     0  fflti.o(.text)
    HardFault_Handler                        0x080006e1   Thumb Code     2  lto-llvm-b284cc.o(.text.HardFault_Handler)
    NMI_Handler                              0x08001049   Thumb Code     2  lto-llvm-b284cc.o(.text.NMI_Handler)
    OS_Tick_AcknowledgeIRQ                   0x0800104d   Thumb Code     8  os_systick.o(.text.OS_Tick_AcknowledgeIRQ)
    OS_Tick_Enable                           0x08001055   Thumb Code    32  os_systick.o(.text.OS_Tick_Enable)
    OS_Tick_GetIRQn                          0x08001079   Thumb Code     6  os_systick.o(.text.OS_Tick_GetIRQn)
    OS_Tick_Setup                            0x08001081   Thumb Code    60  os_systick.o(.text.OS_Tick_Setup)
    SystemInit                               0x08001769   Thumb Code     2  lto-llvm-b284cc.o(.text.SystemInit)
    USART2_IRQHandler                        0x08001c85   Thumb Code   196  lto-llvm-b284cc.o(.text.USART2_IRQHandler)
    _mutex_acquire                           0x080020f1   Thumb Code    44  lto-llvm-b284cc.o(.text._mutex_acquire)
    _mutex_free                              0x0800211d   Thumb Code    10  lto-llvm-b284cc.o(.text._mutex_free)
    _mutex_initialize                        0x08002127   Thumb Code    34  lto-llvm-b284cc.o(.text._mutex_initialize)
    _mutex_release                           0x08002149   Thumb Code    40  lto-llvm-b284cc.o(.text._mutex_release)
    _platform_post_stackheap_init            0x08002175   Thumb Code     8  lto-llvm-b284cc.o(.text._platform_post_stackheap_init)
    main                                     0x08002341   Thumb Code  1052  lto-llvm-b284cc.o(.text.main)
    osDelay                                  0x08002825   Thumb Code    36  rtx_delay.o(.text.osDelay)
    osEventFlagsClear                        0x0800284d   Thumb Code    32  rtx_evflags.o(.text.osEventFlagsClear)
    osEventFlagsNew                          0x08002871   Thumb Code    32  rtx_evflags.o(.text.osEventFlagsNew)
    osEventFlagsSet                          0x08002895   Thumb Code    72  rtx_evflags.o(.text.osEventFlagsSet)
    osEventFlagsWait                         0x080028e1   Thumb Code    64  rtx_evflags.o(.text.osEventFlagsWait)
    osKernelGetState                         0x08002925   Thumb Code    40  rtx_kernel.o(.text.osKernelGetState)
    osKernelInitialize                       0x08002955   Thumb Code    36  rtx_kernel.o(.text.osKernelInitialize)
    osKernelLock                             0x0800297d   Thumb Code    32  rtx_kernel.o(.text.osKernelLock)
    osKernelStart                            0x080029a1   Thumb Code    32  rtx_kernel.o(.text.osKernelStart)
    osKernelUnlock                           0x080029c5   Thumb Code    32  rtx_kernel.o(.text.osKernelUnlock)
    osMessageQueueGet                        0x080029e9   Thumb Code   112  rtx_msgqueue.o(.text.osMessageQueueGet)
    osMessageQueuePut                        0x08002a5d   Thumb Code   112  rtx_msgqueue.o(.text.osMessageQueuePut)
    osMutexAcquire                           0x08002ad1   Thumb Code    36  rtx_mutex.o(.text.osMutexAcquire)
    osMutexDelete                            0x08002af9   Thumb Code    36  rtx_mutex.o(.text.osMutexDelete)
    osMutexNew                               0x08002b21   Thumb Code    32  rtx_mutex.o(.text.osMutexNew)
    osMutexRelease                           0x08002b45   Thumb Code    36  rtx_mutex.o(.text.osMutexRelease)
    osRtxErrorNotify                         0x08002b6d   Thumb Code     2  lto-llvm-b284cc.o(.text.osRtxErrorNotify)
    osRtxIdleThread                          0x08002ba3   Thumb Code     2  lto-llvm-b284cc.o(.text.osRtxIdleThread)
    osRtxKernelErrorNotify                   0x08002ba5   Thumb Code     8  rtx_kernel.o(.text.osRtxKernelErrorNotify)
    osRtxKernelPreInit                       0x08002bad   Thumb Code     2  rtx_kernel.o(.text.osRtxKernelPreInit)
    osRtxMemoryAlloc                         0x08002baf   Thumb Code   120  rtx_memory.o(.text.osRtxMemoryAlloc)
    osRtxMemoryFree                          0x08002c27   Thumb Code    78  rtx_memory.o(.text.osRtxMemoryFree)
    osRtxMemoryInit                          0x08002c75   Thumb Code    46  rtx_memory.o(.text.osRtxMemoryInit)
    osRtxMemoryPoolAlloc                     0x08002ca3   Thumb Code    42  rtx_mempool.o(.text.osRtxMemoryPoolAlloc)
    osRtxMemoryPoolFree                      0x08002ccd   Thumb Code    54  rtx_mempool.o(.text.osRtxMemoryPoolFree)
    osRtxMemoryPoolInit                      0x08002d03   Thumb Code    60  rtx_mempool.o(.text.osRtxMemoryPoolInit)
    osRtxMessageQueueTimerSetup              0x08002dfd   Thumb Code    32  rtx_msgqueue.o(.text.osRtxMessageQueueTimerSetup)
    osRtxMutexOwnerRelease                   0x08002e21   Thumb Code    68  rtx_mutex.o(.text.osRtxMutexOwnerRelease)
    osRtxMutexOwnerRestore                   0x08002e65   Thumb Code    70  rtx_mutex.o(.text.osRtxMutexOwnerRestore)
    osRtxPendSV_Handler                      0x08002ead   Thumb Code   128  rtx_system.o(.text.osRtxPendSV_Handler)
    osRtxPostProcess                         0x08002f2d   Thumb Code   104  rtx_system.o(.text.osRtxPostProcess)
    osRtxThreadDelayTick                     0x0800309d   Thumb Code    84  rtx_thread.o(.text.osRtxThreadDelayTick)
    osRtxThreadDispatch                      0x08003119   Thumb Code    76  rtx_thread.o(.text.osRtxThreadDispatch)
    osRtxThreadListGet                       0x080031d9   Thumb Code    20  rtx_thread.o(.text.osRtxThreadListGet)
    osRtxThreadListPut                       0x080031ed   Thumb Code    44  rtx_thread.o(.text.osRtxThreadListPut)
    osRtxThreadListRemove                    0x08003219   Thumb Code    24  rtx_thread.o(.text.osRtxThreadListRemove)
    osRtxThreadListSort                      0x08003231   Thumb Code    36  rtx_thread.o(.text.osRtxThreadListSort)
    osRtxThreadReadyPut                      0x0800327d   Thumb Code    20  rtx_thread.o(.text.osRtxThreadReadyPut)
    osRtxThreadRegPtr                        0x08003291   Thumb Code     6  rtx_thread.o(.text.osRtxThreadRegPtr)
    osRtxThreadStartup                       0x08003299   Thumb Code    56  rtx_thread.o(.text.osRtxThreadStartup)
    osRtxThreadSwitch                        0x080032d9   Thumb Code    12  rtx_thread.o(.text.osRtxThreadSwitch)
    osRtxThreadWaitEnter                     0x080032e9   Thumb Code    60  rtx_thread.o(.text.osRtxThreadWaitEnter)
    osRtxThreadWaitExit                      0x08003329   Thumb Code    34  rtx_thread.o(.text.osRtxThreadWaitExit)
    osRtxTick_Handler                        0x0800334d   Thumb Code   124  rtx_system.o(.text.osRtxTick_Handler)
    osRtxTimerSetup                          0x080033cd   Thumb Code    28  rtx_timer.o(.text.osRtxTimerSetup)
    osRtxTimerThread                         0x080033f1   Thumb Code    28  rtx_timer.o(.text.osRtxTimerThread)
    osThreadExit                             0x08003481   Thumb Code     8  rtx_thread.o(.text.osThreadExit)
    osThreadNew                              0x0800348d   Thumb Code    32  rtx_thread.o(.text.osThreadNew)
    __aeabi_fmul                             0x080040ad   Thumb Code     0  fmul.o(x$fpl$fmul)
    _fmul                                    0x080040ad   Thumb Code   172  fmul.o(x$fpl$fmul)
    __I$use$fp                               0x0800415c   Number         0  usenofp.o(x$fpl$usenofp)
    osRtxUserSVC                             0x08004228   Data           4  lto-llvm-b284cc.o(.rodata)
    osRtxConfig                              0x0800422c   Data         112  lto-llvm-b284cc.o(.rodata)
    os_cb_sections                           0x0800429c   Data          56  lto-llvm-b284cc.o(.rodata)
    Region$$Table$$Base                      0x08004334   Number         0  anon$$obj.o(Region$$Table)
    Region$$Table$$Limit                     0x08004354   Number         0  anon$$obj.o(Region$$Table)
    SystemCoreClock                          0x20000004   Data           4  lto-llvm-b284cc.o(.data)
    osRtxInfo                                0x20000008   Data         164  rtx_kernel.o(.data.os)
    __libspace_start                         0x200000b0   Data          96  libspace.o(.bss)
    __temporary_stack_top$libspace           0x20000110   Data           0  libspace.o(.bss)
    .bss.os.msgqueue.cb$$Base                0x20000bf0   Number         0  lto-llvm-b284cc.o(.bss.os.msgqueue.cb)
    .bss.os.msgqueue.cb$$Limit               0x20000c24   Number         0  lto-llvm-b284cc.o(.bss.os.msgqueue.cb)
    .bss.os.thread.cb$$Base                  0x20000c38   Number         0  lto-llvm-b284cc.o(.bss.os.thread.cb)
    .bss.os.thread.cb$$Limit                 0x20000cc0   Number         0  lto-llvm-b284cc.o(.bss.os.thread.cb)



==============================================================================

Memory Map of the image

  Image Entry point : 0x080000c1

  Load Region LR_IROM1 (Base: 0x08000000, Size: 0x00004408, Max: 0x00008000, ABSOLUTE)

    Execution Region ER_IROM1 (Exec base: 0x08000000, Load base: 0x08000000, Size: 0x00004354, Max: 0x00008000, ABSOLUTE)

    Exec Addr    Load Addr    Size         Type   Attr      Idx    E Section Name        Object

    0x08000000   0x08000000   0x000000c0   Data   RO            3    RESET               startup_stm32g030xx.o
    0x080000c0   0x080000c0   0x00000008   Code   RO          552  * !!!main             c_p.l(__main.o)
    0x080000c8   0x080000c8   0x0000003c   Code   RO          809    !!!scatter          c_p.l(__scatter.o)
    0x08000104   0x08000104   0x0000001a   Code   RO          811    !!handler_copy      c_p.l(__scatter_copy.o)
    0x0800011e   0x0800011e   0x00000002   PAD
    0x08000120   0x08000120   0x0000001c   Code   RO          813    !!handler_zi        c_p.l(__scatter_zi.o)
    0x0800013c   0x0800013c   0x00000002   Code   RO          588    .ARM.Collect$$libinit$$00000000  c_p.l(libinit.o)
    0x0800013e   0x0800013e   0x00000000   Code   RO          602    .ARM.Collect$$libinit$$00000002  c_p.l(libinit2.o)
    0x0800013e   0x0800013e   0x00000000   Code   RO          604    .ARM.Collect$$libinit$$00000004  c_p.l(libinit2.o)
    0x0800013e   0x0800013e   0x00000000   Code   RO          606    .ARM.Collect$$libinit$$00000006  c_p.l(libinit2.o)
    0x0800013e   0x0800013e   0x00000000   Code   RO          609    .ARM.Collect$$libinit$$0000000C  c_p.l(libinit2.o)
    0x0800013e   0x0800013e   0x00000000   Code   RO          611    .ARM.Collect$$libinit$$0000000E  c_p.l(libinit2.o)
    0x0800013e   0x0800013e   0x00000000   Code   RO          613    .ARM.Collect$$libinit$$00000010  c_p.l(libinit2.o)
    0x0800013e   0x0800013e   0x00000000   Code   RO          616    .ARM.Collect$$libinit$$00000013  c_p.l(libinit2.o)
    0x0800013e   0x0800013e   0x00000000   Code   RO          618    .ARM.Collect$$libinit$$00000015  c_p.l(libinit2.o)
    0x0800013e   0x0800013e   0x00000000   Code   RO          620    .ARM.Collect$$libinit$$00000017  c_p.l(libinit2.o)
    0x0800013e   0x0800013e   0x00000000   Code   RO          622    .ARM.Collect$$libinit$$00000019  c_p.l(libinit2.o)
    0x0800013e   0x0800013e   0x00000000   Code   RO          624    .ARM.Collect$$libinit$$0000001B  c_p.l(libinit2.o)
    0x0800013e   0x0800013e   0x00000000   Code   RO          626    .ARM.Collect$$libinit$$0000001D  c_p.l(libinit2.o)
    0x0800013e   0x0800013e   0x00000000   Code   RO          628    .ARM.Collect$$libinit$$0000001F  c_p.l(libinit2.o)
    0x0800013e   0x0800013e   0x00000000   Code   RO          630    .ARM.Collect$$libinit$$00000021  c_p.l(libinit2.o)
    0x0800013e   0x0800013e   0x00000000   Code   RO          632    .ARM.Collect$$libinit$$00000023  c_p.l(libinit2.o)
    0x0800013e   0x0800013e   0x00000000   Code   RO          634    .ARM.Collect$$libinit$$00000025  c_p.l(libinit2.o)
    0x0800013e   0x0800013e   0x00000000   Code   RO          636    .ARM.Collect$$libinit$$00000027  c_p.l(libinit2.o)
    0x0800013e   0x0800013e   0x00000000   Code   RO          640    .ARM.Collect$$libinit$$0000002E  c_p.l(libinit2.o)
    0x0800013e   0x0800013e   0x00000000   Code   RO          642    .ARM.Collect$$libinit$$00000030  c_p.l(libinit2.o)
    0x0800013e   0x0800013e   0x00000000   Code   RO          644    .ARM.Collect$$libinit$$00000032  c_p.l(libinit2.o)
    0x0800013e   0x0800013e   0x00000000   Code   RO          646    .ARM.Collect$$libinit$$00000034  c_p.l(libinit2.o)
    0x0800013e   0x0800013e   0x00000002   Code   RO          647    .ARM.Collect$$libinit$$00000035  c_p.l(libinit2.o)
    0x08000140   0x08000140   0x00000002   Code   RO          682    .ARM.Collect$$libshutdown$$00000000  c_p.l(libshutdown.o)
    0x08000142   0x08000142   0x00000000   Code   RO          710    .ARM.Collect$$libshutdown$$00000002  c_p.l(libshutdown2.o)
    0x08000142   0x08000142   0x00000000   Code   RO          712    .ARM.Collect$$libshutdown$$00000004  c_p.l(libshutdown2.o)
    0x08000142   0x08000142   0x00000000   Code   RO          715    .ARM.Collect$$libshutdown$$00000007  c_p.l(libshutdown2.o)
    0x08000142   0x08000142   0x00000000   Code   RO          718    .ARM.Collect$$libshutdown$$0000000A  c_p.l(libshutdown2.o)
    0x08000142   0x08000142   0x00000000   Code   RO          720    .ARM.Collect$$libshutdown$$0000000C  c_p.l(libshutdown2.o)
    0x08000142   0x08000142   0x00000000   Code   RO          723    .ARM.Collect$$libshutdown$$0000000F  c_p.l(libshutdown2.o)
    0x08000142   0x08000142   0x00000002   Code   RO          724    .ARM.Collect$$libshutdown$$00000010  c_p.l(libshutdown2.o)
    0x08000144   0x08000144   0x00000000   Code   RO          554    .ARM.Collect$$rtentry$$00000000  c_p.l(__rtentry.o)
    0x08000144   0x08000144   0x00000000   Code   RO          560    .ARM.Collect$$rtentry$$00000002  c_p.l(__rtentry2.o)
    0x08000144   0x08000144   0x00000006   Code   RO          572    .ARM.Collect$$rtentry$$00000004  c_p.l(__rtentry4.o)
    0x0800014a   0x0800014a   0x00000008   Code   RO          561    .ARM.Collect$$rtentry$$00000008  c_p.l(__rtentry2.o)
    0x08000152   0x08000152   0x00000004   Code   RO          563    .ARM.Collect$$rtentry$$0000000A  c_p.l(__rtentry2.o)
    0x08000156   0x08000156   0x00000000   Code   RO          565    .ARM.Collect$$rtentry$$0000000C  c_p.l(__rtentry2.o)
    0x08000156   0x08000156   0x00000008   Code   RO          566    .ARM.Collect$$rtentry$$0000000D  c_p.l(__rtentry2.o)
    0x0800015e   0x0800015e   0x00000002   Code   RO          593    .ARM.Collect$$rtexit$$00000000  c_p.l(rtexit.o)
    0x08000160   0x08000160   0x00000000   Code   RO          653    .ARM.Collect$$rtexit$$00000002  c_p.l(rtexit2.o)
    0x08000160   0x08000160   0x00000004   Code   RO          654    .ARM.Collect$$rtexit$$00000003  c_p.l(rtexit2.o)
    0x08000164   0x08000164   0x00000006   Code   RO          655    .ARM.Collect$$rtexit$$00000004  c_p.l(rtexit2.o)
    0x0800016a   0x0800016a   0x00000002   PAD
    0x0800016c   0x0800016c   0x00000038   Code   RO          540    .emb_text           c_p.l(rt_memcpy.o)
    0x080001a4   0x080001a4   0x00000038   Code   RO            4    .text               startup_stm32g030xx.o
    0x080001dc   0x080001dc   0x000000a4   Code   RO          364    .text               RTX_CM0.lib(irq_armv6m.o)
    0x08000280   0x08000280   0x00000082   Code   RO          541    .text               c_p.l(rt_memcpy.o)
    0x08000302   0x08000302   0x00000040   Code   RO          544    .text               c_p.l(rt_memclr.o)
    0x08000342   0x08000342   0x00000002   PAD
    0x08000344   0x08000344   0x0000016c   Code   RO          546    .text               c_p.l(aeabi_sdiv.o)
    0x080004b0   0x080004b0   0x00000006   Code   RO          550    .text               c_p.l(heapauxi.o)
    0x080004b6   0x080004b6   0x0000003e   Code   RO          576    .text               c_p.l(sys_stackheap_outer.o)
    0x080004f4   0x080004f4   0x00000010   Code   RO          579    .text               c_p.l(exit.o)
    0x08000504   0x08000504   0x00000008   Code   RO          589    .text               c_p.l(libspace.o)
    0x0800050c   0x0800050c   0x0000000c   Code   RO          648    .text               c_p.l(sys_exit.o)
    0x08000518   0x08000518   0x00000002   Code   RO          671    .text               c_p.l(use_no_semi.o)
    0x0800051a   0x0800051a   0x00000000   Code   RO          673    .text               c_p.l(indicate_semi.o)
    0x0800051a   0x0800051a   0x00000002   PAD
    0x0800051c   0x0800051c   0x0000007c   Code   RO          796    .text               fz_ps.l(d2f.o)
    0x08000598   0x08000598   0x00000054   Code   RO          798    .text               fz_ps.l(f2d.o)
    0x080005ec   0x080005ec   0x0000004c   Code   RO          800    .text               fz_ps.l(ffixi.o)
    0x08000638   0x08000638   0x0000005e   Code   RO          802    .text               fz_ps.l(fflti.o)
    0x08000696   0x08000696   0x0000004a   Code   RO          311    .text.EventFlagsCheck  RTX_CM0.lib(rtx_evflags.o)
    0x080006e0   0x080006e0   0x00000002   Code   RO          734    .text.HardFault_Handler  lto-llvm-b284cc.o
    0x080006e2   0x080006e2   0x00000002   PAD
    0x080006e4   0x080006e4   0x00000470   Code   RO          740    .text.INA226_Read_2Byte  lto-llvm-b284cc.o
    0x08000b54   0x08000b54   0x0000037c   Code   RO          742    .text.INA226_Write_2Byte  lto-llvm-b284cc.o
    0x08000ed0   0x08000ed0   0x000000ba   Code   RO          754    .text.LL_GPIO_Init  lto-llvm-b284cc.o
    0x08000f8a   0x08000f8a   0x00000042   Code   RO          480    .text.MessageQueueGet  RTX_CM0.lib(rtx_msgqueue.o)
    0x08000fcc   0x08000fcc   0x0000005e   Code   RO          474    .text.MessageQueuePut  RTX_CM0.lib(rtx_msgqueue.o)
    0x0800102a   0x0800102a   0x0000001e   Code   RO          472    .text.MessageQueueRemove  RTX_CM0.lib(rtx_msgqueue.o)
    0x08001048   0x08001048   0x00000002   Code   RO          732    .text.NMI_Handler   lto-llvm-b284cc.o
    0x0800104a   0x0800104a   0x00000002   PAD
    0x0800104c   0x0800104c   0x00000008   Code   RO          516    .text.OS_Tick_AcknowledgeIRQ  RTX_CM0.lib(os_systick.o)
    0x08001054   0x08001054   0x00000024   Code   RO          512    .text.OS_Tick_Enable  RTX_CM0.lib(os_systick.o)
    0x08001078   0x08001078   0x00000006   Code   RO          518    .text.OS_Tick_GetIRQn  RTX_CM0.lib(os_systick.o)
    0x0800107e   0x0800107e   0x00000002   PAD
    0x08001080   0x08001080   0x0000004c   Code   RO          510    .text.OS_Tick_Setup  RTX_CM0.lib(os_systick.o)
    0x080010cc   0x080010cc   0x0000011c   Code   RO          746    .text.SEGGER_RTT_SetTerminal  lto-llvm-b284cc.o
    0x080011e8   0x080011e8   0x000001d4   Code   RO          744    .text.SEGGER_RTT_Write  lto-llvm-b284cc.o
    0x080013bc   0x080013bc   0x000003ac   Code   RO          752    .text.SEGGER_RTT_printf  lto-llvm-b284cc.o
    0x08001768   0x08001768   0x00000002   Code   RO          756    .text.SystemInit    lto-llvm-b284cc.o
    0x0800176a   0x0800176a   0x00000002   PAD
    0x0800176c   0x0800176c   0x00000480   Code   RO          738    .text.TMP1075_Read_2Byte  lto-llvm-b284cc.o
    0x08001bec   0x08001bec   0x0000004a   Code   RO          175    .text.ThreadFlagsCheck  RTX_CM0.lib(rtx_thread.o)
    0x08001c36   0x08001c36   0x00000002   PAD
    0x08001c38   0x08001c38   0x0000004c   Code   RO          265    .text.TimerInsert   RTX_CM0.lib(rtx_timer.o)
    0x08001c84   0x08001c84   0x000000dc   Code   RO          736    .text.USART2_IRQHandler  lto-llvm-b284cc.o
    0x08001d60   0x08001d60   0x000001be   Code   RO          748    .text._PrintInt     lto-llvm-b284cc.o
    0x08001f1e   0x08001f1e   0x00000002   PAD
    0x08001f20   0x08001f20   0x000001d0   Code   RO          750    .text._PrintUnsigned  lto-llvm-b284cc.o
    0x080020f0   0x080020f0   0x0000002c   Code   RO          758    .text._mutex_acquire  lto-llvm-b284cc.o
    0x0800211c   0x0800211c   0x0000000a   Code   RO          760    .text._mutex_free   lto-llvm-b284cc.o
    0x08002126   0x08002126   0x00000022   Code   RO          762    .text._mutex_initialize  lto-llvm-b284cc.o
    0x08002148   0x08002148   0x0000002c   Code   RO          764    .text._mutex_release  lto-llvm-b284cc.o
    0x08002174   0x08002174   0x00000008   Code   RO          766    .text._platform_post_stackheap_init  lto-llvm-b284cc.o
    0x0800217c   0x0800217c   0x000001c4   Code   RO          728    .text.app_main      lto-llvm-b284cc.o
    0x08002340   0x08002340   0x000004e4   Code   RO          730    .text.main          lto-llvm-b284cc.o
    0x08002824   0x08002824   0x00000028   Code   RO          231    .text.osDelay       RTX_CM0.lib(rtx_delay.o)
    0x0800284c   0x0800284c   0x00000024   Code   RO          295    .text.osEventFlagsClear  RTX_CM0.lib(rtx_evflags.o)
    0x08002870   0x08002870   0x00000024   Code   RO          289    .text.osEventFlagsNew  RTX_CM0.lib(rtx_evflags.o)
    0x08002894   0x08002894   0x0000004c   Code   RO          293    .text.osEventFlagsSet  RTX_CM0.lib(rtx_evflags.o)
    0x080028e0   0x080028e0   0x00000044   Code   RO          303    .text.osEventFlagsWait  RTX_CM0.lib(rtx_evflags.o)
    0x08002924   0x08002924   0x00000030   Code   RO           39    .text.osKernelGetState  RTX_CM0.lib(rtx_kernel.o)
    0x08002954   0x08002954   0x00000028   Code   RO           33    .text.osKernelInitialize  RTX_CM0.lib(rtx_kernel.o)
    0x0800297c   0x0800297c   0x00000024   Code   RO           45    .text.osKernelLock  RTX_CM0.lib(rtx_kernel.o)
    0x080029a0   0x080029a0   0x00000024   Code   RO           43    .text.osKernelStart  RTX_CM0.lib(rtx_kernel.o)
    0x080029c4   0x080029c4   0x00000024   Code   RO           47    .text.osKernelUnlock  RTX_CM0.lib(rtx_kernel.o)
    0x080029e8   0x080029e8   0x00000074   Code   RO          448    .text.osMessageQueueGet  RTX_CM0.lib(rtx_msgqueue.o)
    0x08002a5c   0x08002a5c   0x00000074   Code   RO          446    .text.osMessageQueuePut  RTX_CM0.lib(rtx_msgqueue.o)
    0x08002ad0   0x08002ad0   0x00000028   Code   RO          337    .text.osMutexAcquire  RTX_CM0.lib(rtx_mutex.o)
    0x08002af8   0x08002af8   0x00000028   Code   RO          343    .text.osMutexDelete  RTX_CM0.lib(rtx_mutex.o)
    0x08002b20   0x08002b20   0x00000024   Code   RO          333    .text.osMutexNew    RTX_CM0.lib(rtx_mutex.o)
    0x08002b44   0x08002b44   0x00000028   Code   RO          339    .text.osMutexRelease  RTX_CM0.lib(rtx_mutex.o)
    0x08002b6c   0x08002b6c   0x00000002   Code   RO          772    .text.osRtxErrorNotify  lto-llvm-b284cc.o
    0x08002b6e   0x08002b6e   0x00000034   Code   RO          309    .text.osRtxEventFlagsPostProcess  RTX_CM0.lib(rtx_evflags.o)
    0x08002ba2   0x08002ba2   0x00000002   Code   RO          770    .text.osRtxIdleThread  lto-llvm-b284cc.o
    0x08002ba4   0x08002ba4   0x00000008   Code   RO           31    .text.osRtxKernelErrorNotify  RTX_CM0.lib(rtx_kernel.o)
    0x08002bac   0x08002bac   0x00000002   Code   RO           29    .text.osRtxKernelPreInit  RTX_CM0.lib(rtx_kernel.o)
    0x08002bae   0x08002bae   0x00000078   Code   RO          374    .text.osRtxMemoryAlloc  RTX_CM0.lib(rtx_memory.o)
    0x08002c26   0x08002c26   0x0000004e   Code   RO          376    .text.osRtxMemoryFree  RTX_CM0.lib(rtx_memory.o)
    0x08002c74   0x08002c74   0x0000002e   Code   RO          372    .text.osRtxMemoryInit  RTX_CM0.lib(rtx_memory.o)
    0x08002ca2   0x08002ca2   0x0000002a   Code   RO          388    .text.osRtxMemoryPoolAlloc  RTX_CM0.lib(rtx_mempool.o)
    0x08002ccc   0x08002ccc   0x00000036   Code   RO          390    .text.osRtxMemoryPoolFree  RTX_CM0.lib(rtx_mempool.o)
    0x08002d02   0x08002d02   0x0000003c   Code   RO          386    .text.osRtxMemoryPoolInit  RTX_CM0.lib(rtx_mempool.o)
    0x08002d3e   0x08002d3e   0x000000bc   Code   RO          470    .text.osRtxMessageQueuePostProcess  RTX_CM0.lib(rtx_msgqueue.o)
    0x08002dfa   0x08002dfa   0x00000002   PAD
    0x08002dfc   0x08002dfc   0x00000024   Code   RO          438    .text.osRtxMessageQueueTimerSetup  RTX_CM0.lib(rtx_msgqueue.o)
    0x08002e20   0x08002e20   0x00000044   Code   RO          329    .text.osRtxMutexOwnerRelease  RTX_CM0.lib(rtx_mutex.o)
    0x08002e64   0x08002e64   0x00000046   Code   RO          331    .text.osRtxMutexOwnerRestore  RTX_CM0.lib(rtx_mutex.o)
    0x08002eaa   0x08002eaa   0x00000002   PAD
    0x08002eac   0x08002eac   0x00000080   Code   RO          498    .text.osRtxPendSV_Handler  RTX_CM0.lib(rtx_system.o)
    0x08002f2c   0x08002f2c   0x0000006c   Code   RO          500    .text.osRtxPostProcess  RTX_CM0.lib(rtx_system.o)
    0x08002f98   0x08002f98   0x00000034   Code   RO          115    .text.osRtxThreadBlock  RTX_CM0.lib(rtx_thread.o)
    0x08002fcc   0x08002fcc   0x0000008c   Code   RO          123    .text.osRtxThreadDelayInsert  RTX_CM0.lib(rtx_thread.o)
    0x08003058   0x08003058   0x00000044   Code   RO          119    .text.osRtxThreadDelayRemove  RTX_CM0.lib(rtx_thread.o)
    0x0800309c   0x0800309c   0x00000054   Code   RO          107    .text.osRtxThreadDelayTick  RTX_CM0.lib(rtx_thread.o)
    0x080030f0   0x080030f0   0x00000028   Code   RO          207    .text.osRtxThreadDestroy  RTX_CM0.lib(rtx_thread.o)
    0x08003118   0x08003118   0x0000004c   Code   RO          113    .text.osRtxThreadDispatch  RTX_CM0.lib(rtx_thread.o)
    0x08003164   0x08003164   0x00000054   Code   RO          199    .text.osRtxThreadFree  RTX_CM0.lib(rtx_thread.o)
    0x080031b8   0x080031b8   0x00000020   Code   RO          205    .text.osRtxThreadJoinWakeup  RTX_CM0.lib(rtx_thread.o)
    0x080031d8   0x080031d8   0x00000014   Code   RO           99    .text.osRtxThreadListGet  RTX_CM0.lib(rtx_thread.o)
    0x080031ec   0x080031ec   0x0000002c   Code   RO           97    .text.osRtxThreadListPut  RTX_CM0.lib(rtx_thread.o)
    0x08003218   0x08003218   0x00000018   Code   RO          103    .text.osRtxThreadListRemove  RTX_CM0.lib(rtx_thread.o)
    0x08003230   0x08003230   0x00000024   Code   RO          101    .text.osRtxThreadListSort  RTX_CM0.lib(rtx_thread.o)
    0x08003254   0x08003254   0x00000026   Code   RO          173    .text.osRtxThreadPostProcess  RTX_CM0.lib(rtx_thread.o)
    0x0800327a   0x0800327a   0x00000002   PAD
    0x0800327c   0x0800327c   0x00000014   Code   RO          105    .text.osRtxThreadReadyPut  RTX_CM0.lib(rtx_thread.o)
    0x08003290   0x08003290   0x00000006   Code   RO          109    .text.osRtxThreadRegPtr  RTX_CM0.lib(rtx_thread.o)
    0x08003296   0x08003296   0x00000002   PAD
    0x08003298   0x08003298   0x00000040   Code   RO          125    .text.osRtxThreadStartup  RTX_CM0.lib(rtx_thread.o)
    0x080032d8   0x080032d8   0x00000010   Code   RO          111    .text.osRtxThreadSwitch  RTX_CM0.lib(rtx_thread.o)
    0x080032e8   0x080032e8   0x00000040   Code   RO          121    .text.osRtxThreadWaitEnter  RTX_CM0.lib(rtx_thread.o)
    0x08003328   0x08003328   0x00000022   Code   RO          117    .text.osRtxThreadWaitExit  RTX_CM0.lib(rtx_thread.o)
    0x0800334a   0x0800334a   0x00000002   PAD
    0x0800334c   0x0800334c   0x00000080   Code   RO          496    .text.osRtxTick_Handler  RTX_CM0.lib(rtx_system.o)
    0x080033cc   0x080033cc   0x00000024   Code   RO          247    .text.osRtxTimerSetup  RTX_CM0.lib(rtx_timer.o)
    0x080033f0   0x080033f0   0x0000001c   Code   RO          251    .text.osRtxTimerThread  RTX_CM0.lib(rtx_timer.o)
    0x0800340c   0x0800340c   0x00000074   Code   RO          249    .text.osRtxTimerTick  RTX_CM0.lib(rtx_timer.o)
    0x08003480   0x08003480   0x0000000c   Code   RO          157    .text.osThreadExit  RTX_CM0.lib(rtx_thread.o)
    0x0800348c   0x0800348c   0x00000024   Code   RO          129    .text.osThreadNew   RTX_CM0.lib(rtx_thread.o)
    0x080034b0   0x080034b0   0x00000018   Code   RO          235    .text.svcRtxDelay   RTX_CM0.lib(rtx_delay.o)
    0x080034c8   0x080034c8   0x0000002e   Code   RO          297    .text.svcRtxEventFlagsClear  RTX_CM0.lib(rtx_evflags.o)
    0x080034f6   0x080034f6   0x00000002   PAD
    0x080034f8   0x080034f8   0x00000074   Code   RO          307    .text.svcRtxEventFlagsNew  RTX_CM0.lib(rtx_evflags.o)
    0x0800356c   0x0800356c   0x00000076   Code   RO          315    .text.svcRtxEventFlagsSet  RTX_CM0.lib(rtx_evflags.o)
    0x080035e2   0x080035e2   0x00000002   PAD
    0x080035e4   0x080035e4   0x0000005c   Code   RO          317    .text.svcRtxEventFlagsWait  RTX_CM0.lib(rtx_evflags.o)
    0x08003640   0x08003640   0x0000000c   Code   RO           41    .text.svcRtxKernelGetState  RTX_CM0.lib(rtx_kernel.o)
    0x0800364c   0x0800364c   0x00000138   Code   RO           71    .text.svcRtxKernelInitialize  RTX_CM0.lib(rtx_kernel.o)
    0x08003784   0x08003784   0x00000024   Code   RO           75    .text.svcRtxKernelLock  RTX_CM0.lib(rtx_kernel.o)
    0x080037a8   0x080037a8   0x00000080   Code   RO           73    .text.svcRtxKernelStart  RTX_CM0.lib(rtx_kernel.o)
    0x08003828   0x08003828   0x00000024   Code   RO           77    .text.svcRtxKernelUnlock  RTX_CM0.lib(rtx_kernel.o)
    0x0800384c   0x0800384c   0x000000cc   Code   RO          482    .text.svcRtxMessageQueueGet  RTX_CM0.lib(rtx_msgqueue.o)
    0x08003918   0x08003918   0x000001c4   Code   RO          440    .text.svcRtxMessageQueueNew  RTX_CM0.lib(rtx_msgqueue.o)
    0x08003adc   0x08003adc   0x000000b0   Code   RO          478    .text.svcRtxMessageQueuePut  RTX_CM0.lib(rtx_msgqueue.o)
    0x08003b8c   0x08003b8c   0x00000098   Code   RO          349    .text.svcRtxMutexAcquire  RTX_CM0.lib(rtx_mutex.o)
    0x08003c24   0x08003c24   0x000000b4   Code   RO          355    .text.svcRtxMutexDelete  RTX_CM0.lib(rtx_mutex.o)
    0x08003cd8   0x08003cd8   0x00000070   Code   RO          345    .text.svcRtxMutexNew  RTX_CM0.lib(rtx_mutex.o)
    0x08003d48   0x08003d48   0x000000bc   Code   RO          351    .text.svcRtxMutexRelease  RTX_CM0.lib(rtx_mutex.o)
    0x08003e04   0x08003e04   0x0000004c   Code   RO          203    .text.svcRtxThreadExit  RTX_CM0.lib(rtx_thread.o)
    0x08003e50   0x08003e50   0x000001fc   Code   RO          127    .text.svcRtxThreadNew  RTX_CM0.lib(rtx_thread.o)
    0x0800404c   0x0800404c   0x00000060   Code   RO          726    .text.uart_transmit_thread  lto-llvm-b284cc.o
    0x080040ac   0x080040ac   0x000000b0   Code   RO          804    x$fpl$fmul          fz_ps.l(fmul.o)
    0x0800415c   0x0800415c   0x00000000   Code   RO          806    x$fpl$usenofp       fz_ps.l(usenofp.o)
    0x0800415c   0x0800415c   0x000000d0   Data   RO          774    .rodata             lto-llvm-b284cc.o
    0x0800422c   0x0800422c   0x00000070   Data   RO          781    .rodata             lto-llvm-b284cc.o
    0x0800429c   0x0800429c   0x00000038   Data   RO          782    .rodata             lto-llvm-b284cc.o
    0x080042d4   0x080042d4   0x00000010   Data   RO          779    .rodata.cst16       lto-llvm-b284cc.o
    0x080042e4   0x080042e4   0x00000043   Data   RO          776    .rodata.str1.1      lto-llvm-b284cc.o
    0x08004327   0x08004327   0x00000001   PAD
    0x08004328   0x08004328   0x0000000b   Data   RO           87    .rodata.str1.4      RTX_CM0.lib(rtx_kernel.o)
    0x08004333   0x08004333   0x00000001   PAD
    0x08004334   0x08004334   0x00000020   Data   RO          808    Region$$Table       anon$$obj.o


    Execution Region RW_IRAM1 (Exec base: 0x20000000, Load base: 0x08004358, Size: 0x000014c0, Max: 0x00002000, ABSOLUTE)

    Exec Addr    Load Addr    Size         Type   Attr      Idx    E Section Name        Object

    0x20000000   0x08004358   0x00000008   Data   RW          778    .data               lto-llvm-b284cc.o
    0x20000008   0x08004360   0x000000a4   Data   RW           88    .data.os            RTX_CM0.lib(rtx_kernel.o)
    0x200000ac   0x08004404   0x00000004   PAD
    0x200000b0        -       0x00000060   Zero   RW          590    .bss                c_p.l(libspace.o)
    0x20000110        -       0x000002c9   Zero   RW          775    .bss                lto-llvm-b284cc.o
    0x200003d9        -       0x00000001   Zero   RW          528    .bss.os             RTX_CM0.lib(os_systick.o)
    0x200003da   0x08004404   0x00000006   PAD
    0x200003e0        -       0x00000810   Zero   RW          780    .bss.os             lto-llvm-b284cc.o
    0x20000bf0        -       0x00000034   Zero   RW          787    .bss.os.msgqueue.cb  lto-llvm-b284cc.o
    0x20000c24        -       0x00000014   Zero   RW          788    .bss.os.msgqueue.mem  lto-llvm-b284cc.o
    0x20000c38        -       0x00000088   Zero   RW          784    .bss.os.thread.cb   lto-llvm-b284cc.o
    0x20000cc0        -       0x00000100   Zero   RW          785    .bss.os.thread.idle.stack  lto-llvm-b284cc.o
    0x20000dc0        -       0x00000100   Zero   RW          786    .bss.os.thread.timer.stack  lto-llvm-b284cc.o
    0x20000ec0        -       0x00000200   Zero   RW            2    HEAP                startup_stm32g030xx.o
    0x200010c0        -       0x00000400   Zero   RW            1    STACK               startup_stm32g030xx.o


==============================================================================

Image component sizes


      Code (inc. data)   RO Data    RW Data    ZI Data      Debug   Object Name

      8138        666        459          8       3497      63103   lto-llvm-b284cc.o
        56         26        192          0       1536        616   startup_stm32g030xx.o

    ----------------------------------------------------------------------
      8202        692        684          8       5033      63719   Object Totals
         0          0         32          0          0          0   (incl. Generated)
         8          0          1          0          0          0   (incl. Padding)

    ----------------------------------------------------------------------

      Code (inc. data)   RO Data    RW Data    ZI Data      Debug   Library Member Name

       164          8          0          0          0        658   irq_armv6m.o
       126         20          0          0          1       2812   os_systick.o
        64          4          0          0          0       2729   rtx_delay.o
       714         24          0          0          0      12579   rtx_evflags.o
       730         52         11        164          0      15793   rtx_kernel.o
       244          0          0          0          0       2665   rtx_memory.o
       156          0          0          0          0      14433   rtx_mempool.o
      1478         44          0          0          0      18183   rtx_msgqueue.o
       926         32          0          0          0       9527   rtx_mutex.o
       364         18          0          0          0       4871   rtx_system.o
      1648         56          0          0          0      31596   rtx_thread.o
       256         16          0          0          0       9965   rtx_timer.o
         8          0          0          0          0         68   __main.o
         0          0          0          0          0          0   __rtentry.o
        20          0          0          0          0          0   __rtentry2.o
         6          0          0          0          0          0   __rtentry4.o
        60          8          0          0          0          0   __scatter.o
        26          0          0          0          0          0   __scatter_copy.o
        28          0          0          0          0          0   __scatter_zi.o
       364          4          0          0          0         92   aeabi_sdiv.o
        16          0          0          0          0         68   exit.o
         6          0          0          0          0        136   heapauxi.o
         0          0          0          0          0          0   indicate_semi.o
         2          0          0          0          0          0   libinit.o
         2          0          0          0          0          0   libinit2.o
         2          0          0          0          0          0   libshutdown.o
         2          0          0          0          0          0   libshutdown2.o
         8          4          0          0         96         68   libspace.o
        64          0          0          0          0        108   rt_memclr.o
       186          0          0          0          0        144   rt_memcpy.o
         2          0          0          0          0          0   rtexit.o
        10          0          0          0          0          0   rtexit2.o
        12          4          0          0          0         60   sys_exit.o
        62          0          0          0          0         80   sys_stackheap_outer.o
         2          0          0          0          0         68   use_no_semi.o
       124          4          0          0          0         72   d2f.o
        84          4          0          0          0         60   f2d.o
        76          0          0          0          0         68   ffixi.o
        94          0          0          0          0         92   fflti.o
       176          4          0          0          0         80   fmul.o
         0          0          0          0          0          0   usenofp.o

    ----------------------------------------------------------------------
      8338        306         12        164        107     127075   Library Totals
        26          0          1          0         10          0   (incl. Padding)

    ----------------------------------------------------------------------

      Code (inc. data)   RO Data    RW Data    ZI Data      Debug   Library Name

      6870        274         11        164          1     125811   RTX_CM0.lib
       888         20          0          0         96        892   c_p.l
       554         12          0          0          0        372   fz_ps.l

    ----------------------------------------------------------------------
      8338        306         12        164        107     127075   Library Totals

    ----------------------------------------------------------------------

==============================================================================


      Code (inc. data)   RO Data    RW Data    ZI Data      Debug   

     16540        998        696        172       5140     190062   Grand Totals
     16540        998        696        172       5140     190062   ELF Image Totals
     16540        998        696        172          0          0   ROM Totals

==============================================================================

    Total RO  Size (Code + RO Data)                17236 (  16.83kB)
    Total RW  Size (RW Data + ZI Data)              5312 (   5.19kB)
    Total ROM Size (Code + RO Data + RW Data)      17408 (  17.00kB)

==============================================================================

