Component: Arm Compiler for Embedded 6.18 Tool: armlink [5e4cc100]

==============================================================================

Section Cross References

    startup_stm32g030xx.o(STACK) refers (Special) to heapauxi.o(.text) for __use_two_region_memory
    startup_stm32g030xx.o(HEAP) refers (Special) to heapauxi.o(.text) for __use_two_region_memory
    startup_stm32g030xx.o(RESET) refers (Special) to heapauxi.o(.text) for __use_two_region_memory
    startup_stm32g030xx.o(RESET) refers to startup_stm32g030xx.o(STACK) for __initial_sp
    startup_stm32g030xx.o(RESET) refers to startup_stm32g030xx.o(.text) for Reset_Handler
    startup_stm32g030xx.o(RESET) refers to lto-llvm-f21d30.o(.text.NMI_Handler) for NMI_Handler
    startup_stm32g030xx.o(RESET) refers to lto-llvm-f21d30.o(.text.HardFault_Handler) for HardFault_Handler
    startup_stm32g030xx.o(RESET) refers to irq_armv6m.o(.text) for SVC_Handler
    startup_stm32g030xx.o(RESET) refers to lto-llvm-f21d30.o(.text.USART2_IRQHandler) for USART2_IRQHandler
    startup_stm32g030xx.o(.text) refers (Special) to heapauxi.o(.text) for __use_two_region_memory
    startup_stm32g030xx.o(.text) refers to lto-llvm-f21d30.o(.text.SystemInit) for SystemInit
    startup_stm32g030xx.o(.text) refers to __main.o(!!!main) for __main
    startup_stm32g030xx.o(.text) refers to startup_stm32g030xx.o(HEAP) for Heap_Mem
    startup_stm32g030xx.o(.text) refers to startup_stm32g030xx.o(STACK) for Stack_Mem
    rtx_kernel.o(.ARM.exidx.text.osRtxKernelPreInit) refers to rtx_kernel.o(.text.osRtxKernelPreInit) for [Anonymous Symbol]
    rtx_kernel.o(.text.osRtxKernelErrorNotify) refers to lto-llvm-f21d30.o(.text.osRtxErrorNotify) for osRtxErrorNotify
    rtx_kernel.o(.ARM.exidx.text.osRtxKernelErrorNotify) refers to rtx_kernel.o(.text.osRtxKernelErrorNotify) for [Anonymous Symbol]
    rtx_kernel.o(.text.osKernelInitialize) refers to rtx_kernel.o(.text.osRtxKernelPreInit) for osRtxKernelPreInit
    rtx_kernel.o(.text.osKernelInitialize) refers to rtx_kernel.o(.text.svcRtxKernelInitialize) for svcRtxKernelInitialize
    rtx_kernel.o(.ARM.exidx.text.osKernelInitialize) refers to rtx_kernel.o(.text.osKernelInitialize) for [Anonymous Symbol]
    rtx_kernel.o(.text.osKernelGetInfo) refers to rtx_kernel.o(.text.svcRtxKernelGetInfo) for svcRtxKernelGetInfo
    rtx_kernel.o(.ARM.exidx.text.osKernelGetInfo) refers to rtx_kernel.o(.text.osKernelGetInfo) for [Anonymous Symbol]
    rtx_kernel.o(.text.svcRtxKernelGetInfo) refers to rt_memcpy.o(.text) for __aeabi_memcpy
    rtx_kernel.o(.text.svcRtxKernelGetInfo) refers to rtx_kernel.o(.rodata.str1.4) for [Anonymous Symbol]
    rtx_kernel.o(.ARM.exidx.text.svcRtxKernelGetInfo) refers to rtx_kernel.o(.text.svcRtxKernelGetInfo) for [Anonymous Symbol]
    rtx_kernel.o(.text.osKernelGetState) refers to rtx_kernel.o(.text.svcRtxKernelGetState) for svcRtxKernelGetState
    rtx_kernel.o(.text.osKernelGetState) refers to rtx_kernel.o(.data.os) for osRtxInfo
    rtx_kernel.o(.ARM.exidx.text.osKernelGetState) refers to rtx_kernel.o(.text.osKernelGetState) for [Anonymous Symbol]
    rtx_kernel.o(.text.svcRtxKernelGetState) refers to rtx_kernel.o(.data.os) for osRtxInfo
    rtx_kernel.o(.ARM.exidx.text.svcRtxKernelGetState) refers to rtx_kernel.o(.text.svcRtxKernelGetState) for [Anonymous Symbol]
    rtx_kernel.o(.text.osKernelStart) refers to rtx_kernel.o(.text.svcRtxKernelStart) for svcRtxKernelStart
    rtx_kernel.o(.ARM.exidx.text.osKernelStart) refers to rtx_kernel.o(.text.osKernelStart) for [Anonymous Symbol]
    rtx_kernel.o(.text.osKernelLock) refers to rtx_kernel.o(.text.svcRtxKernelLock) for svcRtxKernelLock
    rtx_kernel.o(.ARM.exidx.text.osKernelLock) refers to rtx_kernel.o(.text.osKernelLock) for [Anonymous Symbol]
    rtx_kernel.o(.text.osKernelUnlock) refers to rtx_kernel.o(.text.svcRtxKernelUnlock) for svcRtxKernelUnlock
    rtx_kernel.o(.ARM.exidx.text.osKernelUnlock) refers to rtx_kernel.o(.text.osKernelUnlock) for [Anonymous Symbol]
    rtx_kernel.o(.text.osKernelRestoreLock) refers to rtx_kernel.o(.text.svcRtxKernelRestoreLock) for svcRtxKernelRestoreLock
    rtx_kernel.o(.ARM.exidx.text.osKernelRestoreLock) refers to rtx_kernel.o(.text.osKernelRestoreLock) for [Anonymous Symbol]
    rtx_kernel.o(.text.osKernelSuspend) refers to rtx_kernel.o(.text.svcRtxKernelSuspend) for svcRtxKernelSuspend
    rtx_kernel.o(.ARM.exidx.text.osKernelSuspend) refers to rtx_kernel.o(.text.osKernelSuspend) for [Anonymous Symbol]
    rtx_kernel.o(.text.osKernelResume) refers to rtx_kernel.o(.text.svcRtxKernelResume) for svcRtxKernelResume
    rtx_kernel.o(.ARM.exidx.text.osKernelResume) refers to rtx_kernel.o(.text.osKernelResume) for [Anonymous Symbol]
    rtx_kernel.o(.text.osKernelGetTickCount) refers to rtx_kernel.o(.data.os) for osRtxInfo
    rtx_kernel.o(.text.osKernelGetTickCount) refers to rtx_kernel.o(.text.svcRtxKernelGetTickCount) for svcRtxKernelGetTickCount
[...]
    os_kernel_is_active                      0x08004879   Thumb Code    40  lto-llvm-f21d30.o(.text.os_kernel_is_active)
    [Anonymous Symbol]                       0x08004878   Section        0  lto-llvm-f21d30.o(.text.os_kernel_is_active)
    __arm_cp.156_0                           0x080048a0   Number         4  lto-llvm-f21d30.o(.text.os_kernel_is_active)
    svcRtxDelay                              0x080048a5   Thumb Code    24  rtx_delay.o(.text.svcRtxDelay)
    [Anonymous Symbol]                       0x080048a4   Section        0  rtx_delay.o(.text.svcRtxDelay)
    svcRtxEventFlagsClear                    0x080048bd   Thumb Code    46  rtx_evflags.o(.text.svcRtxEventFlagsClear)
    [Anonymous Symbol]                       0x080048bc   Section        0  rtx_evflags.o(.text.svcRtxEventFlagsClear)
    svcRtxEventFlagsNew                      0x080048ed   Thumb Code   108  rtx_evflags.o(.text.svcRtxEventFlagsNew)
    [Anonymous Symbol]                       0x080048ec   Section        0  rtx_evflags.o(.text.svcRtxEventFlagsNew)
    __arm_cp.9_1                             0x08004958   Number         4  rtx_evflags.o(.text.svcRtxEventFlagsNew)
    svcRtxEventFlagsSet                      0x0800495d   Thumb Code   118  rtx_evflags.o(.text.svcRtxEventFlagsSet)
    [Anonymous Symbol]                       0x0800495c   Section        0  rtx_evflags.o(.text.svcRtxEventFlagsSet)
    svcRtxEventFlagsWait                     0x080049d5   Thumb Code    92  rtx_evflags.o(.text.svcRtxEventFlagsWait)
    [Anonymous Symbol]                       0x080049d4   Section        0  rtx_evflags.o(.text.svcRtxEventFlagsWait)
    svcRtxKernelGetState                     0x08004a31   Thumb Code     8  rtx_kernel.o(.text.svcRtxKernelGetState)
    [Anonymous Symbol]                       0x08004a30   Section        0  rtx_kernel.o(.text.svcRtxKernelGetState)
    __arm_cp.6_0                             0x08004a38   Number         4  rtx_kernel.o(.text.svcRtxKernelGetState)
    svcRtxKernelGetTickCount                 0x08004a3d   Thumb Code     8  rtx_kernel.o(.text.svcRtxKernelGetTickCount)
    [Anonymous Symbol]                       0x08004a3c   Section        0  rtx_kernel.o(.text.svcRtxKernelGetTickCount)
    __arm_cp.14_0                            0x08004a44   Number         4  rtx_kernel.o(.text.svcRtxKernelGetTickCount)
    svcRtxKernelInitialize                   0x08004a49   Thumb Code   308  rtx_kernel.o(.text.svcRtxKernelInitialize)
    [Anonymous Symbol]                       0x08004a48   Section        0  rtx_kernel.o(.text.svcRtxKernelInitialize)
    __arm_cp.21_0                            0x08004b7c   Number         4  rtx_kernel.o(.text.svcRtxKernelInitialize)
    __arm_cp.21_2                            0x08004b80   Number         4  rtx_kernel.o(.text.svcRtxKernelInitialize)
    svcRtxKernelLock                         0x08004b85   Thumb Code    32  rtx_kernel.o(.text.svcRtxKernelLock)
    [Anonymous Symbol]                       0x08004b84   Section        0  rtx_kernel.o(.text.svcRtxKernelLock)
    __arm_cp.23_0                            0x08004ba4   Number         4  rtx_kernel.o(.text.svcRtxKernelLock)
    svcRtxKernelStart                        0x08004ba9   Thumb Code   116  rtx_kernel.o(.text.svcRtxKernelStart)
    [Anonymous Symbol]                       0x08004ba8   Section        0  rtx_kernel.o(.text.svcRtxKernelStart)
    __arm_cp.22_1                            0x08004c1c   Number         4  rtx_kernel.o(.text.svcRtxKernelStart)
    __arm_cp.22_2                            0x08004c20   Number         4  rtx_kernel.o(.text.svcRtxKernelStart)
    __arm_cp.22_3                            0x08004c24   Number         4  rtx_kernel.o(.text.svcRtxKernelStart)
    svcRtxKernelUnlock                       0x08004c29   Thumb Code    32  rtx_kernel.o(.text.svcRtxKernelUnlock)
    [Anonymous Symbol]                       0x08004c28   Section        0  rtx_kernel.o(.text.svcRtxKernelUnlock)
    __arm_cp.24_0                            0x08004c48   Number         4  rtx_kernel.o(.text.svcRtxKernelUnlock)
    svcRtxMessageQueueGet                    0x08004c4d   Thumb Code   200  rtx_msgqueue.o(.text.svcRtxMessageQueueGet)
    [Anonymous Symbol]                       0x08004c4c   Section        0  rtx_msgqueue.o(.text.svcRtxMessageQueueGet)
    __arm_cp.22_0                            0x08004d14   Number         4  rtx_msgqueue.o(.text.svcRtxMessageQueueGet)
    svcRtxMessageQueueNew                    0x08004d19   Thumb Code   428  rtx_msgqueue.o(.text.svcRtxMessageQueueNew)
    [Anonymous Symbol]                       0x08004d18   Section        0  rtx_msgqueue.o(.text.svcRtxMessageQueueNew)
    __arm_cp.1_0                             0x08004ec4   Number         4  rtx_msgqueue.o(.text.svcRtxMessageQueueNew)
    __arm_cp.1_1                             0x08004ec8   Number         4  rtx_msgqueue.o(.text.svcRtxMessageQueueNew)
    __arm_cp.1_2                             0x08004ecc   Number         4  rtx_msgqueue.o(.text.svcRtxMessageQueueNew)
    __arm_cp.1_3                             0x08004ed0   Number         4  rtx_msgqueue.o(.text.svcRtxMessageQueueNew)
    __arm_cp.1_4                             0x08004ed4   Number         4  rtx_msgqueue.o(.text.svcRtxMessageQueueNew)
    __arm_cp.1_5                             0x08004ed8   Number         4  rtx_msgqueue.o(.text.svcRtxMessageQueueNew)
    svcRtxMessageQueuePut                    0x08004edd   Thumb Code   172  rtx_msgqueue.o(.text.svcRtxMessageQueuePut)
    [Anonymous Symbol]                       0x08004edc   Section        0  rtx_msgqueue.o(.text.svcRtxMessageQueuePut)
    __arm_cp.20_0                            0x08004f88   Number         4  rtx_msgqueue.o(.text.svcRtxMessageQueuePut)
    svcRtxMutexAcquire                       0x08004f8d   Thumb Code   148  rtx_mutex.o(.text.svcRtxMutexAcquire)
    [Anonymous Symbol]                       0x08004f8c   Section        0  rtx_mutex.o(.text.svcRtxMutexAcquire)
    __arm_cp.10_0                            0x08005020   Number         4  rtx_mutex.o(.text.svcRtxMutexAcquire)
    svcRtxMutexDelete                        0x08005025   Thumb Code   176  rtx_mutex.o(.text.svcRtxMutexDelete)
    [Anonymous Symbol]                       0x08005024   Section        0  rtx_mutex.o(.text.svcRtxMutexDelete)
    __arm_cp.13_0                            0x080050d4   Number         4  rtx_mutex.o(.text.svcRtxMutexDelete)
    svcRtxMutexNew                           0x080050d9   Thumb Code   108  rtx_mutex.o(.text.svcRtxMutexNew)
    [Anonymous Symbol]                       0x080050d8   Section        0  rtx_mutex.o(.text.svcRtxMutexNew)
    __arm_cp.8_0                             0x08005144   Number         4  rtx_mutex.o(.text.svcRtxMutexNew)
    svcRtxMutexRelease                       0x08005149   Thumb Code   184  rtx_mutex.o(.text.svcRtxMutexRelease)
    [Anonymous Symbol]                       0x08005148   Section        0  rtx_mutex.o(.text.svcRtxMutexRelease)
    __arm_cp.11_0                            0x08005200   Number         4  rtx_mutex.o(.text.svcRtxMutexRelease)
    svcRtxThreadExit                         0x08005205   Thumb Code    72  rtx_thread.o(.text.svcRtxThreadExit)
    [Anonymous Symbol]                       0x08005204   Section        0  rtx_thread.o(.text.svcRtxThreadExit)
    __arm_cp.53_0                            0x0800524c   Number         4  rtx_thread.o(.text.svcRtxThreadExit)
    svcRtxThreadNew                          0x08005251   Thumb Code   484  rtx_thread.o(.text.svcRtxThreadNew)
    [Anonymous Symbol]                       0x08005250   Section        0  rtx_thread.o(.text.svcRtxThreadNew)
    __arm_cp.15_0                            0x08005434   Number         4  rtx_thread.o(.text.svcRtxThreadNew)
    __arm_cp.15_1                            0x08005438   Number         4  rtx_thread.o(.text.svcRtxThreadNew)
    __arm_cp.15_2                            0x0800543c   Number         4  rtx_thread.o(.text.svcRtxThreadNew)
    __arm_cp.15_3                            0x08005440   Number         4  rtx_thread.o(.text.svcRtxThreadNew)
    __arm_cp.15_4                            0x08005444   Number         4  rtx_thread.o(.text.svcRtxThreadNew)
    __arm_cp.15_5                            0x08005448   Number         4  rtx_thread.o(.text.svcRtxThreadNew)
    uart_transmit_thread                     0x0800544d   Thumb Code   164  lto-llvm-f21d30.o(.text.uart_transmit_thread)
    [Anonymous Symbol]                       0x0800544c   Section        0  lto-llvm-f21d30.o(.text.uart_transmit_thread)
    __arm_cp.8_0                             0x080054f0   Number         4  lto-llvm-f21d30.o(.text.uart_transmit_thread)
    __arm_cp.8_1                             0x080054f4   Number         4  lto-llvm-f21d30.o(.text.uart_transmit_thread)
    __arm_cp.8_2                             0x080054f8   Number         4  lto-llvm-f21d30.o(.text.uart_transmit_thread)
    __arm_cp.8_3                             0x080054fc   Number         4  lto-llvm-f21d30.o(.text.uart_transmit_thread)
    __arm_cp.8_4                             0x08005500   Number         4  lto-llvm-f21d30.o(.text.uart_transmit_thread)
    __arm_cp.8_5                             0x08005504   Number         4  lto-llvm-f21d30.o(.text.uart_transmit_thread)
    __arm_cp.8_6                             0x08005508   Number         4  lto-llvm-f21d30.o(.text.uart_transmit_thread)
    __arm_cp.8_7                             0x0800550c   Number         4  lto-llvm-f21d30.o(.text.uart_transmit_thread)
    __arm_cp.8_8                             0x08005510   Number         4  lto-llvm-f21d30.o(.text.uart_transmit_thread)
    i._feq                                   0x08005514   Section        0  fcmp.o(i._feq)
    i._fgeq                                  0x0800552a   Section        0  fcmp.o(i._fgeq)
    i._fleq                                  0x08005540   Section        0  fcmp.o(i._fleq)
    x$fpl$fadd                               0x0800555c   Section      140  faddsub.o(x$fpl$fadd)
    _fadd1                                   0x08005569   Thumb Code     0  faddsub.o(x$fpl$fadd)
    x$fpl$feqf                               0x080055e8   Section       84  feqf.o(x$fpl$feqf)
    x$fpl$fgeqf                              0x0800563c   Section       84  fgef.o(x$fpl$fgeqf)
    x$fpl$fleqf                              0x08005690   Section       84  flef.o(x$fpl$fleqf)
    x$fpl$fmul                               0x080056e4   Section      176  fmul.o(x$fpl$fmul)
    x$fpl$fsub                               0x08005794   Section      208  faddsub.o(x$fpl$fsub)
    _fsub1                                   0x080057a1   Thumb Code     0  faddsub.o(x$fpl$fsub)
    ddiv_reciptbl                            0x08005864   Data         128  ddiv.o(.constdata)
    .constdata                               0x08005864   Section      128  ddiv.o(.constdata)
    x$fpl$usenofp                            0x08005864   Section        0  usenofp.o(x$fpl$usenofp)
    fdiv_tab                                 0x080058e4   Data          64  fdiv.o(.constdata)
    .constdata                               0x080058e4   Section       64  fdiv.o(.constdata)
    FlagsAttr_uart_event                     0x08005924   Data          16  lto-llvm-f21d30.o(.rodata)
    [Anonymous Symbol]                       0x08005924   Section        0  lto-llvm-f21d30.o(.rodata)
    ThreadAttr_uart_transmit                 0x08005934   Data          36  lto-llvm-f21d30.o(.rodata)
    ThreadAttr_app_main                      0x08005958   Data          36  lto-llvm-f21d30.o(.rodata)
    _DoInit._aInitStr                        0x0800597c   Data          17  lto-llvm-f21d30.o(.rodata)
    USART_PRESCALER_TAB                      0x08005990   Data          48  lto-llvm-f21d30.o(.rodata)
    AHBPrescTable                            0x080059c0   Data          64  lto-llvm-f21d30.o(.rodata)
    os_idle_thread_attr                      0x08005a00   Data          36  lto-llvm-f21d30.o(.rodata)
    os_timer_thread_attr                     0x08005a24   Data          36  lto-llvm-f21d30.o(.rodata)
    os_timer_mq_attr                         0x08005a48   Data          24  lto-llvm-f21d30.o(.rodata)
    __tagsym$$used.4                         0x08005a64   Number         0  lto-llvm-f21d30.o(.rodata)
    __tagsym$$used.5                         0x08005ad4   Number         0  lto-llvm-f21d30.o(.rodata)
    _PrintUnsigned._aV2C                     0x08005b0c   Data          16  lto-llvm-f21d30.o(.rodata.cst16)
    [Anonymous Symbol]                       0x08005b0c   Section        0  lto-llvm-f21d30.o(.rodata.cst16)
    APBPrescTable                            0x08005b1c   Data          32  lto-llvm-f21d30.o(.rodata.cst32)
    [Anonymous Symbol]                       0x08005b1c   Section        0  lto-llvm-f21d30.o(.rodata.cst32)
    [Anonymous Symbol]                       0x08005b3c   Section        0  lto-llvm-f21d30.o(.rodata.str1.1)
    [Anonymous Symbol]                       0x08005c38   Section        0  rtx_kernel.o(.rodata.str1.4)
    uart_data                                0x20000000   Data          63  lto-llvm-f21d30.o(.data)
    [Anonymous Symbol]                       0x20000000   Section        0  lto-llvm-f21d30.o(.data)
    uart_state                               0x2000003f   Data           1  lto-llvm-f21d30.o(.data)
    .bss                                     0x200000e8   Section       96  libspace.o(.bss)
    Voltage_queue                            0x20000148   Data         260  lto-llvm-f21d30.o(.bss)
    [Anonymous Symbol]                       0x20000148   Section        0  lto-llvm-f21d30.o(.bss)
    Current_queue                            0x2000024c   Data         260  lto-llvm-f21d30.o(.bss)
    Power_queue                              0x20000350   Data         260  lto-llvm-f21d30.o(.bss)
    Temperature_queue                        0x20000454   Data         260  lto-llvm-f21d30.o(.bss)
    uart_recv_cmd                            0x20000558   Data           4  lto-llvm-f21d30.o(.bss)
    time_past                                0x2000055c   Data           4  lto-llvm-f21d30.o(.bss)
    MCU_VCC                                  0x20000560   Data           4  lto-llvm-f21d30.o(.bss)
    mAh                                      0x20000564   Data           4  lto-llvm-f21d30.o(.bss)
    mWh                                      0x20000568   Data           4  lto-llvm-f21d30.o(.bss)
    uart_transmit_ID                         0x2000056c   Data           4  lto-llvm-f21d30.o(.bss)
    i2c_last_tick                            0x20000570   Data           4  lto-llvm-f21d30.o(.bss)
    app_main_ID                              0x20000574   Data           4  lto-llvm-f21d30.o(.bss)
    ina226_info.0                            0x20000578   Data           4  lto-llvm-f21d30.o(.bss)
    ina226_info.1                            0x2000057c   Data           4  lto-llvm-f21d30.o(.bss)
    ina226_info.2                            0x20000580   Data           4  lto-llvm-f21d30.o(.bss)
    _SEGGER_RTT                              0x20000584   Data         168  lto-llvm-f21d30.o(.bss)
    _acUpBuffer                              0x2000062c   Data         512  lto-llvm-f21d30.o(.bss)
    _acDownBuffer                            0x2000082c   Data          16  lto-llvm-f21d30.o(.bss)
    uart_rcv_count                           0x2000083c   Data           1  lto-llvm-f21d30.o(.bss)
    uart_rcv_buf                             0x2000083d   Data          48  lto-llvm-f21d30.o(.bss)
    uart_rcv_len                             0x2000086d   Data           1  lto-llvm-f21d30.o(.bss)
    uart_cmd_type                            0x2000086e   Data           1  lto-llvm-f21d30.o(.bss)
    uart_event_flagID                        0x20000870   Data           4  lto-llvm-f21d30.o(.bss)
    os_kernel_is_active.os_kernel_active     0x20000874   Data           1  lto-llvm-f21d30.o(.bss)
    PendST                                   0x20000875   Data           1  os_systick.o(.bss.os)
    [Anonymous Symbol]                       0x20000875   Section        0  os_systick.o(.bss.os)
    os_isr_queue                             0x20000878   Data          16  lto-llvm-f21d30.o(.bss.os)
    [Anonymous Symbol]                       0x20000878   Section        0  lto-llvm-f21d30.o(.bss.os)
    os_mem                                   0x20000888   Data        2048  lto-llvm-f21d30.o(.bss.os)
    os_timer_mq_cb                           0x20001088   Data          52  lto-llvm-f21d30.o(.bss.os.msgqueue.cb)
    [Anonymous Symbol]                       0x20001088   Section        0  lto-llvm-f21d30.o(.bss.os.msgqueue.cb)
    os_timer_mq_data                         0x200010bc   Data          20  lto-llvm-f21d30.o(.bss.os.msgqueue.mem)
    [Anonymous Symbol]                       0x200010bc   Section        0  lto-llvm-f21d30.o(.bss.os.msgqueue.mem)
    os_idle_thread_cb                        0x200010d0   Data          68  lto-llvm-f21d30.o(.bss.os.thread.cb)
    [Anonymous Symbol]                       0x200010d0   Section        0  lto-llvm-f21d30.o(.bss.os.thread.cb)
    os_timer_thread_cb                       0x20001114   Data          68  lto-llvm-f21d30.o(.bss.os.thread.cb)
    os_idle_thread_stack                     0x20001158   Data         256  lto-llvm-f21d30.o(.bss.os.thread.idle.stack)
    [Anonymous Symbol]                       0x20001158   Section        0  lto-llvm-f21d30.o(.bss.os.thread.idle.stack)
    os_timer_thread_stack                    0x20001258   Data         256  lto-llvm-f21d30.o(.bss.os.thread.timer.stack)
    [Anonymous Symbol]                       0x20001258   Section        0  lto-llvm-f21d30.o(.bss.os.thread.timer.stack)
    Heap_Mem                                 0x20001358   Data         512  startup_stm32g030xx.o(HEAP)
    HEAP                                     0x20001358   Section      512  startup_stm32g030xx.o(HEAP)
    Stack_Mem                                0x20001558   Data        1024  startup_stm32g030xx.o(STACK)
    STACK                                    0x20001558   Section     1024  startup_stm32g030xx.o(STACK)
    __initial_sp                             0x20001958   Data           0  startup_stm32g030xx.o(STACK)

    Global Symbols

    Symbol Name                              Value     Ov Type        Size  Object(Section)

    BuildAttributes$$THM_ISAv3M$S$PE$A:L22$X:L11$S22$IEEE1$IW$~IW$USESV6$~STKCKD$USESV7$~SHL$OSPACE$ROPI$IEEEF$EBA8$UX$STANDARDLIB$REQ8$PRES8$EABIv2 0x00000000   Number         0  anon$$obj.o ABSOLUTE
    .bss.os.evflags.cb$$Base                  - Undefined Weak Reference
    .bss.os.evflags.cb$$Limit                 - Undefined Weak Reference
    .bss.os.mempool.cb$$Base                  - Undefined Weak Reference
    .bss.os.mempool.cb$$Limit                 - Undefined Weak Reference
    .bss.os.mutex.cb$$Base                    - Undefined Weak Reference
    .bss.os.mutex.cb$$Limit                   - Undefined Weak Reference
    .bss.os.semaphore.cb$$Base                - Undefined Weak Reference
    .bss.os.semaphore.cb$$Limit               - Undefined Weak Reference
    .bss.os.timer.cb$$Base                    - Undefined Weak Reference
    .bss.os.timer.cb$$Limit                   - Undefined Weak Reference
    __ARM_exceptions_init                     - Undefined Weak Reference
    __alloca_initialize                       - Undefined Weak Reference
    __arm_preinit_                            - Undefined Weak Reference
    __arm_relocate_pie_                       - Undefined Weak Reference
    __cpp_initialize__aeabi_                  - Undefined Weak Reference
    __cxa_finalize                            - Undefined Weak Reference
    __rt_locale                               - Undefined Weak Reference
    __sigvec_lookup                           - Undefined Weak Reference
    _atexit_init                              - Undefined Weak Reference
    _call_atexit_fns                          - Undefined Weak Reference
    _clock_init                               - Undefined Weak Reference
    _fp_trap_init                             - Undefined Weak Reference
    _fp_trap_shutdown                         - Undefined Weak Reference
    _get_lc_collate                           - Undefined Weak Reference
    _get_lc_ctype                             - Undefined Weak Reference
    _get_lc_monetary                          - Undefined Weak Reference
    _get_lc_numeric                           - Undefined Weak Reference
    _get_lc_time                              - Undefined Weak Reference
    _getenv_init                              - Undefined Weak Reference
    _handle_redirection                       - Undefined Weak Reference
    _init_alloc                               - Undefined Weak Reference
    _init_user_alloc                          - Undefined Weak Reference
    _initio                                   - Undefined Weak Reference
    _rand_init                                - Undefined Weak Reference
    _signal_finish                            - Undefined Weak Reference
    _signal_init                              - Undefined Weak Reference
    _terminate_alloc                          - Undefined Weak Reference
    _terminate_user_alloc                     - Undefined Weak Reference
    _terminateio                              - Undefined Weak Reference
    __Vectors_Size                           0x000000c0   Number         0  startup_stm32g030xx.o ABSOLUTE
    __Vectors                                0x08000000   Data           4  startup_stm32g030xx.o(RESET)
    __Vectors_End                            0x080000c0   Data           0  startup_stm32g030xx.o(RESET)
    __main                                   0x080000c1   Thumb Code     8  __main.o(!!!main)
    __scatterload                            0x080000c9   Thumb Code     0  __scatter.o(!!!scatter)
    __scatterload_rt2                        0x080000c9   Thumb Code    52  __scatter.o(!!!scatter)
    __scatterload_rt2_thumb_only             0x080000c9   Thumb Code     0  __scatter.o(!!!scatter)
    __scatterload_null                       0x080000d9   Thumb Code     0  __scatter.o(!!!scatter)
    __scatterload_copy                       0x08000105   Thumb Code    26  __scatter_copy.o(!!handler_copy)
    __scatterload_zeroinit                   0x08000121   Thumb Code    28  __scatter_zi.o(!!handler_zi)
    __rt_lib_init                            0x0800013d   Thumb Code     0  libinit.o(.ARM.Collect$$libinit$$00000000)
    __rt_lib_init_alloca_1                   0x0800013f   Thumb Code     0  libinit2.o(.ARM.Collect$$libinit$$00000030)
    __rt_lib_init_argv_1                     0x0800013f   Thumb Code     0  libinit2.o(.ARM.Collect$$libinit$$0000002E)
    __rt_lib_init_atexit_1                   0x0800013f   Thumb Code     0  libinit2.o(.ARM.Collect$$libinit$$0000001D)
    __rt_lib_init_clock_1                    0x0800013f   Thumb Code     0  libinit2.o(.ARM.Collect$$libinit$$00000023)
    __rt_lib_init_cpp_1                      0x0800013f   Thumb Code     0  libinit2.o(.ARM.Collect$$libinit$$00000034)
    __rt_lib_init_exceptions_1               0x0800013f   Thumb Code     0  libinit2.o(.ARM.Collect$$libinit$$00000032)
    __rt_lib_init_fp_1                       0x0800013f   Thumb Code     0  libinit2.o(.ARM.Collect$$libinit$$00000002)
    __rt_lib_init_fp_trap_1                  0x0800013f   Thumb Code     0  libinit2.o(.ARM.Collect$$libinit$$00000021)
    __rt_lib_init_getenv_1                   0x0800013f   Thumb Code     0  libinit2.o(.ARM.Collect$$libinit$$00000025)
    __rt_lib_init_heap_1                     0x0800013f   Thumb Code     0  libinit2.o(.ARM.Collect$$libinit$$0000000C)
    __rt_lib_init_lc_collate_1               0x0800013f   Thumb Code     0  libinit2.o(.ARM.Collect$$libinit$$00000013)
    __rt_lib_init_lc_ctype_1                 0x0800013f   Thumb Code     0  libinit2.o(.ARM.Collect$$libinit$$00000015)
    __rt_lib_init_lc_monetary_1              0x0800013f   Thumb Code     0  libinit2.o(.ARM.Collect$$libinit$$00000017)
    __rt_lib_init_lc_numeric_1               0x0800013f   Thumb Code     0  libinit2.o(.ARM.Collect$$libinit$$00000019)
    __rt_lib_init_lc_time_1                  0x0800013f   Thumb Code     0  libinit2.o(.ARM.Collect$$libinit$$0000001B)
    __rt_lib_init_preinit_1                  0x0800013f   Thumb Code     0  libinit2.o(.ARM.Collect$$libinit$$00000006)
    __rt_lib_init_rand_1                     0x0800013f   Thumb Code     0  libinit2.o(.ARM.Collect$$libinit$$00000010)
    __rt_lib_init_relocate_pie_1             0x0800013f   Thumb Code     0  libinit2.o(.ARM.Collect$$libinit$$00000004)
    __rt_lib_init_return                     0x0800013f   Thumb Code     0  libinit2.o(.ARM.Collect$$libinit$$00000035)
    __rt_lib_init_signal_1                   0x0800013f   Thumb Code     0  libinit2.o(.ARM.Collect$$libinit$$0000001F)
    __rt_lib_init_stdio_1                    0x0800013f   Thumb Code     0  libinit2.o(.ARM.Collect$$libinit$$00000027)
    __rt_lib_init_user_alloc_1               0x0800013f   Thumb Code     0  libinit2.o(.ARM.Collect$$libinit$$0000000E)
    __rt_lib_shutdown                        0x08000141   Thumb Code     0  libshutdown.o(.ARM.Collect$$libshutdown$$00000000)
    __rt_lib_shutdown_cpp_1                  0x08000143   Thumb Code     0  libshutdown2.o(.ARM.Collect$$libshutdown$$00000002)
    __rt_lib_shutdown_fp_trap_1              0x08000143   Thumb Code     0  libshutdown2.o(.ARM.Collect$$libshutdown$$00000007)
    __rt_lib_shutdown_heap_1                 0x08000143   Thumb Code     0  libshutdown2.o(.ARM.Collect$$libshutdown$$0000000F)
    __rt_lib_shutdown_return                 0x08000143   Thumb Code     0  libshutdown2.o(.ARM.Collect$$libshutdown$$00000010)
    __rt_lib_shutdown_signal_1               0x08000143   Thumb Code     0  libshutdown2.o(.ARM.Collect$$libshutdown$$0000000A)
    __rt_lib_shutdown_stdio_1                0x08000143   Thumb Code     0  libshutdown2.o(.ARM.Collect$$libshutdown$$00000004)
    __rt_lib_shutdown_user_alloc_1           0x08000143   Thumb Code     0  libshutdown2.o(.ARM.Collect$$libshutdown$$0000000C)
    __rt_entry                               0x08000145   Thumb Code     0  __rtentry.o(.ARM.Collect$$rtentry$$00000000)
    __rt_entry_presh_1                       0x08000145   Thumb Code     0  __rtentry2.o(.ARM.Collect$$rtentry$$00000002)
    __rt_entry_sh                            0x08000145   Thumb Code     0  __rtentry4.o(.ARM.Collect$$rtentry$$00000004)
    __rt_entry_postsh_1                      0x0800014b   Thumb Code     0  __rtentry2.o(.ARM.Collect$$rtentry$$00000008)
    __rt_entry_li                            0x08000153   Thumb Code     0  __rtentry2.o(.ARM.Collect$$rtentry$$0000000A)
    __rt_entry_main                          0x08000157   Thumb Code     0  __rtentry2.o(.ARM.Collect$$rtentry$$0000000D)
    __rt_entry_postli_1                      0x08000157   Thumb Code     0  __rtentry2.o(.ARM.Collect$$rtentry$$0000000C)
    __rt_exit                                0x0800015f   Thumb Code     0  rtexit.o(.ARM.Collect$$rtexit$$00000000)
    __rt_exit_ls                             0x08000161   Thumb Code     0  rtexit2.o(.ARM.Collect$$rtexit$$00000003)
    __rt_exit_prels_1                        0x08000161   Thumb Code     0  rtexit2.o(.ARM.Collect$$rtexit$$00000002)
    __rt_exit_exit                           0x08000165   Thumb Code     0  rtexit2.o(.ARM.Collect$$rtexit$$00000004)
    __aeabi_memcpy4                          0x0800016d   Thumb Code    56  rt_memcpy.o(.emb_text)
    __aeabi_memcpy8                          0x0800016d   Thumb Code     0  rt_memcpy.o(.emb_text)
    Reset_Handler                            0x080001a5   Thumb Code     8  startup_stm32g030xx.o(.text)
    ADC1_IRQHandler                          0x080001b7   Thumb Code     0  startup_stm32g030xx.o(.text)
    DMA1_Ch4_5_DMAMUX1_OVR_IRQHandler        0x080001b7   Thumb Code     0  startup_stm32g030xx.o(.text)
    DMA1_Channel1_IRQHandler                 0x080001b7   Thumb Code     0  startup_stm32g030xx.o(.text)
    DMA1_Channel2_3_IRQHandler               0x080001b7   Thumb Code     0  startup_stm32g030xx.o(.text)
    EXTI0_1_IRQHandler                       0x080001b7   Thumb Code     0  startup_stm32g030xx.o(.text)
    EXTI2_3_IRQHandler                       0x080001b7   Thumb Code     0  startup_stm32g030xx.o(.text)
    EXTI4_15_IRQHandler                      0x080001b7   Thumb Code     0  startup_stm32g030xx.o(.text)
    FLASH_IRQHandler                         0x080001b7   Thumb Code     0  startup_stm32g030xx.o(.text)
    I2C1_IRQHandler                          0x080001b7   Thumb Code     0  startup_stm32g030xx.o(.text)
    I2C2_IRQHandler                          0x080001b7   Thumb Code     0  startup_stm32g030xx.o(.text)
    RCC_IRQHandler                           0x080001b7   Thumb Code     0  startup_stm32g030xx.o(.text)
    RTC_TAMP_IRQHandler                      0x080001b7   Thumb Code     0  startup_stm32g030xx.o(.text)
    SPI1_IRQHandler                          0x080001b7   Thumb Code     0  startup_stm32g030xx.o(.text)
    SPI2_IRQHandler                          0x080001b7   Thumb Code     0  startup_stm32g030xx.o(.text)
    TIM14_IRQHandler                         0x080001b7   Thumb Code     0  startup_stm32g030xx.o(.text)
    TIM16_IRQHandler                         0x080001b7   Thumb Code     0  startup_stm32g030xx.o(.text)
    TIM17_IRQHandler                         0x080001b7   Thumb Code     0  startup_stm32g030xx.o(.text)
    TIM1_BRK_UP_TRG_COM_IRQHandler           0x080001b7   Thumb Code     0  startup_stm32g030xx.o(.text)
    TIM1_CC_IRQHandler                       0x080001b7   Thumb Code     0  startup_stm32g030xx.o(.text)
    TIM3_IRQHandler                          0x080001b7   Thumb Code     0  startup_stm32g030xx.o(.text)
    USART1_IRQHandler                        0x080001b7   Thumb Code     0  startup_stm32g030xx.o(.text)
    WWDG_IRQHandler                          0x080001b7   Thumb Code     0  startup_stm32g030xx.o(.text)
    __user_initial_stackheap                 0x080001b9   Thumb Code     0  startup_stm32g030xx.o(.text)
    SVC_Handler                              0x080001dd   Thumb Code   132  irq_armv6m.o(.text)
    PendSV_Handler                           0x08000261   Thumb Code    12  irq_armv6m.o(.text)
    SysTick_Handler                          0x0800026d   Thumb Code    12  irq_armv6m.o(.text)
    abs                                      0x08000281   Thumb Code     8  abs.o(.text)
    __aeabi_memcpy                           0x08000289   Thumb Code   130  rt_memcpy.o(.text)
    __rt_memcpy                              0x08000289   Thumb Code     0  rt_memcpy.o(.text)
    _memset_w                                0x0800030b   Thumb Code    26  rt_memclr.o(.text)
    _memset                                  0x08000325   Thumb Code    30  rt_memclr.o(.text)
    __aeabi_memclr                           0x08000343   Thumb Code     4  rt_memclr.o(.text)
    __rt_memclr                              0x08000343   Thumb Code     0  rt_memclr.o(.text)
    __aeabi_memclr4                          0x08000347   Thumb Code     0  rt_memclr.o(.text)
    __aeabi_memclr8                          0x08000347   Thumb Code     0  rt_memclr.o(.text)
    __rt_memclr_w                            0x08000347   Thumb Code     4  rt_memclr.o(.text)
    __aeabi_uidiv                            0x0800034d   Thumb Code     0  aeabi_sdiv.o(.text)
    __aeabi_uidivmod                         0x0800034d   Thumb Code    20  aeabi_sdiv.o(.text)
    __aeabi_idiv                             0x08000361   Thumb Code     0  aeabi_sdiv.o(.text)
    __aeabi_idivmod                          0x08000361   Thumb Code   338  aeabi_sdiv.o(.text)
    __use_two_region_memory                  0x080004b9   Thumb Code     2  heapauxi.o(.text)
    __rt_heap_escrow$2region                 0x080004bb   Thumb Code     2  heapauxi.o(.text)
    __rt_heap_expand$2region                 0x080004bd   Thumb Code     2  heapauxi.o(.text)
    __user_setup_stackheap                   0x080004bf   Thumb Code    62  sys_stackheap_outer.o(.text)
    exit                                     0x080004fd   Thumb Code    16  exit.o(.text)
    __user_libspace                          0x0800050d   Thumb Code     8  libspace.o(.text)
    __user_perproc_libspace                  0x0800050d   Thumb Code     0  libspace.o(.text)
    _sys_exit                                0x08000515   Thumb Code     8  sys_exit.o(.text)
    __I$use$semihosting                      0x08000521   Thumb Code     0  use_no_semi.o(.text)
    __use_no_semihosting_swi                 0x08000521   Thumb Code     2  use_no_semi.o(.text)
    __semihosting_library_function           0x08000523   Thumb Code     0  indicate_semi.o(.text)
    __aeabi_d2f                              0x08000525   Thumb Code     0  d2f.o(.text)
    _d2f                                     0x08000525   Thumb Code   120  d2f.o(.text)
    __aeabi_ddiv                             0x080005a1   Thumb Code     0  ddiv.o(.text)
    _ddiv                                    0x080005a1   Thumb Code  1072  ddiv.o(.text)
    _drdiv                                   0x080009d1   Thumb Code    20  ddiv.o(.text)
    __aeabi_dmul                             0x080009e9   Thumb Code     0  dmul.o(.text)
    _dmul                                    0x080009e9   Thumb Code   558  dmul.o(.text)
    __aeabi_f2d                              0x08000c31   Thumb Code     0  f2d.o(.text)
    _f2d                                     0x08000c31   Thumb Code    80  f2d.o(.text)
    __aeabi_fdiv                             0x08000c85   Thumb Code     0  fdiv.o(.text)
    _fdiv                                    0x08000c85   Thumb Code   334  fdiv.o(.text)
    _frdiv                                   0x08000dd3   Thumb Code     8  fdiv.o(.text)
    __aeabi_f2iz                             0x08000de5   Thumb Code     0  ffixi.o(.text)
    _ffix                                    0x08000de5   Thumb Code    76  ffixi.o(.text)
    __aeabi_i2f_normalise                    0x08000e31   Thumb Code    72  fflti.o(.text)
    __aeabi_i2f                              0x08000e79   Thumb Code    16  fflti.o(.text)
    _fflt                                    0x08000e79   Thumb Code     0  fflti.o(.text)
    __aeabi_ui2f                             0x08000e89   Thumb Code     6  fflti.o(.text)
    _ffltu                                   0x08000e89   Thumb Code     0  fflti.o(.text)
    __fpl_fcmp_InfNaN                        0x08000e91   Thumb Code    96  fcmpin.o(.text)
    __fpl_cmpreturn                          0x08000ef5   Thumb Code    46  cmpret.o(.text)
    __fpl_fcheck_NaN2                        0x08000f25   Thumb Code    10  fnan2.o(.text)
    __fpl_return_NaN                         0x08000f35   Thumb Code    94  retnan.o(.text)
    HardFault_Handler                        0x080011ef   Thumb Code     4  lto-llvm-f21d30.o(.text.HardFault_Handler)
    NMI_Handler                              0x08002673   Thumb Code     4  lto-llvm-f21d30.o(.text.NMI_Handler)
    OS_Tick_AcknowledgeIRQ                   0x08002679   Thumb Code     8  os_systick.o(.text.OS_Tick_AcknowledgeIRQ)
    OS_Tick_Enable                           0x08002681   Thumb Code    32  os_systick.o(.text.OS_Tick_Enable)
    OS_Tick_GetIRQn                          0x080026a9   Thumb Code     6  os_systick.o(.text.OS_Tick_GetIRQn)
    OS_Tick_Setup                            0x080026b1   Thumb Code    60  os_systick.o(.text.OS_Tick_Setup)
    SystemInit                               0x08002edf   Thumb Code     2  lto-llvm-f21d30.o(.text.SystemInit)
    USART2_IRQHandler                        0x080030c5   Thumb Code   368  lto-llvm-f21d30.o(.text.USART2_IRQHandler)
    _mutex_acquire                           0x08003915   Thumb Code    34  lto-llvm-f21d30.o(.text._mutex_acquire)
    _mutex_free                              0x08003937   Thumb Code    18  lto-llvm-f21d30.o(.text._mutex_free)
    _mutex_initialize                        0x08003949   Thumb Code    52  lto-llvm-f21d30.o(.text._mutex_initialize)
    _mutex_release                           0x0800397d   Thumb Code    30  lto-llvm-f21d30.o(.text._mutex_release)
    _platform_post_stackheap_init            0x0800399b   Thumb Code     8  lto-llvm-f21d30.o(.text._platform_post_stackheap_init)
    main                                     0x08003b39   Thumb Code    84  lto-llvm-f21d30.o(.text.main)
    osDelay                                  0x08003b99   Thumb Code    36  rtx_delay.o(.text.osDelay)
    osEventFlagsClear                        0x08003bc1   Thumb Code    32  rtx_evflags.o(.text.osEventFlagsClear)
    osEventFlagsNew                          0x08003be5   Thumb Code    32  rtx_evflags.o(.text.osEventFlagsNew)
    osEventFlagsSet                          0x08003c09   Thumb Code    72  rtx_evflags.o(.text.osEventFlagsSet)
    osEventFlagsWait                         0x08003c55   Thumb Code    64  rtx_evflags.o(.text.osEventFlagsWait)
    osKernelGetState                         0x08003c99   Thumb Code    40  rtx_kernel.o(.text.osKernelGetState)
    osKernelGetTickCount                     0x08003cc5   Thumb Code    32  rtx_kernel.o(.text.osKernelGetTickCount)
    osKernelInitialize                       0x08003ced   Thumb Code    36  rtx_kernel.o(.text.osKernelInitialize)
    osKernelLock                             0x08003d15   Thumb Code    32  rtx_kernel.o(.text.osKernelLock)
    osKernelStart                            0x08003d39   Thumb Code    32  rtx_kernel.o(.text.osKernelStart)
    osKernelUnlock                           0x08003d5d   Thumb Code    32  rtx_kernel.o(.text.osKernelUnlock)
    osMessageQueueGet                        0x08003d81   Thumb Code   112  rtx_msgqueue.o(.text.osMessageQueueGet)
    osMessageQueuePut                        0x08003df5   Thumb Code   112  rtx_msgqueue.o(.text.osMessageQueuePut)
    osMutexAcquire                           0x08003e69   Thumb Code    36  rtx_mutex.o(.text.osMutexAcquire)
    osMutexDelete                            0x08003e91   Thumb Code    36  rtx_mutex.o(.text.osMutexDelete)
    osMutexNew                               0x08003eb9   Thumb Code    32  rtx_mutex.o(.text.osMutexNew)
    osMutexRelease                           0x08003edd   Thumb Code    36  rtx_mutex.o(.text.osMutexRelease)
    osRtxErrorNotify                         0x08003f05   Thumb Code    46  lto-llvm-f21d30.o(.text.osRtxErrorNotify)
    osRtxIdleThread                          0x08003f67   Thumb Code     8  lto-llvm-f21d30.o(.text.osRtxIdleThread)
    osRtxKernelErrorNotify                   0x08003f6f   Thumb Code     8  rtx_kernel.o(.text.osRtxKernelErrorNotify)
    osRtxKernelPreInit                       0x08003f77   Thumb Code     2  rtx_kernel.o(.text.osRtxKernelPreInit)
    osRtxMemoryAlloc                         0x08003f79   Thumb Code   120  rtx_memory.o(.text.osRtxMemoryAlloc)
    osRtxMemoryFree                          0x08003ff1   Thumb Code    78  rtx_memory.o(.text.osRtxMemoryFree)
    osRtxMemoryInit                          0x0800403f   Thumb Code    46  rtx_memory.o(.text.osRtxMemoryInit)
    osRtxMemoryPoolAlloc                     0x0800406d   Thumb Code    42  rtx_mempool.o(.text.osRtxMemoryPoolAlloc)
    osRtxMemoryPoolFree                      0x08004097   Thumb Code    54  rtx_mempool.o(.text.osRtxMemoryPoolFree)
    osRtxMemoryPoolInit                      0x080040cd   Thumb Code    60  rtx_mempool.o(.text.osRtxMemoryPoolInit)
    osRtxMessageQueueTimerSetup              0x080041c5   Thumb Code    32  rtx_msgqueue.o(.text.osRtxMessageQueueTimerSetup)
    osRtxMutexOwnerRelease                   0x080041e9   Thumb Code    68  rtx_mutex.o(.text.osRtxMutexOwnerRelease)
    osRtxMutexOwnerRestore                   0x0800422d   Thumb Code    70  rtx_mutex.o(.text.osRtxMutexOwnerRestore)
    osRtxPendSV_Handler                      0x08004275   Thumb Code   128  rtx_system.o(.text.osRtxPendSV_Handler)
    osRtxPostProcess                         0x080042f5   Thumb Code   104  rtx_system.o(.text.osRtxPostProcess)
    osRtxThreadDelayTick                     0x08004465   Thumb Code    84  rtx_thread.o(.text.osRtxThreadDelayTick)
    osRtxThreadDispatch                      0x080044e1   Thumb Code    76  rtx_thread.o(.text.osRtxThreadDispatch)
    osRtxThreadListGet                       0x080045a1   Thumb Code    20  rtx_thread.o(.text.osRtxThreadListGet)
    osRtxThreadListPut                       0x080045b5   Thumb Code    44  rtx_thread.o(.text.osRtxThreadListPut)
    osRtxThreadListRemove                    0x080045e1   Thumb Code    24  rtx_thread.o(.text.osRtxThreadListRemove)
    osRtxThreadListSort                      0x080045f9   Thumb Code    36  rtx_thread.o(.text.osRtxThreadListSort)
    osRtxThreadReadyPut                      0x08004645   Thumb Code    20  rtx_thread.o(.text.osRtxThreadReadyPut)
    osRtxThreadRegPtr                        0x08004659   Thumb Code     6  rtx_thread.o(.text.osRtxThreadRegPtr)
    osRtxThreadStartup                       0x08004661   Thumb Code    56  rtx_thread.o(.text.osRtxThreadStartup)
    osRtxThreadSwitch                        0x080046a1   Thumb Code    12  rtx_thread.o(.text.osRtxThreadSwitch)
    osRtxThreadWaitEnter                     0x080046b1   Thumb Code    60  rtx_thread.o(.text.osRtxThreadWaitEnter)
    osRtxThreadWaitExit                      0x080046f1   Thumb Code    34  rtx_thread.o(.text.osRtxThreadWaitExit)
    osRtxTick_Handler                        0x08004715   Thumb Code   124  rtx_system.o(.text.osRtxTick_Handler)
    osRtxTimerSetup                          0x08004795   Thumb Code    28  rtx_timer.o(.text.osRtxTimerSetup)
    osRtxTimerThread                         0x080047b9   Thumb Code    28  rtx_timer.o(.text.osRtxTimerThread)
    osThreadExit                             0x08004849   Thumb Code     8  rtx_thread.o(.text.osThreadExit)
    osThreadNew                              0x08004855   Thumb Code    32  rtx_thread.o(.text.osThreadNew)
    __aeabi_fcmpeq                           0x08005515   Thumb Code     0  fcmp.o(i._feq)
    _feq                                     0x08005515   Thumb Code    22  fcmp.o(i._feq)
    __aeabi_fcmpge                           0x0800552b   Thumb Code     0  fcmp.o(i._fgeq)
    _fgeq                                    0x0800552b   Thumb Code    22  fcmp.o(i._fgeq)
    __aeabi_fcmple                           0x08005541   Thumb Code     0  fcmp.o(i._fleq)
    _fleq                                    0x08005541   Thumb Code    26  fcmp.o(i._fleq)
    __aeabi_fadd                             0x0800555d   Thumb Code     0  faddsub.o(x$fpl$fadd)
    _fadd                                    0x0800555d   Thumb Code   134  faddsub.o(x$fpl$fadd)
    __aeabi_cfcmpeq                          0x080055e9   Thumb Code     0  feqf.o(x$fpl$feqf)
    _fcmpeq                                  0x080055e9   Thumb Code    78  feqf.o(x$fpl$feqf)
    _fcmpge                                  0x0800563d   Thumb Code    78  fgef.o(x$fpl$fgeqf)
    __aeabi_cfcmple                          0x08005691   Thumb Code     0  flef.o(x$fpl$fleqf)
    _fcmple                                  0x08005691   Thumb Code    78  flef.o(x$fpl$fleqf)
    __aeabi_fmul                             0x080056e5   Thumb Code     0  fmul.o(x$fpl$fmul)
    _fmul                                    0x080056e5   Thumb Code   172  fmul.o(x$fpl$fmul)
    __aeabi_fsub                             0x08005795   Thumb Code     0  faddsub.o(x$fpl$fsub)
    _fsub                                    0x08005795   Thumb Code   204  faddsub.o(x$fpl$fsub)
    __I$use$fp                               0x08005864   Number         0  usenofp.o(x$fpl$usenofp)
    osRtxUserSVC                             0x08005a60   Data           4  lto-llvm-f21d30.o(.rodata)
    osRtxConfig                              0x08005a64   Data         112  lto-llvm-f21d30.o(.rodata)
    os_cb_sections                           0x08005ad4   Data          56  lto-llvm-f21d30.o(.rodata)
    Region$$Table$$Base                      0x08005c44   Number         0  anon$$obj.o(Region$$Table)
    Region$$Table$$Limit                     0x08005c64   Number         0  anon$$obj.o(Region$$Table)
    SystemCoreClock                          0x20000040   Data           4  lto-llvm-f21d30.o(.data)
    osRtxInfo                                0x20000044   Data         164  rtx_kernel.o(.data.os)
    __libspace_start                         0x200000e8   Data          96  libspace.o(.bss)
    __temporary_stack_top$libspace           0x20000148   Data           0  libspace.o(.bss)
    .bss.os.msgqueue.cb$$Base                0x20001088   Number         0  lto-llvm-f21d30.o(.bss.os.msgqueue.cb)
    .bss.os.msgqueue.cb$$Limit               0x200010bc   Number         0  lto-llvm-f21d30.o(.bss.os.msgqueue.cb)
    .bss.os.thread.cb$$Base                  0x200010d0   Number         0  lto-llvm-f21d30.o(.bss.os.thread.cb)
    .bss.os.thread.cb$$Limit                 0x20001158   Number         0  lto-llvm-f21d30.o(.bss.os.thread.cb)



==============================================================================

Memory Map of the image

  Image Entry point : 0x080000c1

  Load Region LR_IROM1 (Base: 0x08000000, Size: 0x00005d50, Max: 0x00008000, ABSOLUTE)

    Execution Region ER_IROM1 (Exec base: 0x08000000, Load base: 0x08000000, Size: 0x00005c64, Max: 0x00008000, ABSOLUTE)

    Exec Addr    Load Addr    Size         Type   Attr      Idx    E Section Name        Object

    0x08000000   0x08000000   0x000000c0   Data   RO            3    RESET               startup_stm32g030xx.o
    0x080000c0   0x080000c0   0x00000008   Code   RO          555  * !!!main             c_p.l(__main.o)
    0x080000c8   0x080000c8   0x0000003c   Code   RO         1126    !!!scatter          c_p.l(__scatter.o)
    0x08000104   0x08000104   0x0000001a   Code   RO         1128    !!handler_copy      c_p.l(__scatter_copy.o)
    0x0800011e   0x0800011e   0x00000002   PAD
    0x08000120   0x08000120   0x0000001c   Code   RO         1130    !!handler_zi        c_p.l(__scatter_zi.o)
    0x0800013c   0x0800013c   0x00000002   Code   RO          591    .ARM.Collect$$libinit$$00000000  c_p.l(libinit.o)
    0x0800013e   0x0800013e   0x00000000   Code   RO          605    .ARM.Collect$$libinit$$00000002  c_p.l(libinit2.o)
    0x0800013e   0x0800013e   0x00000000   Code   RO          607    .ARM.Collect$$libinit$$00000004  c_p.l(libinit2.o)
    0x0800013e   0x0800013e   0x00000000   Code   RO          609    .ARM.Collect$$libinit$$00000006  c_p.l(libinit2.o)
    0x0800013e   0x0800013e   0x00000000   Code   RO          612    .ARM.Collect$$libinit$$0000000C  c_p.l(libinit2.o)
    0x0800013e   0x0800013e   0x00000000   Code   RO          614    .ARM.Collect$$libinit$$0000000E  c_p.l(libinit2.o)
    0x0800013e   0x0800013e   0x00000000   Code   RO          616    .ARM.Collect$$libinit$$00000010  c_p.l(libinit2.o)
    0x0800013e   0x0800013e   0x00000000   Code   RO          619    .ARM.Collect$$libinit$$00000013  c_p.l(libinit2.o)
    0x0800013e   0x0800013e   0x00000000   Code   RO          621    .ARM.Collect$$libinit$$00000015  c_p.l(libinit2.o)
    0x0800013e   0x0800013e   0x00000000   Code   RO          623    .ARM.Collect$$libinit$$00000017  c_p.l(libinit2.o)
    0x0800013e   0x0800013e   0x00000000   Code   RO          625    .ARM.Collect$$libinit$$00000019  c_p.l(libinit2.o)
    0x0800013e   0x0800013e   0x00000000   Code   RO          627    .ARM.Collect$$libinit$$0000001B  c_p.l(libinit2.o)
    0x0800013e   0x0800013e   0x00000000   Code   RO          629    .ARM.Collect$$libinit$$0000001D  c_p.l(libinit2.o)
    0x0800013e   0x0800013e   0x00000000   Code   RO          631    .ARM.Collect$$libinit$$0000001F  c_p.l(libinit2.o)
    0x0800013e   0x0800013e   0x00000000   Code   RO          633    .ARM.Collect$$libinit$$00000021  c_p.l(libinit2.o)
    0x0800013e   0x0800013e   0x00000000   Code   RO          635    .ARM.Collect$$libinit$$00000023  c_p.l(libinit2.o)
    0x0800013e   0x0800013e   0x00000000   Code   RO          637    .ARM.Collect$$libinit$$00000025  c_p.l(libinit2.o)
    0x0800013e   0x0800013e   0x00000000   Code   RO          639    .ARM.Collect$$libinit$$00000027  c_p.l(libinit2.o)
    0x0800013e   0x0800013e   0x00000000   Code   RO          643    .ARM.Collect$$libinit$$0000002E  c_p.l(libinit2.o)
    0x0800013e   0x0800013e   0x00000000   Code   RO          645    .ARM.Collect$$libinit$$00000030  c_p.l(libinit2.o)
    0x0800013e   0x0800013e   0x00000000   Code   RO          647    .ARM.Collect$$libinit$$00000032  c_p.l(libinit2.o)
    0x0800013e   0x0800013e   0x00000000   Code   RO          649    .ARM.Collect$$libinit$$00000034  c_p.l(libinit2.o)
    0x0800013e   0x0800013e   0x00000002   Code   RO          650    .ARM.Collect$$libinit$$00000035  c_p.l(libinit2.o)
    0x08000140   0x08000140   0x00000002   Code   RO          685    .ARM.Collect$$libshutdown$$00000000  c_p.l(libshutdown.o)
    0x08000142   0x08000142   0x00000000   Code   RO          713    .ARM.Collect$$libshutdown$$00000002  c_p.l(libshutdown2.o)
    0x08000142   0x08000142   0x00000000   Code   RO          715    .ARM.Collect$$libshutdown$$00000004  c_p.l(libshutdown2.o)
    0x08000142   0x08000142   0x00000000   Code   RO          718    .ARM.Collect$$libshutdown$$00000007  c_p.l(libshutdown2.o)
    0x08000142   0x08000142   0x00000000   Code   RO          721    .ARM.Collect$$libshutdown$$0000000A  c_p.l(libshutdown2.o)
    0x08000142   0x08000142   0x00000000   Code   RO          723    .ARM.Collect$$libshutdown$$0000000C  c_p.l(libshutdown2.o)
    0x08000142   0x08000142   0x00000000   Code   RO          726    .ARM.Collect$$libshutdown$$0000000F  c_p.l(libshutdown2.o)
    0x08000142   0x08000142   0x00000002   Code   RO          727    .ARM.Collect$$libshutdown$$00000010  c_p.l(libshutdown2.o)
    0x08000144   0x08000144   0x00000000   Code   RO          557    .ARM.Collect$$rtentry$$00000000  c_p.l(__rtentry.o)
    0x08000144   0x08000144   0x00000000   Code   RO          563    .ARM.Collect$$rtentry$$00000002  c_p.l(__rtentry2.o)
    0x08000144   0x08000144   0x00000006   Code   RO          575    .ARM.Collect$$rtentry$$00000004  c_p.l(__rtentry4.o)
    0x0800014a   0x0800014a   0x00000008   Code   RO          564    .ARM.Collect$$rtentry$$00000008  c_p.l(__rtentry2.o)
    0x08000152   0x08000152   0x00000004   Code   RO          566    .ARM.Collect$$rtentry$$0000000A  c_p.l(__rtentry2.o)
    0x08000156   0x08000156   0x00000000   Code   RO          568    .ARM.Collect$$rtentry$$0000000C  c_p.l(__rtentry2.o)
    0x08000156   0x08000156   0x00000008   Code   RO          569    .ARM.Collect$$rtentry$$0000000D  c_p.l(__rtentry2.o)
    0x0800015e   0x0800015e   0x00000002   Code   RO          596    .ARM.Collect$$rtexit$$00000000  c_p.l(rtexit.o)
    0x08000160   0x08000160   0x00000000   Code   RO          656    .ARM.Collect$$rtexit$$00000002  c_p.l(rtexit2.o)
    0x08000160   0x08000160   0x00000004   Code   RO          657    .ARM.Collect$$rtexit$$00000003  c_p.l(rtexit2.o)
    0x08000164   0x08000164   0x00000006   Code   RO          658    .ARM.Collect$$rtexit$$00000004  c_p.l(rtexit2.o)
    0x0800016a   0x0800016a   0x00000002   PAD
    0x0800016c   0x0800016c   0x00000038   Code   RO          543    .emb_text           c_p.l(rt_memcpy.o)
    0x080001a4   0x080001a4   0x00000038   Code   RO            4    .text               startup_stm32g030xx.o
    0x080001dc   0x080001dc   0x000000a4   Code   RO          365    .text               RTX_CM0.lib(irq_armv6m.o)
    0x08000280   0x08000280   0x00000008   Code   RO          539    .text               c_p.l(abs.o)
    0x08000288   0x08000288   0x00000082   Code   RO          544    .text               c_p.l(rt_memcpy.o)
    0x0800030a   0x0800030a   0x00000040   Code   RO          547    .text               c_p.l(rt_memclr.o)
    0x0800034a   0x0800034a   0x00000002   PAD
    0x0800034c   0x0800034c   0x0000016c   Code   RO          549    .text               c_p.l(aeabi_sdiv.o)
    0x080004b8   0x080004b8   0x00000006   Code   RO          553    .text               c_p.l(heapauxi.o)
    0x080004be   0x080004be   0x0000003e   Code   RO          579    .text               c_p.l(sys_stackheap_outer.o)
    0x080004fc   0x080004fc   0x00000010   Code   RO          582    .text               c_p.l(exit.o)
    0x0800050c   0x0800050c   0x00000008   Code   RO          592    .text               c_p.l(libspace.o)
    0x08000514   0x08000514   0x0000000c   Code   RO          651    .text               c_p.l(sys_exit.o)
    0x08000520   0x08000520   0x00000002   Code   RO          674    .text               c_p.l(use_no_semi.o)
    0x08000522   0x08000522   0x00000000   Code   RO          676    .text               c_p.l(indicate_semi.o)
    0x08000522   0x08000522   0x00000002   PAD
    0x08000524   0x08000524   0x0000007c   Code   RO         1073    .text               fz_ps.l(d2f.o)
    0x080005a0   0x080005a0   0x00000448   Code   RO         1075    .text               fz_ps.l(ddiv.o)
    0x080009e8   0x080009e8   0x00000248   Code   RO         1078    .text               fz_ps.l(dmul.o)
    0x08000c30   0x08000c30   0x00000054   Code   RO         1080    .text               fz_ps.l(f2d.o)
    0x08000c84   0x08000c84   0x00000160   Code   RO         1100    .text               fz_ps.l(fdiv.o)
    0x08000de4   0x08000de4   0x0000004c   Code   RO         1103    .text               fz_ps.l(ffixi.o)
    0x08000e30   0x08000e30   0x0000005e   Code   RO         1105    .text               fz_ps.l(fflti.o)
    0x08000e8e   0x08000e8e   0x00000002   PAD
    0x08000e90   0x08000e90   0x00000064   Code   RO         1116    .text               fz_ps.l(fcmpin.o)
    0x08000ef4   0x08000ef4   0x0000002e   Code   RO         1118    .text               fz_ps.l(cmpret.o)
    0x08000f22   0x08000f22   0x00000002   PAD
    0x08000f24   0x08000f24   0x00000010   Code   RO         1120    .text               fz_ps.l(fnan2.o)
    0x08000f34   0x08000f34   0x0000005e   Code   RO         1122    .text               fz_ps.l(retnan.o)
    0x08000f92   0x08000f92   0x00000002   PAD
    0x08000f94   0x08000f94   0x00000070   Code   RO          729    .text.ADC_Read_Voltage  lto-llvm-f21d30.o
    0x08001004   0x08001004   0x000000ac   Code   RO          743    .text.ADC_Update    lto-llvm-f21d30.o
    0x080010b0   0x080010b0   0x000000f4   Code   RO          929    .text.Countqueue    lto-llvm-f21d30.o
    0x080011a4   0x080011a4   0x0000004a   Code   RO          312    .text.EventFlagsCheck  RTX_CM0.lib(rtx_evflags.o)
    0x080011ee   0x080011ee   0x00000004   Code   RO          847    .text.HardFault_Handler  lto-llvm-f21d30.o
    0x080011f2   0x080011f2   0x00000024   Code   RO          849    .text.I2C_Delay     lto-llvm-f21d30.o
    0x08001216   0x08001216   0x0000002c   Code   RO          859    .text.I2C_RecvACK   lto-llvm-f21d30.o
    0x08001242   0x08001242   0x00000060   Code   RO          861    .text.I2C_RecvData  lto-llvm-f21d30.o
    0x080012a2   0x080012a2   0x00000034   Code   RO          863    .text.I2C_SendACK   lto-llvm-f21d30.o
    0x080012d6   0x080012d6   0x00000072   Code   RO          857    .text.I2C_SendData  lto-llvm-f21d30.o
    0x08001348   0x08001348   0x0000002c   Code   RO          865    .text.I2C_SendNAK   lto-llvm-f21d30.o
    0x08001374   0x08001374   0x0000002a   Code   RO          855    .text.I2C_Start     lto-llvm-f21d30.o
    0x0800139e   0x0800139e   0x00000022   Code   RO          867    .text.I2C_Stop      lto-llvm-f21d30.o
    0x080013c0   0x080013c0   0x0000006c   Code   RO          877    .text.INA226_Init   lto-llvm-f21d30.o
    0x0800142c   0x0800142c   0x0000005c   Code   RO          879    .text.INA226_Read_2Byte  lto-llvm-f21d30.o
    0x08001488   0x08001488   0x00000068   Code   RO          887    .text.INA226_Read_Current  lto-llvm-f21d30.o
    0x080014f0   0x080014f0   0x00000060   Code   RO          885    .text.INA226_Read_Voltage  lto-llvm-f21d30.o
    0x08001550   0x08001550   0x00000038   Code   RO          883    .text.INA226_Update  lto-llvm-f21d30.o
    0x08001588   0x08001588   0x00000040   Code   RO          881    .text.INA226_Write_2Byte  lto-llvm-f21d30.o
    0x080015c8   0x080015c8   0x00000014   Code   RO          801    .text.LL_ADC_ClearFlag_CCRDY  lto-llvm-f21d30.o
    0x080015dc   0x080015dc   0x0000000e   Code   RO          737    .text.LL_ADC_ClearFlag_EOC  lto-llvm-f21d30.o
    0x080015ea   0x080015ea   0x00000002   PAD
    0x080015ec   0x080015ec   0x00000014   Code   RO          811    .text.LL_ADC_DisableIT_EOC  lto-llvm-f21d30.o
    0x08001600   0x08001600   0x00000014   Code   RO          813    .text.LL_ADC_DisableIT_EOS  lto-llvm-f21d30.o
    0x08001614   0x08001614   0x00000018   Code   RO          731    .text.LL_ADC_Enable  lto-llvm-f21d30.o
    0x0800162c   0x0800162c   0x0000001c   Code   RO          815    .text.LL_ADC_EnableInternalRegulator  lto-llvm-f21d30.o
    0x08001648   0x08001648   0x0000005c   Code   RO          957    .text.LL_ADC_Init   lto-llvm-f21d30.o
    0x080016a4   0x080016a4   0x00000010   Code   RO          733    .text.LL_ADC_IsActiveFlag_ADRDY  lto-llvm-f21d30.o
    0x080016b4   0x080016b4   0x00000018   Code   RO          799    .text.LL_ADC_IsActiveFlag_CCRDY  lto-llvm-f21d30.o
    0x080016cc   0x080016cc   0x00000012   Code   RO          735    .text.LL_ADC_IsActiveFlag_EOC  lto-llvm-f21d30.o
    0x080016de   0x080016de   0x00000002   PAD
    0x080016e0   0x080016e0   0x00000018   Code   RO          823    .text.LL_ADC_IsCalibrationOnGoing  lto-llvm-f21d30.o
    0x080016f8   0x080016f8   0x00000010   Code   RO          955    .text.LL_ADC_IsEnabled  lto-llvm-f21d30.o
    0x08001708   0x08001708   0x00000012   Code   RO          961    .text.LL_ADC_REG_GetSequencerConfigurable  lto-llvm-f21d30.o
    0x0800171a   0x0800171a   0x00000002   PAD
    0x0800171c   0x0800171c   0x000000c8   Code   RO          959    .text.LL_ADC_REG_Init  lto-llvm-f21d30.o
    0x080017e4   0x080017e4   0x0000000e   Code   RO          741    .text.LL_ADC_REG_ReadConversionData12  lto-llvm-f21d30.o
    0x080017f2   0x080017f2   0x00000002   PAD
    0x080017f4   0x080017f4   0x00000020   Code   RO          797    .text.LL_ADC_REG_SetSequencerConfigurable  lto-llvm-f21d30.o
    0x08001814   0x08001814   0x00000014   Code   RO          963    .text.LL_ADC_REG_SetSequencerLength  lto-llvm-f21d30.o
    0x08001828   0x08001828   0x00000030   Code   RO          817    .text.LL_ADC_REG_SetSequencerRanks  lto-llvm-f21d30.o
    0x08001858   0x08001858   0x0000001c   Code   RO          739    .text.LL_ADC_REG_StartConversion  lto-llvm-f21d30.o
    0x08001874   0x08001874   0x0000002c   Code   RO          819    .text.LL_ADC_SetChannelSamplingTime  lto-llvm-f21d30.o
    0x080018a0   0x080018a0   0x00000028   Code   RO          807    .text.LL_ADC_SetCommonPathInternalCh  lto-llvm-f21d30.o
    0x080018c8   0x080018c8   0x00000020   Code   RO          803    .text.LL_ADC_SetOverSamplingScope  lto-llvm-f21d30.o
    0x080018e8   0x080018e8   0x00000028   Code   RO          809    .text.LL_ADC_SetSamplingTimeCommonChannels  lto-llvm-f21d30.o
    0x08001910   0x08001910   0x00000020   Code   RO          805    .text.LL_ADC_SetTriggerFrequencyMode  lto-llvm-f21d30.o
    0x08001930   0x08001930   0x00000020   Code   RO          821    .text.LL_ADC_StartCalibration  lto-llvm-f21d30.o
    0x08001950   0x08001950   0x00000020   Code   RO          757    .text.LL_APB1_GRP1_EnableClock  lto-llvm-f21d30.o
    0x08001970   0x08001970   0x00000020   Code   RO          755    .text.LL_APB2_GRP1_EnableClock  lto-llvm-f21d30.o
    0x08001990   0x08001990   0x000000ba   Code   RO          941    .text.LL_GPIO_Init  lto-llvm-f21d30.o
    0x08001a4a   0x08001a4a   0x00000020   Code   RO          873    .text.LL_GPIO_IsInputPinSet  lto-llvm-f21d30.o
    0x08001a6a   0x08001a6a   0x00000014   Code   RO          825    .text.LL_GPIO_ResetOutputPin  lto-llvm-f21d30.o
    0x08001a7e   0x08001a7e   0x00000014   Code   RO          869    .text.LL_GPIO_ResetOutputPin.8  lto-llvm-f21d30.o
    0x08001a92   0x08001a92   0x0000002c   Code   RO          949    .text.LL_GPIO_SetAFPin_0_7  lto-llvm-f21d30.o
    0x08001abe   0x08001abe   0x0000002e   Code   RO          951    .text.LL_GPIO_SetAFPin_8_15  lto-llvm-f21d30.o
    0x08001aec   0x08001aec   0x00000014   Code   RO          871    .text.LL_GPIO_SetOutputPin  lto-llvm-f21d30.o
    0x08001b00   0x08001b00   0x00000024   Code   RO          953    .text.LL_GPIO_SetPinMode  lto-llvm-f21d30.o
    0x08001b24   0x08001b24   0x0000001e   Code   RO          945    .text.LL_GPIO_SetPinOutputType  lto-llvm-f21d30.o
    0x08001b42   0x08001b42   0x00000024   Code   RO          947    .text.LL_GPIO_SetPinPull  lto-llvm-f21d30.o
    0x08001b66   0x08001b66   0x00000024   Code   RO          943    .text.LL_GPIO_SetPinSpeed  lto-llvm-f21d30.o
    0x08001b8a   0x08001b8a   0x00000002   PAD
    0x08001b8c   0x08001b8c   0x00000024   Code   RO          769    .text.LL_IOP_GRP1_EnableClock  lto-llvm-f21d30.o
    0x08001bb0   0x08001bb0   0x00000014   Code   RO          933    .text.LL_Init1msTick  lto-llvm-f21d30.o
    0x08001bc4   0x08001bc4   0x00000038   Code   RO          935    .text.LL_InitTick   lto-llvm-f21d30.o
    0x08001bfc   0x08001bfc   0x00000014   Code   RO          835    .text.LL_PWR_EnableBkUpAccess  lto-llvm-f21d30.o
    0x08001c10   0x08001c10   0x00000010   Code   RO          795    .text.LL_RCC_EnableRTC  lto-llvm-f21d30.o
    0x08001c20   0x08001c20   0x00000010   Code   RO          789    .text.LL_RCC_ForceBackupDomainReset  lto-llvm-f21d30.o
    0x08001c30   0x08001c30   0x0000000c   Code   RO          977    .text.LL_RCC_GetAHBPrescaler  lto-llvm-f21d30.o
    0x08001c3c   0x08001c3c   0x0000000c   Code   RO          975    .text.LL_RCC_GetAPB1Prescaler  lto-llvm-f21d30.o
    0x08001c48   0x08001c48   0x0000000c   Code   RO          787    .text.LL_RCC_GetRTCClockSource  lto-llvm-f21d30.o
    0x08001c54   0x08001c54   0x0000000c   Code   RO          841    .text.LL_RCC_GetSysClkSource  lto-llvm-f21d30.o
    0x08001c60   0x08001c60   0x0000000c   Code   RO          979    .text.LL_RCC_GetSysClkSource.56  lto-llvm-f21d30.o
    0x08001c6c   0x08001c6c   0x0000002a   Code   RO          967    .text.LL_RCC_GetSystemClocksFreq  lto-llvm-f21d30.o
    0x08001c96   0x08001c96   0x00000002   PAD
    0x08001c98   0x08001c98   0x00000084   Code   RO          991    .text.LL_RCC_GetUSARTClockFreq  lto-llvm-f21d30.o
    0x08001d1c   0x08001d1c   0x00000018   Code   RO          993    .text.LL_RCC_GetUSARTClockSource  lto-llvm-f21d30.o
    0x08001d34   0x08001d34   0x00000010   Code   RO          827    .text.LL_RCC_HSI_Enable  lto-llvm-f21d30.o
    0x08001d44   0x08001d44   0x00000010   Code   RO          829    .text.LL_RCC_HSI_IsReady  lto-llvm-f21d30.o
    0x08001d54   0x08001d54   0x00000014   Code   RO          965    .text.LL_RCC_HSI_IsReady.53  lto-llvm-f21d30.o
    0x08001d68   0x08001d68   0x0000000c   Code   RO          995    .text.LL_RCC_LSE_IsReady  lto-llvm-f21d30.o
    0x08001d74   0x08001d74   0x0000000c   Code   RO          831    .text.LL_RCC_LSI_Enable  lto-llvm-f21d30.o
    0x08001d80   0x08001d80   0x00000010   Code   RO          833    .text.LL_RCC_LSI_IsReady  lto-llvm-f21d30.o
    0x08001d90   0x08001d90   0x0000000c   Code   RO          987    .text.LL_RCC_PLL_GetDivider  lto-llvm-f21d30.o
    0x08001d9c   0x08001d9c   0x0000000c   Code   RO          983    .text.LL_RCC_PLL_GetMainSource  lto-llvm-f21d30.o
    0x08001da8   0x08001da8   0x00000010   Code   RO          985    .text.LL_RCC_PLL_GetN  lto-llvm-f21d30.o
    0x08001db8   0x08001db8   0x00000010   Code   RO          989    .text.LL_RCC_PLL_GetR  lto-llvm-f21d30.o
    0x08001dc8   0x08001dc8   0x00000010   Code   RO          791    .text.LL_RCC_ReleaseBackupDomainReset  lto-llvm-f21d30.o
    0x08001dd8   0x08001dd8   0x0000001c   Code   RO          837    .text.LL_RCC_SetAHBPrescaler  lto-llvm-f21d30.o
    0x08001df4   0x08001df4   0x0000001c   Code   RO          843    .text.LL_RCC_SetAPB1Prescaler  lto-llvm-f21d30.o
    0x08001e10   0x08001e10   0x00000020   Code   RO          793    .text.LL_RCC_SetRTCClockSource  lto-llvm-f21d30.o
    0x08001e30   0x08001e30   0x0000001c   Code   RO          839    .text.LL_RCC_SetSysClkSource  lto-llvm-f21d30.o
    0x08001e4c   0x08001e4c   0x00000010   Code   RO         1001    .text.LL_RTC_DisableInitMode  lto-llvm-f21d30.o
    0x08001e5c   0x08001e5c   0x00000014   Code   RO          997    .text.LL_RTC_DisableWriteProtection  lto-llvm-f21d30.o
    0x08001e70   0x08001e70   0x00000010   Code   RO         1009    .text.LL_RTC_EnableInitMode  lto-llvm-f21d30.o
    0x08001e80   0x08001e80   0x0000000e   Code   RO         1003    .text.LL_RTC_EnableWriteProtection  lto-llvm-f21d30.o
    0x08001e8e   0x08001e8e   0x00000080   Code   RO          999    .text.LL_RTC_EnterInitMode  lto-llvm-f21d30.o
    0x08001f0e   0x08001f0e   0x00000002   PAD
    0x08001f10   0x08001f10   0x0000005c   Code   RO         1011    .text.LL_RTC_Init   lto-llvm-f21d30.o
    0x08001f6c   0x08001f6c   0x00000012   Code   RO         1007    .text.LL_RTC_IsActiveFlag_INIT  lto-llvm-f21d30.o
    0x08001f7e   0x08001f7e   0x0000001e   Code   RO         1017    .text.LL_RTC_SetAsynchPrescaler  lto-llvm-f21d30.o
    0x08001f9c   0x08001f9c   0x0000001a   Code   RO         1013    .text.LL_RTC_SetHourFormat  lto-llvm-f21d30.o
    0x08001fb6   0x08001fb6   0x00000002   PAD
    0x08001fb8   0x08001fb8   0x00000020   Code   RO         1015    .text.LL_RTC_SetSynchPrescaler  lto-llvm-f21d30.o
    0x08001fd8   0x08001fd8   0x00000010   Code   RO         1005    .text.LL_SYSTICK_IsActiveCounterFlag  lto-llvm-f21d30.o
    0x08001fe8   0x08001fe8   0x00000018   Code   RO          939    .text.LL_SetSystemCoreClock  lto-llvm-f21d30.o
    0x08002000   0x08002000   0x00000010   Code   RO          927    .text.LL_USART_ClearFlag_ORE  lto-llvm-f21d30.o
    0x08002010   0x08002010   0x00000020   Code   RO          777    .text.LL_USART_ConfigAsyncMode  lto-llvm-f21d30.o
    0x08002030   0x08002030   0x00000014   Code   RO          781    .text.LL_USART_Enable  lto-llvm-f21d30.o
    0x08002044   0x08002044   0x00000038   Code   RO          779    .text.LL_USART_EnableIT_RXNE_RXFNE  lto-llvm-f21d30.o
    0x0800207c   0x0800207c   0x000000c4   Code   RO         1019    .text.LL_USART_Init  lto-llvm-f21d30.o
    0x08002140   0x08002140   0x00000018   Code   RO          785    .text.LL_USART_IsActiveFlag_REACK  lto-llvm-f21d30.o
    0x08002158   0x08002158   0x00000014   Code   RO          923    .text.LL_USART_IsActiveFlag_RXNE_RXFNE  lto-llvm-f21d30.o
    0x0800216c   0x0800216c   0x00000014   Code   RO          919    .text.LL_USART_IsActiveFlag_TC  lto-llvm-f21d30.o
    0x08002180   0x08002180   0x00000018   Code   RO          783    .text.LL_USART_IsActiveFlag_TEACK  lto-llvm-f21d30.o
    0x08002198   0x08002198   0x00000014   Code   RO          915    .text.LL_USART_IsActiveFlag_TXE_TXFNF  lto-llvm-f21d30.o
    0x080021ac   0x080021ac   0x00000010   Code   RO         1021    .text.LL_USART_IsEnabled  lto-llvm-f21d30.o
    0x080021bc   0x080021bc   0x00000010   Code   RO          925    .text.LL_USART_ReceiveData8  lto-llvm-f21d30.o
    0x080021cc   0x080021cc   0x000000a0   Code   RO         1027    .text.LL_USART_SetBaudRate  lto-llvm-f21d30.o
    0x0800226c   0x0800226c   0x0000001c   Code   RO         1025    .text.LL_USART_SetHWFlowCtrl  lto-llvm-f21d30.o
    0x08002288   0x08002288   0x0000001c   Code   RO         1029    .text.LL_USART_SetPrescaler  lto-llvm-f21d30.o
    0x080022a4   0x080022a4   0x0000001c   Code   RO         1023    .text.LL_USART_SetStopBitsLength  lto-llvm-f21d30.o
    0x080022c0   0x080022c0   0x00000020   Code   RO          775    .text.LL_USART_SetTXRXSwap  lto-llvm-f21d30.o
    0x080022e0   0x080022e0   0x00000018   Code   RO          917    .text.LL_USART_TransmitData8  lto-llvm-f21d30.o
    0x080022f8   0x080022f8   0x0000004c   Code   RO          937    .text.LL_mDelay     lto-llvm-f21d30.o
    0x08002344   0x08002344   0x00000108   Code   RO          763    .text.MX_ADC1_Init  lto-llvm-f21d30.o
    0x0800244c   0x0800244c   0x00000068   Code   RO          761    .text.MX_GPIO_Init  lto-llvm-f21d30.o
    0x080024b4   0x080024b4   0x0000004a   Code   RO          765    .text.MX_RTC_Init   lto-llvm-f21d30.o
    0x080024fe   0x080024fe   0x000000b6   Code   RO          767    .text.MX_USART2_UART_Init  lto-llvm-f21d30.o
    0x080025b4   0x080025b4   0x00000042   Code   RO          481    .text.MessageQueueGet  RTX_CM0.lib(rtx_msgqueue.o)
    0x080025f6   0x080025f6   0x0000005e   Code   RO          475    .text.MessageQueuePut  RTX_CM0.lib(rtx_msgqueue.o)
    0x08002654   0x08002654   0x0000001e   Code   RO          473    .text.MessageQueueRemove  RTX_CM0.lib(rtx_msgqueue.o)
    0x08002672   0x08002672   0x00000004   Code   RO          845    .text.NMI_Handler   lto-llvm-f21d30.o
    0x08002676   0x08002676   0x00000002   PAD
    0x08002678   0x08002678   0x00000008   Code   RO          517    .text.OS_Tick_AcknowledgeIRQ  RTX_CM0.lib(os_systick.o)
    0x08002680   0x08002680   0x00000028   Code   RO          513    .text.OS_Tick_Enable  RTX_CM0.lib(os_systick.o)
    0x080026a8   0x080026a8   0x00000006   Code   RO          519    .text.OS_Tick_GetIRQn  RTX_CM0.lib(os_systick.o)
    0x080026ae   0x080026ae   0x00000002   PAD
    0x080026b0   0x080026b0   0x0000004c   Code   RO          511    .text.OS_Tick_Setup  RTX_CM0.lib(os_systick.o)
    0x080026fc   0x080026fc   0x00000098   Code   RO          749    .text.PackAllData   lto-llvm-f21d30.o
    0x08002794   0x08002794   0x0000004e   Code   RO          747    .text.PackQueue     lto-llvm-f21d30.o
    0x080027e2   0x080027e2   0x00000002   PAD
    0x080027e4   0x080027e4   0x00000028   Code   RO          971    .text.RCC_GetHCLKClockFreq  lto-llvm-f21d30.o
    0x0800280c   0x0800280c   0x00000024   Code   RO          973    .text.RCC_GetPCLK1ClockFreq  lto-llvm-f21d30.o
    0x08002830   0x08002830   0x00000054   Code   RO          969    .text.RCC_GetSystemClockFreq  lto-llvm-f21d30.o
    0x08002884   0x08002884   0x00000060   Code   RO          981    .text.RCC_PLL_GetFreqDomain_SYS  lto-llvm-f21d30.o
    0x080028e4   0x080028e4   0x000000ac   Code   RO          901    .text.SEGGER_RTT_SetTerminal  lto-llvm-f21d30.o
    0x08002990   0x08002990   0x00000048   Code   RO          899    .text.SEGGER_RTT_Write  lto-llvm-f21d30.o
    0x080029d8   0x080029d8   0x000000a4   Code   RO          897    .text.SEGGER_RTT_WriteNoLock  lto-llvm-f21d30.o
    0x08002a7c   0x08002a7c   0x0000002c   Code   RO          911    .text.SEGGER_RTT_printf  lto-llvm-f21d30.o
    0x08002aa8   0x08002aa8   0x000003e8   Code   RO          903    .text.SEGGER_RTT_vprintf  lto-llvm-f21d30.o
    0x08002e90   0x08002e90   0x0000004e   Code   RO          759    .text.SystemClock_Config  lto-llvm-f21d30.o
    0x08002ede   0x08002ede   0x00000002   Code   RO         1031    .text.SystemInit    lto-llvm-f21d30.o
    0x08002ee0   0x08002ee0   0x0000003c   Code   RO          875    .text.TMP1075_Init  lto-llvm-f21d30.o
    0x08002f1c   0x08002f1c   0x0000005c   Code   RO          851    .text.TMP1075_ReadTemp  lto-llvm-f21d30.o
    0x08002f78   0x08002f78   0x0000005c   Code   RO          853    .text.TMP1075_Read_2Byte  lto-llvm-f21d30.o
    0x08002fd4   0x08002fd4   0x0000004a   Code   RO          176    .text.ThreadFlagsCheck  RTX_CM0.lib(rtx_thread.o)
    0x0800301e   0x0800301e   0x00000002   PAD
    0x08003020   0x08003020   0x0000004c   Code   RO          266    .text.TimerInsert   RTX_CM0.lib(rtx_timer.o)
    0x0800306c   0x0800306c   0x00000058   Code   RO          913    .text.UART2_Transmit8  lto-llvm-f21d30.o
    0x080030c4   0x080030c4   0x00000188   Code   RO          921    .text.USART2_IRQHandler  lto-llvm-f21d30.o
    0x0800324c   0x0800324c   0x00000094   Code   RO          889    .text._DoInit       lto-llvm-f21d30.o
    0x080032e0   0x080032e0   0x0000003e   Code   RO          891    .text._GetAvailWriteSpace  lto-llvm-f21d30.o
    0x0800331e   0x0800331e   0x000001c6   Code   RO          907    .text._PrintInt     lto-llvm-f21d30.o
    0x080034e4   0x080034e4   0x000001b0   Code   RO          909    .text._PrintUnsigned  lto-llvm-f21d30.o
    0x08003694   0x08003694   0x00000074   Code   RO          905    .text._StoreChar    lto-llvm-f21d30.o
    0x08003708   0x08003708   0x000000d4   Code   RO          895    .text._WriteBlocking  lto-llvm-f21d30.o
    0x080037dc   0x080037dc   0x00000084   Code   RO          893    .text._WriteNoCheck  lto-llvm-f21d30.o
    0x08003860   0x08003860   0x0000002c   Code   RO          773    .text.__NVIC_EnableIRQ  lto-llvm-f21d30.o
    0x0800388c   0x0800388c   0x00000088   Code   RO          771    .text.__NVIC_SetPriority  lto-llvm-f21d30.o
    0x08003914   0x08003914   0x00000022   Code   RO         1035    .text._mutex_acquire  lto-llvm-f21d30.o
    0x08003936   0x08003936   0x00000012   Code   RO         1039    .text._mutex_free   lto-llvm-f21d30.o
    0x08003948   0x08003948   0x00000034   Code   RO         1033    .text._mutex_initialize  lto-llvm-f21d30.o
    0x0800397c   0x0800397c   0x0000001e   Code   RO         1037    .text._mutex_release  lto-llvm-f21d30.o
    0x0800399a   0x0800399a   0x00000008   Code   RO         1043    .text._platform_post_stackheap_init  lto-llvm-f21d30.o
    0x080039a2   0x080039a2   0x00000002   PAD
    0x080039a4   0x080039a4   0x0000011c   Code   RO          751    .text.app_main      lto-llvm-f21d30.o
    0x08003ac0   0x08003ac0   0x00000078   Code   RO          931    .text.enqueue       lto-llvm-f21d30.o
    0x08003b38   0x08003b38   0x00000060   Code   RO          753    .text.main          lto-llvm-f21d30.o
    0x08003b98   0x08003b98   0x00000028   Code   RO          232    .text.osDelay       RTX_CM0.lib(rtx_delay.o)
    0x08003bc0   0x08003bc0   0x00000024   Code   RO          296    .text.osEventFlagsClear  RTX_CM0.lib(rtx_evflags.o)
    0x08003be4   0x08003be4   0x00000024   Code   RO          290    .text.osEventFlagsNew  RTX_CM0.lib(rtx_evflags.o)
    0x08003c08   0x08003c08   0x0000004c   Code   RO          294    .text.osEventFlagsSet  RTX_CM0.lib(rtx_evflags.o)
    0x08003c54   0x08003c54   0x00000044   Code   RO          304    .text.osEventFlagsWait  RTX_CM0.lib(rtx_evflags.o)
    0x08003c98   0x08003c98   0x0000002c   Code   RO           40    .text.osKernelGetState  RTX_CM0.lib(rtx_kernel.o)
    0x08003cc4   0x08003cc4   0x00000028   Code   RO           56    .text.osKernelGetTickCount  RTX_CM0.lib(rtx_kernel.o)
    0x08003cec   0x08003cec   0x00000028   Code   RO           34    .text.osKernelInitialize  RTX_CM0.lib(rtx_kernel.o)
    0x08003d14   0x08003d14   0x00000024   Code   RO           46    .text.osKernelLock  RTX_CM0.lib(rtx_kernel.o)
    0x08003d38   0x08003d38   0x00000024   Code   RO           44    .text.osKernelStart  RTX_CM0.lib(rtx_kernel.o)
    0x08003d5c   0x08003d5c   0x00000024   Code   RO           48    .text.osKernelUnlock  RTX_CM0.lib(rtx_kernel.o)
    0x08003d80   0x08003d80   0x00000074   Code   RO          449    .text.osMessageQueueGet  RTX_CM0.lib(rtx_msgqueue.o)
    0x08003df4   0x08003df4   0x00000074   Code   RO          447    .text.osMessageQueuePut  RTX_CM0.lib(rtx_msgqueue.o)
    0x08003e68   0x08003e68   0x00000028   Code   RO          338    .text.osMutexAcquire  RTX_CM0.lib(rtx_mutex.o)
    0x08003e90   0x08003e90   0x00000028   Code   RO          344    .text.osMutexDelete  RTX_CM0.lib(rtx_mutex.o)
    0x08003eb8   0x08003eb8   0x00000024   Code   RO          334    .text.osMutexNew    RTX_CM0.lib(rtx_mutex.o)
    0x08003edc   0x08003edc   0x00000028   Code   RO          340    .text.osMutexRelease  RTX_CM0.lib(rtx_mutex.o)
    0x08003f04   0x08003f04   0x0000002e   Code   RO         1049    .text.osRtxErrorNotify  lto-llvm-f21d30.o
    0x08003f32   0x08003f32   0x00000034   Code   RO          310    .text.osRtxEventFlagsPostProcess  RTX_CM0.lib(rtx_evflags.o)
    0x08003f66   0x08003f66   0x00000008   Code   RO         1047    .text.osRtxIdleThread  lto-llvm-f21d30.o
    0x08003f6e   0x08003f6e   0x00000008   Code   RO           32    .text.osRtxKernelErrorNotify  RTX_CM0.lib(rtx_kernel.o)
    0x08003f76   0x08003f76   0x00000002   Code   RO           30    .text.osRtxKernelPreInit  RTX_CM0.lib(rtx_kernel.o)
    0x08003f78   0x08003f78   0x00000078   Code   RO          375    .text.osRtxMemoryAlloc  RTX_CM0.lib(rtx_memory.o)
    0x08003ff0   0x08003ff0   0x0000004e   Code   RO          377    .text.osRtxMemoryFree  RTX_CM0.lib(rtx_memory.o)
    0x0800403e   0x0800403e   0x0000002e   Code   RO          373    .text.osRtxMemoryInit  RTX_CM0.lib(rtx_memory.o)
    0x0800406c   0x0800406c   0x0000002a   Code   RO          389    .text.osRtxMemoryPoolAlloc  RTX_CM0.lib(rtx_mempool.o)
    0x08004096   0x08004096   0x00000036   Code   RO          391    .text.osRtxMemoryPoolFree  RTX_CM0.lib(rtx_mempool.o)
    0x080040cc   0x080040cc   0x0000003c   Code   RO          387    .text.osRtxMemoryPoolInit  RTX_CM0.lib(rtx_mempool.o)
    0x08004108   0x08004108   0x000000bc   Code   RO          471    .text.osRtxMessageQueuePostProcess  RTX_CM0.lib(rtx_msgqueue.o)
    0x080041c4   0x080041c4   0x00000024   Code   RO          439    .text.osRtxMessageQueueTimerSetup  RTX_CM0.lib(rtx_msgqueue.o)
    0x080041e8   0x080041e8   0x00000044   Code   RO          330    .text.osRtxMutexOwnerRelease  RTX_CM0.lib(rtx_mutex.o)
    0x0800422c   0x0800422c   0x00000046   Code   RO          332    .text.osRtxMutexOwnerRestore  RTX_CM0.lib(rtx_mutex.o)
    0x08004272   0x08004272   0x00000002   PAD
    0x08004274   0x08004274   0x00000080   Code   RO          499    .text.osRtxPendSV_Handler  RTX_CM0.lib(rtx_system.o)
    0x080042f4   0x080042f4   0x0000006c   Code   RO          501    .text.osRtxPostProcess  RTX_CM0.lib(rtx_system.o)
    0x08004360   0x08004360   0x00000034   Code   RO          116    .text.osRtxThreadBlock  RTX_CM0.lib(rtx_thread.o)
    0x08004394   0x08004394   0x0000008c   Code   RO          124    .text.osRtxThreadDelayInsert  RTX_CM0.lib(rtx_thread.o)
    0x08004420   0x08004420   0x00000044   Code   RO          120    .text.osRtxThreadDelayRemove  RTX_CM0.lib(rtx_thread.o)
    0x08004464   0x08004464   0x00000054   Code   RO          108    .text.osRtxThreadDelayTick  RTX_CM0.lib(rtx_thread.o)
    0x080044b8   0x080044b8   0x00000028   Code   RO          208    .text.osRtxThreadDestroy  RTX_CM0.lib(rtx_thread.o)
    0x080044e0   0x080044e0   0x0000004c   Code   RO          114    .text.osRtxThreadDispatch  RTX_CM0.lib(rtx_thread.o)
    0x0800452c   0x0800452c   0x00000054   Code   RO          200    .text.osRtxThreadFree  RTX_CM0.lib(rtx_thread.o)
    0x08004580   0x08004580   0x00000020   Code   RO          206    .text.osRtxThreadJoinWakeup  RTX_CM0.lib(rtx_thread.o)
    0x080045a0   0x080045a0   0x00000014   Code   RO          100    .text.osRtxThreadListGet  RTX_CM0.lib(rtx_thread.o)
    0x080045b4   0x080045b4   0x0000002c   Code   RO           98    .text.osRtxThreadListPut  RTX_CM0.lib(rtx_thread.o)
    0x080045e0   0x080045e0   0x00000018   Code   RO          104    .text.osRtxThreadListRemove  RTX_CM0.lib(rtx_thread.o)
    0x080045f8   0x080045f8   0x00000024   Code   RO          102    .text.osRtxThreadListSort  RTX_CM0.lib(rtx_thread.o)
    0x0800461c   0x0800461c   0x00000026   Code   RO          174    .text.osRtxThreadPostProcess  RTX_CM0.lib(rtx_thread.o)
    0x08004642   0x08004642   0x00000002   PAD
    0x08004644   0x08004644   0x00000014   Code   RO          106    .text.osRtxThreadReadyPut  RTX_CM0.lib(rtx_thread.o)
    0x08004658   0x08004658   0x00000006   Code   RO          110    .text.osRtxThreadRegPtr  RTX_CM0.lib(rtx_thread.o)
    0x0800465e   0x0800465e   0x00000002   PAD
    0x08004660   0x08004660   0x00000040   Code   RO          126    .text.osRtxThreadStartup  RTX_CM0.lib(rtx_thread.o)
    0x080046a0   0x080046a0   0x00000010   Code   RO          112    .text.osRtxThreadSwitch  RTX_CM0.lib(rtx_thread.o)
    0x080046b0   0x080046b0   0x00000040   Code   RO          122    .text.osRtxThreadWaitEnter  RTX_CM0.lib(rtx_thread.o)
    0x080046f0   0x080046f0   0x00000022   Code   RO          118    .text.osRtxThreadWaitExit  RTX_CM0.lib(rtx_thread.o)
    0x08004712   0x08004712   0x00000002   PAD
    0x08004714   0x08004714   0x00000080   Code   RO          497    .text.osRtxTick_Handler  RTX_CM0.lib(rtx_system.o)
    0x08004794   0x08004794   0x00000024   Code   RO          248    .text.osRtxTimerSetup  RTX_CM0.lib(rtx_timer.o)
    0x080047b8   0x080047b8   0x0000001c   Code   RO          252    .text.osRtxTimerThread  RTX_CM0.lib(rtx_timer.o)
    0x080047d4   0x080047d4   0x00000074   Code   RO          250    .text.osRtxTimerTick  RTX_CM0.lib(rtx_timer.o)
    0x08004848   0x08004848   0x0000000c   Code   RO          158    .text.osThreadExit  RTX_CM0.lib(rtx_thread.o)
    0x08004854   0x08004854   0x00000024   Code   RO          130    .text.osThreadNew   RTX_CM0.lib(rtx_thread.o)
    0x08004878   0x08004878   0x0000002c   Code   RO         1041    .text.os_kernel_is_active  lto-llvm-f21d30.o
    0x080048a4   0x080048a4   0x00000018   Code   RO          236    .text.svcRtxDelay   RTX_CM0.lib(rtx_delay.o)
    0x080048bc   0x080048bc   0x0000002e   Code   RO          298    .text.svcRtxEventFlagsClear  RTX_CM0.lib(rtx_evflags.o)
    0x080048ea   0x080048ea   0x00000002   PAD
    0x080048ec   0x080048ec   0x00000070   Code   RO          308    .text.svcRtxEventFlagsNew  RTX_CM0.lib(rtx_evflags.o)
    0x0800495c   0x0800495c   0x00000076   Code   RO          316    .text.svcRtxEventFlagsSet  RTX_CM0.lib(rtx_evflags.o)
    0x080049d2   0x080049d2   0x00000002   PAD
    0x080049d4   0x080049d4   0x0000005c   Code   RO          318    .text.svcRtxEventFlagsWait  RTX_CM0.lib(rtx_evflags.o)
    0x08004a30   0x08004a30   0x0000000c   Code   RO           42    .text.svcRtxKernelGetState  RTX_CM0.lib(rtx_kernel.o)
    0x08004a3c   0x08004a3c   0x0000000c   Code   RO           58    .text.svcRtxKernelGetTickCount  RTX_CM0.lib(rtx_kernel.o)
    0x08004a48   0x08004a48   0x0000013c   Code   RO           72    .text.svcRtxKernelInitialize  RTX_CM0.lib(rtx_kernel.o)
    0x08004b84   0x08004b84   0x00000024   Code   RO           76    .text.svcRtxKernelLock  RTX_CM0.lib(rtx_kernel.o)
    0x08004ba8   0x08004ba8   0x00000080   Code   RO           74    .text.svcRtxKernelStart  RTX_CM0.lib(rtx_kernel.o)
    0x08004c28   0x08004c28   0x00000024   Code   RO           78    .text.svcRtxKernelUnlock  RTX_CM0.lib(rtx_kernel.o)
    0x08004c4c   0x08004c4c   0x000000cc   Code   RO          483    .text.svcRtxMessageQueueGet  RTX_CM0.lib(rtx_msgqueue.o)
    0x08004d18   0x08004d18   0x000001c4   Code   RO          441    .text.svcRtxMessageQueueNew  RTX_CM0.lib(rtx_msgqueue.o)
    0x08004edc   0x08004edc   0x000000b0   Code   RO          479    .text.svcRtxMessageQueuePut  RTX_CM0.lib(rtx_msgqueue.o)
    0x08004f8c   0x08004f8c   0x00000098   Code   RO          350    .text.svcRtxMutexAcquire  RTX_CM0.lib(rtx_mutex.o)
    0x08005024   0x08005024   0x000000b4   Code   RO          356    .text.svcRtxMutexDelete  RTX_CM0.lib(rtx_mutex.o)
    0x080050d8   0x080050d8   0x00000070   Code   RO          346    .text.svcRtxMutexNew  RTX_CM0.lib(rtx_mutex.o)
    0x08005148   0x08005148   0x000000bc   Code   RO          352    .text.svcRtxMutexRelease  RTX_CM0.lib(rtx_mutex.o)
    0x08005204   0x08005204   0x0000004c   Code   RO          204    .text.svcRtxThreadExit  RTX_CM0.lib(rtx_thread.o)
    0x08005250   0x08005250   0x000001fc   Code   RO          128    .text.svcRtxThreadNew  RTX_CM0.lib(rtx_thread.o)
    0x0800544c   0x0800544c   0x000000c8   Code   RO          745    .text.uart_transmit_thread  lto-llvm-f21d30.o
    0x08005514   0x08005514   0x00000016   Code   RO         1088    i._feq              fz_ps.l(fcmp.o)
    0x0800552a   0x0800552a   0x00000016   Code   RO         1089    i._fgeq             fz_ps.l(fcmp.o)
    0x08005540   0x08005540   0x0000001a   Code   RO         1091    i._fleq             fz_ps.l(fcmp.o)
    0x0800555a   0x0800555a   0x00000002   PAD
    0x0800555c   0x0800555c   0x0000008c   Code   RO         1082    x$fpl$fadd          fz_ps.l(faddsub.o)
    0x080055e8   0x080055e8   0x00000054   Code   RO         1109    x$fpl$feqf          fz_ps.l(feqf.o)
    0x0800563c   0x0800563c   0x00000054   Code   RO         1111    x$fpl$fgeqf         fz_ps.l(fgef.o)
    0x08005690   0x08005690   0x00000054   Code   RO         1113    x$fpl$fleqf         fz_ps.l(flef.o)
    0x080056e4   0x080056e4   0x000000b0   Code   RO         1107    x$fpl$fmul          fz_ps.l(fmul.o)
    0x08005794   0x08005794   0x000000d0   Code   RO         1084    x$fpl$fsub          fz_ps.l(faddsub.o)
    0x08005864   0x08005864   0x00000000   Code   RO         1115    x$fpl$usenofp       fz_ps.l(usenofp.o)
    0x08005864   0x08005864   0x00000080   Data   RO         1076    .constdata          fz_ps.l(ddiv.o)
    0x080058e4   0x080058e4   0x00000040   Data   RO         1101    .constdata          fz_ps.l(fdiv.o)
    0x08005924   0x08005924   0x00000140   Data   RO         1054    .rodata             lto-llvm-f21d30.o
    0x08005a64   0x08005a64   0x00000070   Data   RO         1059    .rodata             lto-llvm-f21d30.o
    0x08005ad4   0x08005ad4   0x00000038   Data   RO         1060    .rodata             lto-llvm-f21d30.o
    0x08005b0c   0x08005b0c   0x00000010   Data   RO         1056    .rodata.cst16       lto-llvm-f21d30.o
    0x08005b1c   0x08005b1c   0x00000020   Data   RO         1057    .rodata.cst32       lto-llvm-f21d30.o
    0x08005b3c   0x08005b3c   0x000000fb   Data   RO         1053    .rodata.str1.1      lto-llvm-f21d30.o
    0x08005c37   0x08005c37   0x00000001   PAD
    0x08005c38   0x08005c38   0x0000000b   Data   RO           88    .rodata.str1.4      RTX_CM0.lib(rtx_kernel.o)
    0x08005c43   0x08005c43   0x00000001   PAD
    0x08005c44   0x08005c44   0x00000020   Data   RO         1125    Region$$Table       anon$$obj.o


    Execution Region RW_IRAM1 (Exec base: 0x20000000, Load base: 0x08005c68, Size: 0x00001958, Max: 0x00002000, ABSOLUTE)

    Exec Addr    Load Addr    Size         Type   Attr      Idx    E Section Name        Object

    0x20000000   0x08005c68   0x00000044   Data   RW         1052    .data               lto-llvm-f21d30.o
    0x20000044   0x08005cac   0x000000a4   Data   RW           89    .data.os            RTX_CM0.lib(rtx_kernel.o)
    0x200000e8        -       0x00000060   Zero   RW          593    .bss                c_p.l(libspace.o)
    0x20000148        -       0x0000072d   Zero   RW         1051    .bss                lto-llvm-f21d30.o
    0x20000875        -       0x00000001   Zero   RW          529    .bss.os             RTX_CM0.lib(os_systick.o)
    0x20000876   0x08005d50   0x00000002   PAD
    0x20000878        -       0x00000810   Zero   RW         1058    .bss.os             lto-llvm-f21d30.o
    0x20001088        -       0x00000034   Zero   RW         1065    .bss.os.msgqueue.cb  lto-llvm-f21d30.o
    0x200010bc        -       0x00000014   Zero   RW         1066    .bss.os.msgqueue.mem  lto-llvm-f21d30.o
    0x200010d0        -       0x00000088   Zero   RW         1062    .bss.os.thread.cb   lto-llvm-f21d30.o
    0x20001158        -       0x00000100   Zero   RW         1063    .bss.os.thread.idle.stack  lto-llvm-f21d30.o
    0x20001258        -       0x00000100   Zero   RW         1064    .bss.os.thread.timer.stack  lto-llvm-f21d30.o
    0x20001358        -       0x00000200   Zero   RW            2    HEAP                startup_stm32g030xx.o
    0x20001558        -       0x00000400   Zero   RW            1    STACK               startup_stm32g030xx.o


==============================================================================

Image component sizes


      Code (inc. data)   RO Data    RW Data    ZI Data      Debug   Object Name

     10996        708        787         68       4621      52796   lto-llvm-f21d30.o
        56         26        192          0       1536        616   startup_stm32g030xx.o

    ----------------------------------------------------------------------
     11074        734       1012         68       6157      53412   Object Totals
         0          0         32          0          0          0   (incl. Generated)
        22          0          1          0          0          0   (incl. Padding)

    ----------------------------------------------------------------------

      Code (inc. data)   RO Data    RW Data    ZI Data      Debug   Library Member Name

       164          8          0          0          0        658   irq_armv6m.o
       130         24          0          0          1       2812   os_systick.o
        64          4          0          0          0       2729   rtx_delay.o
       710         20          0          0          0      12579   rtx_evflags.o
       782         64         11        164          0      15793   rtx_kernel.o
       244          0          0          0          0       2665   rtx_memory.o
       156          0          0          0          0      14433   rtx_mempool.o
      1478         44          0          0          0      18183   rtx_msgqueue.o
       926         32          0          0          0       9527   rtx_mutex.o
       364         18          0          0          0       4871   rtx_system.o
      1648         56          0          0          0      31596   rtx_thread.o
       256         16          0          0          0       9965   rtx_timer.o
         8          0          0          0          0         68   __main.o
         0          0          0          0          0          0   __rtentry.o
        20          0          0          0          0          0   __rtentry2.o
         6          0          0          0          0          0   __rtentry4.o
        60          8          0          0          0          0   __scatter.o
        26          0          0          0          0          0   __scatter_copy.o
        28          0          0          0          0          0   __scatter_zi.o
         8          0          0          0          0         60   abs.o
       364          4          0          0          0         92   aeabi_sdiv.o
        16          0          0          0          0         68   exit.o
         6          0          0          0          0        136   heapauxi.o
         0          0          0          0          0          0   indicate_semi.o
         2          0          0          0          0          0   libinit.o
         2          0          0          0          0          0   libinit2.o
         2          0          0          0          0          0   libshutdown.o
         2          0          0          0          0          0   libshutdown2.o
         8          4          0          0         96         68   libspace.o
        64          0          0          0          0        108   rt_memclr.o
       186          0          0          0          0        144   rt_memcpy.o
         2          0          0          0          0          0   rtexit.o
        10          0          0          0          0          0   rtexit2.o
        12          4          0          0          0         60   sys_exit.o
        62          0          0          0          0         80   sys_stackheap_outer.o
         2          0          0          0          0         68   use_no_semi.o
        46          0          0          0          0         60   cmpret.o
       124          4          0          0          0         72   d2f.o
      1096         26        128          0          0        112   ddiv.o
       584         26          0          0          0         84   dmul.o
        84          4          0          0          0         60   f2d.o
       348          8          0          0          0        160   faddsub.o
        70          0          0          0          0        204   fcmp.o
       100          4          0          0          0         68   fcmpin.o
       352         10         64          0          0         92   fdiv.o
        84          4          0          0          0         76   feqf.o
        76          0          0          0          0         68   ffixi.o
        94          0          0          0          0         92   fflti.o
        84          4          0          0          0         76   fgef.o
        84          4          0          0          0         76   flef.o
       176          4          0          0          0         80   fmul.o
        16          6          0          0          0         68   fnan2.o
        94          0          0          0          0         68   retnan.o
         0          0          0          0          0          0   usenofp.o

    ----------------------------------------------------------------------
     11362        410        204        164         99     128279   Library Totals
        32          0          1          0          2          0   (incl. Padding)

    ----------------------------------------------------------------------

      Code (inc. data)   RO Data    RW Data    ZI Data      Debug   Library Name

      6922        286         11        164          1     125811   RTX_CM0.lib
       896         20          0          0         96        952   c_p.l
      3512        104        192          0          0       1516   fz_ps.l

    ----------------------------------------------------------------------
     11362        410        204        164         99     128279   Library Totals

    ----------------------------------------------------------------------

==============================================================================


      Code (inc. data)   RO Data    RW Data    ZI Data      Debug   

     22436       1144       1216        232       6256     180215   Grand Totals
     22436       1144       1216        232       6256     180215   ELF Image Totals
     22436       1144       1216        232          0          0   ROM Totals

==============================================================================

    Total RO  Size (Code + RO Data)                23652 (  23.10kB)
    Total RW  Size (RW Data + ZI Data)              6488 (   6.34kB)
    Total ROM Size (Code + RO Data + RW Data)      23884 (  23.32kB)

==============================================================================

