Component: Arm Compiler for Embedded 6.18 Tool: armlink [5e4cc100]

==============================================================================

Section Cross References

    startup_stm32g030xx.o(STACK) refers (Special) to heapauxi.o(.text) for __use_two_region_memory
    startup_stm32g030xx.o(HEAP) refers (Special) to heapauxi.o(.text) for __use_two_region_memory
    startup_stm32g030xx.o(RESET) refers (Special) to heapauxi.o(.text) for __use_two_region_memory
    startup_stm32g030xx.o(RESET) refers to startup_stm32g030xx.o(STACK) for __initial_sp
    startup_stm32g030xx.o(RESET) refers to startup_stm32g030xx.o(.text) for Reset_Handler
    startup_stm32g030xx.o(RESET) refers to lto-llvm-79edc6.o(.text.NMI_Handler) for NMI_Handler
    startup_stm32g030xx.o(RESET) refers to lto-llvm-79edc6.o(.text.HardFault_Handler) for HardFault_Handler
    startup_stm32g030xx.o(RESET) refers to irq_armv6m.o(.text) for SVC_Handler
    startup_stm32g030xx.o(.text) refers (Special) to heapauxi.o(.text) for __use_two_region_memory
    startup_stm32g030xx.o(.text) refers to lto-llvm-79edc6.o(.text.SystemInit) for SystemInit
    startup_stm32g030xx.o(.text) refers to __main.o(!!!main) for __main
    startup_stm32g030xx.o(.text) refers to startup_stm32g030xx.o(HEAP) for Heap_Mem
    startup_stm32g030xx.o(.text) refers to startup_stm32g030xx.o(STACK) for Stack_Mem
    rtx_kernel.o(.ARM.exidx.text.osRtxKernelPreInit) refers to rtx_kernel.o(.text.osRtxKernelPreInit) for [Anonymous Symbol]
    rtx_kernel.o(.text.osRtxKernelErrorNotify) refers to lto-llvm-79edc6.o(.text.osRtxErrorNotify) for osRtxErrorNotify
    rtx_kernel.o(.ARM.exidx.text.osRtxKernelErrorNotify) refers to rtx_kernel.o(.text.osRtxKernelErrorNotify) for [Anonymous Symbol]
    rtx_kernel.o(.text.osKernelInitialize) refers to rtx_kernel.o(.text.osRtxKernelPreInit) for osRtxKernelPreInit
    rtx_kernel.o(.text.osKernelInitialize) refers to rtx_kernel.o(.text.svcRtxKernelInitialize) for svcRtxKernelInitialize
    rtx_kernel.o(.ARM.exidx.text.osKernelInitialize) refers to rtx_kernel.o(.text.osKernelInitialize) for [Anonymous Symbol]
    rtx_kernel.o(.text.osKernelGetInfo) refers to rtx_kernel.o(.text.svcRtxKernelGetInfo) for svcRtxKernelGetInfo
    rtx_kernel.o(.ARM.exidx.text.osKernelGetInfo) refers to rtx_kernel.o(.text.osKernelGetInfo) for [Anonymous Symbol]
    rtx_kernel.o(.text.svcRtxKernelGetInfo) refers to rt_memcpy.o(.text) for __aeabi_memcpy
    rtx_kernel.o(.text.svcRtxKernelGetInfo) refers to rtx_kernel.o(.rodata.str1.4) for [Anonymous Symbol]
    rtx_kernel.o(.ARM.exidx.text.svcRtxKernelGetInfo) refers to rtx_kernel.o(.text.svcRtxKernelGetInfo) for [Anonymous Symbol]
    rtx_kernel.o(.text.osKernelGetState) refers to rtx_kernel.o(.text.svcRtxKernelGetState) for svcRtxKernelGetState
    rtx_kernel.o(.text.osKernelGetState) refers to rtx_kernel.o(.data.os) for osRtxInfo
    rtx_kernel.o(.ARM.exidx.text.osKernelGetState) refers to rtx_kernel.o(.text.osKernelGetState) for [Anonymous Symbol]
    rtx_kernel.o(.text.svcRtxKernelGetState) refers to rtx_kernel.o(.data.os) for osRtxInfo
    rtx_kernel.o(.ARM.exidx.text.svcRtxKernelGetState) refers to rtx_kernel.o(.text.svcRtxKernelGetState) for [Anonymous Symbol]
    rtx_kernel.o(.text.osKernelStart) refers to rtx_kernel.o(.text.svcRtxKernelStart) for svcRtxKernelStart
    rtx_kernel.o(.ARM.exidx.text.osKernelStart) refers to rtx_kernel.o(.text.osKernelStart) for [Anonymous Symbol]
    rtx_kernel.o(.text.osKernelLock) refers to rtx_kernel.o(.text.svcRtxKernelLock) for svcRtxKernelLock
    rtx_kernel.o(.ARM.exidx.text.osKernelLock) refers to rtx_kernel.o(.text.osKernelLock) for [Anonymous Symbol]
    rtx_kernel.o(.text.osKernelUnlock) refers to rtx_kernel.o(.text.svcRtxKernelUnlock) for svcRtxKernelUnlock
    rtx_kernel.o(.ARM.exidx.text.osKernelUnlock) refers to rtx_kernel.o(.text.osKernelUnlock) for [Anonymous Symbol]
    rtx_kernel.o(.text.osKernelRestoreLock) refers to rtx_kernel.o(.text.svcRtxKernelRestoreLock) for svcRtxKernelRestoreLock
    rtx_kernel.o(.ARM.exidx.text.osKernelRestoreLock) refers to rtx_kernel.o(.text.osKernelRestoreLock) for [Anonymous Symbol]
    rtx_kernel.o(.text.osKernelSuspend) refers to rtx_kernel.o(.text.svcRtxKernelSuspend) for svcRtxKernelSuspend
    rtx_kernel.o(.ARM.exidx.text.osKernelSuspend) refers to rtx_kernel.o(.text.osKernelSuspend) for [Anonymous Symbol]
    rtx_kernel.o(.text.osKernelResume) refers to rtx_kernel.o(.text.svcRtxKernelResume) for svcRtxKernelResume
    rtx_kernel.o(.ARM.exidx.text.osKernelResume) refers to rtx_kernel.o(.text.osKernelResume) for [Anonymous Symbol]
    rtx_kernel.o(.text.osKernelGetTickCount) refers to rtx_kernel.o(.data.os) for osRtxInfo
    rtx_kernel.o(.text.osKernelGetTickCount) refers to rtx_kernel.o(.text.svcRtxKernelGetTickCount) for svcRtxKernelGetTickCount
    rtx_kernel.o(.ARM.exidx.text.osKernelGetTickCount) refers to rtx_kernel.o(.text.osKernelGetTickCount) for [Anonymous Symbol]
[...]
    ../clib/armsys.c                         0x00000000   Number         0  _get_argv_nomalloc.o ABSOLUTE
    ../clib/armsys.c                         0x00000000   Number         0  no_argv.o ABSOLUTE
    ../clib/division.s                       0x00000000   Number         0  aeabi_sdiv.o ABSOLUTE
    ../clib/division.s                       0x00000000   Number         0  aeabi_sdiv_div0.o ABSOLUTE
    ../clib/heapalloc.c                      0x00000000   Number         0  hrguard.o ABSOLUTE
    ../clib/heapaux.c                        0x00000000   Number         0  heapauxi.o ABSOLUTE
    ../clib/libinit.s                        0x00000000   Number         0  libinit.o ABSOLUTE
    ../clib/libinit.s                        0x00000000   Number         0  libinit2.o ABSOLUTE
    ../clib/libinit.s                        0x00000000   Number         0  libshutdown.o ABSOLUTE
    ../clib/libinit.s                        0x00000000   Number         0  libshutdown2.o ABSOLUTE
    ../clib/memcpset.c                       0x00000000   Number         0  rt_memcpy.o ABSOLUTE
    ../clib/memcpset.c                       0x00000000   Number         0  rt_memcpy.o ABSOLUTE
    ../clib/memcpset.c                       0x00000000   Number         0  rt_memclr.o ABSOLUTE
    ../clib/signal.c                         0x00000000   Number         0  defsig_fpe_outer.o ABSOLUTE
    ../clib/signal.c                         0x00000000   Number         0  defsig_fpe_formal.o ABSOLUTE
    ../clib/signal.c                         0x00000000   Number         0  defsig_exit.o ABSOLUTE
    ../clib/signal.c                         0x00000000   Number         0  defsig_fpe_inner.o ABSOLUTE
    ../clib/signal.c                         0x00000000   Number         0  __raise.o ABSOLUTE
    ../clib/signal.c                         0x00000000   Number         0  defsig_general.o ABSOLUTE
    ../clib/signal.c                         0x00000000   Number         0  defsig_abrt_inner.o ABSOLUTE
    ../clib/signal.c                         0x00000000   Number         0  defsig_rtred_inner.o ABSOLUTE
    ../clib/signal.c                         0x00000000   Number         0  defsig_rtmem_inner.o ABSOLUTE
    ../clib/signal.c                         0x00000000   Number         0  defsig_rtmem_outer.o ABSOLUTE
    ../clib/signal.c                         0x00000000   Number         0  defsig_rtmem_formal.o ABSOLUTE
    ../clib/signal.c                         0x00000000   Number         0  defsig_stak_inner.o ABSOLUTE
    ../clib/signal.c                         0x00000000   Number         0  defsig_pvfn_inner.o ABSOLUTE
    ../clib/signal.c                         0x00000000   Number         0  defsig_cppl_inner.o ABSOLUTE
    ../clib/signal.c                         0x00000000   Number         0  defsig_segv_inner.o ABSOLUTE
    ../clib/signal.c                         0x00000000   Number         0  defsig_other.o ABSOLUTE
    ../clib/signal.s                         0x00000000   Number         0  defsig.o ABSOLUTE
    ../clib/stdlib.c                         0x00000000   Number         0  exit.o ABSOLUTE
    ../clib/string.c                         0x00000000   Number         0  strlen.o ABSOLUTE
    ../fplib/cfplib/d2f.c                    0x00000000   Number         0  d2f.o ABSOLUTE
    ../fplib/cfplib/ffix.c                   0x00000000   Number         0  ffixi.o ABSOLUTE
    ../fplib/cfplib/fpinit.c                 0x00000000   Number         0  fpinit.o ABSOLUTE
    ../fplib/fmul6m.s                        0x00000000   Number         0  fmul.o ABSOLUTE
    ../fplib/usenofp.s                       0x00000000   Number         0  usenofp.o ABSOLUTE
    dc.s                                     0x00000000   Number         0  dc.o ABSOLUTE
    ld-temp.o                                0x00000000   Number         0  lto-llvm-79edc6.o ABSOLUTE
    os_systick.c                             0x00000000   Number         0  os_systick.o ABSOLUTE
    rtx_delay.c                              0x00000000   Number         0  rtx_delay.o ABSOLUTE
    rtx_kernel.c                             0x00000000   Number         0  rtx_kernel.o ABSOLUTE
    rtx_memory.c                             0x00000000   Number         0  rtx_memory.o ABSOLUTE
    rtx_mempool.c                            0x00000000   Number         0  rtx_mempool.o ABSOLUTE
    rtx_msgqueue.c                           0x00000000   Number         0  rtx_msgqueue.o ABSOLUTE
    rtx_mutex.c                              0x00000000   Number         0  rtx_mutex.o ABSOLUTE
    rtx_system.c                             0x00000000   Number         0  rtx_system.o ABSOLUTE
    rtx_thread.c                             0x00000000   Number         0  rtx_thread.o ABSOLUTE
    rtx_timer.c                              0x00000000   Number         0  rtx_timer.o ABSOLUTE
    startup_stm32g030xx.s                    0x00000000   Number         0  startup_stm32g030xx.o ABSOLUTE
    osRtxErrorStackOverflow                  0x00000001   Number         0  irq_armv6m.o ABSOLUTE
    I_T_RUN_OFS                              0x00000014   Number         0  irq_armv6m.o ABSOLUTE
    TCB_SP_OFS                               0x00000038   Number         0  irq_armv6m.o ABSOLUTE
    RESET                                    0x08000000   Section      192  startup_stm32g030xx.o(RESET)
    !!!main                                  0x080000c0   Section        8  __main.o(!!!main)
    !!!scatter                               0x080000c8   Section       60  __scatter.o(!!!scatter)
    !!handler_copy                           0x08000104   Section       26  __scatter_copy.o(!!handler_copy)
    !!handler_zi                             0x08000120   Section       28  __scatter_zi.o(!!handler_zi)
    .ARM.Collect$$libinit$$00000000          0x0800013c   Section        2  libinit.o(.ARM.Collect$$libinit$$00000000)
    .ARM.Collect$$libinit$$00000002          0x0800013e   Section        0  libinit2.o(.ARM.Collect$$libinit$$00000002)
    .ARM.Collect$$libinit$$00000004          0x0800013e   Section        0  libinit2.o(.ARM.Collect$$libinit$$00000004)
    .ARM.Collect$$libinit$$00000006          0x0800013e   Section        0  libinit2.o(.ARM.Collect$$libinit$$00000006)
    .ARM.Collect$$libinit$$0000000C          0x0800013e   Section        0  libinit2.o(.ARM.Collect$$libinit$$0000000C)
    .ARM.Collect$$libinit$$0000000E          0x0800013e   Section        0  libinit2.o(.ARM.Collect$$libinit$$0000000E)
    .ARM.Collect$$libinit$$00000010          0x0800013e   Section        0  libinit2.o(.ARM.Collect$$libinit$$00000010)
    .ARM.Collect$$libinit$$00000013          0x0800013e   Section        0  libinit2.o(.ARM.Collect$$libinit$$00000013)
    .ARM.Collect$$libinit$$00000015          0x0800013e   Section        0  libinit2.o(.ARM.Collect$$libinit$$00000015)
    .ARM.Collect$$libinit$$00000017          0x0800013e   Section        0  libinit2.o(.ARM.Collect$$libinit$$00000017)
    .ARM.Collect$$libinit$$00000019          0x0800013e   Section        0  libinit2.o(.ARM.Collect$$libinit$$00000019)
    .ARM.Collect$$libinit$$0000001B          0x0800013e   Section        0  libinit2.o(.ARM.Collect$$libinit$$0000001B)
    .ARM.Collect$$libinit$$0000001D          0x0800013e   Section        0  libinit2.o(.ARM.Collect$$libinit$$0000001D)
    .ARM.Collect$$libinit$$0000001F          0x0800013e   Section        0  libinit2.o(.ARM.Collect$$libinit$$0000001F)
    .ARM.Collect$$libinit$$00000021          0x0800013e   Section        0  libinit2.o(.ARM.Collect$$libinit$$00000021)
    .ARM.Collect$$libinit$$00000023          0x0800013e   Section        0  libinit2.o(.ARM.Collect$$libinit$$00000023)
    .ARM.Collect$$libinit$$00000025          0x0800013e   Section        0  libinit2.o(.ARM.Collect$$libinit$$00000025)
    .ARM.Collect$$libinit$$00000027          0x0800013e   Section        0  libinit2.o(.ARM.Collect$$libinit$$00000027)
    .ARM.Collect$$libinit$$0000002E          0x0800013e   Section        0  libinit2.o(.ARM.Collect$$libinit$$0000002E)
    .ARM.Collect$$libinit$$00000030          0x0800013e   Section        0  libinit2.o(.ARM.Collect$$libinit$$00000030)
    .ARM.Collect$$libinit$$00000032          0x0800013e   Section        0  libinit2.o(.ARM.Collect$$libinit$$00000032)
    .ARM.Collect$$libinit$$00000034          0x0800013e   Section        0  libinit2.o(.ARM.Collect$$libinit$$00000034)
    .ARM.Collect$$libinit$$00000035          0x0800013e   Section        2  libinit2.o(.ARM.Collect$$libinit$$00000035)
    .ARM.Collect$$libshutdown$$00000000      0x08000140   Section        2  libshutdown.o(.ARM.Collect$$libshutdown$$00000000)
    .ARM.Collect$$libshutdown$$00000002      0x08000142   Section        0  libshutdown2.o(.ARM.Collect$$libshutdown$$00000002)
    .ARM.Collect$$libshutdown$$00000004      0x08000142   Section        0  libshutdown2.o(.ARM.Collect$$libshutdown$$00000004)
    .ARM.Collect$$libshutdown$$00000007      0x08000142   Section        0  libshutdown2.o(.ARM.Collect$$libshutdown$$00000007)
    .ARM.Collect$$libshutdown$$0000000A      0x08000142   Section        0  libshutdown2.o(.ARM.Collect$$libshutdown$$0000000A)
    .ARM.Collect$$libshutdown$$0000000C      0x08000142   Section        0  libshutdown2.o(.ARM.Collect$$libshutdown$$0000000C)
    .ARM.Collect$$libshutdown$$0000000F      0x08000142   Section        0  libshutdown2.o(.ARM.Collect$$libshutdown$$0000000F)
    .ARM.Collect$$libshutdown$$00000010      0x08000142   Section        2  libshutdown2.o(.ARM.Collect$$libshutdown$$00000010)
    .ARM.Collect$$rtentry$$00000000          0x08000144   Section        0  __rtentry.o(.ARM.Collect$$rtentry$$00000000)
    .ARM.Collect$$rtentry$$00000002          0x08000144   Section        0  __rtentry2.o(.ARM.Collect$$rtentry$$00000002)
    .ARM.Collect$$rtentry$$00000004          0x08000144   Section        6  __rtentry4.o(.ARM.Collect$$rtentry$$00000004)
    .ARM.Collect$$rtentry$$00000008          0x0800014a   Section        8  __rtentry2.o(.ARM.Collect$$rtentry$$00000008)
    .ARM.Collect$$rtentry$$0000000A          0x08000152   Section        4  __rtentry2.o(.ARM.Collect$$rtentry$$0000000A)
    .ARM.Collect$$rtentry$$0000000C          0x08000156   Section        0  __rtentry2.o(.ARM.Collect$$rtentry$$0000000C)
    .ARM.Collect$$rtentry$$0000000D          0x08000156   Section        8  __rtentry2.o(.ARM.Collect$$rtentry$$0000000D)
    .ARM.Collect$$rtexit$$00000000           0x0800015e   Section        2  rtexit.o(.ARM.Collect$$rtexit$$00000000)
    .ARM.Collect$$rtexit$$00000002           0x08000160   Section        0  rtexit2.o(.ARM.Collect$$rtexit$$00000002)
    .ARM.Collect$$rtexit$$00000003           0x08000160   Section        4  rtexit2.o(.ARM.Collect$$rtexit$$00000003)
    .ARM.Collect$$rtexit$$00000004           0x08000164   Section        6  rtexit2.o(.ARM.Collect$$rtexit$$00000004)
    .emb_text                                0x0800016c   Section       56  rt_memcpy.o(.emb_text)
    .text                                    0x080001a4   Section       56  startup_stm32g030xx.o(.text)
    [Anonymous Symbol]                       0x080001dc   Section        0  irq_armv6m.o(.text)
    SVC_Number                               0x080001e6   Number         0  irq_armv6m.o(.text)
    SVC_Context                              0x080001fc   Number         0  irq_armv6m.o(.text)
    SVC_ContextSave                          0x0800020c   Number         0  irq_armv6m.o(.text)
    SVC_ContextRestore                       0x08000220   Number         0  irq_armv6m.o(.text)
    SVC_MSP                                  0x0800023c   Number         0  irq_armv6m.o(.text)
    SVC_Exit                                 0x08000242   Number         0  irq_armv6m.o(.text)
    SVC_User                                 0x08000244   Number         0  irq_armv6m.o(.text)
    .text                                    0x08000280   Section        0  rt_memcpy.o(.text)
    .text                                    0x08000302   Section        0  rt_memclr.o(.text)
    .text                                    0x08000344   Section      364  aeabi_sdiv.o(.text)
    .text                                    0x080004b0   Section        0  heapauxi.o(.text)
    .text                                    0x080004b6   Section       62  sys_stackheap_outer.o(.text)
    .text                                    0x080004f4   Section        0  exit.o(.text)
    .text                                    0x08000504   Section        8  libspace.o(.text)
    .text                                    0x0800050c   Section        0  sys_exit.o(.text)
    .text                                    0x08000518   Section        2  use_no_semi.o(.text)
    .text                                    0x0800051a   Section        0  indicate_semi.o(.text)
    .text                                    0x0800051c   Section        0  d2f.o(.text)
    .text                                    0x08000598   Section        0  ffixi.o(.text)
    [Anonymous Symbol]                       0x080005e4   Section        0  lto-llvm-79edc6.o(.text.HardFault_Handler)
    I2C_Write_2Byte                          0x080005e9   Thumb Code   888  lto-llvm-79edc6.o(.text.I2C_Write_2Byte)
    [Anonymous Symbol]                       0x080005e8   Section        0  lto-llvm-79edc6.o(.text.I2C_Write_2Byte)
    __arm_cp.4_0                             0x08000960   Number         4  lto-llvm-79edc6.o(.text.I2C_Write_2Byte)
    LL_GPIO_Init                             0x08000965   Thumb Code   186  lto-llvm-79edc6.o(.text.LL_GPIO_Init)
    [Anonymous Symbol]                       0x08000964   Section        0  lto-llvm-79edc6.o(.text.LL_GPIO_Init)
    MessageQueueGet                          0x08000a1f   Thumb Code    66  rtx_msgqueue.o(.text.MessageQueueGet)
    [Anonymous Symbol]                       0x08000a1e   Section        0  rtx_msgqueue.o(.text.MessageQueueGet)
    MessageQueuePut                          0x08000a61   Thumb Code    94  rtx_msgqueue.o(.text.MessageQueuePut)
    [Anonymous Symbol]                       0x08000a60   Section        0  rtx_msgqueue.o(.text.MessageQueuePut)
    MessageQueueRemove                       0x08000abf   Thumb Code    30  rtx_msgqueue.o(.text.MessageQueueRemove)
    [Anonymous Symbol]                       0x08000abe   Section        0  rtx_msgqueue.o(.text.MessageQueueRemove)
    [Anonymous Symbol]                       0x08000adc   Section        0  lto-llvm-79edc6.o(.text.NMI_Handler)
    [Anonymous Symbol]                       0x08000ae0   Section        0  os_systick.o(.text.OS_Tick_AcknowledgeIRQ)
    [Anonymous Symbol]                       0x08000ae8   Section        0  os_systick.o(.text.OS_Tick_Enable)
    __arm_cp.1_1                             0x08000b08   Number         4  os_systick.o(.text.OS_Tick_Enable)
    [Anonymous Symbol]                       0x08000b0c   Section        0  os_systick.o(.text.OS_Tick_GetIRQn)
    [Anonymous Symbol]                       0x08000b14   Section        0  os_systick.o(.text.OS_Tick_Setup)
    __arm_cp.0_0                             0x08000b50   Number         4  os_systick.o(.text.OS_Tick_Setup)
    __arm_cp.0_1                             0x08000b54   Number         4  os_systick.o(.text.OS_Tick_Setup)
    __arm_cp.0_2                             0x08000b58   Number         4  os_systick.o(.text.OS_Tick_Setup)
    __arm_cp.0_3                             0x08000b5c   Number         4  os_systick.o(.text.OS_Tick_Setup)
    SEGGER_RTT_SetTerminal                   0x08000b61   Thumb Code   280  lto-llvm-79edc6.o(.text.SEGGER_RTT_SetTerminal)
    [Anonymous Symbol]                       0x08000b60   Section        0  lto-llvm-79edc6.o(.text.SEGGER_RTT_SetTerminal)
    __arm_cp.6_5                             0x08000c78   Number         4  lto-llvm-79edc6.o(.text.SEGGER_RTT_SetTerminal)
    SEGGER_RTT_Write                         0x08000c7d   Thumb Code   448  lto-llvm-79edc6.o(.text.SEGGER_RTT_Write)
    [Anonymous Symbol]                       0x08000c7c   Section        0  lto-llvm-79edc6.o(.text.SEGGER_RTT_Write)
    __arm_cp.5_0                             0x08000e3c   Number         4  lto-llvm-79edc6.o(.text.SEGGER_RTT_Write)
    __arm_cp.5_1                             0x08000e40   Number         4  lto-llvm-79edc6.o(.text.SEGGER_RTT_Write)
    __arm_cp.5_2                             0x08000e44   Number         4  lto-llvm-79edc6.o(.text.SEGGER_RTT_Write)
    __arm_cp.5_3                             0x08000e48   Number         4  lto-llvm-79edc6.o(.text.SEGGER_RTT_Write)
    __arm_cp.5_4                             0x08000e4c   Number         4  lto-llvm-79edc6.o(.text.SEGGER_RTT_Write)
    SEGGER_RTT_printf                        0x08000e51   Thumb Code   936  lto-llvm-79edc6.o(.text.SEGGER_RTT_printf)
    [Anonymous Symbol]                       0x08000e50   Section        0  lto-llvm-79edc6.o(.text.SEGGER_RTT_printf)
    __arm_cp.9_0                             0x080011f8   Number         4  lto-llvm-79edc6.o(.text.SEGGER_RTT_printf)
    [Anonymous Symbol]                       0x080011fc   Section        0  lto-llvm-79edc6.o(.text.SystemInit)
    ThreadFlagsCheck                         0x080011ff   Thumb Code    74  rtx_thread.o(.text.ThreadFlagsCheck)
    [Anonymous Symbol]                       0x080011fe   Section        0  rtx_thread.o(.text.ThreadFlagsCheck)
    TimerInsert                              0x08001249   Thumb Code    72  rtx_timer.o(.text.TimerInsert)
    [Anonymous Symbol]                       0x08001248   Section        0  rtx_timer.o(.text.TimerInsert)
    __arm_cp.9_0                             0x08001290   Number         4  rtx_timer.o(.text.TimerInsert)
    _PrintInt                                0x08001295   Thumb Code   446  lto-llvm-79edc6.o(.text._PrintInt)
    [Anonymous Symbol]                       0x08001294   Section        0  lto-llvm-79edc6.o(.text._PrintInt)
    _PrintUnsigned                           0x08001455   Thumb Code   460  lto-llvm-79edc6.o(.text._PrintUnsigned)
    [Anonymous Symbol]                       0x08001454   Section        0  lto-llvm-79edc6.o(.text._PrintUnsigned)
    __arm_cp.8_0                             0x08001620   Number         4  lto-llvm-79edc6.o(.text._PrintUnsigned)
    __tagsym$$used.0                         0x08001624   Number         0  lto-llvm-79edc6.o(.text._mutex_acquire)
    [Anonymous Symbol]                       0x08001624   Section        0  lto-llvm-79edc6.o(.text._mutex_acquire)
    __tagsym$$used.1                         0x08001650   Number         0  lto-llvm-79edc6.o(.text._mutex_free)
    [Anonymous Symbol]                       0x08001650   Section        0  lto-llvm-79edc6.o(.text._mutex_free)
    __tagsym$$used.2                         0x0800165a   Number         0  lto-llvm-79edc6.o(.text._mutex_initialize)
    [Anonymous Symbol]                       0x0800165a   Section        0  lto-llvm-79edc6.o(.text._mutex_initialize)
    __tagsym$$used.3                         0x0800167c   Number         0  lto-llvm-79edc6.o(.text._mutex_release)
    [Anonymous Symbol]                       0x0800167c   Section        0  lto-llvm-79edc6.o(.text._mutex_release)
    __arm_cp.15_0                            0x080016a4   Number         4  lto-llvm-79edc6.o(.text._mutex_release)
    [Anonymous Symbol]                       0x080016a8   Section        0  lto-llvm-79edc6.o(.text._platform_post_stackheap_init)
    app_main                                 0x080016b1   Thumb Code  2372  lto-llvm-79edc6.o(.text.app_main)
    [Anonymous Symbol]                       0x080016b0   Section        0  lto-llvm-79edc6.o(.text.app_main)
    __arm_cp.0_10                            0x08001e78   Number         4  lto-llvm-79edc6.o(.text.app_main)
    __arm_cp.0_4                             0x08001ff8   Number         4  lto-llvm-79edc6.o(.text.app_main)
    [Anonymous Symbol]                       0x08002014   Section        0  lto-llvm-79edc6.o(.text.main)
    __arm_cp.1_0                             0x08002428   Number         4  lto-llvm-79edc6.o(.text.main)
    __arm_cp.1_1                             0x0800242c   Number         4  lto-llvm-79edc6.o(.text.main)
    __arm_cp.1_2                             0x08002430   Number         4  lto-llvm-79edc6.o(.text.main)
    __arm_cp.1_3                             0x08002434   Number         4  lto-llvm-79edc6.o(.text.main)
    __arm_cp.1_4                             0x08002438   Number         4  lto-llvm-79edc6.o(.text.main)
    __arm_cp.1_5                             0x0800243c   Number         4  lto-llvm-79edc6.o(.text.main)
    __arm_cp.1_6                             0x08002440   Number         4  lto-llvm-79edc6.o(.text.main)
    __arm_cp.1_7                             0x08002444   Number         4  lto-llvm-79edc6.o(.text.main)
    __arm_cp.1_8                             0x08002448   Number         4  lto-llvm-79edc6.o(.text.main)
    __arm_cp.1_9                             0x0800244c   Number         4  lto-llvm-79edc6.o(.text.main)
    __arm_cp.1_10                            0x08002450   Number         4  lto-llvm-79edc6.o(.text.main)
    __arm_cp.1_11                            0x08002454   Number         4  lto-llvm-79edc6.o(.text.main)
    __arm_cp.1_12                            0x08002458   Number         4  lto-llvm-79edc6.o(.text.main)
    __arm_cp.1_13                            0x0800245c   Number         4  lto-llvm-79edc6.o(.text.main)
    __arm_cp.1_14                            0x08002460   Number         4  lto-llvm-79edc6.o(.text.main)
    __arm_cp.1_15                            0x08002464   Number         4  lto-llvm-79edc6.o(.text.main)
    __arm_cp.1_16                            0x08002468   Number         4  lto-llvm-79edc6.o(.text.main)
    __arm_cp.1_17                            0x0800246c   Number         4  lto-llvm-79edc6.o(.text.main)
    __arm_cp.1_18                            0x08002470   Number         4  lto-llvm-79edc6.o(.text.main)
    __arm_cp.1_19                            0x08002474   Number         4  lto-llvm-79edc6.o(.text.main)
    __arm_cp.1_20                            0x08002478   Number         4  lto-llvm-79edc6.o(.text.main)
    __arm_cp.1_21                            0x0800247c   Number         4  lto-llvm-79edc6.o(.text.main)
    APBPrescTable                            0x08002480   Number         0  lto-llvm-79edc6.o(.text.main)
    AHBPrescTable                            0x080024a0   Number         0  lto-llvm-79edc6.o(.text.main)
    __arm_cp.1_24                            0x080024e0   Number         4  lto-llvm-79edc6.o(.text.main)
    __arm_cp.1_25                            0x080024e4   Number         4  lto-llvm-79edc6.o(.text.main)
    __arm_cp.1_26                            0x080024e8   Number         4  lto-llvm-79edc6.o(.text.main)
    [Anonymous Symbol]                       0x080024ec   Section        0  rtx_delay.o(.text.osDelay)
    __arm_cp.0_0                             0x08002510   Number         4  rtx_delay.o(.text.osDelay)
    [Anonymous Symbol]                       0x08002514   Section        0  rtx_kernel.o(.text.osKernelGetState)
    __arm_cp.5_0                             0x0800253c   Number         4  rtx_kernel.o(.text.osKernelGetState)
    __arm_cp.5_1                             0x08002540   Number         4  rtx_kernel.o(.text.osKernelGetState)
    [Anonymous Symbol]                       0x08002544   Section        0  rtx_kernel.o(.text.osKernelInitialize)
    __arm_cp.2_0                             0x08002568   Number         4  rtx_kernel.o(.text.osKernelInitialize)
    [Anonymous Symbol]                       0x0800256c   Section        0  rtx_kernel.o(.text.osKernelLock)
    __arm_cp.8_0                             0x0800258c   Number         4  rtx_kernel.o(.text.osKernelLock)
    [Anonymous Symbol]                       0x08002590   Section        0  rtx_kernel.o(.text.osKernelStart)
    __arm_cp.7_0                             0x080025b0   Number         4  rtx_kernel.o(.text.osKernelStart)
    [Anonymous Symbol]                       0x080025b4   Section        0  rtx_kernel.o(.text.osKernelUnlock)
    __arm_cp.9_0                             0x080025d4   Number         4  rtx_kernel.o(.text.osKernelUnlock)
    [Anonymous Symbol]                       0x080025d8   Section        0  rtx_msgqueue.o(.text.osMessageQueueGet)
    __arm_cp.5_0                             0x08002648   Number         4  rtx_msgqueue.o(.text.osMessageQueueGet)
    [Anonymous Symbol]                       0x0800264c   Section        0  rtx_msgqueue.o(.text.osMessageQueuePut)
    __arm_cp.4_0                             0x080026bc   Number         4  rtx_msgqueue.o(.text.osMessageQueuePut)
    [Anonymous Symbol]                       0x080026c0   Section        0  rtx_mutex.o(.text.osMutexAcquire)
    __arm_cp.4_0                             0x080026e4   Number         4  rtx_mutex.o(.text.osMutexAcquire)
    [Anonymous Symbol]                       0x080026e8   Section        0  rtx_mutex.o(.text.osMutexDelete)
    __arm_cp.7_0                             0x0800270c   Number         4  rtx_mutex.o(.text.osMutexDelete)
    [Anonymous Symbol]                       0x08002710   Section        0  rtx_mutex.o(.text.osMutexNew)
    __arm_cp.2_0                             0x08002730   Number         4  rtx_mutex.o(.text.osMutexNew)
    [Anonymous Symbol]                       0x08002734   Section        0  rtx_mutex.o(.text.osMutexRelease)
    __arm_cp.5_0                             0x08002758   Number         4  rtx_mutex.o(.text.osMutexRelease)
    [Anonymous Symbol]                       0x0800275c   Section        0  lto-llvm-79edc6.o(.text.osRtxErrorNotify)
    [Anonymous Symbol]                       0x0800275e   Section        0  lto-llvm-79edc6.o(.text.osRtxIdleThread)
    [Anonymous Symbol]                       0x08002760   Section        0  rtx_kernel.o(.text.osRtxKernelErrorNotify)
    [Anonymous Symbol]                       0x08002768   Section        0  rtx_kernel.o(.text.osRtxKernelPreInit)
    [Anonymous Symbol]                       0x0800276a   Section        0  rtx_memory.o(.text.osRtxMemoryAlloc)
    [Anonymous Symbol]                       0x080027e2   Section        0  rtx_memory.o(.text.osRtxMemoryFree)
    [Anonymous Symbol]                       0x08002830   Section        0  rtx_memory.o(.text.osRtxMemoryInit)
    [Anonymous Symbol]                       0x0800285e   Section        0  rtx_mempool.o(.text.osRtxMemoryPoolAlloc)
    [Anonymous Symbol]                       0x08002888   Section        0  rtx_mempool.o(.text.osRtxMemoryPoolFree)
    [Anonymous Symbol]                       0x080028be   Section        0  rtx_mempool.o(.text.osRtxMemoryPoolInit)
    osRtxMessageQueuePostProcess             0x080028fb   Thumb Code   188  rtx_msgqueue.o(.text.osRtxMessageQueuePostProcess)
    [Anonymous Symbol]                       0x080028fa   Section        0  rtx_msgqueue.o(.text.osRtxMessageQueuePostProcess)
    [Anonymous Symbol]                       0x080029b8   Section        0  rtx_msgqueue.o(.text.osRtxMessageQueueTimerSetup)
    __arm_cp.0_0                             0x080029d8   Number         4  rtx_msgqueue.o(.text.osRtxMessageQueueTimerSetup)
    [Anonymous Symbol]                       0x080029dc   Section        0  rtx_mutex.o(.text.osRtxMutexOwnerRelease)
    [Anonymous Symbol]                       0x08002a20   Section        0  rtx_mutex.o(.text.osRtxMutexOwnerRestore)
    [Anonymous Symbol]                       0x08002a68   Section        0  rtx_system.o(.text.osRtxPendSV_Handler)
    [Anonymous Symbol]                       0x08002ae8   Section        0  rtx_system.o(.text.osRtxPostProcess)
    __arm_cp.2_1                             0x08002b50   Number         4  rtx_system.o(.text.osRtxPostProcess)
    osRtxThreadBlock                         0x08002b55   Thumb Code    52  rtx_thread.o(.text.osRtxThreadBlock)
    [Anonymous Symbol]                       0x08002b54   Section        0  rtx_thread.o(.text.osRtxThreadBlock)
    osRtxThreadDelayInsert                   0x08002b89   Thumb Code   140  rtx_thread.o(.text.osRtxThreadDelayInsert)
    [Anonymous Symbol]                       0x08002b88   Section        0  rtx_thread.o(.text.osRtxThreadDelayInsert)
    osRtxThreadDelayRemove                   0x08002c15   Thumb Code    68  rtx_thread.o(.text.osRtxThreadDelayRemove)
    [Anonymous Symbol]                       0x08002c14   Section        0  rtx_thread.o(.text.osRtxThreadDelayRemove)
    [Anonymous Symbol]                       0x08002c58   Section        0  rtx_thread.o(.text.osRtxThreadDelayTick)
    osRtxThreadDestroy                       0x08002cad   Thumb Code    40  rtx_thread.o(.text.osRtxThreadDestroy)
    [Anonymous Symbol]                       0x08002cac   Section        0  rtx_thread.o(.text.osRtxThreadDestroy)
    [Anonymous Symbol]                       0x08002cd4   Section        0  rtx_thread.o(.text.osRtxThreadDispatch)
    osRtxThreadFree                          0x08002d21   Thumb Code    80  rtx_thread.o(.text.osRtxThreadFree)
    [Anonymous Symbol]                       0x08002d20   Section        0  rtx_thread.o(.text.osRtxThreadFree)
    __arm_cp.51_0                            0x08002d70   Number         4  rtx_thread.o(.text.osRtxThreadFree)
    osRtxThreadJoinWakeup                    0x08002d75   Thumb Code    32  rtx_thread.o(.text.osRtxThreadJoinWakeup)
    [Anonymous Symbol]                       0x08002d74   Section        0  rtx_thread.o(.text.osRtxThreadJoinWakeup)
    [Anonymous Symbol]                       0x08002d94   Section        0  rtx_thread.o(.text.osRtxThreadListGet)
    [Anonymous Symbol]                       0x08002da8   Section        0  rtx_thread.o(.text.osRtxThreadListPut)
    [Anonymous Symbol]                       0x08002dd4   Section        0  rtx_thread.o(.text.osRtxThreadListRemove)
    [Anonymous Symbol]                       0x08002dec   Section        0  rtx_thread.o(.text.osRtxThreadListSort)
    osRtxThreadPostProcess                   0x08002e11   Thumb Code    38  rtx_thread.o(.text.osRtxThreadPostProcess)
    [Anonymous Symbol]                       0x08002e10   Section        0  rtx_thread.o(.text.osRtxThreadPostProcess)
    [Anonymous Symbol]                       0x08002e38   Section        0  rtx_thread.o(.text.osRtxThreadReadyPut)
    [Anonymous Symbol]                       0x08002e4c   Section        0  rtx_thread.o(.text.osRtxThreadRegPtr)
    [Anonymous Symbol]                       0x08002e54   Section        0  rtx_thread.o(.text.osRtxThreadStartup)
    __arm_cp.14_1                            0x08002e8c   Number         4  rtx_thread.o(.text.osRtxThreadStartup)
    [Anonymous Symbol]                       0x08002e90   Section        0  rtx_thread.o(.text.osRtxThreadSwitch)
    __arm_cp.7_0                             0x08002e9c   Number         4  rtx_thread.o(.text.osRtxThreadSwitch)
    [Anonymous Symbol]                       0x08002ea0   Section        0  rtx_thread.o(.text.osRtxThreadWaitEnter)
    __arm_cp.12_0                            0x08002edc   Number         4  rtx_thread.o(.text.osRtxThreadWaitEnter)
    [Anonymous Symbol]                       0x08002ee0   Section        0  rtx_thread.o(.text.osRtxThreadWaitExit)
    [Anonymous Symbol]                       0x08002f04   Section        0  rtx_system.o(.text.osRtxTick_Handler)
    __arm_cp.0_0                             0x08002f80   Number         4  rtx_system.o(.text.osRtxTick_Handler)
    [Anonymous Symbol]                       0x08002f84   Section        0  rtx_timer.o(.text.osRtxTimerSetup)
    __arm_cp.0_0                             0x08002fa0   Number         4  rtx_timer.o(.text.osRtxTimerSetup)
    __arm_cp.0_1                             0x08002fa4   Number         4  rtx_timer.o(.text.osRtxTimerSetup)
    [Anonymous Symbol]                       0x08002fa8   Section        0  rtx_timer.o(.text.osRtxTimerThread)
    osRtxTimerTick                           0x08002fc5   Thumb Code   112  rtx_timer.o(.text.osRtxTimerTick)
    [Anonymous Symbol]                       0x08002fc4   Section        0  rtx_timer.o(.text.osRtxTimerTick)
    __arm_cp.1_0                             0x08003034   Number         4  rtx_timer.o(.text.osRtxTimerTick)
    [Anonymous Symbol]                       0x08003038   Section        0  rtx_thread.o(.text.osThreadExit)
    __arm_cp.30_0                            0x08003040   Number         4  rtx_thread.o(.text.osThreadExit)
    [Anonymous Symbol]                       0x08003044   Section        0  rtx_thread.o(.text.osThreadNew)
    __arm_cp.16_0                            0x08003064   Number         4  rtx_thread.o(.text.osThreadNew)
    svcRtxDelay                              0x08003069   Thumb Code    24  rtx_delay.o(.text.svcRtxDelay)
    [Anonymous Symbol]                       0x08003068   Section        0  rtx_delay.o(.text.svcRtxDelay)
    svcRtxKernelGetState                     0x08003081   Thumb Code     8  rtx_kernel.o(.text.svcRtxKernelGetState)
    [Anonymous Symbol]                       0x08003080   Section        0  rtx_kernel.o(.text.svcRtxKernelGetState)
    __arm_cp.6_0                             0x08003088   Number         4  rtx_kernel.o(.text.svcRtxKernelGetState)
    svcRtxKernelInitialize                   0x0800308d   Thumb Code   308  rtx_kernel.o(.text.svcRtxKernelInitialize)
    [Anonymous Symbol]                       0x0800308c   Section        0  rtx_kernel.o(.text.svcRtxKernelInitialize)
    __arm_cp.21_1                            0x080031c0   Number         4  rtx_kernel.o(.text.svcRtxKernelInitialize)
    __arm_cp.21_2                            0x080031c4   Number         4  rtx_kernel.o(.text.svcRtxKernelInitialize)
    svcRtxKernelLock                         0x080031c9   Thumb Code    32  rtx_kernel.o(.text.svcRtxKernelLock)
    [Anonymous Symbol]                       0x080031c8   Section        0  rtx_kernel.o(.text.svcRtxKernelLock)
    __arm_cp.23_0                            0x080031e8   Number         4  rtx_kernel.o(.text.svcRtxKernelLock)
    svcRtxKernelStart                        0x080031ed   Thumb Code   116  rtx_kernel.o(.text.svcRtxKernelStart)
    [Anonymous Symbol]                       0x080031ec   Section        0  rtx_kernel.o(.text.svcRtxKernelStart)
    __arm_cp.22_0                            0x08003260   Number         4  rtx_kernel.o(.text.svcRtxKernelStart)
    __arm_cp.22_1                            0x08003264   Number         4  rtx_kernel.o(.text.svcRtxKernelStart)
    __arm_cp.22_2                            0x08003268   Number         4  rtx_kernel.o(.text.svcRtxKernelStart)
    __arm_cp.22_3                            0x0800326c   Number         4  rtx_kernel.o(.text.svcRtxKernelStart)
    svcRtxKernelUnlock                       0x08003271   Thumb Code    32  rtx_kernel.o(.text.svcRtxKernelUnlock)
    [Anonymous Symbol]                       0x08003270   Section        0  rtx_kernel.o(.text.svcRtxKernelUnlock)
    __arm_cp.24_0                            0x08003290   Number         4  rtx_kernel.o(.text.svcRtxKernelUnlock)
    svcRtxMessageQueueGet                    0x08003295   Thumb Code   200  rtx_msgqueue.o(.text.svcRtxMessageQueueGet)
    [Anonymous Symbol]                       0x08003294   Section        0  rtx_msgqueue.o(.text.svcRtxMessageQueueGet)
    __arm_cp.22_0                            0x0800335c   Number         4  rtx_msgqueue.o(.text.svcRtxMessageQueueGet)
    svcRtxMessageQueueNew                    0x08003361   Thumb Code   428  rtx_msgqueue.o(.text.svcRtxMessageQueueNew)
    [Anonymous Symbol]                       0x08003360   Section        0  rtx_msgqueue.o(.text.svcRtxMessageQueueNew)
    __arm_cp.1_0                             0x0800350c   Number         4  rtx_msgqueue.o(.text.svcRtxMessageQueueNew)
    __arm_cp.1_1                             0x08003510   Number         4  rtx_msgqueue.o(.text.svcRtxMessageQueueNew)
    __arm_cp.1_2                             0x08003514   Number         4  rtx_msgqueue.o(.text.svcRtxMessageQueueNew)
    __arm_cp.1_3                             0x08003518   Number         4  rtx_msgqueue.o(.text.svcRtxMessageQueueNew)
    __arm_cp.1_4                             0x0800351c   Number         4  rtx_msgqueue.o(.text.svcRtxMessageQueueNew)
    __arm_cp.1_5                             0x08003520   Number         4  rtx_msgqueue.o(.text.svcRtxMessageQueueNew)
    svcRtxMessageQueuePut                    0x08003525   Thumb Code   172  rtx_msgqueue.o(.text.svcRtxMessageQueuePut)
    [Anonymous Symbol]                       0x08003524   Section        0  rtx_msgqueue.o(.text.svcRtxMessageQueuePut)
    __arm_cp.20_0                            0x080035d0   Number         4  rtx_msgqueue.o(.text.svcRtxMessageQueuePut)
    svcRtxMutexAcquire                       0x080035d5   Thumb Code   148  rtx_mutex.o(.text.svcRtxMutexAcquire)
    [Anonymous Symbol]                       0x080035d4   Section        0  rtx_mutex.o(.text.svcRtxMutexAcquire)
    __arm_cp.10_0                            0x08003668   Number         4  rtx_mutex.o(.text.svcRtxMutexAcquire)
    svcRtxMutexDelete                        0x0800366d   Thumb Code   176  rtx_mutex.o(.text.svcRtxMutexDelete)
    [Anonymous Symbol]                       0x0800366c   Section        0  rtx_mutex.o(.text.svcRtxMutexDelete)
    __arm_cp.13_0                            0x0800371c   Number         4  rtx_mutex.o(.text.svcRtxMutexDelete)
    svcRtxMutexNew                           0x08003721   Thumb Code   108  rtx_mutex.o(.text.svcRtxMutexNew)
    [Anonymous Symbol]                       0x08003720   Section        0  rtx_mutex.o(.text.svcRtxMutexNew)
    __arm_cp.8_0                             0x0800378c   Number         4  rtx_mutex.o(.text.svcRtxMutexNew)
    svcRtxMutexRelease                       0x08003791   Thumb Code   184  rtx_mutex.o(.text.svcRtxMutexRelease)
    [Anonymous Symbol]                       0x08003790   Section        0  rtx_mutex.o(.text.svcRtxMutexRelease)
    __arm_cp.11_0                            0x08003848   Number         4  rtx_mutex.o(.text.svcRtxMutexRelease)
    svcRtxThreadExit                         0x0800384d   Thumb Code    72  rtx_thread.o(.text.svcRtxThreadExit)
    [Anonymous Symbol]                       0x0800384c   Section        0  rtx_thread.o(.text.svcRtxThreadExit)
    __arm_cp.53_0                            0x08003894   Number         4  rtx_thread.o(.text.svcRtxThreadExit)
    svcRtxThreadNew                          0x08003899   Thumb Code   484  rtx_thread.o(.text.svcRtxThreadNew)
    [Anonymous Symbol]                       0x08003898   Section        0  rtx_thread.o(.text.svcRtxThreadNew)
    __arm_cp.15_0                            0x08003a7c   Number         4  rtx_thread.o(.text.svcRtxThreadNew)
    __arm_cp.15_1                            0x08003a80   Number         4  rtx_thread.o(.text.svcRtxThreadNew)
    __arm_cp.15_2                            0x08003a84   Number         4  rtx_thread.o(.text.svcRtxThreadNew)
    __arm_cp.15_3                            0x08003a88   Number         4  rtx_thread.o(.text.svcRtxThreadNew)
    __arm_cp.15_4                            0x08003a8c   Number         4  rtx_thread.o(.text.svcRtxThreadNew)
    __arm_cp.15_5                            0x08003a90   Number         4  rtx_thread.o(.text.svcRtxThreadNew)
    x$fpl$fmul                               0x08003a94   Section      176  fmul.o(x$fpl$fmul)
    ThreadAttr_app_main                      0x08003b44   Data          36  lto-llvm-79edc6.o(.rodata)
    [Anonymous Symbol]                       0x08003b44   Section        0  lto-llvm-79edc6.o(.rodata)
    x$fpl$usenofp                            0x08003b44   Section        0  usenofp.o(x$fpl$usenofp)
    _DoInit._aInitStr                        0x08003b68   Data          17  lto-llvm-79edc6.o(.rodata)
    os_idle_thread_attr                      0x08003b7c   Data          36  lto-llvm-79edc6.o(.rodata)
    os_timer_thread_attr                     0x08003ba0   Data          36  lto-llvm-79edc6.o(.rodata)
    os_timer_mq_attr                         0x08003bc4   Data          24  lto-llvm-79edc6.o(.rodata)
    __tagsym$$used.4                         0x08003be0   Number         0  lto-llvm-79edc6.o(.rodata)
    __tagsym$$used.5                         0x08003c50   Number         0  lto-llvm-79edc6.o(.rodata)
    _PrintUnsigned._aV2C                     0x08003c88   Data          16  lto-llvm-79edc6.o(.rodata.cst16)
    [Anonymous Symbol]                       0x08003c88   Section        0  lto-llvm-79edc6.o(.rodata.cst16)
    [Anonymous Symbol]                       0x08003c98   Section        0  lto-llvm-79edc6.o(.rodata.str1.1)
    [Anonymous Symbol]                       0x08003cac   Section        0  rtx_kernel.o(.rodata.str1.4)
    .bss                                     0x200000a8   Section       96  libspace.o(.bss)
    app_main_ID                              0x20000108   Data           4  lto-llvm-79edc6.o(.bss)
    [Anonymous Symbol]                       0x20000108   Section        0  lto-llvm-79edc6.o(.bss)
    _SEGGER_RTT                              0x2000010c   Data         168  lto-llvm-79edc6.o(.bss)
    _acUpBuffer                              0x200001b4   Data         512  lto-llvm-79edc6.o(.bss)
    _acDownBuffer                            0x200003b4   Data          16  lto-llvm-79edc6.o(.bss)
    os_kernel_is_active.os_kernel_active     0x200003c4   Data           1  lto-llvm-79edc6.o(.bss)
    PendST                                   0x200003c5   Data           1  os_systick.o(.bss.os)
    [Anonymous Symbol]                       0x200003c5   Section        0  os_systick.o(.bss.os)
    os_isr_queue                             0x200003c8   Data          16  lto-llvm-79edc6.o(.bss.os)
    [Anonymous Symbol]                       0x200003c8   Section        0  lto-llvm-79edc6.o(.bss.os)
    os_mem                                   0x200003d8   Data        2048  lto-llvm-79edc6.o(.bss.os)
    os_timer_mq_cb                           0x20000bd8   Data          52  lto-llvm-79edc6.o(.bss.os.msgqueue.cb)
    [Anonymous Symbol]                       0x20000bd8   Section        0  lto-llvm-79edc6.o(.bss.os.msgqueue.cb)
    os_timer_mq_data                         0x20000c0c   Data          80  lto-llvm-79edc6.o(.bss.os.msgqueue.mem)
    [Anonymous Symbol]                       0x20000c0c   Section        0  lto-llvm-79edc6.o(.bss.os.msgqueue.mem)
    os_idle_thread_cb                        0x20000c5c   Data          68  lto-llvm-79edc6.o(.bss.os.thread.cb)
    [Anonymous Symbol]                       0x20000c5c   Section        0  lto-llvm-79edc6.o(.bss.os.thread.cb)
    os_timer_thread_cb                       0x20000ca0   Data          68  lto-llvm-79edc6.o(.bss.os.thread.cb)
    os_idle_thread_stack                     0x20000ce8   Data         256  lto-llvm-79edc6.o(.bss.os.thread.idle.stack)
    [Anonymous Symbol]                       0x20000ce8   Section        0  lto-llvm-79edc6.o(.bss.os.thread.idle.stack)
    os_timer_thread_stack                    0x20000de8   Data         256  lto-llvm-79edc6.o(.bss.os.thread.timer.stack)
    [Anonymous Symbol]                       0x20000de8   Section        0  lto-llvm-79edc6.o(.bss.os.thread.timer.stack)
    Heap_Mem                                 0x20000ee8   Data         512  startup_stm32g030xx.o(HEAP)
    HEAP                                     0x20000ee8   Section      512  startup_stm32g030xx.o(HEAP)
    Stack_Mem                                0x200010e8   Data        1024  startup_stm32g030xx.o(STACK)
    STACK                                    0x200010e8   Section     1024  startup_stm32g030xx.o(STACK)
    __initial_sp                             0x200014e8   Data           0  startup_stm32g030xx.o(STACK)

    Global Symbols

    Symbol Name                              Value     Ov Type        Size  Object(Section)

    BuildAttributes$$THM_ISAv3M$S$PE$A:L22$X:L11$S22$IEEE1$IW$~IW$USESV6$~STKCKD$USESV7$~SHL$OTIME$ROPI$IEEEF$EBA8$UX$STANDARDLIB$REQ8$PRES8$EABIv2 0x00000000   Number         0  anon$$obj.o ABSOLUTE
    .bss.os.evflags.cb$$Base                  - Undefined Weak Reference
    .bss.os.evflags.cb$$Limit                 - Undefined Weak Reference
    .bss.os.mempool.cb$$Base                  - Undefined Weak Reference
    .bss.os.mempool.cb$$Limit                 - Undefined Weak Reference
    .bss.os.mutex.cb$$Base                    - Undefined Weak Reference
    .bss.os.mutex.cb$$Limit                   - Undefined Weak Reference
    .bss.os.semaphore.cb$$Base                - Undefined Weak Reference
    .bss.os.semaphore.cb$$Limit               - Undefined Weak Reference
    .bss.os.timer.cb$$Base                    - Undefined Weak Reference
    .bss.os.timer.cb$$Limit                   - Undefined Weak Reference
    __ARM_exceptions_init                     - Undefined Weak Reference
    __alloca_initialize                       - Undefined Weak Reference
    __arm_preinit_                            - Undefined Weak Reference
    __arm_relocate_pie_                       - Undefined Weak Reference
    __cpp_initialize__aeabi_                  - Undefined Weak Reference
    __cxa_finalize                            - Undefined Weak Reference
    __rt_locale                               - Undefined Weak Reference
    __sigvec_lookup                           - Undefined Weak Reference
    _atexit_init                              - Undefined Weak Reference
    _call_atexit_fns                          - Undefined Weak Reference
    _clock_init                               - Undefined Weak Reference
    _fp_trap_init                             - Undefined Weak Reference
    _fp_trap_shutdown                         - Undefined Weak Reference
    _get_lc_collate                           - Undefined Weak Reference
    _get_lc_ctype                             - Undefined Weak Reference
    _get_lc_monetary                          - Undefined Weak Reference
    _get_lc_numeric                           - Undefined Weak Reference
    _get_lc_time                              - Undefined Weak Reference
    _getenv_init                              - Undefined Weak Reference
    _handle_redirection                       - Undefined Weak Reference
    _init_alloc                               - Undefined Weak Reference
    _init_user_alloc                          - Undefined Weak Reference
    _initio                                   - Undefined Weak Reference
    _rand_init                                - Undefined Weak Reference
    _signal_finish                            - Undefined Weak Reference
    _signal_init                              - Undefined Weak Reference
    _terminate_alloc                          - Undefined Weak Reference
    _terminate_user_alloc                     - Undefined Weak Reference
    _terminateio                              - Undefined Weak Reference
    __Vectors_Size                           0x000000c0   Number         0  startup_stm32g030xx.o ABSOLUTE
    __Vectors                                0x08000000   Data           4  startup_stm32g030xx.o(RESET)
    __Vectors_End                            0x080000c0   Data           0  startup_stm32g030xx.o(RESET)
    __main                                   0x080000c1   Thumb Code     8  __main.o(!!!main)
    __scatterload                            0x080000c9   Thumb Code     0  __scatter.o(!!!scatter)
    __scatterload_rt2                        0x080000c9   Thumb Code    52  __scatter.o(!!!scatter)
    __scatterload_rt2_thumb_only             0x080000c9   Thumb Code     0  __scatter.o(!!!scatter)
    __scatterload_null                       0x080000d9   Thumb Code     0  __scatter.o(!!!scatter)
    __scatterload_copy                       0x08000105   Thumb Code    26  __scatter_copy.o(!!handler_copy)
    __scatterload_zeroinit                   0x08000121   Thumb Code    28  __scatter_zi.o(!!handler_zi)
    __rt_lib_init                            0x0800013d   Thumb Code     0  libinit.o(.ARM.Collect$$libinit$$00000000)
    __rt_lib_init_alloca_1                   0x0800013f   Thumb Code     0  libinit2.o(.ARM.Collect$$libinit$$00000030)
    __rt_lib_init_argv_1                     0x0800013f   Thumb Code     0  libinit2.o(.ARM.Collect$$libinit$$0000002E)
    __rt_lib_init_atexit_1                   0x0800013f   Thumb Code     0  libinit2.o(.ARM.Collect$$libinit$$0000001D)
    __rt_lib_init_clock_1                    0x0800013f   Thumb Code     0  libinit2.o(.ARM.Collect$$libinit$$00000023)
    __rt_lib_init_cpp_1                      0x0800013f   Thumb Code     0  libinit2.o(.ARM.Collect$$libinit$$00000034)
    __rt_lib_init_exceptions_1               0x0800013f   Thumb Code     0  libinit2.o(.ARM.Collect$$libinit$$00000032)
    __rt_lib_init_fp_1                       0x0800013f   Thumb Code     0  libinit2.o(.ARM.Collect$$libinit$$00000002)
    __rt_lib_init_fp_trap_1                  0x0800013f   Thumb Code     0  libinit2.o(.ARM.Collect$$libinit$$00000021)
    __rt_lib_init_getenv_1                   0x0800013f   Thumb Code     0  libinit2.o(.ARM.Collect$$libinit$$00000025)
    __rt_lib_init_heap_1                     0x0800013f   Thumb Code     0  libinit2.o(.ARM.Collect$$libinit$$0000000C)
    __rt_lib_init_lc_collate_1               0x0800013f   Thumb Code     0  libinit2.o(.ARM.Collect$$libinit$$00000013)
    __rt_lib_init_lc_ctype_1                 0x0800013f   Thumb Code     0  libinit2.o(.ARM.Collect$$libinit$$00000015)
    __rt_lib_init_lc_monetary_1              0x0800013f   Thumb Code     0  libinit2.o(.ARM.Collect$$libinit$$00000017)
    __rt_lib_init_lc_numeric_1               0x0800013f   Thumb Code     0  libinit2.o(.ARM.Collect$$libinit$$00000019)
    __rt_lib_init_lc_time_1                  0x0800013f   Thumb Code     0  libinit2.o(.ARM.Collect$$libinit$$0000001B)
    __rt_lib_init_preinit_1                  0x0800013f   Thumb Code     0  libinit2.o(.ARM.Collect$$libinit$$00000006)
    __rt_lib_init_rand_1                     0x0800013f   Thumb Code     0  libinit2.o(.ARM.Collect$$libinit$$00000010)
    __rt_lib_init_relocate_pie_1             0x0800013f   Thumb Code     0  libinit2.o(.ARM.Collect$$libinit$$00000004)
    __rt_lib_init_return                     0x0800013f   Thumb Code     0  libinit2.o(.ARM.Collect$$libinit$$00000035)
    __rt_lib_init_signal_1                   0x0800013f   Thumb Code     0  libinit2.o(.ARM.Collect$$libinit$$0000001F)
    __rt_lib_init_stdio_1                    0x0800013f   Thumb Code     0  libinit2.o(.ARM.Collect$$libinit$$00000027)
    __rt_lib_init_user_alloc_1               0x0800013f   Thumb Code     0  libinit2.o(.ARM.Collect$$libinit$$0000000E)
    __rt_lib_shutdown                        0x08000141   Thumb Code     0  libshutdown.o(.ARM.Collect$$libshutdown$$00000000)
    __rt_lib_shutdown_cpp_1                  0x08000143   Thumb Code     0  libshutdown2.o(.ARM.Collect$$libshutdown$$00000002)
    __rt_lib_shutdown_fp_trap_1              0x08000143   Thumb Code     0  libshutdown2.o(.ARM.Collect$$libshutdown$$00000007)
    __rt_lib_shutdown_heap_1                 0x08000143   Thumb Code     0  libshutdown2.o(.ARM.Collect$$libshutdown$$0000000F)
    __rt_lib_shutdown_return                 0x08000143   Thumb Code     0  libshutdown2.o(.ARM.Collect$$libshutdown$$00000010)
    __rt_lib_shutdown_signal_1               0x08000143   Thumb Code     0  libshutdown2.o(.ARM.Collect$$libshutdown$$0000000A)
    __rt_lib_shutdown_stdio_1                0x08000143   Thumb Code     0  libshutdown2.o(.ARM.Collect$$libshutdown$$00000004)
    __rt_lib_shutdown_user_alloc_1           0x08000143   Thumb Code     0  libshutdown2.o(.ARM.Collect$$libshutdown$$0000000C)
    __rt_entry                               0x08000145   Thumb Code     0  __rtentry.o(.ARM.Collect$$rtentry$$00000000)
    __rt_entry_presh_1                       0x08000145   Thumb Code     0  __rtentry2.o(.ARM.Collect$$rtentry$$00000002)
    __rt_entry_sh                            0x08000145   Thumb Code     0  __rtentry4.o(.ARM.Collect$$rtentry$$00000004)
    __rt_entry_postsh_1                      0x0800014b   Thumb Code     0  __rtentry2.o(.ARM.Collect$$rtentry$$00000008)
    __rt_entry_li                            0x08000153   Thumb Code     0  __rtentry2.o(.ARM.Collect$$rtentry$$0000000A)
    __rt_entry_main                          0x08000157   Thumb Code     0  __rtentry2.o(.ARM.Collect$$rtentry$$0000000D)
    __rt_entry_postli_1                      0x08000157   Thumb Code     0  __rtentry2.o(.ARM.Collect$$rtentry$$0000000C)
    __rt_exit                                0x0800015f   Thumb Code     0  rtexit.o(.ARM.Collect$$rtexit$$00000000)
    __rt_exit_ls                             0x08000161   Thumb Code     0  rtexit2.o(.ARM.Collect$$rtexit$$00000003)
    __rt_exit_prels_1                        0x08000161   Thumb Code     0  rtexit2.o(.ARM.Collect$$rtexit$$00000002)
    __rt_exit_exit                           0x08000165   Thumb Code     0  rtexit2.o(.ARM.Collect$$rtexit$$00000004)
    __aeabi_memcpy4                          0x0800016d   Thumb Code    56  rt_memcpy.o(.emb_text)
    __aeabi_memcpy8                          0x0800016d   Thumb Code     0  rt_memcpy.o(.emb_text)
    Reset_Handler                            0x080001a5   Thumb Code     8  startup_stm32g030xx.o(.text)
    ADC1_IRQHandler                          0x080001b7   Thumb Code     0  startup_stm32g030xx.o(.text)
    DMA1_Ch4_5_DMAMUX1_OVR_IRQHandler        0x080001b7   Thumb Code     0  startup_stm32g030xx.o(.text)
    DMA1_Channel1_IRQHandler                 0x080001b7   Thumb Code     0  startup_stm32g030xx.o(.text)
    DMA1_Channel2_3_IRQHandler               0x080001b7   Thumb Code     0  startup_stm32g030xx.o(.text)
    EXTI0_1_IRQHandler                       0x080001b7   Thumb Code     0  startup_stm32g030xx.o(.text)
    EXTI2_3_IRQHandler                       0x080001b7   Thumb Code     0  startup_stm32g030xx.o(.text)
    EXTI4_15_IRQHandler                      0x080001b7   Thumb Code     0  startup_stm32g030xx.o(.text)
    FLASH_IRQHandler                         0x080001b7   Thumb Code     0  startup_stm32g030xx.o(.text)
    I2C1_IRQHandler                          0x080001b7   Thumb Code     0  startup_stm32g030xx.o(.text)
    I2C2_IRQHandler                          0x080001b7   Thumb Code     0  startup_stm32g030xx.o(.text)
    RCC_IRQHandler                           0x080001b7   Thumb Code     0  startup_stm32g030xx.o(.text)
    RTC_TAMP_IRQHandler                      0x080001b7   Thumb Code     0  startup_stm32g030xx.o(.text)
    SPI1_IRQHandler                          0x080001b7   Thumb Code     0  startup_stm32g030xx.o(.text)
    SPI2_IRQHandler                          0x080001b7   Thumb Code     0  startup_stm32g030xx.o(.text)
    TIM14_IRQHandler                         0x080001b7   Thumb Code     0  startup_stm32g030xx.o(.text)
    TIM16_IRQHandler                         0x080001b7   Thumb Code     0  startup_stm32g030xx.o(.text)
    TIM17_IRQHandler                         0x080001b7   Thumb Code     0  startup_stm32g030xx.o(.text)
    TIM1_BRK_UP_TRG_COM_IRQHandler           0x080001b7   Thumb Code     0  startup_stm32g030xx.o(.text)
    TIM1_CC_IRQHandler                       0x080001b7   Thumb Code     0  startup_stm32g030xx.o(.text)
    TIM3_IRQHandler                          0x080001b7   Thumb Code     0  startup_stm32g030xx.o(.text)
    USART1_IRQHandler                        0x080001b7   Thumb Code     0  startup_stm32g030xx.o(.text)
    USART2_IRQHandler                        0x080001b7   Thumb Code     0  startup_stm32g030xx.o(.text)
    WWDG_IRQHandler                          0x080001b7   Thumb Code     0  startup_stm32g030xx.o(.text)
    __user_initial_stackheap                 0x080001b9   Thumb Code     0  startup_stm32g030xx.o(.text)
    SVC_Handler                              0x080001dd   Thumb Code   132  irq_armv6m.o(.text)
    PendSV_Handler                           0x08000261   Thumb Code    12  irq_armv6m.o(.text)
    SysTick_Handler                          0x0800026d   Thumb Code    12  irq_armv6m.o(.text)
    __aeabi_memcpy                           0x08000281   Thumb Code   130  rt_memcpy.o(.text)
    __rt_memcpy                              0x08000281   Thumb Code     0  rt_memcpy.o(.text)
    _memset_w                                0x08000303   Thumb Code    26  rt_memclr.o(.text)
    _memset                                  0x0800031d   Thumb Code    30  rt_memclr.o(.text)
    __aeabi_memclr                           0x0800033b   Thumb Code     4  rt_memclr.o(.text)
    __rt_memclr                              0x0800033b   Thumb Code     0  rt_memclr.o(.text)
    __aeabi_memclr4                          0x0800033f   Thumb Code     0  rt_memclr.o(.text)
    __aeabi_memclr8                          0x0800033f   Thumb Code     0  rt_memclr.o(.text)
    __rt_memclr_w                            0x0800033f   Thumb Code     4  rt_memclr.o(.text)
    __aeabi_uidiv                            0x08000345   Thumb Code     0  aeabi_sdiv.o(.text)
    __aeabi_uidivmod                         0x08000345   Thumb Code    20  aeabi_sdiv.o(.text)
    __aeabi_idiv                             0x08000359   Thumb Code     0  aeabi_sdiv.o(.text)
    __aeabi_idivmod                          0x08000359   Thumb Code   338  aeabi_sdiv.o(.text)
    __use_two_region_memory                  0x080004b1   Thumb Code     2  heapauxi.o(.text)
    __rt_heap_escrow$2region                 0x080004b3   Thumb Code     2  heapauxi.o(.text)
    __rt_heap_expand$2region                 0x080004b5   Thumb Code     2  heapauxi.o(.text)
    __user_setup_stackheap                   0x080004b7   Thumb Code    62  sys_stackheap_outer.o(.text)
    exit                                     0x080004f5   Thumb Code    16  exit.o(.text)
    __user_libspace                          0x08000505   Thumb Code     8  libspace.o(.text)
    __user_perproc_libspace                  0x08000505   Thumb Code     0  libspace.o(.text)
    _sys_exit                                0x0800050d   Thumb Code     8  sys_exit.o(.text)
    __I$use$semihosting                      0x08000519   Thumb Code     0  use_no_semi.o(.text)
    __use_no_semihosting_swi                 0x08000519   Thumb Code     2  use_no_semi.o(.text)
    __semihosting_library_function           0x0800051b   Thumb Code     0  indicate_semi.o(.text)
    __aeabi_d2f                              0x0800051d   Thumb Code     0  d2f.o(.text)
    _d2f                                     0x0800051d   Thumb Code   120  d2f.o(.text)
    __aeabi_f2iz                             0x08000599   Thumb Code     0  ffixi.o(.text)
    _ffix                                    0x08000599   Thumb Code    76  ffixi.o(.text)
    HardFault_Handler                        0x080005e5   Thumb Code     2  lto-llvm-79edc6.o(.text.HardFault_Handler)
    NMI_Handler                              0x08000add   Thumb Code     2  lto-llvm-79edc6.o(.text.NMI_Handler)
    OS_Tick_AcknowledgeIRQ                   0x08000ae1   Thumb Code     8  os_systick.o(.text.OS_Tick_AcknowledgeIRQ)
    OS_Tick_Enable                           0x08000ae9   Thumb Code    32  os_systick.o(.text.OS_Tick_Enable)
    OS_Tick_GetIRQn                          0x08000b0d   Thumb Code     6  os_systick.o(.text.OS_Tick_GetIRQn)
    OS_Tick_Setup                            0x08000b15   Thumb Code    60  os_systick.o(.text.OS_Tick_Setup)
    SystemInit                               0x080011fd   Thumb Code     2  lto-llvm-79edc6.o(.text.SystemInit)
    _mutex_acquire                           0x08001625   Thumb Code    44  lto-llvm-79edc6.o(.text._mutex_acquire)
    _mutex_free                              0x08001651   Thumb Code    10  lto-llvm-79edc6.o(.text._mutex_free)
    _mutex_initialize                        0x0800165b   Thumb Code    34  lto-llvm-79edc6.o(.text._mutex_initialize)
    _mutex_release                           0x0800167d   Thumb Code    40  lto-llvm-79edc6.o(.text._mutex_release)
    _platform_post_stackheap_init            0x080016a9   Thumb Code     8  lto-llvm-79edc6.o(.text._platform_post_stackheap_init)
    main                                     0x08002015   Thumb Code  1044  lto-llvm-79edc6.o(.text.main)
    osDelay                                  0x080024ed   Thumb Code    36  rtx_delay.o(.text.osDelay)
    osKernelGetState                         0x08002515   Thumb Code    40  rtx_kernel.o(.text.osKernelGetState)
    osKernelInitialize                       0x08002545   Thumb Code    36  rtx_kernel.o(.text.osKernelInitialize)
    osKernelLock                             0x0800256d   Thumb Code    32  rtx_kernel.o(.text.osKernelLock)
    osKernelStart                            0x08002591   Thumb Code    32  rtx_kernel.o(.text.osKernelStart)
    osKernelUnlock                           0x080025b5   Thumb Code    32  rtx_kernel.o(.text.osKernelUnlock)
    osMessageQueueGet                        0x080025d9   Thumb Code   112  rtx_msgqueue.o(.text.osMessageQueueGet)
    osMessageQueuePut                        0x0800264d   Thumb Code   112  rtx_msgqueue.o(.text.osMessageQueuePut)
    osMutexAcquire                           0x080026c1   Thumb Code    36  rtx_mutex.o(.text.osMutexAcquire)
    osMutexDelete                            0x080026e9   Thumb Code    36  rtx_mutex.o(.text.osMutexDelete)
    osMutexNew                               0x08002711   Thumb Code    32  rtx_mutex.o(.text.osMutexNew)
    osMutexRelease                           0x08002735   Thumb Code    36  rtx_mutex.o(.text.osMutexRelease)
    osRtxErrorNotify                         0x0800275d   Thumb Code     2  lto-llvm-79edc6.o(.text.osRtxErrorNotify)
    osRtxIdleThread                          0x0800275f   Thumb Code     2  lto-llvm-79edc6.o(.text.osRtxIdleThread)
    osRtxKernelErrorNotify                   0x08002761   Thumb Code     8  rtx_kernel.o(.text.osRtxKernelErrorNotify)
    osRtxKernelPreInit                       0x08002769   Thumb Code     2  rtx_kernel.o(.text.osRtxKernelPreInit)
    osRtxMemoryAlloc                         0x0800276b   Thumb Code   120  rtx_memory.o(.text.osRtxMemoryAlloc)
    osRtxMemoryFree                          0x080027e3   Thumb Code    78  rtx_memory.o(.text.osRtxMemoryFree)
    osRtxMemoryInit                          0x08002831   Thumb Code    46  rtx_memory.o(.text.osRtxMemoryInit)
    osRtxMemoryPoolAlloc                     0x0800285f   Thumb Code    42  rtx_mempool.o(.text.osRtxMemoryPoolAlloc)
    osRtxMemoryPoolFree                      0x08002889   Thumb Code    54  rtx_mempool.o(.text.osRtxMemoryPoolFree)
    osRtxMemoryPoolInit                      0x080028bf   Thumb Code    60  rtx_mempool.o(.text.osRtxMemoryPoolInit)
    osRtxMessageQueueTimerSetup              0x080029b9   Thumb Code    32  rtx_msgqueue.o(.text.osRtxMessageQueueTimerSetup)
    osRtxMutexOwnerRelease                   0x080029dd   Thumb Code    68  rtx_mutex.o(.text.osRtxMutexOwnerRelease)
    osRtxMutexOwnerRestore                   0x08002a21   Thumb Code    70  rtx_mutex.o(.text.osRtxMutexOwnerRestore)
    osRtxPendSV_Handler                      0x08002a69   Thumb Code   128  rtx_system.o(.text.osRtxPendSV_Handler)
    osRtxPostProcess                         0x08002ae9   Thumb Code   104  rtx_system.o(.text.osRtxPostProcess)
    osRtxThreadDelayTick                     0x08002c59   Thumb Code    84  rtx_thread.o(.text.osRtxThreadDelayTick)
    osRtxThreadDispatch                      0x08002cd5   Thumb Code    76  rtx_thread.o(.text.osRtxThreadDispatch)
    osRtxThreadListGet                       0x08002d95   Thumb Code    20  rtx_thread.o(.text.osRtxThreadListGet)
    osRtxThreadListPut                       0x08002da9   Thumb Code    44  rtx_thread.o(.text.osRtxThreadListPut)
    osRtxThreadListRemove                    0x08002dd5   Thumb Code    24  rtx_thread.o(.text.osRtxThreadListRemove)
    osRtxThreadListSort                      0x08002ded   Thumb Code    36  rtx_thread.o(.text.osRtxThreadListSort)
    osRtxThreadReadyPut                      0x08002e39   Thumb Code    20  rtx_thread.o(.text.osRtxThreadReadyPut)
    osRtxThreadRegPtr                        0x08002e4d   Thumb Code     6  rtx_thread.o(.text.osRtxThreadRegPtr)
    osRtxThreadStartup                       0x08002e55   Thumb Code    56  rtx_thread.o(.text.osRtxThreadStartup)
    osRtxThreadSwitch                        0x08002e91   Thumb Code    12  rtx_thread.o(.text.osRtxThreadSwitch)
    osRtxThreadWaitEnter                     0x08002ea1   Thumb Code    60  rtx_thread.o(.text.osRtxThreadWaitEnter)
    osRtxThreadWaitExit                      0x08002ee1   Thumb Code    34  rtx_thread.o(.text.osRtxThreadWaitExit)
    osRtxTick_Handler                        0x08002f05   Thumb Code   124  rtx_system.o(.text.osRtxTick_Handler)
    osRtxTimerSetup                          0x08002f85   Thumb Code    28  rtx_timer.o(.text.osRtxTimerSetup)
    osRtxTimerThread                         0x08002fa9   Thumb Code    28  rtx_timer.o(.text.osRtxTimerThread)
    osThreadExit                             0x08003039   Thumb Code     8  rtx_thread.o(.text.osThreadExit)
    osThreadNew                              0x08003045   Thumb Code    32  rtx_thread.o(.text.osThreadNew)
    __aeabi_fmul                             0x08003a95   Thumb Code     0  fmul.o(x$fpl$fmul)
    _fmul                                    0x08003a95   Thumb Code   172  fmul.o(x$fpl$fmul)
    __I$use$fp                               0x08003b44   Number         0  usenofp.o(x$fpl$usenofp)
    osRtxUserSVC                             0x08003bdc   Data           4  lto-llvm-79edc6.o(.rodata)
    osRtxConfig                              0x08003be0   Data         112  lto-llvm-79edc6.o(.rodata)
    os_cb_sections                           0x08003c50   Data          56  lto-llvm-79edc6.o(.rodata)
    Region$$Table$$Base                      0x08003cb8   Number         0  anon$$obj.o(Region$$Table)
    Region$$Table$$Limit                     0x08003cd8   Number         0  anon$$obj.o(Region$$Table)
    SystemCoreClock                          0x20000000   Data           4  lto-llvm-79edc6.o(.data)
    osRtxInfo                                0x20000004   Data         164  rtx_kernel.o(.data.os)
    __libspace_start                         0x200000a8   Data          96  libspace.o(.bss)
    __temporary_stack_top$libspace           0x20000108   Data           0  libspace.o(.bss)
    .bss.os.msgqueue.cb$$Base                0x20000bd8   Number         0  lto-llvm-79edc6.o(.bss.os.msgqueue.cb)
    .bss.os.msgqueue.cb$$Limit               0x20000c0c   Number         0  lto-llvm-79edc6.o(.bss.os.msgqueue.cb)
    .bss.os.thread.cb$$Base                  0x20000c5c   Number         0  lto-llvm-79edc6.o(.bss.os.thread.cb)
    .bss.os.thread.cb$$Limit                 0x20000ce4   Number         0  lto-llvm-79edc6.o(.bss.os.thread.cb)



==============================================================================

Memory Map of the image

  Image Entry point : 0x080000c1

  Load Region LR_IROM1 (Base: 0x08000000, Size: 0x00003d80, Max: 0x00008000, ABSOLUTE)

    Execution Region ER_IROM1 (Exec base: 0x08000000, Load base: 0x08000000, Size: 0x00003cd8, Max: 0x00008000, ABSOLUTE)

    Exec Addr    Load Addr    Size         Type   Attr      Idx    E Section Name        Object

    0x08000000   0x08000000   0x000000c0   Data   RO            3    RESET               startup_stm32g030xx.o
    0x080000c0   0x080000c0   0x00000008   Code   RO          511  * !!!main             c_p.l(__main.o)
    0x080000c8   0x080000c8   0x0000003c   Code   RO          756    !!!scatter          c_p.l(__scatter.o)
    0x08000104   0x08000104   0x0000001a   Code   RO          758    !!handler_copy      c_p.l(__scatter_copy.o)
    0x0800011e   0x0800011e   0x00000002   PAD
    0x08000120   0x08000120   0x0000001c   Code   RO          760    !!handler_zi        c_p.l(__scatter_zi.o)
    0x0800013c   0x0800013c   0x00000002   Code   RO          547    .ARM.Collect$$libinit$$00000000  c_p.l(libinit.o)
    0x0800013e   0x0800013e   0x00000000   Code   RO          561    .ARM.Collect$$libinit$$00000002  c_p.l(libinit2.o)
    0x0800013e   0x0800013e   0x00000000   Code   RO          563    .ARM.Collect$$libinit$$00000004  c_p.l(libinit2.o)
    0x0800013e   0x0800013e   0x00000000   Code   RO          565    .ARM.Collect$$libinit$$00000006  c_p.l(libinit2.o)
    0x0800013e   0x0800013e   0x00000000   Code   RO          568    .ARM.Collect$$libinit$$0000000C  c_p.l(libinit2.o)
    0x0800013e   0x0800013e   0x00000000   Code   RO          570    .ARM.Collect$$libinit$$0000000E  c_p.l(libinit2.o)
    0x0800013e   0x0800013e   0x00000000   Code   RO          572    .ARM.Collect$$libinit$$00000010  c_p.l(libinit2.o)
    0x0800013e   0x0800013e   0x00000000   Code   RO          575    .ARM.Collect$$libinit$$00000013  c_p.l(libinit2.o)
    0x0800013e   0x0800013e   0x00000000   Code   RO          577    .ARM.Collect$$libinit$$00000015  c_p.l(libinit2.o)
    0x0800013e   0x0800013e   0x00000000   Code   RO          579    .ARM.Collect$$libinit$$00000017  c_p.l(libinit2.o)
    0x0800013e   0x0800013e   0x00000000   Code   RO          581    .ARM.Collect$$libinit$$00000019  c_p.l(libinit2.o)
    0x0800013e   0x0800013e   0x00000000   Code   RO          583    .ARM.Collect$$libinit$$0000001B  c_p.l(libinit2.o)
    0x0800013e   0x0800013e   0x00000000   Code   RO          585    .ARM.Collect$$libinit$$0000001D  c_p.l(libinit2.o)
    0x0800013e   0x0800013e   0x00000000   Code   RO          587    .ARM.Collect$$libinit$$0000001F  c_p.l(libinit2.o)
    0x0800013e   0x0800013e   0x00000000   Code   RO          589    .ARM.Collect$$libinit$$00000021  c_p.l(libinit2.o)
    0x0800013e   0x0800013e   0x00000000   Code   RO          591    .ARM.Collect$$libinit$$00000023  c_p.l(libinit2.o)
    0x0800013e   0x0800013e   0x00000000   Code   RO          593    .ARM.Collect$$libinit$$00000025  c_p.l(libinit2.o)
    0x0800013e   0x0800013e   0x00000000   Code   RO          595    .ARM.Collect$$libinit$$00000027  c_p.l(libinit2.o)
    0x0800013e   0x0800013e   0x00000000   Code   RO          599    .ARM.Collect$$libinit$$0000002E  c_p.l(libinit2.o)
    0x0800013e   0x0800013e   0x00000000   Code   RO          601    .ARM.Collect$$libinit$$00000030  c_p.l(libinit2.o)
    0x0800013e   0x0800013e   0x00000000   Code   RO          603    .ARM.Collect$$libinit$$00000032  c_p.l(libinit2.o)
    0x0800013e   0x0800013e   0x00000000   Code   RO          605    .ARM.Collect$$libinit$$00000034  c_p.l(libinit2.o)
    0x0800013e   0x0800013e   0x00000002   Code   RO          606    .ARM.Collect$$libinit$$00000035  c_p.l(libinit2.o)
    0x08000140   0x08000140   0x00000002   Code   RO          641    .ARM.Collect$$libshutdown$$00000000  c_p.l(libshutdown.o)
    0x08000142   0x08000142   0x00000000   Code   RO          669    .ARM.Collect$$libshutdown$$00000002  c_p.l(libshutdown2.o)
    0x08000142   0x08000142   0x00000000   Code   RO          671    .ARM.Collect$$libshutdown$$00000004  c_p.l(libshutdown2.o)
    0x08000142   0x08000142   0x00000000   Code   RO          674    .ARM.Collect$$libshutdown$$00000007  c_p.l(libshutdown2.o)
    0x08000142   0x08000142   0x00000000   Code   RO          677    .ARM.Collect$$libshutdown$$0000000A  c_p.l(libshutdown2.o)
    0x08000142   0x08000142   0x00000000   Code   RO          679    .ARM.Collect$$libshutdown$$0000000C  c_p.l(libshutdown2.o)
    0x08000142   0x08000142   0x00000000   Code   RO          682    .ARM.Collect$$libshutdown$$0000000F  c_p.l(libshutdown2.o)
    0x08000142   0x08000142   0x00000002   Code   RO          683    .ARM.Collect$$libshutdown$$00000010  c_p.l(libshutdown2.o)
    0x08000144   0x08000144   0x00000000   Code   RO          513    .ARM.Collect$$rtentry$$00000000  c_p.l(__rtentry.o)
    0x08000144   0x08000144   0x00000000   Code   RO          519    .ARM.Collect$$rtentry$$00000002  c_p.l(__rtentry2.o)
    0x08000144   0x08000144   0x00000006   Code   RO          531    .ARM.Collect$$rtentry$$00000004  c_p.l(__rtentry4.o)
    0x0800014a   0x0800014a   0x00000008   Code   RO          520    .ARM.Collect$$rtentry$$00000008  c_p.l(__rtentry2.o)
    0x08000152   0x08000152   0x00000004   Code   RO          522    .ARM.Collect$$rtentry$$0000000A  c_p.l(__rtentry2.o)
    0x08000156   0x08000156   0x00000000   Code   RO          524    .ARM.Collect$$rtentry$$0000000C  c_p.l(__rtentry2.o)
    0x08000156   0x08000156   0x00000008   Code   RO          525    .ARM.Collect$$rtentry$$0000000D  c_p.l(__rtentry2.o)
    0x0800015e   0x0800015e   0x00000002   Code   RO          552    .ARM.Collect$$rtexit$$00000000  c_p.l(rtexit.o)
    0x08000160   0x08000160   0x00000000   Code   RO          612    .ARM.Collect$$rtexit$$00000002  c_p.l(rtexit2.o)
    0x08000160   0x08000160   0x00000004   Code   RO          613    .ARM.Collect$$rtexit$$00000003  c_p.l(rtexit2.o)
    0x08000164   0x08000164   0x00000006   Code   RO          614    .ARM.Collect$$rtexit$$00000004  c_p.l(rtexit2.o)
    0x0800016a   0x0800016a   0x00000002   PAD
    0x0800016c   0x0800016c   0x00000038   Code   RO          499    .emb_text           c_p.l(rt_memcpy.o)
    0x080001a4   0x080001a4   0x00000038   Code   RO            4    .text               startup_stm32g030xx.o
    0x080001dc   0x080001dc   0x000000a4   Code   RO          323    .text               RTX_CM0.lib(irq_armv6m.o)
    0x08000280   0x08000280   0x00000082   Code   RO          500    .text               c_p.l(rt_memcpy.o)
    0x08000302   0x08000302   0x00000040   Code   RO          503    .text               c_p.l(rt_memclr.o)
    0x08000342   0x08000342   0x00000002   PAD
    0x08000344   0x08000344   0x0000016c   Code   RO          505    .text               c_p.l(aeabi_sdiv.o)
    0x080004b0   0x080004b0   0x00000006   Code   RO          509    .text               c_p.l(heapauxi.o)
    0x080004b6   0x080004b6   0x0000003e   Code   RO          535    .text               c_p.l(sys_stackheap_outer.o)
    0x080004f4   0x080004f4   0x00000010   Code   RO          538    .text               c_p.l(exit.o)
    0x08000504   0x08000504   0x00000008   Code   RO          548    .text               c_p.l(libspace.o)
    0x0800050c   0x0800050c   0x0000000c   Code   RO          607    .text               c_p.l(sys_exit.o)
    0x08000518   0x08000518   0x00000002   Code   RO          630    .text               c_p.l(use_no_semi.o)
    0x0800051a   0x0800051a   0x00000000   Code   RO          632    .text               c_p.l(indicate_semi.o)
    0x0800051a   0x0800051a   0x00000002   PAD
    0x0800051c   0x0800051c   0x0000007c   Code   RO          747    .text               fz_ps.l(d2f.o)
    0x08000598   0x08000598   0x0000004c   Code   RO          749    .text               fz_ps.l(ffixi.o)
    0x080005e4   0x080005e4   0x00000002   Code   RO          691    .text.HardFault_Handler  lto-llvm-79edc6.o
    0x080005e6   0x080005e6   0x00000002   PAD
    0x080005e8   0x080005e8   0x0000037c   Code   RO          693    .text.I2C_Write_2Byte  lto-llvm-79edc6.o
    0x08000964   0x08000964   0x000000ba   Code   RO          705    .text.LL_GPIO_Init  lto-llvm-79edc6.o
    0x08000a1e   0x08000a1e   0x00000042   Code   RO          439    .text.MessageQueueGet  RTX_CM0.lib(rtx_msgqueue.o)
    0x08000a60   0x08000a60   0x0000005e   Code   RO          433    .text.MessageQueuePut  RTX_CM0.lib(rtx_msgqueue.o)
    0x08000abe   0x08000abe   0x0000001e   Code   RO          431    .text.MessageQueueRemove  RTX_CM0.lib(rtx_msgqueue.o)
    0x08000adc   0x08000adc   0x00000002   Code   RO          689    .text.NMI_Handler   lto-llvm-79edc6.o
    0x08000ade   0x08000ade   0x00000002   PAD
    0x08000ae0   0x08000ae0   0x00000008   Code   RO          475    .text.OS_Tick_AcknowledgeIRQ  RTX_CM0.lib(os_systick.o)
    0x08000ae8   0x08000ae8   0x00000024   Code   RO          471    .text.OS_Tick_Enable  RTX_CM0.lib(os_systick.o)
    0x08000b0c   0x08000b0c   0x00000006   Code   RO          477    .text.OS_Tick_GetIRQn  RTX_CM0.lib(os_systick.o)
    0x08000b12   0x08000b12   0x00000002   PAD
    0x08000b14   0x08000b14   0x0000004c   Code   RO          469    .text.OS_Tick_Setup  RTX_CM0.lib(os_systick.o)
    0x08000b60   0x08000b60   0x0000011c   Code   RO          697    .text.SEGGER_RTT_SetTerminal  lto-llvm-79edc6.o
    0x08000c7c   0x08000c7c   0x000001d4   Code   RO          695    .text.SEGGER_RTT_Write  lto-llvm-79edc6.o
    0x08000e50   0x08000e50   0x000003ac   Code   RO          703    .text.SEGGER_RTT_printf  lto-llvm-79edc6.o
    0x080011fc   0x080011fc   0x00000002   Code   RO          707    .text.SystemInit    lto-llvm-79edc6.o
    0x080011fe   0x080011fe   0x0000004a   Code   RO          174    .text.ThreadFlagsCheck  RTX_CM0.lib(rtx_thread.o)
    0x08001248   0x08001248   0x0000004c   Code   RO          264    .text.TimerInsert   RTX_CM0.lib(rtx_timer.o)
    0x08001294   0x08001294   0x000001be   Code   RO          699    .text._PrintInt     lto-llvm-79edc6.o
    0x08001452   0x08001452   0x00000002   PAD
    0x08001454   0x08001454   0x000001d0   Code   RO          701    .text._PrintUnsigned  lto-llvm-79edc6.o
    0x08001624   0x08001624   0x0000002c   Code   RO          709    .text._mutex_acquire  lto-llvm-79edc6.o
    0x08001650   0x08001650   0x0000000a   Code   RO          711    .text._mutex_free   lto-llvm-79edc6.o
    0x0800165a   0x0800165a   0x00000022   Code   RO          713    .text._mutex_initialize  lto-llvm-79edc6.o
    0x0800167c   0x0800167c   0x0000002c   Code   RO          715    .text._mutex_release  lto-llvm-79edc6.o
    0x080016a8   0x080016a8   0x00000008   Code   RO          717    .text._platform_post_stackheap_init  lto-llvm-79edc6.o
    0x080016b0   0x080016b0   0x00000964   Code   RO          685    .text.app_main      lto-llvm-79edc6.o
    0x08002014   0x08002014   0x000004d8   Code   RO          687    .text.main          lto-llvm-79edc6.o
    0x080024ec   0x080024ec   0x00000028   Code   RO          230    .text.osDelay       RTX_CM0.lib(rtx_delay.o)
    0x08002514   0x08002514   0x00000030   Code   RO           38    .text.osKernelGetState  RTX_CM0.lib(rtx_kernel.o)
    0x08002544   0x08002544   0x00000028   Code   RO           32    .text.osKernelInitialize  RTX_CM0.lib(rtx_kernel.o)
    0x0800256c   0x0800256c   0x00000024   Code   RO           44    .text.osKernelLock  RTX_CM0.lib(rtx_kernel.o)
    0x08002590   0x08002590   0x00000024   Code   RO           42    .text.osKernelStart  RTX_CM0.lib(rtx_kernel.o)
    0x080025b4   0x080025b4   0x00000024   Code   RO           46    .text.osKernelUnlock  RTX_CM0.lib(rtx_kernel.o)
    0x080025d8   0x080025d8   0x00000074   Code   RO          407    .text.osMessageQueueGet  RTX_CM0.lib(rtx_msgqueue.o)
    0x0800264c   0x0800264c   0x00000074   Code   RO          405    .text.osMessageQueuePut  RTX_CM0.lib(rtx_msgqueue.o)
    0x080026c0   0x080026c0   0x00000028   Code   RO          296    .text.osMutexAcquire  RTX_CM0.lib(rtx_mutex.o)
    0x080026e8   0x080026e8   0x00000028   Code   RO          302    .text.osMutexDelete  RTX_CM0.lib(rtx_mutex.o)
    0x08002710   0x08002710   0x00000024   Code   RO          292    .text.osMutexNew    RTX_CM0.lib(rtx_mutex.o)
    0x08002734   0x08002734   0x00000028   Code   RO          298    .text.osMutexRelease  RTX_CM0.lib(rtx_mutex.o)
    0x0800275c   0x0800275c   0x00000002   Code   RO          723    .text.osRtxErrorNotify  lto-llvm-79edc6.o
    0x0800275e   0x0800275e   0x00000002   Code   RO          721    .text.osRtxIdleThread  lto-llvm-79edc6.o
    0x08002760   0x08002760   0x00000008   Code   RO           30    .text.osRtxKernelErrorNotify  RTX_CM0.lib(rtx_kernel.o)
    0x08002768   0x08002768   0x00000002   Code   RO           28    .text.osRtxKernelPreInit  RTX_CM0.lib(rtx_kernel.o)
    0x0800276a   0x0800276a   0x00000078   Code   RO          333    .text.osRtxMemoryAlloc  RTX_CM0.lib(rtx_memory.o)
    0x080027e2   0x080027e2   0x0000004e   Code   RO          335    .text.osRtxMemoryFree  RTX_CM0.lib(rtx_memory.o)
    0x08002830   0x08002830   0x0000002e   Code   RO          331    .text.osRtxMemoryInit  RTX_CM0.lib(rtx_memory.o)
    0x0800285e   0x0800285e   0x0000002a   Code   RO          347    .text.osRtxMemoryPoolAlloc  RTX_CM0.lib(rtx_mempool.o)
    0x08002888   0x08002888   0x00000036   Code   RO          349    .text.osRtxMemoryPoolFree  RTX_CM0.lib(rtx_mempool.o)
    0x080028be   0x080028be   0x0000003c   Code   RO          345    .text.osRtxMemoryPoolInit  RTX_CM0.lib(rtx_mempool.o)
    0x080028fa   0x080028fa   0x000000bc   Code   RO          429    .text.osRtxMessageQueuePostProcess  RTX_CM0.lib(rtx_msgqueue.o)
    0x080029b6   0x080029b6   0x00000002   PAD
    0x080029b8   0x080029b8   0x00000024   Code   RO          397    .text.osRtxMessageQueueTimerSetup  RTX_CM0.lib(rtx_msgqueue.o)
    0x080029dc   0x080029dc   0x00000044   Code   RO          288    .text.osRtxMutexOwnerRelease  RTX_CM0.lib(rtx_mutex.o)
    0x08002a20   0x08002a20   0x00000046   Code   RO          290    .text.osRtxMutexOwnerRestore  RTX_CM0.lib(rtx_mutex.o)
    0x08002a66   0x08002a66   0x00000002   PAD
    0x08002a68   0x08002a68   0x00000080   Code   RO          457    .text.osRtxPendSV_Handler  RTX_CM0.lib(rtx_system.o)
    0x08002ae8   0x08002ae8   0x0000006c   Code   RO          459    .text.osRtxPostProcess  RTX_CM0.lib(rtx_system.o)
    0x08002b54   0x08002b54   0x00000034   Code   RO          114    .text.osRtxThreadBlock  RTX_CM0.lib(rtx_thread.o)
    0x08002b88   0x08002b88   0x0000008c   Code   RO          122    .text.osRtxThreadDelayInsert  RTX_CM0.lib(rtx_thread.o)
    0x08002c14   0x08002c14   0x00000044   Code   RO          118    .text.osRtxThreadDelayRemove  RTX_CM0.lib(rtx_thread.o)
    0x08002c58   0x08002c58   0x00000054   Code   RO          106    .text.osRtxThreadDelayTick  RTX_CM0.lib(rtx_thread.o)
    0x08002cac   0x08002cac   0x00000028   Code   RO          206    .text.osRtxThreadDestroy  RTX_CM0.lib(rtx_thread.o)
    0x08002cd4   0x08002cd4   0x0000004c   Code   RO          112    .text.osRtxThreadDispatch  RTX_CM0.lib(rtx_thread.o)
    0x08002d20   0x08002d20   0x00000054   Code   RO          198    .text.osRtxThreadFree  RTX_CM0.lib(rtx_thread.o)
    0x08002d74   0x08002d74   0x00000020   Code   RO          204    .text.osRtxThreadJoinWakeup  RTX_CM0.lib(rtx_thread.o)
    0x08002d94   0x08002d94   0x00000014   Code   RO           98    .text.osRtxThreadListGet  RTX_CM0.lib(rtx_thread.o)
    0x08002da8   0x08002da8   0x0000002c   Code   RO           96    .text.osRtxThreadListPut  RTX_CM0.lib(rtx_thread.o)
    0x08002dd4   0x08002dd4   0x00000018   Code   RO          102    .text.osRtxThreadListRemove  RTX_CM0.lib(rtx_thread.o)
    0x08002dec   0x08002dec   0x00000024   Code   RO          100    .text.osRtxThreadListSort  RTX_CM0.lib(rtx_thread.o)
    0x08002e10   0x08002e10   0x00000026   Code   RO          172    .text.osRtxThreadPostProcess  RTX_CM0.lib(rtx_thread.o)
    0x08002e36   0x08002e36   0x00000002   PAD
    0x08002e38   0x08002e38   0x00000014   Code   RO          104    .text.osRtxThreadReadyPut  RTX_CM0.lib(rtx_thread.o)
    0x08002e4c   0x08002e4c   0x00000006   Code   RO          108    .text.osRtxThreadRegPtr  RTX_CM0.lib(rtx_thread.o)
    0x08002e52   0x08002e52   0x00000002   PAD
    0x08002e54   0x08002e54   0x0000003c   Code   RO          124    .text.osRtxThreadStartup  RTX_CM0.lib(rtx_thread.o)
    0x08002e90   0x08002e90   0x00000010   Code   RO          110    .text.osRtxThreadSwitch  RTX_CM0.lib(rtx_thread.o)
    0x08002ea0   0x08002ea0   0x00000040   Code   RO          120    .text.osRtxThreadWaitEnter  RTX_CM0.lib(rtx_thread.o)
    0x08002ee0   0x08002ee0   0x00000022   Code   RO          116    .text.osRtxThreadWaitExit  RTX_CM0.lib(rtx_thread.o)
    0x08002f02   0x08002f02   0x00000002   PAD
    0x08002f04   0x08002f04   0x00000080   Code   RO          455    .text.osRtxTick_Handler  RTX_CM0.lib(rtx_system.o)
    0x08002f84   0x08002f84   0x00000024   Code   RO          246    .text.osRtxTimerSetup  RTX_CM0.lib(rtx_timer.o)
    0x08002fa8   0x08002fa8   0x0000001c   Code   RO          250    .text.osRtxTimerThread  RTX_CM0.lib(rtx_timer.o)
    0x08002fc4   0x08002fc4   0x00000074   Code   RO          248    .text.osRtxTimerTick  RTX_CM0.lib(rtx_timer.o)
    0x08003038   0x08003038   0x0000000c   Code   RO          156    .text.osThreadExit  RTX_CM0.lib(rtx_thread.o)
    0x08003044   0x08003044   0x00000024   Code   RO          128    .text.osThreadNew   RTX_CM0.lib(rtx_thread.o)
    0x08003068   0x08003068   0x00000018   Code   RO          234    .text.svcRtxDelay   RTX_CM0.lib(rtx_delay.o)
    0x08003080   0x08003080   0x0000000c   Code   RO           40    .text.svcRtxKernelGetState  RTX_CM0.lib(rtx_kernel.o)
    0x0800308c   0x0800308c   0x0000013c   Code   RO           70    .text.svcRtxKernelInitialize  RTX_CM0.lib(rtx_kernel.o)
    0x080031c8   0x080031c8   0x00000024   Code   RO           74    .text.svcRtxKernelLock  RTX_CM0.lib(rtx_kernel.o)
    0x080031ec   0x080031ec   0x00000084   Code   RO           72    .text.svcRtxKernelStart  RTX_CM0.lib(rtx_kernel.o)
    0x08003270   0x08003270   0x00000024   Code   RO           76    .text.svcRtxKernelUnlock  RTX_CM0.lib(rtx_kernel.o)
    0x08003294   0x08003294   0x000000cc   Code   RO          441    .text.svcRtxMessageQueueGet  RTX_CM0.lib(rtx_msgqueue.o)
    0x08003360   0x08003360   0x000001c4   Code   RO          399    .text.svcRtxMessageQueueNew  RTX_CM0.lib(rtx_msgqueue.o)
    0x08003524   0x08003524   0x000000b0   Code   RO          437    .text.svcRtxMessageQueuePut  RTX_CM0.lib(rtx_msgqueue.o)
    0x080035d4   0x080035d4   0x00000098   Code   RO          308    .text.svcRtxMutexAcquire  RTX_CM0.lib(rtx_mutex.o)
    0x0800366c   0x0800366c   0x000000b4   Code   RO          314    .text.svcRtxMutexDelete  RTX_CM0.lib(rtx_mutex.o)
    0x08003720   0x08003720   0x00000070   Code   RO          304    .text.svcRtxMutexNew  RTX_CM0.lib(rtx_mutex.o)
    0x08003790   0x08003790   0x000000bc   Code   RO          310    .text.svcRtxMutexRelease  RTX_CM0.lib(rtx_mutex.o)
    0x0800384c   0x0800384c   0x0000004c   Code   RO          202    .text.svcRtxThreadExit  RTX_CM0.lib(rtx_thread.o)
    0x08003898   0x08003898   0x000001fc   Code   RO          126    .text.svcRtxThreadNew  RTX_CM0.lib(rtx_thread.o)
    0x08003a94   0x08003a94   0x000000b0   Code   RO          751    x$fpl$fmul          fz_ps.l(fmul.o)
    0x08003b44   0x08003b44   0x00000000   Code   RO          753    x$fpl$usenofp       fz_ps.l(usenofp.o)
    0x08003b44   0x08003b44   0x0000009c   Data   RO          725    .rodata             lto-llvm-79edc6.o
    0x08003be0   0x08003be0   0x00000070   Data   RO          732    .rodata             lto-llvm-79edc6.o
    0x08003c50   0x08003c50   0x00000038   Data   RO          733    .rodata             lto-llvm-79edc6.o
    0x08003c88   0x08003c88   0x00000010   Data   RO          729    .rodata.cst16       lto-llvm-79edc6.o
    0x08003c98   0x08003c98   0x00000012   Data   RO          727    .rodata.str1.1      lto-llvm-79edc6.o
    0x08003caa   0x08003caa   0x00000002   PAD
    0x08003cac   0x08003cac   0x0000000b   Data   RO           86    .rodata.str1.4      RTX_CM0.lib(rtx_kernel.o)
    0x08003cb7   0x08003cb7   0x00000001   PAD
    0x08003cb8   0x08003cb8   0x00000020   Data   RO          755    Region$$Table       anon$$obj.o


    Execution Region RW_IRAM1 (Exec base: 0x20000000, Load base: 0x08003cd8, Size: 0x000014e8, Max: 0x00002000, ABSOLUTE)

    Exec Addr    Load Addr    Size         Type   Attr      Idx    E Section Name        Object

    0x20000000   0x08003cd8   0x00000004   Data   RW          730    .data               lto-llvm-79edc6.o
    0x20000004   0x08003cdc   0x000000a4   Data   RW           87    .data.os            RTX_CM0.lib(rtx_kernel.o)
    0x200000a8        -       0x00000060   Zero   RW          549    .bss                c_p.l(libspace.o)
    0x20000108        -       0x000002bd   Zero   RW          726    .bss                lto-llvm-79edc6.o
    0x200003c5        -       0x00000001   Zero   RW          487    .bss.os             RTX_CM0.lib(os_systick.o)
    0x200003c6   0x08003d80   0x00000002   PAD
    0x200003c8        -       0x00000810   Zero   RW          731    .bss.os             lto-llvm-79edc6.o
    0x20000bd8        -       0x00000034   Zero   RW          738    .bss.os.msgqueue.cb  lto-llvm-79edc6.o
    0x20000c0c        -       0x00000050   Zero   RW          739    .bss.os.msgqueue.mem  lto-llvm-79edc6.o
    0x20000c5c        -       0x00000088   Zero   RW          735    .bss.os.thread.cb   lto-llvm-79edc6.o
    0x20000ce4   0x08003d80   0x00000004   PAD
    0x20000ce8        -       0x00000100   Zero   RW          736    .bss.os.thread.idle.stack  lto-llvm-79edc6.o
    0x20000de8        -       0x00000100   Zero   RW          737    .bss.os.thread.timer.stack  lto-llvm-79edc6.o
    0x20000ee8        -       0x00000200   Zero   RW            2    HEAP                startup_stm32g030xx.o
    0x200010e8        -       0x00000400   Zero   RW            1    STACK               startup_stm32g030xx.o


==============================================================================

Image component sizes


      Code (inc. data)   RO Data    RW Data    ZI Data      Debug   Object Name

      7474        518        358          4       3545      58601   lto-llvm-79edc6.o
        56         26        192          0       1536        616   startup_stm32g030xx.o

    ----------------------------------------------------------------------
      7536        544        584          4       5085      59217   Object Totals
         0          0         32          0          0          0   (incl. Generated)
         6          0          2          0          4          0   (incl. Padding)

    ----------------------------------------------------------------------

      Code (inc. data)   RO Data    RW Data    ZI Data      Debug   Library Member Name

       164          8          0          0          0        658   irq_armv6m.o
       126         20          0          0          1       2812   os_systick.o
        64          4          0          0          0       2729   rtx_delay.o
       738         60         11        164          0      15793   rtx_kernel.o
       244          0          0          0          0       2665   rtx_memory.o
       156          0          0          0          0      14433   rtx_mempool.o
      1478         44          0          0          0      18183   rtx_msgqueue.o
       926         32          0          0          0       9527   rtx_mutex.o
       364         18          0          0          0       4871   rtx_system.o
      1644         52          0          0          0      31596   rtx_thread.o
       256         16          0          0          0       9965   rtx_timer.o
         8          0          0          0          0         68   __main.o
         0          0          0          0          0          0   __rtentry.o
        20          0          0          0          0          0   __rtentry2.o
         6          0          0          0          0          0   __rtentry4.o
        60          8          0          0          0          0   __scatter.o
        26          0          0          0          0          0   __scatter_copy.o
        28          0          0          0          0          0   __scatter_zi.o
       364          4          0          0          0         92   aeabi_sdiv.o
        16          0          0          0          0         68   exit.o
         6          0          0          0          0        136   heapauxi.o
         0          0          0          0          0          0   indicate_semi.o
         2          0          0          0          0          0   libinit.o
         2          0          0          0          0          0   libinit2.o
         2          0          0          0          0          0   libshutdown.o
         2          0          0          0          0          0   libshutdown2.o
         8          4          0          0         96         68   libspace.o
        64          0          0          0          0        108   rt_memclr.o
       186          0          0          0          0        144   rt_memcpy.o
         2          0          0          0          0          0   rtexit.o
        10          0          0          0          0          0   rtexit2.o
        12          4          0          0          0         60   sys_exit.o
        62          0          0          0          0         80   sys_stackheap_outer.o
         2          0          0          0          0         68   use_no_semi.o
       124          4          0          0          0         72   d2f.o
        76          0          0          0          0         68   ffixi.o
       176          4          0          0          0         80   fmul.o
         0          0          0          0          0          0   usenofp.o

    ----------------------------------------------------------------------
      7444        282         12        164         99     114344   Library Totals
        20          0          1          0          2          0   (incl. Padding)

    ----------------------------------------------------------------------

      Code (inc. data)   RO Data    RW Data    ZI Data      Debug   Library Name

      6160        254         11        164          1     113232   RTX_CM0.lib
       888         20          0          0         96        892   c_p.l
       376          8          0          0          0        220   fz_ps.l

    ----------------------------------------------------------------------
      7444        282         12        164         99     114344   Library Totals

    ----------------------------------------------------------------------

==============================================================================


      Code (inc. data)   RO Data    RW Data    ZI Data      Debug   

     14980        826        596        168       5184     172937   Grand Totals
     14980        826        596        168       5184     172937   ELF Image Totals
     14980        826        596        168          0          0   ROM Totals

==============================================================================

    Total RO  Size (Code + RO Data)                15576 (  15.21kB)
    Total RW  Size (RW Data + ZI Data)              5352 (   5.23kB)
    Total ROM Size (Code + RO Data + RW Data)      15744 (  15.38kB)

==============================================================================

